[{"stream_name":"stdout","time":6.596193845,"data":"=== IC=found NU=5e-4 T=1.3 N=320 LAGR=1 TSEED=0.8 -\u003e /kaggle/working/seam_ICfound_NU5e-4_T1.3_N320_LAGR1_TSEED0.8.txt\n"}
,{"stream_name":"stdout","time":10.125763504,"data":"seam race on GPU: IC=found  N=320^3  nu=0.0005  T=1.3  Z0=0.375  clock 2dx=0.0393  device=cuda  FORCE=0 (steady)\n"}
,{"stream_name":"stdout","time":11.976432468,"data":"   t     Z/Z0    max|w|   twist@0.05 @0.07 @0.1 @0.14 @0.2 @0.28 @0.4 @0.56   anti    ell     ell_nu   race   cut    Re_seam   delta     E/E0   | material|w|  gap   jump   flip   dgap/dt(u) dgap/dt(pair) dgap/dt(sheets) flipped@  kappa  C_LIA   delta_m  s_m    n_m\n"}
,{"stream_name":"stdout","time":11.976489263,"data":" 0.00    1.000      7.16   0.00000 0.00000 0.00000 0.00001 0.00008 0.00080 0.00821 0.06609   0.000   0.6366   0.1303    4.88   0.000     3643.0   (tail empty)   1.000000   (2s)\n"}
,{"stream_name":"stdout","time":34.83824125,"data":" 0.05    1.021      7.41   0.00000 0.00000 0.00000 0.00001 0.00009 0.00091 0.00975 0.07707   0.000   0.6342   0.0601   10.55   0.000     3716.6   (tail empty)   0.999388   (25s)\n"}
,{"stream_name":"stdout","time":57.590276489,"data":" 0.10    1.050      8.19   0.00000 0.00000 0.00000 0.00001 0.00011 0.00127 0.01329 0.09541   0.000   0.6313   0.0440   14.34   0.000     4031.5   (tail empty)   0.998760   (47s)\n"}
,{"stream_name":"stdout","time":82.614926903,"data":" 0.15    1.089      8.98   0.00000 0.00000 0.00000 0.00001 0.00018 0.00217 0.01996 0.12167   0.000   0.5919   0.0365   16.23   0.000     3875.8   (tail empty)   0.998112   (72s)\n"}
,{"stream_name":"stdout","time":107.509632891,"data":" 0.20    1.137      9.77   0.00000 0.00000 0.00000 0.00002 0.00037 0.00401 0.03082 0.15524   0.000   0.5235   0.0323   16.18   0.000     3310.1   (tail empty)   0.997438   (97s)\n"}
,{"stream_name":"stdout","time":132.283447499,"data":" 0.25    1.194     10.52   0.00000 0.00000 0.00000 0.00004 0.00078 0.00710 0.04692 0.19403   0.000   0.4681   0.0296   15.82   0.000     2868.0   (tail empty)   0.996731   (122s)\n"}
,{"stream_name":"stdout","time":157.143474086,"data":" 0.30    1.260     11.23   0.00000 0.00000 0.00001 0.00010 0.00150 0.01172 0.06915 0.23546   0.000   0.4296   0.0280   15.35   0.000     2612.6   (tail empty)   0.995988   (147s)\n"}
,{"stream_name":"stdout","time":182.025825399,"data":" 0.35    1.334     12.31   0.00000 0.00000 0.00001 0.00021 0.00254 0.01841 0.09735 0.27725   0.000   0.3966   0.0269   14.73   0.000     2449.5   (tail empty)   0.995202   (172s)\n"}
,{"stream_name":"stdout","time":206.876686506,"data":" 0.40    1.417     13.56   0.00000 0.00000 0.00003 0.00038 0.00402 0.02753 0.13046 0.31785   0.000   0.3654   0.0263   13.88   0.000     2274.6   0.1846   0.994368   (197s)\n"}
,{"stream_name":"stdout","time":231.72296564,"data":" 0.45    1.509     14.85   0.00000 0.00001 0.00005 0.00061 0.00618 0.03901 0.16679 0.35602   0.000   0.3410   0.0262   13.00   0.000     2158.4   0.1587   0.993481   (222s)\n"}
,{"stream_name":"stdout","time":256.586449548,"data":" 0.50    1.608     16.17   0.00000 0.00001 0.00009 0.00094 0.00921 0.05260 0.20471 0.39051   0.000   0.3212   0.0266   12.07   0.000     2068.4   0.1347   0.992537   (246s)\n"}
,{"stream_name":"stdout","time":279.096545968,"data":" 0.55    1.715     17.50   0.00000 0.00003 0.00014 0.00146 0.01324 0.06797 0.24296 0.41996   0.000   0.3061   0.0275   11.12   0.000     2008.1   0.1155   0.991529   (269s)\n"}
,{"stream_name":"stdout","time":301.606739,"data":" 0.60    1.829     18.80   0.00000 0.00004 0.00021 0.00226 0.01837 0.08482 0.28060 0.44293   0.000   0.2943   0.0289   10.19   0.000     1996.5   0.1012   0.990455   (291s)\n"}
,{"stream_name":"stdout","time":324.113817545,"data":" 0.65    1.951     19.99   0.00001 0.00006 0.00033 0.00344 0.02471 0.10316 0.31720 0.45762   0.003   0.2886   0.0306    9.44   0.000     2016.7   0.0918   0.989309   (314s)\n"}
,{"stream_name":"stdout","time":346.618779768,"data":" 0.70    2.078     21.26   0.00001 0.00010 0.00054 0.00509 0.03238 0.12314 0.35297 0.46145   0.010   0.2831   0.0327    8.65   0.000     2069.4   0.0840   0.988087   (336s)\n"}
,{"stream_name":"stdout","time":369.181820692,"data":" 0.75    2.212     22.34   0.00002 0.00016 0.00088 0.00734 0.04154 0.14496 0.38868 0.45158   0.021   0.2807   0.0362    7.76   0.000      124.4   0.0770   0.986786   (359s)\n"}
,{"stream_name":"stdout","time":392.195046689,"data":"lagrangian: 4000 particles seeded on the high set at t = 0.80; sheets A/B = 2808/1192\n"}
,{"stream_name":"stdout","time":393.498991685,"data":" 0.80    2.352     23.39   0.00003 0.00029 0.00142 0.01044 0.05256 0.16887 0.42519 0.42742   0.037   0.2724   0.0404    6.75   0.007      153.1   0.0701   0.985402   |    13.56   0.3361   1.2022   0.000   -0.3731  -0.0989  -0.2983    -       0.51  -0.480   0.3026  +0.583  +0.147   (383s)\n"}
,{"stream_name":"stdout","time":417.602586782,"data":" 0.85    2.498     24.26   0.00005 0.00051 0.00230 0.01469 0.06576 0.19558 0.46040 0.39268   0.061   0.2623   0.0461    5.69   0.015      195.8   0.0638   0.983932   |    14.04   0.3227   1.2095   0.000   -0.3714  -0.0825  -0.2858    -       0.56  -0.376   0.2910  +0.440  +0.175   (407s)\n"}
,{"stream_name":"stdout","time":441.706011443,"data":" 0.90    2.649     24.99   0.00011 0.00093 0.00373 0.02064 0.08132 0.22709 0.48275 0.35322   0.098   0.2545   0.0469    5.43   0.026      252.6   0.0581   0.982371   |    14.41   0.3086   1.2364   0.000   -0.3525  -0.0679  -0.2727    -       0.63  -0.283   0.2917  +0.432  +0.175   (432s)\n"}
,{"stream_name":"stdout","time":465.805483829,"data":" 0.95    2.806     25.55   0.00024 0.00169 0.00608 0.02876 0.09961 0.26838 0.48242 0.31481   0.155   0.2493   0.0478    5.21   0.032      309.4   0.0537   0.980717   |    14.73   0.2953   1.2545   0.000   -0.3231  -0.0684  -0.2434    -       0.71  -0.258   0.2875  +0.458  +0.098   (456s)\n"}
,{"stream_name":"stdout","time":489.904148961,"data":" 1.00    2.968     26.02   0.00051 0.00310 0.00993 0.03918 0.12228 0.31907 0.46716 0.28123   0.224   0.2451   0.0456    5.38   0.032      363.6   0.0494   0.978967   |    15.13   0.2823   1.2961   0.000   -0.3223  -0.0738  -0.2419    -       0.82  -0.245   0.2924  +0.475  +0.086   (480s)\n"}
,{"stream_name":"stdout","time":516.400575844,"data":" 1.05    3.135     26.46   0.00109 0.00565 0.01577 0.05197 0.15530 0.35679 0.44253 0.25401   0.291   0.2384   0.0418    5.70   0.039      412.5   0.0468   0.977116   |    15.52   0.2670   1.3384   0.000   -0.3157  -0.0839  -0.2362    -       1.01  -0.233   0.2926  +0.409  +0.094   (506s)\n"}
,{"stream_name":"stdout","time":542.893334264,"data":" 1.10    3.308     26.99   0.00230 0.00982 0.02372 0.06840 0.20221 0.37858 0.40923 0.23895   0.357   0.2271   0.0356    6.39   0.039      437.6   0.0449   0.975162   |    15.91   0.2531   1.4039   0.000   -0.3361  -0.1053  -0.2671    -       1.23  -0.241   0.2885  +0.447  +0.093   (533s)\n"}
,{"stream_name":"stdout","time":571.774097164,"data":" 1.15    3.486     27.59   0.00456 0.01576 0.03389 0.09417 0.24363 0.39225 0.37584 0.24735   0.419   0.2115   0.0298    7.11   0.037      459.0   0.0432   0.973102   |    16.38   0.2360   1.4381   0.000   -0.3532  -0.1298  -0.2899    -       1.50  -0.255   0.2763  +0.611  -0.121   (562s)\n"}
,{"stream_name":"stdout","time":603.062746682,"data":" 1.20    3.671     28.42   0.00804 0.02355 0.04825 0.13071 0.27565 0.39966 0.35937 0.24218   0.486   0.1898   0.0262    7.24   0.046      448.0   0.0418   0.970932   |    16.83   0.2213   1.4872   0.000   -0.3552  -0.1501  -0.3017    -       1.78  -0.256   0.2609  +0.534  -0.170   (593s)\n"}
,{"stream_name":"stdout","time":636.75818419,"data":" 1.25    3.863     29.33   0.01299 0.03449 0.06987 0.16589 0.30501 0.40484 0.33279 0.23105   0.544   0.1738   0.0224    7.76   0.069      463.0   0.0379   0.968647  \u003c-- past the clock   |    17.24   0.2056   1.5054   0.000   -0.3390  -0.1763  -0.2918    -       1.99  -0.287   0.2417  +0.706  -0.469   (627s)\n"}
,{"stream_name":"stdout","time":670.451373318,"data":" 1.30    4.061     30.58   0.01999 0.04966 0.09576 0.19703 0.33059 0.39031 0.30482 0.22134   0.599   0.1592   0.0207    7.68   0.109      468.5   0.0350   0.966245  \u003c-- past the clock   |    17.59   0.1910   1.4807   0.000   -0.2979  -0.1759  -0.2617    -       2.33  -0.268   0.2175  +0.678  -0.508   (660s)\n"}
,{"stream_name":"stdout","time":670.477756663,"data":"\n"}
,{"stream_name":"stdout","time":670.47779755,"data":"C26 Lagrangian: gap 0.3361 -\u003e 0.2213 (min at t = 1.20, inside the clock 1.20); linear fit T* = 2.03, lambda = 1.00; jump 1.2022 at seed -\u003e max 1.4872 before the merge (x1.24); material |w| 13.6 -\u003e 16.8\n"}
,{"stream_name":"stdout","time":670.477804507,"data":"C29 who closes the gap: on the descent the measured closing rate (u) is -0.3443 median (finite-difference of the gap -0.2825), the self-induced rate (u_H) -0.0832: self-induced share 0.25\n"}
,{"stream_name":"stdout","time":670.477809846,"data":"REGISTERED C29: KILL: external strain closes the gap (share 0.25)\n"}
,{"stream_name":"stdout","time":670.477814619,"data":"C30/C31 three masks on the descent: closing rate from the pair (\u003e0.5 max) -0.0832, the whole sheets (\u003e0.1 max) -0.2699, full -0.3443 -\u003e shares pair 0.25, sheets 0.77, far field 0.23 (far share first -\u003e last: 0.20 -\u003e 0.18); curvature kappa 0.51 -\u003e 1.50; C_LIA = rate_pair/(jump kappa gap) median -0.257, max/min -\n"}
,{"stream_name":"stdout","time":670.477821332,"data":"REGISTERED C30: between\n"}
,{"stream_name":"stdout","time":670.477825978,"data":"REGISTERED C31: PASS: far-field share 0.23, not falling\n"}
,{"stream_name":"stdout","time":670.477831029,"data":"C32 closing law: k = -dgap/dt / (gap - delta) on the descent: median 1.42, spread 1.34..1.83 over 8 rows (t 0.80-1.15)\n"}
,{"stream_name":"stdout","time":670.477836221,"data":"C34 strain budget on the material sheets (t 0.80-1.15): d log|w|/dt = +0.523 ; thinning n.S.n = +0.482 (material thickness thins at 0.156) ; narrowing t.S.t = +0.093 ; sum +0.575 ; residual -0.052 (10% of the growth)\n"}
,{"stream_name":"stdout","time":670.477841746,"data":"REGISTERED C34: PASS: the budget closes - no new term\n"}
,{"stream_name":"stdout","time":670.477846502,"data":"C33 fit: k = 16.29; s(g) = 3.3133 g^1.68; thickness efficiency a = 0.58 (delta' = -a s delta + nu/delta); cancellation onset at g/delta = 0.97\n"}
,{"stream_name":"stdout","time":670.477851932,"data":"C33: model fit failed (name 'last' is not defined)\n"}
,{"stream_name":"stdout","time":670.477856658,"data":"C28 flip: fraction of tagged particles with reversed omega . xi_ref: 0.000 at seed -\u003e 0.000 at the merge -\u003e 0.000 at the clock; gap after the merge no rows after the merge inside the clock\n"}
,{"stream_name":"stdout","time":670.477862074,"data":"REGISTERED C28: KILL: clean cut (flip 0.000)\n"}
,{"stream_name":"stdout","time":670.477866825,"data":"REGISTERED C26: PASS: linear closing, bounded jump\n"}
,{"stream_name":"stdout","time":670.477877221,"data":"\n"}
,{"stream_name":"stdout","time":670.477881883,"data":"C22 descent: separation -\u003e peak twist, peak time (clock expires at t = 1.20)\n"}
,{"stream_name":"stdout","time":670.477887026,"data":"   sep 0.05   peak 0.00804 at t = 1.20   (at the clock or at t = 0: not a peak)\n"}
,{"stream_name":"stdout","time":670.477891942,"data":"   sep 0.07   peak 0.02355 at t = 1.20   (at the clock or at t = 0: not a peak)\n"}
,{"stream_name":"stdout","time":670.477896862,"data":"   sep 0.10   peak 0.04825 at t = 1.20   (at the clock or at t = 0: not a peak)\n"}
,{"stream_name":"stdout","time":670.4779019,"data":"   sep 0.14   peak 0.13071 at t = 1.20   (at the clock or at t = 0: not a peak)\n"}
,{"stream_name":"stdout","time":670.477915359,"data":"   sep 0.20   peak 0.27565 at t = 1.20   (at the clock or at t = 0: not a peak)\n"}
,{"stream_name":"stdout","time":670.477919381,"data":"   sep 0.28   peak 0.39966 at t = 1.20   (at the clock or at t = 0: not a peak)\n"}
,{"stream_name":"stdout","time":670.477923372,"data":"   sep 0.40   peak 0.48275 at t = 0.90\n"}
,{"stream_name":"stdout","time":670.477926714,"data":"   sep 0.56   peak 0.46145 at t = 0.70\n"}
,{"stream_name":"stdout","time":670.477930318,"data":"\n"}
,{"stream_name":"stdout","time":670.477933848,"data":"clock expires at t = 1.20 (delta 0.0418); strong twist peak 0.04825 at t = 1.20, at the clock 0.04825 (fall 0%); max|w| growth to the clock 3.97x\n"}
,{"stream_name":"stdout","time":670.477937563,"data":"race variable ell/ell_nu min inside the clock = 4.88 (at t = 0.00); cut fraction at the clock 0.046\n"}
,{"stream_name":"stdout","time":670.477941217,"data":"C21: Re_seam at the twist peak (t = 1.20) = 448.0; twist peak 0.04825; max|w| at the peak 28.4\n"}
,{"stream_name":"stdout","time":670.477944752,"data":"REGISTERED C20 at nu=0.0005: between (see rows)\n"}
,{"stream_name":"stdout","time":672.566268919,"data":"=== IC=found NU=2.5e-4 T=1.1 N=320 LAGR=1 TSEED=0.7 -\u003e /kaggle/working/seam_ICfound_NU2.5e-4_T1.1_N320_LAGR1_TSEED0.7.txt\n"}
,{"stream_name":"stdout","time":675.489144911,"data":"seam race on GPU: IC=found  N=320^3  nu=0.00025  T=1.1  Z0=0.375  clock 2dx=0.0393  device=cuda  FORCE=0 (steady)\n"}
,{"stream_name":"stdout","time":676.887983323,"data":"   t     Z/Z0    max|w|   twist@0.05 @0.07 @0.1 @0.14 @0.2 @0.28 @0.4 @0.56   anti    ell     ell_nu   race   cut    Re_seam   delta     E/E0   | material|w|  gap   jump   flip   dgap/dt(u) dgap/dt(pair) dgap/dt(sheets) flipped@  kappa  C_LIA   delta_m  s_m    n_m\n"}
,{"stream_name":"stdout","time":676.888030603,"data":" 0.00    1.000      7.16   0.00000 0.00000 0.00000 0.00001 0.00008 0.00080 0.00821 0.06609   0.000   0.6366   0.0922    6.91   0.000     7286.0   (tail empty)   1.000000   (1s)\n"}
,{"stream_name":"stdout","time":699.388220333,"data":" 0.05    1.021      7.41   0.00000 0.00000 0.00000 0.00001 0.00009 0.00091 0.00975 0.07709   0.000   0.6342   0.0425   14.93   0.000     7435.1   (tail empty)   0.999694   (24s)\n"}
,{"stream_name":"stdout","time":721.851269652,"data":" 0.10    1.051      8.20   0.00000 0.00000 0.00000 0.00001 0.00011 0.00127 0.01330 0.09547   0.000   0.6313   0.0311   20.28   0.000     8066.2   (tail empty)   0.999380   (46s)\n"}
,{"stream_name":"stdout","time":746.69245857,"data":" 0.15    1.091      8.99   0.00000 0.00000 0.00000 0.00001 0.00018 0.00218 0.02000 0.12181   0.000   0.5917   0.0258   22.96   0.000     7755.0   (tail empty)   0.999056   (71s)\n"}
,{"stream_name":"stdout","time":771.547991554,"data":" 0.20    1.139      9.78   0.00000 0.00000 0.00000 0.00002 0.00037 0.00402 0.03091 0.15550   0.000   0.5230   0.0228   22.90   0.000     6617.3   (tail empty)   0.998718   (96s)\n"}
,{"stream_name":"stdout","time":796.40261215,"data":" 0.25    1.197     10.54   0.00000 0.00000 0.00000 0.00004 0.00079 0.00714 0.04711 0.19445   0.000   0.4677   0.0209   22.38   0.000     5737.3   (tail empty)   0.998364   (121s)\n"}
,{"stream_name":"stdout","time":821.2545534,"data":" 0.30    1.264     11.26   0.00000 0.00000 0.00001 0.00010 0.00151 0.01179 0.06951 0.23606   0.000   0.4290   0.0198   21.70   0.000     5225.4   (tail empty)   0.997991   (146s)\n"}
,{"stream_name":"stdout","time":846.104034906,"data":" 0.35    1.340     12.36   0.00000 0.00000 0.00001 0.00021 0.00256 0.01856 0.09795 0.27805   0.000   0.3959   0.0190   20.83   0.000     4894.4   (tail empty)   0.997597   (171s)\n"}
,{"stream_name":"stdout","time":870.953099783,"data":" 0.40    1.425     13.63   0.00000 0.00000 0.00003 0.00038 0.00406 0.02779 0.13134 0.31882   0.000   0.3644   0.0186   19.61   0.000     4543.8   0.1812   0.997178   (195s)\n"}
,{"stream_name":"stdout","time":895.800840191,"data":" 0.45    1.519     14.95   0.00000 0.00001 0.00005 0.00061 0.00626 0.03942 0.16795 0.35715   0.000   0.3397   0.0185   18.34   0.000     4309.1   0.1550   0.996732   (220s)\n"}
,{"stream_name":"stdout","time":920.650157058,"data":" 0.50    1.621     16.30   0.00000 0.00001 0.00009 0.00095 0.00936 0.05318 0.20610 0.39173   0.000   0.3200   0.0188   17.02   0.000     4135.1   0.1303   0.996256   (245s)\n"}
,{"stream_name":"stdout","time":943.144201878,"data":" 0.55    1.731     17.67   0.00000 0.00003 0.00014 0.00149 0.01348 0.06872 0.24445 0.42121   0.000   0.3047   0.0195   15.64   0.000     4016.6   0.1106   0.995748   (268s)\n"}
,{"stream_name":"stdout","time":965.641822497,"data":" 0.60    1.849     19.02   0.00000 0.00004 0.00022 0.00233 0.01874 0.08573 0.28201 0.44409   0.000   0.2925   0.0204   14.31   0.000     3994.3   0.0967   0.995206   (290s)\n"}
,{"stream_name":"stdout","time":988.140419841,"data":" 0.65    1.975     20.26   0.00001 0.00006 0.00034 0.00356 0.02526 0.10417 0.31830 0.45852   0.003   0.2863   0.0216   13.23   0.000     4043.9   0.0871   0.994626   (313s)\n"}
,{"stream_name":"stdout","time":1010.850206586,"data":"lagrangian: 4000 particles seeded on the high set at t = 0.70; sheets A/B = 2916/1084\n"}
,{"stream_name":"stdout","time":1012.128087865,"data":" 0.70    2.109     21.60   0.00001 0.00010 0.00056 0.00529 0.03315 0.12413 0.35355 0.46175   0.011   0.2803   0.0232   12.08   0.000      218.1   0.0791   0.994007   |    12.66   0.3545   1.1764   0.000   -0.3741  -0.1104  -0.3098    -       0.44  -0.600   0.3165  +0.535  +0.145   (337s)\n"}
,{"stream_name":"stdout","time":1036.238694058,"data":" 0.75    2.250     22.76   0.00002 0.00017 0.00093 0.00768 0.04260 0.14572 0.38862 0.45071   0.023   0.2762   0.0260   10.62   0.000      251.9   0.0718   0.993347   |    13.19   0.3409   1.1783   0.000   -0.3468  -0.0804  -0.2726    -       0.46  -0.440   0.3028  +0.295  +0.315   (361s)\n"}
,{"stream_name":"stdout","time":1060.350975984,"data":" 0.80    2.398     23.85   0.00003 0.00030 0.00152 0.01098 0.05391 0.16912 0.42458 0.42490   0.042   0.2643   0.0287    9.21   0.003      307.8   0.0646   0.992642   |    13.63   0.3281   1.1971   0.000   -0.3230  -0.0726  -0.2577    -       0.50  -0.367   0.2977  +0.233  +0.448   (385s)\n"}
,{"stream_name":"stdout","time":1084.477579238,"data":" 0.85    2.554     24.78   0.00006 0.00056 0.00249 0.01557 0.06729 0.19498 0.45927 0.38843   0.070   0.2510   0.0321    7.83   0.006      404.6   0.0582   0.991891   |    14.08   0.3155   1.2236   0.000   -0.3186  -0.0811  -0.2461    -       0.56  -0.376   0.2955  +0.246  +0.359   (409s)\n"}
,{"stream_name":"stdout","time":1108.587929552,"data":" 0.90    2.718     25.57   0.00012 0.00103 0.00409 0.02203 0.08275 0.22539 0.47894 0.34741   0.112   0.2422   0.0325    7.45   0.012      537.7   0.0523   0.991092   |    14.45   0.3028   1.2412   0.000   -0.2974  -0.0802  -0.2162    -       0.63  -0.338   0.2921  +0.257  +0.267   (433s)\n"}
,{"stream_name":"stdout","time":1132.690657773,"data":" 0.95    2.890     26.24   0.00027 0.00192 0.00681 0.03074 0.10058 0.26637 0.47426 0.30780   0.181   0.2359   0.0320    7.38   0.015      647.8   0.0477   0.990242   |    14.82   0.2886   1.2651   0.000   -0.3004  -0.0885  -0.2162    -       0.73  -0.333   0.2860  +0.341  +0.171   (457s)\n"}
,{"stream_name":"stdout","time":1156.814339921,"data":" 1.00    3.070     26.90   0.00060 0.00363 0.01136 0.04159 0.12247 0.31746 0.45595 0.27333   0.255   0.2310   0.0310    7.46   0.015      750.0   0.0433   0.989339   |    15.21   0.2751   1.3093   0.000   -0.2917  -0.0797  -0.2178    -       0.85  -0.260   0.2911  +0.357  +0.128   (481s)\n"}
,{"stream_name":"stdout","time":1183.326700145,"data":" 1.05    3.259     27.67   0.00138 0.00685 0.01815 0.05440 0.15586 0.35055 0.42885 0.24528   0.332   0.2205   0.0264    8.34   0.019      842.9   0.0409   0.988379   |    15.59   0.2589   1.3472   0.000   -0.2813  -0.0820  -0.2109    -       1.06  -0.221   0.2875  +0.323  +0.104   (508s)\n"}
,{"stream_name":"stdout","time":1212.214940456,"data":" 1.10    3.459     28.39   0.00318 0.01211 0.02717 0.07047 0.20429 0.36852 0.39326 0.23050   0.404   0.2033   0.0217    9.37   0.019      868.0   0.0390   0.987361  \u003c-- past the clock   |    16.06   0.2436   1.3925   0.000   -0.2895  -0.0939  -0.2242    -       1.29  -0.214   0.2840  +0.434  -0.013   (537s)\n"}
,{"stream_name":"stdout","time":1212.223599796,"data":"\n"}
,{"stream_name":"stdout","time":1212.223618537,"data":"C26 Lagrangian: gap 0.3545 -\u003e 0.2589 (min at t = 1.05, inside the clock 1.05); linear fit T* = 2.06, lambda = 1.00; jump 1.1764 at seed -\u003e max 1.3472 before the merge (x1.15); material |w| 12.7 -\u003e 15.6\n"}
,{"stream_name":"stdout","time":1212.223625013,"data":"C29 who closes the gap: on the descent the measured closing rate (u) is -0.3186 median (finite-difference of the gap -0.2629), the self-induced rate (u_H) -0.0804: self-induced share 0.27\n"}
,{"stream_name":"stdout","time":1212.223629963,"data":"REGISTERED C29: KILL: external strain closes the gap (share 0.27)\n"}
,{"stream_name":"stdout","time":1212.223634787,"data":"C30/C31 three masks on the descent: closing rate from the pair (\u003e0.5 max) -0.0804, the whole sheets (\u003e0.1 max) -0.2461, full -0.3186 -\u003e shares pair 0.27, sheets 0.77, far field 0.23 (far share first -\u003e last: 0.17 -\u003e 0.25); curvature kappa 0.44 -\u003e 0.85; C_LIA = rate_pair/(jump kappa gap) median -0.367, max/min -\n"}
,{"stream_name":"stdout","time":1212.223640056,"data":"REGISTERED C30: between\n"}
,{"stream_name":"stdout","time":1212.22364452,"data":"REGISTERED C31: PASS: far-field share 0.23, not falling\n"}
,{"stream_name":"stdout","time":1212.223649251,"data":"C32 closing law: k = -dgap/dt / (gap - delta) on the descent: median 1.25, spread 1.19..1.36 over 7 rows (t 0.70-1.00)\n"}
,{"stream_name":"stdout","time":1212.223662655,"data":"C34 strain budget on the material sheets (t 0.70-1.00): d log|w|/dt = +0.603 ; thinning n.S.n = +0.323 (material thickness thins at 0.275) ; narrowing t.S.t = +0.262 ; sum +0.585 ; residual +0.018 (3% of the growth)\n"}
,{"stream_name":"stdout","time":1212.223667716,"data":"REGISTERED C34: PASS: the budget closes - no new term\n"}
,{"stream_name":"stdout","time":1212.22367244,"data":"C33 fit: k = 13.27; s(g) = 2.1614 g^1.73; thickness efficiency a = 1.17 (delta' = -a s delta + nu/delta); cancellation onset at g/delta = 0.95\n"}
,{"stream_name":"stdout","time":1212.223676992,"data":"C33: model fit failed (name 'last' is not defined)\n"}
,{"stream_name":"stdout","time":1212.223681254,"data":"C28 flip: fraction of tagged particles with reversed omega . xi_ref: 0.000 at seed -\u003e 0.000 at the merge -\u003e 0.000 at the clock; gap after the merge no rows after the merge inside the clock\n"}
,{"stream_name":"stdout","time":1212.22368608,"data":"REGISTERED C28: KILL: clean cut (flip 0.000)\n"}
,{"stream_name":"stdout","time":1212.223690303,"data":"REGISTERED C26: PASS: linear closing, bounded jump\n"}
,{"stream_name":"stdout","time":1212.223694653,"data":"\n"}
,{"stream_name":"stdout","time":1212.223698941,"data":"C22 descent: separation -\u003e peak twist, peak time (clock expires at t = 1.05)\n"}
,{"stream_name":"stdout","time":1212.223703392,"data":"   sep 0.05   peak 0.00138 at t = 1.05   (at the clock or at t = 0: not a peak)\n"}
,{"stream_name":"stdout","time":1212.223707853,"data":"   sep 0.07   peak 0.00685 at t = 1.05   (at the clock or at t = 0: not a peak)\n"}
,{"stream_name":"stdout","time":1212.223724926,"data":"   sep 0.10   peak 0.01815 at t = 1.05   (at the clock or at t = 0: not a peak)\n"}
,{"stream_name":"stdout","time":1212.223729605,"data":"   sep 0.14   peak 0.05440 at t = 1.05   (at the clock or at t = 0: not a peak)\n"}
,{"stream_name":"stdout","time":1212.223732866,"data":"   sep 0.20   peak 0.15586 at t = 1.05   (at the clock or at t = 0: not a peak)\n"}
,{"stream_name":"stdout","time":1212.223736165,"data":"   sep 0.28   peak 0.35055 at t = 1.05   (at the clock or at t = 0: not a peak)\n"}
,{"stream_name":"stdout","time":1212.223772756,"data":"   sep 0.40   peak 0.47894 at t = 0.90\n"}
,{"stream_name":"stdout","time":1212.223776968,"data":"   sep 0.56   peak 0.46175 at t = 0.70\n"}
,{"stream_name":"stdout","time":1212.223780131,"data":"\n"}
,{"stream_name":"stdout","time":1212.223783256,"data":"clock expires at t = 1.05 (delta 0.0409); strong twist peak 0.01815 at t = 1.05, at the clock 0.01815 (fall 0%); max|w| growth to the clock 3.87x\n"}
,{"stream_name":"stdout","time":1212.223786672,"data":"race variable ell/ell_nu min inside the clock = 6.91 (at t = 0.00); cut fraction at the clock 0.019\n"}
,{"stream_name":"stdout","time":1212.223790332,"data":"C21: Re_seam at the twist peak (t = 1.05) = 842.9; twist peak 0.01815; max|w| at the peak 27.7\n"}
,{"stream_name":"stdout","time":1212.223793771,"data":"REGISTERED C20 at nu=0.00025: between (see rows)\n"}
,{"stream_name":"stderr","time":1215.258093734,"data":"/usr/local/lib/python3.12/dist-packages/mistune.py:435: SyntaxWarning: invalid escape sequence '\\|'\n"}
,{"stream_name":"stderr","time":1215.258166953,"data":"  cells[i][c] = re.sub('\\\\\\\\\\|', '|', cell)\n"}
,{"stream_name":"stderr","time":1215.557700133,"data":"/usr/local/lib/python3.12/dist-packages/nbconvert/filters/filter_links.py:36: SyntaxWarning: invalid escape sequence '\\_'\n"}
,{"stream_name":"stderr","time":1215.557725801,"data":"  text = re.sub(r'_', '\\_', text) # Escape underscores in display text\n"}
,{"stream_name":"stderr","time":1216.23299571,"data":"[NbConvertApp] Converting notebook __script__.ipynb to html\n"}
,{"stream_name":"stderr","time":1217.719083941,"data":"[NbConvertApp] Writing 533732 bytes to __results__.html\n"}
]