[{"stream_name":"stdout","time":5.843697234,"data":"=== IC=found NU=2e-3 T=2.4 SNAP=1 -\u003e /kaggle/working/seam_ICfound_NU2e-3_T2.4_SNAP1.txt\n"}
,{"stream_name":"stdout","time":8.4092552,"data":"found field at /kaggle/input/datasets/anushreekaushal/zef-found/leashed64_dmin030.npz\n"}
,{"stream_name":"stdout","time":9.024161205,"data":"seam race on GPU: IC=found  N=256^3  nu=0.002  T=2.4  Z0=0.375  clock 2dx=0.0491  device=cuda  FORCE=0\n"}
,{"stream_name":"stdout","time":10.22319251,"data":"   t     Z/Z0    max|w|   twist@0.05 @0.07 @0.1 @0.14 @0.2 @0.28 @0.4 @0.56   anti    ell     ell_nu   race   cut    Re_seam   delta     E/E0\n"}
,{"stream_name":"stdout","time":10.223251068,"data":" 0.00    1.000      7.16   0.00000 0.00000 0.00000 0.00001 0.00008 0.00071 0.00821 0.06333   0.000   0.6364   0.2607    2.44   0.000      910.1   (tail empty)   1.000000   (1s)\n"}
,{"stream_name":"stdout","time":19.596842518,"data":" 0.05    1.018      7.40   0.00000 0.00000 0.00000 0.00001 0.00009 0.00080 0.00973 0.07379   0.000   0.6340   0.1204    5.26   0.000      927.5   (tail empty)   0.997554   (11s)\n"}
,{"stream_name":"stdout","time":30.199127353,"data":" 0.10    1.045      8.16   0.00000 0.00000 0.00000 0.00001 0.00011 0.00111 0.01322 0.09135   0.000   0.6315   0.0884    7.14   0.000     1006.5   (tail empty)   0.995053   (21s)\n"}
,{"stream_name":"stdout","time":40.787724824,"data":" 0.15    1.080      8.92   0.00000 0.00000 0.00000 0.00002 0.00017 0.00189 0.01974 0.11661   0.000   0.5934   0.0734    8.08   0.000      967.1   (tail empty)   0.992478   (32s)\n"}
,{"stream_name":"stdout","time":51.357716575,"data":" 0.20    1.123      9.68   0.00000 0.00000 0.00000 0.00003 0.00036 0.00348 0.03029 0.14902   0.000   0.5265   0.0652    8.08   0.000      829.5   (tail empty)   0.989807   (42s)\n"}
,{"stream_name":"stdout","time":61.907029882,"data":" 0.25    1.175     10.38   0.00000 0.00000 0.00000 0.00008 0.00075 0.00618 0.04579 0.18672   0.000   0.4709   0.0597    7.89   0.000      715.8   (tail empty)   0.987021   (53s)\n"}
,{"stream_name":"stdout","time":72.444747662,"data":" 0.30    1.234     11.06   0.00000 0.00000 0.00000 0.00017 0.00143 0.01017 0.06703 0.22726   0.000   0.4333   0.0565    7.66   0.000      653.1   0.2633   0.984101   (63s)\n"}
,{"stream_name":"stdout","time":82.954771973,"data":" 0.35    1.300     12.04   0.00000 0.00000 0.00001 0.00033 0.00241 0.01589 0.09385 0.26845   0.000   0.4020   0.0544    7.39   0.000      614.9   0.2317   0.981029   (74s)\n"}
,{"stream_name":"stdout","time":93.443959121,"data":" 0.40    1.373     13.17   0.00000 0.00000 0.00002 0.00057 0.00377 0.02369 0.12527 0.30874   0.000   0.3718   0.0532    6.99   0.000      573.8   0.2067   0.977788   (84s)\n"}
,{"stream_name":"stdout","time":103.919535376,"data":" 0.45    1.452     14.30   0.00000 0.00000 0.00005 0.00090 0.00571 0.03355 0.15986 0.34695   0.000   0.3478   0.0529    6.57   0.000      540.8   0.1835   0.974363   (95s)\n"}
,{"stream_name":"stdout","time":114.374079142,"data":" 0.50    1.536     15.45   0.00000 0.00001 0.00008 0.00135 0.00839 0.04530 0.19624 0.38192   0.000   0.3282   0.0536    6.13   0.000      517.0   0.1627   0.970739   (105s)\n"}
,{"stream_name":"stdout","time":124.813040776,"data":" 0.55    1.625     16.56   0.00000 0.00001 0.00012 0.00204 0.01191 0.05871 0.23346 0.41241   0.000   0.3143   0.0551    5.71   0.000      502.5   0.1446   0.966905   (116s)\n"}
,{"stream_name":"stdout","time":134.017342117,"data":" 0.60    1.718     17.57   0.00000 0.00002 0.00019 0.00302 0.01632 0.07362 0.27087 0.43708   0.000   0.3027   0.0574    5.27   0.000      490.3   0.1321   0.962851   (125s)\n"}
,{"stream_name":"stdout","time":143.212772307,"data":" 0.65    1.813     18.60   0.00000 0.00003 0.00028 0.00437 0.02169 0.09008 0.30814 0.45436   0.001   0.2968   0.0602    4.93   0.000      501.3   0.1221   0.958569   (134s)\n"}
,{"stream_name":"stdout","time":152.400879405,"data":" 0.70    1.911     19.48   0.00000 0.00005 0.00042 0.00613 0.02810 0.10847 0.34531 0.46229   0.004   0.2933   0.0642    4.57   0.000      512.9   0.1136   0.954051   (143s)\n"}
,{"stream_name":"stdout","time":161.583436687,"data":" 0.75    2.010     20.29   0.00000 0.00008 0.00064 0.00840 0.03571 0.12924 0.38258 0.45877   0.010   0.2936   0.0691    4.25   0.000      533.1   0.1063   0.949295   (153s)\n"}
,{"stream_name":"stdout","time":170.812233788,"data":" 0.80    2.109     21.05   0.00000 0.00012 0.00097 0.01130 0.04487 0.15289 0.41982 0.44277   0.018   0.2933   0.0743    3.95   0.030       33.9   0.1001   0.944298   (162s)\n"}
,{"stream_name":"stdout","time":180.009299034,"data":" 0.85    2.208     21.67   0.00001 0.00020 0.00146 0.01502 0.05614 0.18002 0.45528 0.41600   0.029   0.2954   0.0824    3.58   0.097       40.4   0.0948   0.939060   (171s)\n"}
,{"stream_name":"stdout","time":189.210108014,"data":" 0.90    2.306     22.20   0.00001 0.00032 0.00217 0.01994 0.07014 0.21165 0.48350 0.38272   0.044   0.2963   0.0922    3.22   0.146       47.3   0.0897   0.933584   (180s)\n"}
,{"stream_name":"stdout","time":198.412830701,"data":" 0.95    2.401     22.57   0.00003 0.00052 0.00323 0.02662 0.08753 0.24926 0.49717 0.34789   0.067   0.2962   0.0979    3.03   0.203       54.4   0.0854   0.927874   (189s)\n"}
,{"stream_name":"stdout","time":207.615115058,"data":" 1.00    2.494     22.79   0.00005 0.00085 0.00479 0.03563 0.10938 0.29281 0.49432 0.31567   0.102   0.2917   0.0960    3.04   0.285       62.8   0.0831   0.921935   (199s)\n"}
,{"stream_name":"stdout","time":216.813437922,"data":" 1.05    2.583     22.88   0.00009 0.00137 0.00716 0.04768 0.13748 0.33638 0.47865 0.28868   0.150   0.2850   0.0893    3.19   0.356       73.1   0.0805   0.915776   (208s)\n"}
,{"stream_name":"stdout","time":227.229260177,"data":" 1.10    2.668     22.85   0.00015 0.00220 0.01074 0.06387 0.17278 0.37112 0.45347 0.26985   0.199   0.2779   0.0816    3.41   0.402       82.2   0.0780   0.909405   (218s)\n"}
,{"stream_name":"stdout","time":237.644056158,"data":" 1.15    2.749     22.72   0.00028 0.00355 0.01607 0.08561 0.21162 0.39487 0.42312 0.26450   0.243   0.2684   0.0729    3.68   0.432       93.7   0.0771   0.902832   (229s)\n"}
,{"stream_name":"stdout","time":249.272693661,"data":" 1.20    2.825     22.63   0.00050 0.00574 0.02381 0.11263 0.24754 0.40953 0.39598 0.26702   0.291   0.2603   0.0653    3.99   0.444      104.7   0.0746   0.896069   (240s)\n"}
,{"stream_name":"stdout","time":260.900347971,"data":" 1.25    2.896     22.72   0.00093 0.00917 0.03447 0.14165 0.27775 0.41626 0.37469 0.26210   0.343   0.2494   0.0607    4.11   0.443      113.0   0.0704   0.889126   (252s)\n"}
,{"stream_name":"stdout","time":272.530948377,"data":" 1.30    2.962     23.04   0.00167 0.01404 0.04759 0.16914 0.30223 0.41427 0.35163 0.25199   0.394   0.2371   0.0568    4.17   0.433      123.8   0.0680   0.882017   (264s)\n"}
,{"stream_name":"stdout","time":284.161895141,"data":" 1.35    3.023     23.52   0.00273 0.02007 0.06172 0.19313 0.31884 0.40082 0.32585 0.24157   0.446   0.2277   0.0519    4.39   0.407      139.1   0.0681   0.874755   (275s)\n"}
,{"stream_name":"stdout","time":295.79250874,"data":" 1.40    3.077     24.07   0.00406 0.02664 0.07547 0.21179 0.32387 0.37729 0.30157 0.23064   0.491   0.2170   0.0505    4.29   0.363      164.7   0.0688   0.867353   (287s)\n"}
,{"stream_name":"stdout","time":307.427589716,"data":" 1.45    3.124     24.63   0.00560 0.03336 0.08802 0.22301 0.31714 0.34943 0.28310 0.22158   0.533   0.2087   0.0510    4.09   0.331      183.5   0.0689   0.859829   (298s)\n"}
,{"stream_name":"stdout","time":319.064497283,"data":" 1.50    3.163     25.11   0.00739 0.04013 0.09864 0.22602 0.30263 0.32106 0.26632 0.21506   0.566   0.2049   0.0511    4.01   0.337      191.4   0.0689   0.852200   (310s)\n"}
,{"stream_name":"stdout","time":330.699261271,"data":" 1.55    3.191     26.55   0.00950 0.04658 0.10621 0.22205 0.28423 0.29461 0.24670 0.20528   0.591   0.2043   0.0521    3.92   0.350      206.5   0.0684   0.844490   (322s)\n"}
,{"stream_name":"stdout","time":341.11036504,"data":" 1.60    3.209     28.99   0.01170 0.05176 0.10981 0.21376 0.26412 0.27033 0.22743 0.19203   0.610   0.2072   0.0535    3.87   0.374      223.8   0.0692   0.836722   (332s)\n"}
,{"stream_name":"stdout","time":351.522316408,"data":" 1.65    3.214     31.99   0.01347 0.05440 0.10924 0.20321 0.24394 0.24645 0.20944 0.17723   0.619   0.2051   0.0529    3.88   0.402      229.1   0.0689   0.828927   (342s)\n"}
,{"stream_name":"stdout","time":361.934481592,"data":" 1.70    3.207     35.12   0.01410 0.05415 0.10599 0.19051 0.22247 0.22438 0.19299 0.16418   0.602   0.2024   0.0524    3.86   0.438      233.8   0.0660   0.821135   (353s)\n"}
,{"stream_name":"stdout","time":372.348581457,"data":" 1.75    3.188     38.96   0.01367 0.05231 0.10125 0.17478 0.20092 0.20593 0.18040 0.15492   0.555   0.2145   0.0658    3.26   0.426      255.7   0.0619   0.813375   (363s)\n"}
,{"stream_name":"stdout","time":381.547437279,"data":" 1.80    3.161     41.14   0.01283 0.04969 0.09440 0.15778 0.18321 0.19230 0.17218 0.14720   0.503   0.2226   0.0858    2.59   0.397      275.1   0.0587   0.805672   (373s)\n"}
,{"stream_name":"stdout","time":391.963530794,"data":" 1.85    3.127     41.34   0.01200 0.04606 0.08538 0.14288 0.17093 0.18347 0.16595 0.14078   0.496   0.2207   0.0924    2.39   0.406      251.2   0.0572   0.798043   (383s)\n"}
,{"stream_name":"stdout","time":402.383028251,"data":" 1.90    3.091     39.51   0.01087 0.04122 0.07572 0.13151 0.16297 0.17787 0.16079 0.13752   0.506   0.2060   0.0827    2.49   0.444      216.9   0.0572   0.790498   (393s)\n"}
,{"stream_name":"stdout","time":412.798722561,"data":" 1.95    3.052     37.37   0.00930 0.03580 0.06719 0.12328 0.15732 0.17371 0.15640 0.13666   0.493   0.1970   0.0687    2.87   0.467      200.3   0.0576   0.783045   (404s)\n"}
,{"stream_name":"stdout","time":423.212380807,"data":" 2.00    3.014     35.99   0.00766 0.03084 0.06045 0.11717 0.15249 0.16978 0.15357 0.13622   0.466   0.1936   0.0611    3.17   0.475      184.8   0.0579   0.775686   (414s)\n"}
,{"stream_name":"stdout","time":433.62409002,"data":" 2.05    2.976     36.69   0.00637 0.02695 0.05538 0.11250 0.14796 0.16548 0.15278 0.13556   0.416   0.1871   0.0576    3.25   0.431      178.6   0.0581   0.768420   (425s)\n"}
,{"stream_name":"stdout","time":444.036710637,"data":" 2.10    2.941     37.12   0.00542 0.02406 0.05156 0.10868 0.14345 0.16092 0.15310 0.13579   0.387   0.1884   0.0615    3.07   0.397      165.5   0.0585   0.761242   (435s)\n"}
,{"stream_name":"stdout","time":454.450054558,"data":" 2.15    2.908     36.43   0.00473 0.02195 0.04880 0.10537 0.13910 0.15663 0.15296 0.13822   0.376   0.1851   0.0692    2.68   0.375      170.9   0.0593   0.754147   (445s)\n"}
,{"stream_name":"stdout","time":464.86365445,"data":" 2.20    2.877     35.11   0.00431 0.02064 0.04717 0.10252 0.13520 0.15330 0.15171 0.14245   0.394   0.1831   0.0789    2.32   0.371      174.3   0.0602   0.747129   (456s)\n"}
,{"stream_name":"stdout","time":475.27883661,"data":" 2.25    2.849     34.29   0.00414 0.02021 0.04669 0.10041 0.13239 0.15118 0.14977 0.14665   0.405   0.1832   0.0794    2.31   0.359      181.5   0.0613   0.740183   (466s)\n"}
,{"stream_name":"stdout","time":484.477856428,"data":" 2.30    2.822     33.60   0.00424 0.02062 0.04718 0.09941 0.13139 0.14926 0.14778 0.14919   0.413   0.1798   0.0804    2.23   0.369      179.4   0.0624   0.733303   (475s)\n"}
,{"stream_name":"stdout","time":493.677043893,"data":" 2.35    2.796     33.27   0.00455 0.02159 0.04823 0.09976 0.13214 0.14721 0.14641 0.14958   0.412   0.1787   0.0845    2.12   0.390      165.4   0.0635   0.726487   (485s)\n"}
,{"stream_name":"stdout","time":502.873483385,"data":" 2.40    2.769     32.92   0.00500 0.02280 0.04953 0.10125 0.13359 0.14563 0.14594 0.14815   0.395   0.1766   0.0780    2.26   0.427      149.3   0.0641   0.719736   (494s)\n"}
,{"stream_name":"stdout","time":504.43017812,"data":"snapshots written to /kaggle/working/snaps_found_nu0.002.npz\n"}
,{"stream_name":"stdout","time":504.432461315,"data":"\n"}
,{"stream_name":"stdout","time":504.432514762,"data":"C22 descent: separation -\u003e peak twist, peak time (clock expires at t = 2.40)\n"}
,{"stream_name":"stdout","time":504.432526753,"data":"   sep 0.05   peak 0.01410 at t = 1.70\n"}
,{"stream_name":"stdout","time":504.432532075,"data":"   sep 0.07   peak 0.05440 at t = 1.65\n"}
,{"stream_name":"stdout","time":504.432537225,"data":"   sep 0.10   peak 0.10981 at t = 1.60\n"}
,{"stream_name":"stdout","time":504.43254213,"data":"   sep 0.14   peak 0.22602 at t = 1.50\n"}
,{"stream_name":"stdout","time":504.432546431,"data":"   sep 0.20   peak 0.32387 at t = 1.40\n"}
,{"stream_name":"stdout","time":504.432550984,"data":"   sep 0.28   peak 0.41626 at t = 1.25\n"}
,{"stream_name":"stdout","time":504.432555262,"data":"   sep 0.40   peak 0.49717 at t = 0.95\n"}
,{"stream_name":"stdout","time":504.432559607,"data":"   sep 0.56   peak 0.46229 at t = 0.70\n"}
,{"stream_name":"stdout","time":504.432563862,"data":"   halving times (time for the wave to descend one octave), from resolved peaks only:\n"}
,{"stream_name":"stdout","time":504.432568399,"data":"      0.56 -\u003e 0.40 : 0.25  per octave 0.52\n"}
,{"stream_name":"stdout","time":504.432572799,"data":"      0.40 -\u003e 0.28 : 0.30  per octave 0.58\n"}
,{"stream_name":"stdout","time":504.4326291,"data":"      0.28 -\u003e 0.20 : 0.15  per octave 0.31\n"}
,{"stream_name":"stdout","time":504.432649546,"data":"      0.20 -\u003e 0.14 : 0.10  per octave 0.19\n"}
,{"stream_name":"stdout","time":504.432656305,"data":"      0.14 -\u003e 0.10 : 0.10  per octave 0.21\n"}
,{"stream_name":"stdout","time":504.432661025,"data":"      0.10 -\u003e 0.07 : 0.05  per octave 0.10\n"}
,{"stream_name":"stdout","time":504.43266516,"data":"      0.07 -\u003e 0.05 : 0.05  per octave 0.10\n"}
,{"stream_name":"stdout","time":504.432669268,"data":"   V: gap = 0.501 (1.79 - t) from sep \u003e= 0.1, T* = 1.79; thickness e-fold 1.02 fitted on t in [0.30, 1.60]; arms meet at t = 1.69, scale 0.049, sqrt(nu/s) there 0.052 (inside the clock)\n"}
,{"stream_name":"stdout","time":504.432675147,"data":"\n"}
,{"stream_name":"stdout","time":504.432679502,"data":"clock expires at t = 2.40 (delta 0.0641); strong twist peak 0.10981 at t = 1.60, at the clock 0.04953 (fall 55%); max|w| growth to the clock 4.60x\n"}
,{"stream_name":"stdout","time":504.432684042,"data":"race variable ell/ell_nu min inside the clock = 2.12 (at t = 2.35); cut fraction at the clock 0.427\n"}
,{"stream_name":"stdout","time":504.432688701,"data":"C21: Re_seam at the twist peak (t = 1.60) = 223.8; twist peak 0.10981; max|w| at the peak 29.0\n"}
,{"stream_name":"stdout","time":504.432695442,"data":"REGISTERED C20 at nu=0.002: between (see rows)\n"}
,{"stream_name":"stdout","time":506.145651619,"data":"=== IC=found NU=1e-3 T=1.6 SNAP=1 -\u003e /kaggle/working/seam_ICfound_NU1e-3_T1.6_SNAP1.txt\n"}
,{"stream_name":"stdout","time":508.457531104,"data":"found field at /kaggle/input/datasets/anushreekaushal/zef-found/leashed64_dmin030.npz\n"}
,{"stream_name":"stdout","time":508.815263103,"data":"seam race on GPU: IC=found  N=256^3  nu=0.001  T=1.6  Z0=0.375  clock 2dx=0.0491  device=cuda  FORCE=0\n"}
,{"stream_name":"stdout","time":509.603546697,"data":"   t     Z/Z0    max|w|   twist@0.05 @0.07 @0.1 @0.14 @0.2 @0.28 @0.4 @0.56   anti    ell     ell_nu   race   cut    Re_seam   delta     E/E0\n"}
,{"stream_name":"stdout","time":509.603626659,"data":" 0.00    1.000      7.16   0.00000 0.00000 0.00000 0.00001 0.00008 0.00071 0.00821 0.06333   0.000   0.6364   0.1843    3.45   0.000     1820.1   (tail empty)   1.000000   (1s)\n"}
,{"stream_name":"stdout","time":518.804726979,"data":" 0.05    1.020      7.40   0.00000 0.00000 0.00000 0.00001 0.00009 0.00080 0.00974 0.07387   0.000   0.6340   0.0851    7.45   0.000     1856.7   (tail empty)   0.998776   (10s)\n"}
,{"stream_name":"stdout","time":529.212687983,"data":" 0.10    1.048      8.18   0.00000 0.00000 0.00000 0.00001 0.00011 0.00111 0.01326 0.09159   0.000   0.6313   0.0624   10.12   0.000     2017.0   (tail empty)   0.997522   (20s)\n"}
,{"stream_name":"stdout","time":539.610249655,"data":" 0.15    1.086      8.96   0.00000 0.00000 0.00000 0.00002 0.00017 0.00191 0.01989 0.11715   0.000   0.5926   0.0517   11.45   0.000     1936.9   (tail empty)   0.996228   (31s)\n"}
,{"stream_name":"stdout","time":550.015179618,"data":" 0.20    1.132      9.74   0.00000 0.00000 0.00000 0.00003 0.00036 0.00354 0.03064 0.15004   0.000   0.5245   0.0459   11.44   0.000     1657.0   (tail empty)   0.994884   (41s)\n"}
,{"stream_name":"stdout","time":560.430697925,"data":" 0.25    1.187     10.47   0.00000 0.00000 0.00000 0.00008 0.00077 0.00631 0.04654 0.18839   0.000   0.4691   0.0420   11.18   0.000     1431.6   (tail empty)   0.993478   (52s)\n"}
,{"stream_name":"stdout","time":570.852426777,"data":" 0.30    1.251     11.17   0.00000 0.00000 0.00001 0.00018 0.00147 0.01045 0.06843 0.22968   0.000   0.4309   0.0397   10.84   0.000     1304.3   0.2554   0.992000   (62s)\n"}
,{"stream_name":"stdout","time":581.276917062,"data":" 0.35    1.323     12.23   0.00000 0.00000 0.00001 0.00035 0.00250 0.01642 0.09617 0.27166   0.000   0.3983   0.0382   10.42   0.000     1224.5   0.2222   0.990440   (72s)\n"}
,{"stream_name":"stdout","time":591.696230547,"data":" 0.40    1.402     13.43   0.00000 0.00000 0.00003 0.00060 0.00393 0.02461 0.12871 0.31273   0.000   0.3672   0.0373    9.83   0.000     1138.9   0.1950   0.988788   (83s)\n"}
,{"stream_name":"stdout","time":602.110060253,"data":" 0.45    1.489     14.66   0.00000 0.00000 0.00005 0.00094 0.00601 0.03500 0.16447 0.35163   0.000   0.3431   0.0372    9.22   0.000     1076.8   0.1707   0.987035   (93s)\n"}
,{"stream_name":"stdout","time":612.520763439,"data":" 0.50    1.584     15.92   0.00000 0.00001 0.00008 0.00144 0.00893 0.04738 0.20190 0.38713   0.000   0.3236   0.0377    8.59   0.000     1035.5   0.1478   0.985172   (104s)\n"}
,{"stream_name":"stdout","time":622.930370749,"data":" 0.55    1.684     17.17   0.00000 0.00001 0.00013 0.00222 0.01278 0.06151 0.23988 0.41790   0.000   0.3089   0.0389    7.94   0.000     1004.9   0.1307   0.983191   (114s)\n"}
,{"stream_name":"stdout","time":632.125908255,"data":" 0.60    1.791     18.30   0.00000 0.00002 0.00020 0.00335 0.01766 0.07716 0.27757 0.44251   0.000   0.2962   0.0407    7.28   0.000      982.3   0.1176   0.981084   (123s)\n"}
,{"stream_name":"stdout","time":641.327315949,"data":" 0.65    1.903     19.54   0.00000 0.00004 0.00031 0.00493 0.02365 0.09436 0.31461 0.45922   0.002   0.2901   0.0432    6.72   0.000     1009.0   0.1066   0.978844   (133s)\n"}
,{"stream_name":"stdout","time":650.530144337,"data":" 0.70    2.020     20.57   0.00000 0.00006 0.00049 0.00705 0.03087 0.11337 0.35114 0.46564   0.008   0.2863   0.0456    6.28   0.000     1025.1   0.0973   0.976465   (142s)\n"}
,{"stream_name":"stdout","time":659.755058872,"data":" 0.75    2.141     21.60   0.00000 0.00009 0.00079 0.00984 0.03950 0.13451 0.38773 0.45908   0.016   0.2861   0.0497    5.76   0.000       61.4   0.0892   0.973942   (151s)\n"}
,{"stream_name":"stdout","time":668.954494643,"data":" 0.80    2.265     22.52   0.00001 0.00015 0.00125 0.01350 0.04990 0.15815 0.42484 0.43849   0.030   0.2821   0.0550    5.12   0.016       74.3   0.0823   0.971270   (160s)\n"}
,{"stream_name":"stdout","time":678.152917374,"data":" 0.85    2.393     23.30   0.00001 0.00027 0.00197 0.01832 0.06256 0.18494 0.46053 0.40672   0.049   0.2772   0.0632    4.39   0.033       92.6   0.0765   0.968444   (169s)\n"}
,{"stream_name":"stdout","time":687.350779293,"data":" 0.90    2.523     23.94   0.00002 0.00048 0.00309 0.02482 0.07786 0.21641 0.48619 0.36919   0.074   0.2736   0.0687    3.98   0.059      113.9   0.0708   0.965462   (179s)\n"}
,{"stream_name":"stdout","time":696.549474408,"data":" 0.95    2.655     24.45   0.00004 0.00086 0.00485 0.03350 0.09636 0.25587 0.49236 0.33160   0.116   0.2697   0.0683    3.95   0.070      131.6   0.0667   0.962321   (188s)\n"}
,{"stream_name":"stdout","time":705.745793885,"data":" 1.00    2.788     24.78   0.00009 0.00153 0.00762 0.04472 0.11951 0.30431 0.48204 0.29817   0.176   0.2645   0.0699    3.78   0.067      160.4   0.0649   0.959019   (197s)\n"}
,{"stream_name":"stdout","time":716.162355385,"data":" 1.05    2.923     24.98   0.00020 0.00272 0.01188 0.05905 0.15129 0.34887 0.46114 0.27093   0.235   0.2562   0.0657    3.90   0.083      183.5   0.0619   0.955555   (207s)\n"}
,{"stream_name":"stdout","time":726.581515521,"data":" 1.10    3.057     25.21   0.00042 0.00470 0.01797 0.07845 0.19415 0.37875 0.43132 0.25406   0.291   0.2492   0.0582    4.28   0.100      207.4   0.0599   0.951928   (218s)\n"}
,{"stream_name":"stdout","time":738.220015794,"data":" 1.15    3.192     25.47   0.00083 0.00776 0.02630 0.10681 0.23803 0.39879 0.39908 0.25738   0.344   0.2411   0.0461    5.23   0.142      225.3   0.0580   0.948138   (229s)\n"}
,{"stream_name":"stdout","time":749.857659066,"data":" 1.20    3.327     25.80   0.00157 0.01231 0.03821 0.14268 0.27409 0.41118 0.37801 0.25803   0.401   0.2253   0.0395    5.70   0.183      242.1   0.0536   0.944184   (241s)\n"}
,{"stream_name":"stdout","time":762.711367157,"data":" 1.25    3.462     26.30   0.00281 0.01908 0.05497 0.17829 0.30492 0.41782 0.35673 0.24786   0.459   0.2079   0.0357    5.82   0.226      243.2   0.0500   0.940066   (254s)\n"}
,{"stream_name":"stdout","time":775.561183147,"data":" 1.30    3.597     26.85   0.00488 0.02873 0.07564 0.21065 0.33128 0.41291 0.32921 0.23825   0.520   0.1912   0.0317    6.03   0.250      245.6   0.0492   0.935785   (267s)\n"}
,{"stream_name":"stdout","time":788.410037465,"data":" 1.35    3.732     27.58   0.00783 0.04082 0.09796 0.23908 0.34581 0.39222 0.30459 0.22882   0.580   0.1789   0.0302    5.92   0.254      276.4   0.0494   0.931339   (280s)\n"}
,{"stream_name":"stdout","time":801.260645162,"data":" 1.40    3.866     29.09   0.01164 0.05445 0.12033 0.26014 0.34513 0.36598 0.28859 0.22204   0.636   0.1753   0.0306    5.72   0.236      332.2   0.0493   0.926731   (292s)\n"}
,{"stream_name":"stdout","time":814.115704386,"data":" 1.45    3.998     32.21   0.01628 0.06952 0.14204 0.27117 0.33394 0.33838 0.27454 0.21849   0.675   0.1822   0.0304    6.00   0.180      441.2   0.0494   0.921961   (305s)\n"}
,{"stream_name":"stdout","time":826.971565913,"data":" 1.50    4.126     35.23   0.02238 0.08593 0.16073 0.27276 0.31655 0.31043 0.25377 0.20821   0.711   0.1828   0.0309    5.91   0.161      528.5   0.0492   0.917033   (318s)\n"}
,{"stream_name":"stdout","time":838.60820887,"data":" 1.55    4.250     39.13   0.02969 0.10191 0.17414 0.26709 0.29432 0.28280 0.23147 0.19247   0.724   0.1798   0.0342    5.25   0.153      568.3   0.0504   0.911951   (330s)\n"}
,{"stream_name":"stdout","time":850.244910147,"data":" 1.60    4.365     44.95   0.03747 0.11411 0.17963 0.25644 0.26961 0.25350 0.20863 0.17321   0.722   0.1634   0.0320    5.11   0.145      496.8   0.0512   0.906724   (341s)\n"}
,{"stream_name":"stdout","time":851.317139076,"data":"snapshots written to /kaggle/working/snaps_found_nu0.001.npz\n"}
,{"stream_name":"stdout","time":851.318667904,"data":"\n"}
,{"stream_name":"stdout","time":851.31869298,"data":"C22 descent: separation -\u003e peak twist, peak time (clock expires at t = 1.60)\n"}
,{"stream_name":"stdout","time":851.318696852,"data":"   sep 0.05   peak 0.03747 at t = 1.60   (at the clock or at t = 0: not a peak)\n"}
,{"stream_name":"stdout","time":851.318699542,"data":"   sep 0.07   peak 0.11411 at t = 1.60   (at the clock or at t = 0: not a peak)\n"}
,{"stream_name":"stdout","time":851.31870219,"data":"   sep 0.10   peak 0.17963 at t = 1.60   (at the clock or at t = 0: not a peak)\n"}
,{"stream_name":"stdout","time":851.318704586,"data":"   sep 0.14   peak 0.27276 at t = 1.50\n"}
,{"stream_name":"stdout","time":851.318706896,"data":"   sep 0.20   peak 0.34581 at t = 1.35\n"}
,{"stream_name":"stdout","time":851.318709186,"data":"   sep 0.28   peak 0.41782 at t = 1.25\n"}
,{"stream_name":"stdout","time":851.318711554,"data":"   sep 0.40   peak 0.49236 at t = 0.95\n"}
,{"stream_name":"stdout","time":851.318713871,"data":"   sep 0.56   peak 0.46564 at t = 0.70\n"}
,{"stream_name":"stdout","time":851.318716198,"data":"   halving times (time for the wave to descend one octave), from resolved peaks only:\n"}
,{"stream_name":"stdout","time":851.318718624,"data":"      0.56 -\u003e 0.40 : 0.25  per octave 0.52\n"}
,{"stream_name":"stdout","time":851.318721122,"data":"      0.40 -\u003e 0.28 : 0.30  per octave 0.58\n"}
,{"stream_name":"stdout","time":851.31872345,"data":"      0.28 -\u003e 0.20 : 0.10  per octave 0.21\n"}
,{"stream_name":"stdout","time":851.318725815,"data":"      0.20 -\u003e 0.14 : 0.15  per octave 0.29\n"}
,{"stream_name":"stdout","time":851.318728237,"data":"   V: gap = 0.518 (1.76 - t) from sep \u003e= 0.1, T* = 1.76; thickness e-fold 0.81 fitted on t in [0.30, 1.60]; arms meet at t = 1.70, scale 0.032, sqrt(nu/s) there 0.032 (beyond the clock)\n"}
,{"stream_name":"stdout","time":851.318732016,"data":"\n"}
,{"stream_name":"stdout","time":851.318734367,"data":"clock expires at t = 1.60 (delta 0.0512); strong twist peak 0.17963 at t = 1.60, at the clock 0.17963 (fall 0%); max|w| growth to the clock 6.28x\n"}
,{"stream_name":"stdout","time":851.318736982,"data":"race variable ell/ell_nu min inside the clock = 3.45 (at t = 0.00); cut fraction at the clock 0.145\n"}
,{"stream_name":"stdout","time":851.318739418,"data":"C21: Re_seam at the twist peak (t = 1.60) = 496.8; twist peak 0.17963; max|w| at the peak 44.9\n"}
,{"stream_name":"stdout","time":851.318741838,"data":"REGISTERED C20 at nu=0.001: between (see rows)\n"}
,{"stream_name":"stderr","time":854.39303622,"data":"/usr/local/lib/python3.12/dist-packages/mistune.py:435: SyntaxWarning: invalid escape sequence '\\|'\n"}
,{"stream_name":"stderr","time":854.393066563,"data":"  cells[i][c] = re.sub('\\\\\\\\\\|', '|', cell)\n"}
,{"stream_name":"stderr","time":854.650284096,"data":"/usr/local/lib/python3.12/dist-packages/nbconvert/filters/filter_links.py:36: SyntaxWarning: invalid escape sequence '\\_'\n"}
,{"stream_name":"stderr","time":854.650311153,"data":"  text = re.sub(r'_', '\\_', text) # Escape underscores in display text\n"}
,{"stream_name":"stderr","time":855.290251182,"data":"[NbConvertApp] Converting notebook __script__.ipynb to html\n"}
,{"stream_name":"stderr","time":856.652671463,"data":"[NbConvertApp] Writing 402166 bytes to __results__.html\n"}
]