[{"stream_name":"stdout","time":7.168293936,"data":"=== IC=found NU=2e-3 T=2.4 N=320 LAGR=1 TSEED=1.0 -\u003e /kaggle/working/seam_ICfound_NU2e-3_T2.4_N320_LAGR1_TSEED1.0.txt\n"}
,{"stream_name":"stdout","time":11.161904634,"data":"seam race on GPU: IC=found  N=320^3  nu=0.002  T=2.4  Z0=0.375  clock 2dx=0.0393  device=cuda  FORCE=0 (steady)\n"}
,{"stream_name":"stdout","time":13.158573859,"data":"   t     Z/Z0    max|w|   twist@0.05 @0.07 @0.1 @0.14 @0.2 @0.28 @0.4 @0.56   anti    ell     ell_nu   race   cut    Re_seam   delta     E/E0   | material|w|  gap   jump   flip   dgap/dt(u) dgap/dt(pair) dgap/dt(sheets) flipped@  kappa  C_LIA   delta_m  s_m    n_m    wind   C_around/|w|  axes\n"}
,{"stream_name":"stdout","time":13.15862008,"data":" 0.00    1.000      7.16   0.00000 0.00000 0.00000 0.00001 0.00008 0.00080 0.00821 0.06609   0.000   0.6366   0.2607    2.44   0.000      910.7   (tail empty)   1.000000   (2s)\n"}
,{"stream_name":"stdout","time":36.010847917,"data":" 0.05    1.018      7.40   0.00000 0.00000 0.00000 0.00001 0.00009 0.00091 0.00973 0.07695   0.000   0.6342   0.1204    5.27   0.000      927.6   (tail empty)   0.997554   (25s)\n"}
,{"stream_name":"stdout","time":58.810574099,"data":" 0.10    1.045      8.16   0.00000 0.00000 0.00000 0.00001 0.00011 0.00126 0.01322 0.09504   0.000   0.6316   0.0884    7.15   0.000     1005.4   (tail empty)   0.995053   (48s)\n"}
,{"stream_name":"stdout","time":83.94778083,"data":" 0.15    1.080      8.93   0.00000 0.00000 0.00000 0.00001 0.00017 0.00214 0.01974 0.12084   0.000   0.5933   0.0733    8.09   0.000      967.7   (tail empty)   0.992478   (73s)\n"}
,{"stream_name":"stdout","time":109.03430271,"data":" 0.20    1.123      9.68   0.00000 0.00000 0.00000 0.00002 0.00036 0.00391 0.03029 0.15368   0.000   0.5263   0.0651    8.08   0.000      829.1   (tail empty)   0.989807   (98s)\n"}
,{"stream_name":"stdout","time":134.084316594,"data":" 0.25    1.175     10.39   0.00000 0.00000 0.00000 0.00004 0.00075 0.00688 0.04579 0.19152   0.000   0.4709   0.0597    7.89   0.000      716.5   (tail empty)   0.987021   (123s)\n"}
,{"stream_name":"stdout","time":159.097450583,"data":" 0.30    1.234     11.06   0.00000 0.00000 0.00000 0.00010 0.00143 0.01126 0.06703 0.23185   0.000   0.4336   0.0565    7.68   0.000      653.5   (tail empty)   0.984102   (148s)\n"}
,{"stream_name":"stdout","time":184.080571601,"data":" 0.35    1.300     12.04   0.00000 0.00000 0.00001 0.00020 0.00241 0.01753 0.09385 0.27251   0.000   0.4015   0.0544    7.38   0.000      613.0   (tail empty)   0.981030   (173s)\n"}
,{"stream_name":"stdout","time":209.05546257,"data":" 0.40    1.373     13.17   0.00000 0.00000 0.00002 0.00035 0.00377 0.02601 0.12527 0.31201   0.000   0.3720   0.0532    6.99   0.000      573.4   0.2026   0.977789   (198s)\n"}
,{"stream_name":"stdout","time":233.989698452,"data":" 0.45    1.452     14.32   0.00000 0.00001 0.00005 0.00056 0.00571 0.03666 0.15986 0.34923   0.000   0.3476   0.0529    6.57   0.000      541.4   0.1790   0.974363   (223s)\n"}
,{"stream_name":"stdout","time":256.544738212,"data":" 0.50    1.536     15.45   0.00000 0.00001 0.00008 0.00085 0.00839 0.04926 0.19624 0.38303   0.000   0.3287   0.0537    6.13   0.000      518.3   0.1581   0.970740   (245s)\n"}
,{"stream_name":"stdout","time":279.085746088,"data":" 0.55    1.625     16.56   0.00000 0.00002 0.00012 0.00128 0.01191 0.06354 0.23346 0.41220   0.000   0.3140   0.0551    5.70   0.000      503.0   0.1409   0.966906   (268s)\n"}
,{"stream_name":"stdout","time":301.620978686,"data":" 0.60    1.718     17.60   0.00000 0.00004 0.00019 0.00193 0.01632 0.07931 0.27087 0.43541   0.000   0.3031   0.0575    5.27   0.000      494.6   0.1284   0.962852   (290s)\n"}
,{"stream_name":"stdout","time":324.161651307,"data":" 0.65    1.813     18.58   0.00001 0.00005 0.00028 0.00283 0.02169 0.09668 0.30814 0.45115   0.001   0.2971   0.0601    4.94   0.000      499.4   0.1190   0.958569   (313s)\n"}
,{"stream_name":"stdout","time":346.699968516,"data":" 0.70    1.911     19.50   0.00001 0.00008 0.00042 0.00406 0.02810 0.11600 0.34531 0.45756   0.004   0.2941   0.0641    4.59   0.000      512.2   0.1119   0.954052   (336s)\n"}
,{"stream_name":"stdout","time":369.239621216,"data":" 0.75    2.010     20.33   0.00001 0.00013 0.00064 0.00567 0.03571 0.13774 0.38258 0.45269   0.009   0.2944   0.0689    4.28   0.000      533.0   0.1062   0.949296   (358s)\n"}
,{"stream_name":"stdout","time":391.849605346,"data":" 0.80    2.109     21.04   0.00002 0.00020 0.00097 0.00778 0.04487 0.16240 0.41982 0.43579   0.018   0.2933   0.0740    3.96   0.028       34.0   0.1008   0.944299   (381s)\n"}
,{"stream_name":"stdout","time":414.396622678,"data":" 0.85    2.208     21.67   0.00004 0.00032 0.00146 0.01053 0.05614 0.19060 0.45528 0.40880   0.029   0.2951   0.0824    3.58   0.092       40.8   0.0955   0.939061   (403s)\n"}
,{"stream_name":"stdout","time":436.943549659,"data":" 0.90    2.306     22.18   0.00006 0.00051 0.00217 0.01420 0.07014 0.22340 0.48350 0.37593   0.044   0.2960   0.0902    3.28   0.150       48.7   0.0905   0.933585   (426s)\n"}
,{"stream_name":"stdout","time":459.492056082,"data":" 0.95    2.401     22.56   0.00011 0.00081 0.00323 0.01926 0.08753 0.26221 0.49716 0.34191   0.067   0.2960   0.0982    3.01   0.211       55.8   0.0864   0.927875   (448s)\n"}
,{"stream_name":"stdout","time":482.603245099,"data":"lagrangian: 4000 particles seeded on the high set at t = 1.00; sheets A/B = 2815/1185\n"}
,{"stream_name":"stdout","time":484.080276557,"data":" 1.00    2.494     22.81   0.00018 0.00128 0.00479 0.02625 0.10938 0.30639 0.49431 0.31066   0.102   0.2911   0.0981    2.97   0.288       62.7   0.0829   0.921936   |    13.16   0.2735   1.0261   0.000   -0.3583  -0.1648  -0.3106    -       0.78  -0.754   0.3235  +0.622  +0.012  0.000   +0.010  0.48   (473s)\n"}
,{"stream_name":"stdout","time":508.270632704,"data":" 1.05    2.583     22.90   0.00031 0.00203 0.00716 0.03581 0.13747 0.34907 0.47864 0.28463   0.149   0.2844   0.0901    3.16   0.353       75.7   0.0798   0.915777   |    13.40   0.2573   1.0504   0.000   -0.3372  -0.1580  -0.2927    -       0.87  -0.669   0.3113  +0.651  -0.004  0.006   +0.013  0.49   (497s)\n"}
,{"stream_name":"stdout","time":534.853979626,"data":" 1.10    2.668     22.86   0.00054 0.00321 0.01075 0.04880 0.17277 0.38181 0.45346 0.26680   0.198   0.2772   0.0806    3.44   0.405       86.9   0.0778   0.909406   |    13.61   0.2418   1.0606   0.000   -0.3107  -0.1510  -0.2618    -       0.99  -0.596   0.3087  +0.639  -0.040  0.012   +0.016  0.50   (524s)\n"}
,{"stream_name":"stdout","time":561.435262591,"data":" 1.15    2.749     22.73   0.00092 0.00511 0.01608 0.06650 0.21161 0.40342 0.42309 0.26249   0.242   0.2698   0.0714    3.78   0.435       95.3   0.0754   0.902833   |    13.76   0.2279   1.0741   0.000   -0.2828  -0.1356  -0.2368    -       1.14  -0.487   0.3090  +0.654  -0.117  0.017   +0.020  0.50   (550s)\n"}
,{"stream_name":"stdout","time":590.418360094,"data":" 1.20    2.825     22.64   0.00158 0.00811 0.02383 0.08943 0.24749 0.41589 0.39594 0.26560   0.289   0.2610   0.0661    3.95   0.449      105.2   0.0747   0.896070   |    13.90   0.2145   1.0873   0.000   -0.2603  -0.1355  -0.2120    -       1.29  -0.451   0.3057  +0.630  -0.154  0.023   +0.029  0.51   (579s)\n"}
,{"stream_name":"stdout","time":619.397651752,"data":" 1.25    2.896     22.72   0.00271 0.01264 0.03450 0.11555 0.27768 0.42046 0.37466 0.26097   0.342   0.2496   0.0602    4.15   0.444      115.8   0.0741   0.889128   |    13.97   0.2016   1.0935   0.000   -0.2291  -0.1247  -0.1922    -       1.46  -0.388   0.2894  +0.686  -0.258  0.028   +0.039  0.51   (608s)\n"}
,{"stream_name":"stdout","time":648.377336678,"data":" 1.30    2.962     23.15   0.00449 0.01886 0.04765 0.14143 0.30215 0.41646 0.35161 0.25106   0.395   0.2392   0.0566    4.22   0.437      131.8   0.0710   0.882019   |    14.02   0.1907   1.0937   0.000   -0.1946  -0.1220  -0.1625    -       1.61  -0.363   0.2800  +0.647  -0.286  0.032   +0.050  0.51   (637s)\n"}
,{"stream_name":"stdout","time":679.75777815,"data":" 1.35    3.023     23.62   0.00693 0.02636 0.06181 0.16480 0.31880 0.40124 0.32585 0.24053   0.446   0.2321   0.0563    4.12   0.409      148.9   0.0681   0.874756   |    14.00   0.1798   1.0980   0.000   -0.1902  -0.1166  -0.1558    -       1.78  -0.333   0.2657  +0.678  -0.285  0.036   +0.042  0.51   (669s)\n"}
,{"stream_name":"stdout","time":711.143521629,"data":" 1.40    3.077     24.11   0.00984 0.03436 0.07558 0.18404 0.32384 0.37662 0.30155 0.22957   0.492   0.2241   0.0535    4.19   0.366      167.6   0.0671   0.867355   |    13.95   0.1708   1.1066   0.000   -0.1651  -0.1032  -0.1397    -       1.99  -0.274   0.2561  +0.662  -0.351  0.039   +0.041  0.50   (700s)\n"}
,{"stream_name":"stdout","time":740.131263445,"data":" 1.45    3.124     24.64   0.01306 0.04239 0.08817 0.19728 0.31707 0.34826 0.28308 0.22069   0.533   0.2146   0.0510    4.21   0.334      171.7   0.0678   0.859830   |    13.89   0.1630   1.0812   0.000   -0.1490  -0.0931  -0.1244    -       2.12  -0.249   0.2355  +0.713  -0.464  0.042   +0.040  0.50   (729s)\n"}
,{"stream_name":"stdout","time":769.119639097,"data":" 1.50    3.163     25.15   0.01667 0.05026 0.09884 0.20333 0.30263 0.31982 0.26632 0.21437   0.565   0.2037   0.0502    4.06   0.339      169.2   0.0683   0.852202   |    13.81   0.1567   1.0615   0.000   -0.1252  -0.0855  -0.1074    -       2.30  -0.223   0.2238  +0.650  -0.400  0.045   +0.045  0.49   (758s)\n"}
,{"stream_name":"stdout","time":798.107291318,"data":" 1.55    3.191     26.70   0.02063 0.05744 0.10648 0.20257 0.28433 0.29367 0.24675 0.20480   0.592   0.2013   0.0494    4.08   0.349      185.7   0.0679   0.844491   |    13.60   0.1544   1.0208   0.000   -0.0886  -0.0616  -0.0739    -       2.46  -0.159   0.2099  +0.613  -0.355  0.048   +0.043  0.49   (787s)\n"}
,{"stream_name":"stdout","time":824.696226272,"data":" 1.60    3.209     29.11   0.02445 0.06275 0.11001 0.19696 0.26431 0.26953 0.22755 0.19177   0.610   0.2053   0.0492    4.18   0.367      211.4   0.0665   0.836724   |    13.28   0.1542   0.9890   0.000   -0.0683  -0.0457  -0.0590    -       2.66  -0.113   0.1969  +0.626  -0.333  0.050   +0.044  0.48   (814s)\n"}
,{"stream_name":"stdout","time":851.290123069,"data":" 1.65    3.214     32.07   0.02717 0.06508 0.10944 0.18870 0.24422 0.24580 0.20973 0.17716   0.616   0.2083   0.0490    4.25   0.390      227.7   0.0653   0.828929   |    12.90   0.1522   0.9442   0.001   -0.0578  -0.0325  -0.0499    -       2.94  -0.077   0.1851  +0.577  -0.327  0.052   +0.048  0.47   (840s)\n"}
,{"stream_name":"stdout","time":877.880112692,"data":" 1.70    3.207     35.43   0.02799 0.06436 0.10616 0.17832 0.22285 0.22409 0.19331 0.16421   0.601   0.2095   0.0513    4.08   0.406      256.4   0.0639   0.821136   |    12.50   0.1509   0.9034   0.001   -0.0167  -0.0163  -0.0109    -       3.20  -0.037   0.1769  +0.557  -0.322  0.054   +0.052  0.47   (867s)\n"}
,{"stream_name":"stdout","time":902.069042939,"data":" 1.75    3.188     38.77   0.02707 0.06190 0.10131 0.16476 0.20111 0.20562 0.18043 0.15492   0.557   0.2165   0.0568    3.81   0.397      268.1   0.0616   0.813377   |    11.99   0.1515   0.8684   0.006   -0.0158  -0.0091  -0.0090    -       3.41  -0.020   0.1715  +0.604  -0.346  0.056   +0.055  0.46   (891s)\n"}
,{"stream_name":"stdout","time":926.257789953,"data":" 1.80    3.160     41.59   0.02540 0.05840 0.09440 0.14883 0.18298 0.19179 0.17193 0.14705   0.504   0.2192   0.0712    3.08   0.384      256.1   0.0583   0.805674   |    11.40   0.1510   0.8538   0.014   -0.0027  -0.0063  -0.0017    -       3.59  -0.014   0.1686  +0.628  -0.359  0.058   +0.063  0.46   (915s)\n"}
,{"stream_name":"stdout","time":950.448607367,"data":" 1.85    3.127     42.10   0.02349 0.05356 0.08537 0.13384 0.17041 0.18284 0.16548 0.14049   0.489   0.2217   0.0823    2.69   0.384      255.1   0.0553   0.798044   |    10.96   0.1529   0.8409   0.022   +0.0238  -0.0034  +0.0243   0.77     3.53  -0.008   0.1642  +0.726  -0.378  0.061   +0.067  0.46   (939s)\n"}
,{"stream_name":"stdout","time":977.042893709,"data":" 1.90    3.091     40.56   0.02114 0.04756 0.07567 0.12191 0.16239 0.17723 0.16028 0.13723   0.494   0.2166   0.0802    2.70   0.435      249.3   0.0538   0.790500   |    10.63   0.1567   0.8213   0.029   +0.0414  -0.0002  +0.0394   0.67     3.38  -0.000   0.1601  +0.708  -0.347  0.064   +0.076  0.45   (966s)\n"}
,{"stream_name":"stdout","time":1003.631542724,"data":" 1.95    3.052     37.80   0.01828 0.04135 0.06703 0.11315 0.15680 0.17320 0.15594 0.13642   0.492   0.2046   0.0652    3.14   0.475      217.8   0.0536   0.783047   |    10.29   0.1602   0.8002   0.039   +0.0299  -0.0037  +0.0298   0.62     3.28  -0.009   0.1555  +0.749  -0.400  0.066   +0.077  0.45   (992s)\n"}
,{"stream_name":"stdout","time":1030.212709924,"data":" 2.00    3.014     36.27   0.01541 0.03600 0.06030 0.10680 0.15212 0.16946 0.15323 0.13596   0.467   0.1978   0.0613    3.23   0.486      188.8   0.0542   0.775688   |    10.06   0.1629   0.7708   0.048   +0.0472  +0.0009  +0.0438   0.64     3.32  +0.002   0.1536  +0.769  -0.396  0.068   +0.077  0.45   (1019s)\n"}
,{"stream_name":"stdout","time":1056.792229797,"data":" 2.05    2.976     36.81   0.01306 0.03190 0.05529 0.10202 0.14768 0.16531 0.15252 0.13531   0.420   0.1948   0.0620    3.14   0.450      187.5   0.0551   0.768422   |     9.86   0.1672   0.7412   0.059   +0.0506  +0.0051  +0.0472   0.79     3.41  +0.012   0.1514  +0.720  -0.383  0.071   +0.082  0.45   (1046s)\n"}
,{"stream_name":"stdout","time":1080.973990681,"data":" 2.10    2.941     36.83   0.01128 0.02881 0.05155 0.09825 0.14323 0.16090 0.15290 0.13567   0.385   0.1945   0.0647    3.01   0.424      189.1   0.0559   0.761245   |     9.56   0.1698   0.7270   0.069   +0.0592  +0.0072  +0.0530   1.05     3.47  +0.017   0.1496  +0.685  -0.337  0.074   +0.084  0.45   (1070s)\n"}
,{"stream_name":"stdout","time":1105.157900449,"data":" 2.15    2.908     36.24   0.01000 0.02655 0.04889 0.09520 0.13890 0.15676 0.15281 0.13824   0.382   0.1904   0.0699    2.72   0.412      183.0   0.0564   0.754150   |     9.32   0.1737   0.7172   0.080   +0.0558  +0.0076  +0.0542   1.18     3.55  +0.017   0.1459  +0.665  -0.301  0.077   +0.084  0.45   (1094s)\n"}
,{"stream_name":"stdout","time":1129.341463242,"data":" 2.20    2.877     35.31   0.00919 0.02516 0.04730 0.09275 0.13500 0.15356 0.15159 0.14254   0.398   0.1866   0.0743    2.51   0.395      184.6   0.0569   0.747132   |     9.13   0.1756   0.7099   0.092   +0.0569  +0.0070  +0.0559   1.25     3.48  +0.016   0.1446  +0.720  -0.310  0.081   +0.074  0.46   (1118s)\n"}
,{"stream_name":"stdout","time":1153.528913393,"data":" 2.25    2.849     34.69   0.00888 0.02474 0.04682 0.09106 0.13221 0.15147 0.14966 0.14670   0.409   0.1853   0.0813    2.28   0.379      186.7   0.0575   0.740185   |     8.88   0.1783   0.7011   0.107   +0.0468  +0.0062  +0.0398   1.27     3.58  +0.014   0.1427  +0.709  -0.311  0.085   +0.077  0.46   (1142s)\n"}
,{"stream_name":"stdout","time":1177.716632714,"data":" 2.30    2.822     33.92   0.00907 0.02523 0.04725 0.09033 0.13125 0.14940 0.14770 0.14912   0.412   0.1835   0.0826    2.22   0.374      189.3   0.0582   0.733305   |     8.74   0.1822   0.6841   0.119   +0.0480  +0.0050  +0.0452   1.30     3.62  +0.011   0.1424  +0.660  -0.303  0.090   +0.071  0.46   (1167s)\n"}
,{"stream_name":"stdout","time":1201.909481379,"data":" 2.35    2.796     33.12   0.00967 0.02631 0.04825 0.09072 0.13206 0.14723 0.14636 0.14929   0.407   0.1807   0.0794    2.28   0.388      173.3   0.0591   0.726490   |     8.63   0.1848   0.6624   0.130   +0.0381  +0.0044  +0.0313   1.27     3.63  +0.010   0.1394  +0.669  -0.315  0.095   +0.065  0.47   (1191s)\n"}
,{"stream_name":"stdout","time":1226.09759594,"data":" 2.40    2.769     32.81   0.01050 0.02761 0.04950 0.09210 0.13352 0.14558 0.14591 0.14767   0.396   0.1773   0.0754    2.35   0.425      156.7   0.0601   0.719739   |     8.47   0.1851   0.6389   0.138   +0.0283  +0.0032  +0.0238   1.33     3.70  +0.007   0.1357  +0.651  -0.288  0.099   +0.057  0.47   (1215s)\n"}
,{"stream_name":"stdout","time":1226.128940548,"data":"\n"}
,{"stream_name":"stdout","time":1226.128977142,"data":"C26 Lagrangian: gap 0.2735 -\u003e 0.1509 (min at t = 1.70, inside the clock 2.40); linear fit T* = 1.98, lambda = 0.99; jump 1.0261 at seed -\u003e max 1.1066 before the merge (x1.08); material |w| 13.2 -\u003e 14.0\n"}
,{"stream_name":"stdout","time":1226.128985372,"data":"C29 who closes the gap: on the descent the measured closing rate (u) is -0.1924 median (finite-difference of the gap -0.1914), the self-induced rate (u_H) -0.1193: self-induced share 0.59\n"}
,{"stream_name":"stdout","time":1226.128992526,"data":"REGISTERED C29: between (share 0.59)\n"}
,{"stream_name":"stdout","time":1226.128997598,"data":"C30/C31 three masks on the descent: closing rate from the pair (\u003e0.5 max) -0.1193, the whole sheets (\u003e0.1 max) -0.1592, full -0.1924 -\u003e shares pair 0.59, sheets 0.84, far field 0.16 (far share first -\u003e last: 0.13 -\u003e 0.14); curvature kappa 0.78 -\u003e 2.94; C_LIA = rate_pair/(jump kappa gap) median -0.348, max/min -\n"}
,{"stream_name":"stdout","time":1226.129003482,"data":"REGISTERED C30: between\n"}
,{"stream_name":"stdout","time":1226.129008948,"data":"REGISTERED C31: between (far share 0.16, trend +0.00)\n"}
,{"stream_name":"stdout","time":1226.129014092,"data":"flipped fluid sits at 1.11 of the gap from the other sheet (median over the post-merge rows): threads beside them\n"}
,{"stream_name":"stdout","time":1226.12901985,"data":"C32 closing law: k = -dgap/dt / (gap - delta) on the descent: median 1.66, spread 0.66..1.90 over 14 rows (t 1.00-1.65)\n"}
,{"stream_name":"stdout","time":1226.129025005,"data":"C37: analysis failed (name 'last' is not defined)\n"}
,{"stream_name":"stdout","time":1226.129030563,"data":"C36 the roll: winding of the tagged fluid 0.099 turns at the clock (t = 2.40); in-plane strain flips sign at t = 1.05; winding rate over the last rows 0.089 turns/unit vs |w|_m/(4 pi) = 0.691 (ratio 0.13)\n"}
,{"stream_name":"stdout","time":1226.129035328,"data":"REGISTERED C36: between (0.10 turn, ratio 0.13)\n"}
,{"stream_name":"stdout","time":1226.1290396,"data":"C34 strain budget on the material sheets (t 1.00-1.65): d log|w|/dt = -0.015 ; thinning n.S.n = +0.646 (material thickness thins at 0.868) ; narrowing t.S.t = -0.240 ; sum +0.406 ; residual -0.421 (2813% of the growth)\n"}
,{"stream_name":"stdout","time":1226.129044364,"data":"REGISTERED C34: KILL: a residual of 2813% - something outside the strain budget\n"}
,{"stream_name":"stdout","time":1226.129049504,"data":"C28 flip: fraction of tagged particles with reversed omega . xi_ref: 0.000 at seed -\u003e 0.001 at the merge -\u003e 0.138 at the clock; gap after the merge re-opens, no second closing inside the clock\n"}
,{"stream_name":"stdout","time":1226.129055436,"data":"REGISTERED C28: between\n"}
,{"stream_name":"stdout","time":1226.129059759,"data":"REGISTERED C26: PASS: linear closing, bounded jump\n"}
,{"stream_name":"stdout","time":1226.12906412,"data":"\n"}
,{"stream_name":"stdout","time":1226.129132876,"data":"C22 descent: separation -\u003e peak twist, peak time (clock expires at t = 2.40)\n"}
,{"stream_name":"stdout","time":1226.12914157,"data":"   sep 0.05   peak 0.02799 at t = 1.70\n"}
,{"stream_name":"stdout","time":1226.129146502,"data":"   sep 0.07   peak 0.06508 at t = 1.65\n"}
,{"stream_name":"stdout","time":1226.129151384,"data":"   sep 0.10   peak 0.11001 at t = 1.60\n"}
,{"stream_name":"stdout","time":1226.129190037,"data":"   sep 0.14   peak 0.20333 at t = 1.50\n"}
,{"stream_name":"stdout","time":1226.129196876,"data":"   sep 0.20   peak 0.32384 at t = 1.40\n"}
,{"stream_name":"stdout","time":1226.12920115,"data":"   sep 0.28   peak 0.42046 at t = 1.25\n"}
,{"stream_name":"stdout","time":1226.129204808,"data":"   sep 0.40   peak 0.49716 at t = 0.95\n"}
,{"stream_name":"stdout","time":1226.129208654,"data":"   sep 0.56   peak 0.45756 at t = 0.70\n"}
,{"stream_name":"stdout","time":1226.129212795,"data":"   halving times (time for the wave to descend one octave), from resolved peaks only:\n"}
,{"stream_name":"stdout","time":1226.12921652,"data":"      0.56 -\u003e 0.40 : 0.25  per octave 0.52\n"}
,{"stream_name":"stdout","time":1226.129220219,"data":"      0.40 -\u003e 0.28 : 0.30  per octave 0.58\n"}
,{"stream_name":"stdout","time":1226.129223401,"data":"      0.28 -\u003e 0.20 : 0.15  per octave 0.31\n"}
,{"stream_name":"stdout","time":1226.129227236,"data":"      0.20 -\u003e 0.14 : 0.10  per octave 0.19\n"}
,{"stream_name":"stdout","time":1226.129230856,"data":"      0.14 -\u003e 0.10 : 0.10  per octave 0.21\n"}
,{"stream_name":"stdout","time":1226.129234636,"data":"      0.10 -\u003e 0.07 : 0.05  per octave 0.10\n"}
,{"stream_name":"stdout","time":1226.129238307,"data":"      0.07 -\u003e 0.05 : 0.05  per octave 0.10\n"}
,{"stream_name":"stdout","time":1226.129241673,"data":"   V: gap = 0.501 (1.79 - t) from sep \u003e= 0.1, T* = 1.79; thickness e-fold 1.18 fitted on t in [0.40, 1.60]; arms meet at t = 1.69, scale 0.052, sqrt(nu/s) there 0.051 (inside the clock)\n"}
,{"stream_name":"stdout","time":1226.129246028,"data":"\n"}
,{"stream_name":"stdout","time":1226.129249708,"data":"clock expires at t = 2.40 (delta 0.0601); strong twist peak 0.11001 at t = 1.60, at the clock 0.04950 (fall 55%); max|w| growth to the clock 4.58x\n"}
,{"stream_name":"stdout","time":1226.129253578,"data":"race variable ell/ell_nu min inside the clock = 2.22 (at t = 2.30); cut fraction at the clock 0.425\n"}
,{"stream_name":"stdout","time":1226.129257236,"data":"C21: Re_seam at the twist peak (t = 1.60) = 211.4; twist peak 0.11001; max|w| at the peak 29.1\n"}
,{"stream_name":"stdout","time":1226.129261234,"data":"REGISTERED C20 at nu=0.002: between (see rows)\n"}
,{"stream_name":"stdout","time":1228.581162863,"data":"=== IC=found NU=5e-4 T=1.3 N=320 LAGR=1 TSEED=0.7 -\u003e /kaggle/working/seam_ICfound_NU5e-4_T1.3_N320_LAGR1_TSEED0.7.txt\n"}
,{"stream_name":"stdout","time":1231.986032004,"data":"seam race on GPU: IC=found  N=320^3  nu=0.0005  T=1.3  Z0=0.375  clock 2dx=0.0393  device=cuda  FORCE=0 (steady)\n"}
,{"stream_name":"stdout","time":1233.385724491,"data":"   t     Z/Z0    max|w|   twist@0.05 @0.07 @0.1 @0.14 @0.2 @0.28 @0.4 @0.56   anti    ell     ell_nu   race   cut    Re_seam   delta     E/E0   | material|w|  gap   jump   flip   dgap/dt(u) dgap/dt(pair) dgap/dt(sheets) flipped@  kappa  C_LIA   delta_m  s_m    n_m    wind   C_around/|w|  axes\n"}
,{"stream_name":"stdout","time":1233.38577404,"data":" 0.00    1.000      7.16   0.00000 0.00000 0.00000 0.00001 0.00008 0.00080 0.00821 0.06609   0.000   0.6366   0.1303    4.88   0.000     3643.0   (tail empty)   1.000000   (1s)\n"}
,{"stream_name":"stdout","time":1255.942918568,"data":" 0.05    1.021      7.41   0.00000 0.00000 0.00000 0.00001 0.00009 0.00091 0.00975 0.07707   0.000   0.6342   0.0601   10.55   0.000     3716.6   (tail empty)   0.999388   (24s)\n"}
,{"stream_name":"stdout","time":1278.480006848,"data":" 0.10    1.050      8.19   0.00000 0.00000 0.00000 0.00001 0.00011 0.00127 0.01329 0.09541   0.000   0.6313   0.0440   14.34   0.000     4031.5   (tail empty)   0.998760   (46s)\n"}
,{"stream_name":"stdout","time":1303.398627856,"data":" 0.15    1.089      8.98   0.00000 0.00000 0.00000 0.00001 0.00018 0.00217 0.01996 0.12167   0.000   0.5919   0.0365   16.23   0.000     3875.8   (tail empty)   0.998112   (71s)\n"}
,{"stream_name":"stdout","time":1328.324155404,"data":" 0.20    1.137      9.77   0.00000 0.00000 0.00000 0.00002 0.00037 0.00401 0.03082 0.15524   0.000   0.5235   0.0323   16.18   0.000     3310.1   (tail empty)   0.997438   (96s)\n"}
,{"stream_name":"stdout","time":1353.240658121,"data":" 0.25    1.194     10.52   0.00000 0.00000 0.00000 0.00004 0.00078 0.00710 0.04692 0.19403   0.000   0.4681   0.0296   15.82   0.000     2868.0   (tail empty)   0.996731   (121s)\n"}
,{"stream_name":"stdout","time":1378.152839978,"data":" 0.30    1.260     11.23   0.00000 0.00000 0.00001 0.00010 0.00150 0.01172 0.06915 0.23546   0.000   0.4296   0.0280   15.35   0.000     2612.6   (tail empty)   0.995988   (146s)\n"}
,{"stream_name":"stdout","time":1403.062559726,"data":" 0.35    1.334     12.31   0.00000 0.00000 0.00001 0.00021 0.00254 0.01841 0.09735 0.27725   0.000   0.3966   0.0269   14.73   0.000     2449.5   (tail empty)   0.995202   (171s)\n"}
,{"stream_name":"stdout","time":1427.975931572,"data":" 0.40    1.417     13.56   0.00000 0.00000 0.00003 0.00038 0.00402 0.02753 0.13046 0.31785   0.000   0.3654   0.0263   13.88   0.000     2274.6   0.1846   0.994368   (196s)\n"}
,{"stream_name":"stdout","time":1452.893484171,"data":" 0.45    1.509     14.85   0.00000 0.00001 0.00005 0.00061 0.00618 0.03901 0.16679 0.35602   0.000   0.3410   0.0262   13.00   0.000     2158.4   0.1587   0.993481   (221s)\n"}
,{"stream_name":"stdout","time":1477.809805007,"data":" 0.50    1.608     16.17   0.00000 0.00001 0.00009 0.00094 0.00921 0.05260 0.20471 0.39051   0.000   0.3212   0.0266   12.07   0.000     2068.4   0.1347   0.992537   (246s)\n"}
,{"stream_name":"stdout","time":1500.367918365,"data":" 0.55    1.715     17.50   0.00000 0.00003 0.00014 0.00146 0.01324 0.06797 0.24296 0.41996   0.000   0.3061   0.0275   11.12   0.000     2008.1   0.1155   0.991529   (268s)\n"}
,{"stream_name":"stdout","time":1522.930214412,"data":" 0.60    1.829     18.80   0.00000 0.00004 0.00021 0.00226 0.01837 0.08482 0.28060 0.44293   0.000   0.2943   0.0289   10.19   0.000     1996.5   0.1012   0.990455   (291s)\n"}
,{"stream_name":"stdout","time":1545.494972083,"data":" 0.65    1.951     19.99   0.00001 0.00006 0.00033 0.00344 0.02471 0.10316 0.31720 0.45762   0.003   0.2886   0.0306    9.44   0.000     2016.7   0.0918   0.989309   (314s)\n"}
,{"stream_name":"stdout","time":1568.261744357,"data":"lagrangian: 4000 particles seeded on the high set at t = 0.70; sheets A/B = 2940/1060\n"}
,{"stream_name":"stdout","time":1569.596870071,"data":" 0.70    2.078     21.26   0.00001 0.00010 0.00054 0.00509 0.03238 0.12314 0.35297 0.46145   0.010   0.2831   0.0327    8.65   0.000     2069.4   0.0840   0.988087   |    12.55   0.3501   1.1697   0.000   -0.3767  -0.1156  -0.3162    -       0.43  -0.653   0.3190  +0.492  +0.230  0.000   -0.009  0.56   (338s)\n"}
,{"stream_name":"stdout","time":1593.768697531,"data":" 0.75    2.212     22.34   0.00002 0.00016 0.00088 0.00734 0.04154 0.14496 0.38868 0.45158   0.021   0.2807   0.0362    7.76   0.000      124.4   0.0770   0.986786   |    13.03   0.3375   1.1629   0.000   -0.3427  -0.0919  -0.2807    -       0.46  -0.506   0.3027  +0.325  +0.330  0.006   -0.007  0.55   (362s)\n"}
,{"stream_name":"stdout","time":1617.94324228,"data":" 0.80    2.352     23.39   0.00003 0.00029 0.00142 0.01044 0.05256 0.16887 0.42519 0.42742   0.037   0.2724   0.0404    6.75   0.007      153.1   0.0701   0.985402   |    13.48   0.3262   1.1683   0.000   -0.3219  -0.0703  -0.2500    -       0.51  -0.361   0.2989  +0.166  +0.510  0.013   -0.005  0.55   (386s)\n"}
,{"stream_name":"stdout","time":1642.114863609,"data":" 0.85    2.498     24.26   0.00005 0.00051 0.00230 0.01469 0.06576 0.19558 0.46040 0.39268   0.061   0.2623   0.0461    5.69   0.015      195.8   0.0638   0.983932   |    13.90   0.3137   1.1722   0.000   -0.2956  -0.0566  -0.2333    -       0.57  -0.270   0.2999  +0.151  +0.449  0.019   -0.002  0.54   (410s)\n"}
,{"stream_name":"stdout","time":1666.279913058,"data":" 0.90    2.649     24.99   0.00011 0.00093 0.00373 0.02064 0.08132 0.22709 0.48275 0.35322   0.098   0.2545   0.0469    5.43   0.026      252.6   0.0581   0.982371   |    14.27   0.3011   1.1900   0.000   -0.2904  -0.0636  -0.2260    -       0.64  -0.279   0.3005  +0.128  +0.377  0.026   +0.002  0.55   (434s)\n"}
,{"stream_name":"stdout","time":1690.443455724,"data":" 0.95    2.806     25.55   0.00024 0.00169 0.00608 0.02876 0.09961 0.26838 0.48242 0.31481   0.155   0.2493   0.0478    5.21   0.032      309.4   0.0537   0.980717   |    14.62   0.2880   1.2296   0.000   -0.2889  -0.0683  -0.2193    -       0.74  -0.262   0.2992  +0.101  +0.385  0.032   +0.005  0.55   (458s)\n"}
,{"stream_name":"stdout","time":1714.607277929,"data":" 1.00    2.968     26.02   0.00051 0.00310 0.00993 0.03918 0.12228 0.31907 0.46716 0.28123   0.224   0.2451   0.0456    5.38   0.032      363.6   0.0494   0.978967   |    14.92   0.2756   1.2580   0.000   -0.2650  -0.0702  -0.2012    -       0.85  -0.239   0.3069  +0.144  +0.288  0.038   +0.009  0.55   (483s)\n"}
,{"stream_name":"stdout","time":1741.167003291,"data":" 1.05    3.135     26.46   0.00109 0.00565 0.01577 0.05197 0.15530 0.35679 0.44253 0.25401   0.291   0.2384   0.0418    5.70   0.039      412.5   0.0468   0.977116   |    15.28   0.2624   1.2887   0.000   -0.2888  -0.0975  -0.2159    -       1.01  -0.284   0.3081  +0.280  +0.234  0.044   +0.013  0.55   (509s)\n"}
,{"stream_name":"stdout","time":1767.733110765,"data":" 1.10    3.308     26.99   0.00230 0.00982 0.02372 0.06840 0.20221 0.37858 0.40923 0.23895   0.357   0.2271   0.0356    6.39   0.039      437.6   0.0449   0.975162   |    15.66   0.2470   1.3396   0.000   -0.2981  -0.1004  -0.2288    -       1.22  -0.249   0.3031  +0.377  +0.100  0.049   +0.018  0.55   (536s)\n"}
,{"stream_name":"stdout","time":1796.696522972,"data":" 1.15    3.486     27.59   0.00456 0.01576 0.03389 0.09417 0.24363 0.39225 0.37584 0.24735   0.419   0.2115   0.0298    7.11   0.037      459.0   0.0432   0.973102   |    16.14   0.2314   1.4007   0.000   -0.3134  -0.1204  -0.2498    -       1.51  -0.246   0.2860  +0.455  -0.018  0.054   +0.023  0.55   (565s)\n"}
,{"stream_name":"stdout","time":1828.065268674,"data":" 1.20    3.671     28.42   0.00804 0.02355 0.04825 0.13071 0.27565 0.39966 0.35937 0.24218   0.486   0.1898   0.0262    7.24   0.046      448.0   0.0418   0.970932   |    16.54   0.2161   1.4608   0.000   -0.3228  -0.1405  -0.2696    -       1.77  -0.251   0.2751  +0.515  -0.239  0.059   +0.027  0.54   (596s)\n"}
,{"stream_name":"stdout","time":1861.833109897,"data":" 1.25    3.863     29.33   0.01299 0.03449 0.06987 0.16589 0.30501 0.40484 0.33279 0.23105   0.544   0.1738   0.0224    7.76   0.069      463.0   0.0379   0.968647  \u003c-- past the clock   |    16.96   0.2027   1.4756   0.000   -0.3017  -0.1558  -0.2569    -       1.99  -0.261   0.2551  +0.623  -0.449  0.062   +0.030  0.54   (630s)\n"}
,{"stream_name":"stdout","time":1895.606433237,"data":" 1.30    4.061     30.58   0.01999 0.04966 0.09576 0.19703 0.33059 0.39031 0.30482 0.22134   0.599   0.1592   0.0207    7.68   0.109      468.5   0.0350   0.966245  \u003c-- past the clock   |    17.23   0.1893   1.4683   0.000   -0.2848  -0.1690  -0.2461    -       2.26  -0.269   0.2280  +0.633  -0.492  0.065   +0.032  0.53   (664s)\n"}
,{"stream_name":"stdout","time":1895.618126469,"data":"\n"}
,{"stream_name":"stdout","time":1895.618362517,"data":"C26 Lagrangian: gap 0.3501 -\u003e 0.2161 (min at t = 1.20, inside the clock 1.20); linear fit T* = 2.10, lambda = 1.00; jump 1.1697 at seed -\u003e max 1.4608 before the merge (x1.25); material |w| 12.5 -\u003e 16.5\n"}
,{"stream_name":"stdout","time":1895.61859155,"data":"C29 who closes the gap: on the descent the measured closing rate (u) is -0.2969 median (finite-difference of the gap -0.2605), the self-induced rate (u_H) -0.0811: self-induced share 0.27\n"}
,{"stream_name":"stdout","time":1895.618602279,"data":"REGISTERED C29: KILL: external strain closes the gap (share 0.27)\n"}
,{"stream_name":"stdout","time":1895.618607514,"data":"C30/C31 three masks on the descent: closing rate from the pair (\u003e0.5 max) -0.0811, the whole sheets (\u003e0.1 max) -0.2310, full -0.2969 -\u003e shares pair 0.27, sheets 0.78, far field 0.22 (far share first -\u003e last: 0.16 -\u003e 0.20); curvature kappa 0.43 -\u003e 1.51; C_LIA = rate_pair/(jump kappa gap) median -0.274, max/min -\n"}
,{"stream_name":"stdout","time":1895.618613555,"data":"REGISTERED C30: between\n"}
,{"stream_name":"stdout","time":1895.61861775,"data":"REGISTERED C31: PASS: far-field share 0.22, not falling\n"}
,{"stream_name":"stdout","time":1895.618734315,"data":"C32 closing law: k = -dgap/dt / (gap - delta) on the descent: median 1.29, spread 1.17..1.67 over 10 rows (t 0.70-1.15)\n"}
,{"stream_name":"stdout","time":1895.618749405,"data":"C37: analysis failed (name 'last' is not defined)\n"}
,{"stream_name":"stdout","time":1895.618764885,"data":"C36 the roll: winding of the tagged fluid 0.059 turns at the clock (t = 1.20); in-plane strain flips sign at t = 1.15; winding rate over the last rows 0.104 turns/unit vs |w|_m/(4 pi) = 1.266 (ratio 0.08)\n"}
,{"stream_name":"stdout","time":1895.618961196,"data":"REGISTERED C36: KILL: no roll (0.06 turn) with |w| growing\n"}
,{"stream_name":"stdout","time":1895.618968426,"data":"C34 strain budget on the material sheets (t 0.70-1.15): d log|w|/dt = +0.535 ; thinning n.S.n = +0.262 (material thickness thins at 0.092) ; narrowing t.S.t = +0.289 ; sum +0.550 ; residual -0.015 (3% of the growth)\n"}
,{"stream_name":"stdout","time":1895.618974265,"data":"REGISTERED C34: PASS: the budget closes - no new term\n"}
,{"stream_name":"stdout","time":1895.618979119,"data":"C33 fit: k = 12.10; s(g) = 6022.6900 g^9.10; thickness efficiency a = 0.61 (delta' = -a s delta + nu/delta); cancellation onset at g/delta = 0.96\n"}
,{"stream_name":"stdout","time":1895.618984657,"data":"C33: model fit failed (name 'last' is not defined)\n"}
,{"stream_name":"stdout","time":1895.619025767,"data":"C28 flip: fraction of tagged particles with reversed omega . xi_ref: 0.000 at seed -\u003e 0.000 at the merge -\u003e 0.000 at the clock; gap after the merge no rows after the merge inside the clock\n"}
,{"stream_name":"stdout","time":1895.619033719,"data":"REGISTERED C28: KILL: clean cut (flip 0.000)\n"}
,{"stream_name":"stdout","time":1895.619038705,"data":"REGISTERED C26: PASS: linear closing, bounded jump\n"}
,{"stream_name":"stdout","time":1895.619043643,"data":"\n"}
,{"stream_name":"stdout","time":1895.61904872,"data":"C22 descent: separation -\u003e peak twist, peak time (clock expires at t = 1.20)\n"}
,{"stream_name":"stdout","time":1895.619053774,"data":"   sep 0.05   peak 0.00804 at t = 1.20   (at the clock or at t = 0: not a peak)\n"}
,{"stream_name":"stdout","time":1895.619058954,"data":"   sep 0.07   peak 0.02355 at t = 1.20   (at the clock or at t = 0: not a peak)\n"}
,{"stream_name":"stdout","time":1895.619063496,"data":"   sep 0.10   peak 0.04825 at t = 1.20   (at the clock or at t = 0: not a peak)\n"}
,{"stream_name":"stdout","time":1895.619067719,"data":"   sep 0.14   peak 0.13071 at t = 1.20   (at the clock or at t = 0: not a peak)\n"}
,{"stream_name":"stdout","time":1895.619072291,"data":"   sep 0.20   peak 0.27565 at t = 1.20   (at the clock or at t = 0: not a peak)\n"}
,{"stream_name":"stdout","time":1895.619076781,"data":"   sep 0.28   peak 0.39966 at t = 1.20   (at the clock or at t = 0: not a peak)\n"}
,{"stream_name":"stdout","time":1895.619121411,"data":"   sep 0.40   peak 0.48275 at t = 0.90\n"}
,{"stream_name":"stdout","time":1895.619127307,"data":"   sep 0.56   peak 0.46145 at t = 0.70\n"}
,{"stream_name":"stdout","time":1895.619131999,"data":"\n"}
,{"stream_name":"stdout","time":1895.619136488,"data":"clock expires at t = 1.20 (delta 0.0418); strong twist peak 0.04825 at t = 1.20, at the clock 0.04825 (fall 0%); max|w| growth to the clock 3.97x\n"}
,{"stream_name":"stdout","time":1895.619141988,"data":"race variable ell/ell_nu min inside the clock = 4.88 (at t = 0.00); cut fraction at the clock 0.046\n"}
,{"stream_name":"stdout","time":1895.619146773,"data":"C21: Re_seam at the twist peak (t = 1.20) = 448.0; twist peak 0.04825; max|w| at the peak 28.4\n"}
,{"stream_name":"stdout","time":1895.619152156,"data":"REGISTERED C20 at nu=0.0005: between (see rows)\n"}
,{"stream_name":"stderr","time":1899.400375778,"data":"/usr/local/lib/python3.12/dist-packages/mistune.py:435: SyntaxWarning: invalid escape sequence '\\|'\n"}
,{"stream_name":"stderr","time":1899.400450693,"data":"  cells[i][c] = re.sub('\\\\\\\\\\|', '|', cell)\n"}
,{"stream_name":"stderr","time":1899.755911038,"data":"/usr/local/lib/python3.12/dist-packages/nbconvert/filters/filter_links.py:36: SyntaxWarning: invalid escape sequence '\\_'\n"}
,{"stream_name":"stderr","time":1899.755970566,"data":"  text = re.sub(r'_', '\\_', text) # Escape underscores in display text\n"}
,{"stream_name":"stderr","time":1900.477505702,"data":"[NbConvertApp] Converting notebook __script__.ipynb to html\n"}
,{"stream_name":"stderr","time":1902.355954024,"data":"[NbConvertApp] Writing 565861 bytes to __results__.html\n"}
]