[{"stream_name":"stdout","time":6.295939531,"data":"=== IC=pair NU=2e-3 T=8 -\u003e /kaggle/working/seam_ICpair_NU2e-3_T8.txt\n"}
,{"stream_name":"stdout","time":9.293087526,"data":"seam race on GPU: IC=pair  N=256^3  nu=0.002  T=8.0  Z0=0.375  clock 2dx=0.0491  device=cuda\n"}
,{"stream_name":"stdout","time":10.478610417,"data":"   t     Z/Z0    max|w|   twist@0.05 @0.07 @0.1 @0.14 @0.2 @0.28 @0.4 @0.56   anti    ell     ell_nu   race   cut    Re_seam   delta     E/E0\n"}
,{"stream_name":"stdout","time":10.478656868,"data":" 0.00    1.000     11.16   0.00001 0.00004 0.00019 0.00134 0.00521 0.02153 0.09149 0.23798   0.000   0.2346      -       nan   0.800      216.1   (tail empty)   1.000000   (1s)\n"}
,{"stream_name":"stdout","time":22.128305017,"data":" 0.05    0.994     11.10   0.00001 0.00004 0.00018 0.00130 0.00508 0.02108 0.09034 0.23675   0.000   0.2375   0.2792    0.85   1.000      220.7   (tail empty)   0.997450   (13s)\n"}
,{"stream_name":"stdout","time":33.739121176,"data":" 0.10    0.989     11.03   0.00000 0.00004 0.00016 0.00120 0.00472 0.01991 0.08732 0.23327   0.000   0.2377   0.2036    1.17   1.000      219.6   (tail empty)   0.994914   (24s)\n"}
,{"stream_name":"stdout","time":45.316273674,"data":" 0.15    0.983     10.99   0.00000 0.00003 0.00014 0.00105 0.00421 0.01820 0.08280 0.22809   0.000   0.2393   0.1871    1.28   1.000      221.3   (tail empty)   0.992393   (36s)\n"}
,{"stream_name":"stdout","time":55.662416477,"data":" 0.20    0.978     10.92   0.00000 0.00003 0.00012 0.00089 0.00362 0.01617 0.07721 0.22186   0.000   0.2398   0.1789    1.34   0.000      219.1   0.2313   0.989885   (46s)\n"}
,{"stream_name":"stdout","time":65.970333738,"data":" 0.25    0.972     10.85   0.00000 0.00002 0.00009 0.00073 0.00303 0.01403 0.07099 0.21513   0.000   0.2409   0.1898    1.27   0.000      219.6   0.1975   0.987392   (57s)\n"}
,{"stream_name":"stdout","time":76.2579005,"data":" 0.30    0.967     10.78   0.00000 0.00002 0.00007 0.00058 0.00248 0.01196 0.06455 0.20827   0.000   0.2426   0.2174    1.12   0.000      221.0   0.1741   0.984913   (67s)\n"}
,{"stream_name":"stdout","time":86.531015531,"data":" 0.35    0.961     10.72   0.00000 0.00001 0.00006 0.00046 0.00200 0.01006 0.05822 0.20149   0.000   0.2440   0.2636    0.93   0.000      221.4   0.1557   0.982448   (77s)\n"}
,{"stream_name":"stdout","time":96.81226536,"data":" 0.40    0.956     10.66   0.00000 0.00001 0.00004 0.00036 0.00160 0.00841 0.05226 0.19488   0.000   0.2457   0.4276    0.57   0.000      222.4   0.1419   0.979997   (88s)\n"}
,{"stream_name":"stdout","time":107.109474363,"data":" 0.45    0.950     10.64   0.00000 0.00001 0.00003 0.00028 0.00128 0.00702 0.04686 0.18853   0.000   0.2485      -       nan   0.000      224.6   0.1320   0.977559   (98s)\n"}
,{"stream_name":"stdout","time":117.414226474,"data":" 0.50    0.945     10.67   0.00000 0.00001 0.00003 0.00021 0.00102 0.00587 0.04211 0.18253   0.000   0.2522      -       nan   0.000      230.5   0.1244   0.975135   (108s)\n"}
,{"stream_name":"stdout","time":127.723795758,"data":" 0.55    0.940     10.69   0.00000 0.00000 0.00002 0.00017 0.00082 0.00495 0.03806 0.17698   0.000   0.2565      -       nan   0.000      235.8   0.1187   0.972724   (118s)\n"}
,{"stream_name":"stdout","time":138.031792533,"data":" 0.60    0.935     10.70   0.00000 0.00000 0.00001 0.00013 0.00067 0.00422 0.03468 0.17199   0.000   0.2606      -       nan   0.000      242.5   0.1148   0.970326   (129s)\n"}
,{"stream_name":"stdout","time":148.337852003,"data":" 0.65    0.931     10.72   0.00000 0.00000 0.00001 0.00011 0.00055 0.00365 0.03194 0.16768   0.000   0.2633      -       nan   0.000      247.6   0.1120   0.967940   (139s)\n"}
,{"stream_name":"stdout","time":157.43315923,"data":" 0.70    0.926     10.73   0.00000 0.00000 0.00001 0.00009 0.00046 0.00321 0.02978 0.16412   0.000   0.2650      -       nan   0.000      249.8   0.1099   0.965565   (148s)\n"}
,{"stream_name":"stdout","time":166.525607591,"data":" 0.75    0.922     10.75   0.00000 0.00000 0.00001 0.00007 0.00040 0.00289 0.02815 0.16136   0.000   0.2665      -       nan   0.000      252.9   0.1085   0.963201   (157s)\n"}
,{"stream_name":"stdout","time":175.616957703,"data":" 0.80    0.918     10.78   0.00000 0.00000 0.00001 0.00006 0.00035 0.00265 0.02698 0.15944   0.000   0.2679      -       nan   0.000      254.2   0.1076   0.960848   (166s)\n"}
,{"stream_name":"stdout","time":184.708545589,"data":" 0.85    0.914     10.82   0.00000 0.00000 0.00001 0.00005 0.00032 0.00249 0.02622 0.15834   0.000   0.2688      -       nan   0.000      256.5   0.1071   0.958506   (175s)\n"}
,{"stream_name":"stdout","time":193.800801908,"data":" 0.90    0.910     10.86   0.00000 0.00000 0.00000 0.00005 0.00030 0.00239 0.02582 0.15804   0.000   0.2688      -       nan   0.000      257.3   0.1069   0.956173   (185s)\n"}
,{"stream_name":"stdout","time":202.895351322,"data":" 0.95    0.907     10.89   0.00000 0.00000 0.00000 0.00004 0.00028 0.00236 0.02573 0.15851   0.000   0.2687      -       nan   0.000      258.6   0.1070   0.953849   (194s)\n"}
,{"stream_name":"stdout","time":211.991134216,"data":" 1.00    0.903     10.92   0.00000 0.00000 0.00000 0.00004 0.00028 0.00238 0.02592 0.15967   0.000   0.2691      -       nan   0.000      259.5   0.1074   0.951534   (203s)\n"}
,{"stream_name":"stdout","time":221.088818191,"data":" 1.05    0.900     10.94   0.00000 0.00000 0.00000 0.00004 0.00029 0.00244 0.02634 0.16148   0.000   0.2701      -       nan   0.000      262.4   0.1079   0.949228   (212s)\n"}
,{"stream_name":"stdout","time":230.185259119,"data":" 1.10    0.897     10.97   0.00000 0.00000 0.00000 0.00005 0.00031 0.00256 0.02697 0.16384   0.000   0.2722      -       nan   0.000      267.3   0.1086   0.946930   (221s)\n"}
,{"stream_name":"stdout","time":239.281610198,"data":" 1.15    0.894     11.00   0.00000 0.00000 0.00000 0.00005 0.00033 0.00271 0.02778 0.16669   0.000   0.2752      -       nan   0.000      272.7   0.1094   0.944641   (230s)\n"}
,{"stream_name":"stdout","time":248.378312503,"data":" 1.20    0.890     11.03   0.00000 0.00000 0.00000 0.00006 0.00037 0.00290 0.02874 0.16993   0.000   0.2780      -       nan   0.000      277.4   0.1105   0.942360   (239s)\n"}
,{"stream_name":"stdout","time":257.473550225,"data":" 1.25    0.887     11.06   0.00000 0.00000 0.00001 0.00007 0.00042 0.00313 0.02984 0.17346   0.000   0.2816      -       nan   0.000      286.2   0.1116   0.940087   (248s)\n"}
,{"stream_name":"stdout","time":266.56744143,"data":" 1.30    0.884     11.08   0.00000 0.00000 0.00001 0.00008 0.00048 0.00338 0.03105 0.17720   0.000   0.2850      -       nan   0.000      293.1   0.1130   0.937822   (257s)\n"}
,{"stream_name":"stdout","time":275.660432188,"data":" 1.35    0.881     11.10   0.00000 0.00000 0.00001 0.00010 0.00056 0.00365 0.03238 0.18106   0.000   0.2889      -       nan   0.000      302.5   0.1144   0.935564   (266s)\n"}
,{"stream_name":"stdout","time":284.753977073,"data":" 1.40    0.878     11.11   0.00000 0.00000 0.00001 0.00012 0.00065 0.00394 0.03379 0.18494   0.000   0.2927      -       nan   0.000      311.9   0.1161   0.933314   (275s)\n"}
,{"stream_name":"stdout","time":293.847133593,"data":" 1.45    0.875     11.11   0.00000 0.00000 0.00001 0.00015 0.00075 0.00423 0.03528 0.18879   0.000   0.2959      -       nan   0.000      319.2   0.1178   0.931072   (285s)\n"}
,{"stream_name":"stdout","time":302.93921857,"data":" 1.50    0.872     11.12   0.00000 0.00000 0.00002 0.00018 0.00086 0.00453 0.03683 0.19254   0.000   0.2984   0.9253    0.32   0.000      324.9   0.1196   0.928837   (294s)\n"}
,{"stream_name":"stdout","time":312.03174968,"data":" 1.55    0.870     11.12   0.00000 0.00000 0.00002 0.00023 0.00098 0.00482 0.03842 0.19617   0.000   0.3019   0.8185    0.37   0.000      329.5   0.1213   0.926609   (303s)\n"}
,{"stream_name":"stdout","time":321.124448133,"data":" 1.60    0.867     11.11   0.00000 0.00001 0.00003 0.00028 0.00110 0.00510 0.04002 0.19964   0.000   0.3051   0.8499    0.36   0.000      334.9   0.1229   0.924389   (312s)\n"}
,{"stream_name":"stdout","time":330.217288091,"data":" 1.65    0.864     11.10   0.00000 0.00001 0.00004 0.00033 0.00122 0.00538 0.04160 0.20296   0.000   0.3068   0.7866    0.39   0.000      335.8   0.1240   0.922176   (321s)\n"}
,{"stream_name":"stdout","time":339.309641368,"data":" 1.70    0.861     11.08   0.00000 0.00001 0.00006 0.00039 0.00133 0.00565 0.04316 0.20613   0.000   0.3093   1.6342    0.19   0.000      337.0   0.1246   0.919971   (330s)\n"}
,{"stream_name":"stdout","time":348.401888521,"data":" 1.75    0.858     11.08   0.00000 0.00002 0.00007 0.00046 0.00145 0.00591 0.04465 0.20917   0.000   0.3110      -       nan   0.000      337.1   0.1244   0.917773   (339s)\n"}
,{"stream_name":"stdout","time":357.494355546,"data":" 1.80    0.855     11.06   0.00000 0.00002 0.00009 0.00053 0.00155 0.00616 0.04608 0.21210   0.000   0.3128      -       nan   0.000      337.9   0.1235   0.915583   (348s)\n"}
,{"stream_name":"stdout","time":366.585902256,"data":" 1.85    0.852     11.04   0.00000 0.00003 0.00011 0.00060 0.00164 0.00640 0.04742 0.21493   0.000   0.3135      -       nan   0.000      338.8   0.1219   0.913400   (357s)\n"}
,{"stream_name":"stdout","time":375.678297523,"data":" 1.90    0.849     11.01   0.00001 0.00004 0.00014 0.00067 0.00172 0.00664 0.04868 0.21771   0.000   0.3148      -       nan   0.000      340.7   0.1198   0.911225   (366s)\n"}
,{"stream_name":"stdout","time":384.770807365,"data":" 1.95    0.846     10.98   0.00001 0.00005 0.00017 0.00073 0.00180 0.00686 0.04986 0.22046   0.000   0.3160      -       nan   0.000      342.5   0.1173   0.909058   (375s)\n"}
,{"stream_name":"stdout","time":393.863481643,"data":" 2.00    0.843     10.95   0.00001 0.00006 0.00020 0.00080 0.00186 0.00706 0.05098 0.22322   0.000   0.3182      -       nan   0.000      348.2   0.1150   0.906898   (385s)\n"}
,{"stream_name":"stdout","time":402.956682759,"data":" 2.05    0.840     10.94   0.00001 0.00007 0.00023 0.00086 0.00191 0.00726 0.05205 0.22600   0.000   0.3198      -       nan   0.000      353.1   0.1130   0.904746   (394s)\n"}
,{"stream_name":"stdout","time":412.049892233,"data":" 2.10    0.837     10.92   0.00001 0.00009 0.00026 0.00091 0.00196 0.00744 0.05310 0.22885   0.000   0.3224      -       nan   0.000      359.3   0.1117   0.902602   (403s)\n"}
,{"stream_name":"stdout","time":421.14287599,"data":" 2.15    0.834     10.89   0.00002 0.00010 0.00030 0.00096 0.00199 0.00760 0.05414 0.23177   0.000   0.3240      -       nan   0.000      361.4   0.1111   0.900466   (412s)\n"}
,{"stream_name":"stdout","time":430.236767938,"data":" 2.20    0.831     10.86   0.00002 0.00012 0.00033 0.00101 0.00202 0.00776 0.05520 0.23478   0.000   0.3249      -       nan   0.000      364.7   0.1111   0.898337   (421s)\n"}
,{"stream_name":"stdout","time":439.330599663,"data":" 2.25    0.828     10.82   0.00002 0.00013 0.00036 0.00105 0.00204 0.00790 0.05630 0.23790   0.000   0.3256      -       nan   0.000      366.6   0.1116   0.896217   (430s)\n"}
,{"stream_name":"stdout","time":448.423777882,"data":" 2.30    0.825     10.78   0.00003 0.00015 0.00040 0.00108 0.00206 0.00805 0.05746 0.24112   0.000   0.3252      -       nan   0.000      364.6   0.1124   0.894104   (439s)\n"}
,{"stream_name":"stdout","time":457.51788727,"data":" 2.35    0.821     10.75   0.00003 0.00016 0.00043 0.00111 0.00206 0.00819 0.05870 0.24444   0.000   0.3250   0.8830    0.37   0.000      364.0   0.1132   0.892000   (448s)\n"}
,{"stream_name":"stdout","time":466.61094495,"data":" 2.40    0.818     10.72   0.00003 0.00018 0.00046 0.00113 0.00207 0.00833 0.06003 0.24785   0.000   0.3239   0.6868    0.47   0.000      362.0   0.1139   0.889903   (457s)\n"}
,{"stream_name":"stdout","time":475.705255027,"data":" 2.45    0.815     10.70   0.00004 0.00019 0.00048 0.00115 0.00207 0.00849 0.06148 0.25134   0.000   0.3226   0.8039    0.40   0.000      360.1   0.1141   0.887813   (466s)\n"}
,{"stream_name":"stdout","time":484.798693031,"data":" 2.50    0.812     10.67   0.00004 0.00021 0.00051 0.00116 0.00207 0.00866 0.06304 0.25488   0.000   0.3216      -       nan   0.000      360.6   0.1139   0.885732   (476s)\n"}
,{"stream_name":"stdout","time":493.892272126,"data":" 2.55    0.809     10.65   0.00005 0.00022 0.00053 0.00117 0.00208 0.00885 0.06473 0.25845   0.000   0.3222      -       nan   0.000      359.6   0.1132   0.883659   (485s)\n"}
,{"stream_name":"stdout","time":502.986653908,"data":" 2.60    0.806     10.62   0.00005 0.00024 0.00056 0.00118 0.00208 0.00906 0.06655 0.26203   0.000   0.3228      -       nan   0.000      359.2   0.1120   0.881593   (494s)\n"}
,{"stream_name":"stdout","time":512.079012963,"data":" 2.65    0.803     10.60   0.00005 0.00025 0.00057 0.00118 0.00209 0.00931 0.06851 0.26560   0.000   0.3226      -       nan   0.000      361.8   0.1106   0.879535   (503s)\n"}
,{"stream_name":"stdout","time":521.173419402,"data":" 2.70    0.800     10.58   0.00006 0.00026 0.00059 0.00118 0.00210 0.00959 0.07062 0.26912   0.000   0.3225      -       nan   0.000      361.6   0.1089   0.877484   (512s)\n"}
,{"stream_name":"stdout","time":530.267982623,"data":" 2.75    0.797     10.55   0.00006 0.00027 0.00061 0.00118 0.00213 0.00991 0.07285 0.27257   0.000   0.3225      -       nan   0.000      358.0   0.1072   0.875441   (521s)\n"}
,{"stream_name":"stdout","time":539.361927481,"data":" 2.80    0.794     10.53   0.00006 0.00028 0.00062 0.00118 0.00216 0.01028 0.07522 0.27594   0.000   0.3211      -       nan   0.000      353.7   0.1056   0.873405   (530s)\n"}
,{"stream_name":"stdout","time":548.456412635,"data":" 2.85    0.792     10.50   0.00006 0.00029 0.00063 0.00117 0.00219 0.01070 0.07772 0.27921   0.000   0.3200      -       nan   0.000      348.4   0.1040   0.871377   (539s)\n"}
,{"stream_name":"stdout","time":557.550525724,"data":" 2.90    0.789     10.47   0.00007 0.00029 0.00064 0.00117 0.00225 0.01117 0.08033 0.28237   0.000   0.3200      -       nan   0.000      346.8   0.1026   0.869356   (548s)\n"}
,{"stream_name":"stdout","time":566.644811702,"data":" 2.95    0.786     10.43   0.00007 0.00030 0.00064 0.00117 0.00231 0.01169 0.08305 0.28541   0.000   0.3205      -       nan   0.000      343.3   0.1014   0.867343   (557s)\n"}
,{"stream_name":"stdout","time":575.739274806,"data":" 3.00    0.783     10.40   0.00007 0.00030 0.00065 0.00117 0.00238 0.01228 0.08586 0.28832   0.000   0.3214      -       nan   0.000      343.3   0.1003   0.865337   (566s)\n"}
,{"stream_name":"stdout","time":584.833305501,"data":" 3.05    0.780     10.37   0.00007 0.00031 0.00065 0.00117 0.00247 0.01292 0.08877 0.29110   0.000   0.3219      -       nan   0.000      344.3   0.0993   0.863337   (576s)\n"}
,{"stream_name":"stdout","time":593.92783277,"data":" 3.10    0.778     10.34   0.00007 0.00031 0.00065 0.00117 0.00258 0.01363 0.09176 0.29375   0.000   0.3222      -       nan   0.000      344.2   0.0985   0.861345   (585s)\n"}
,{"stream_name":"stdout","time":603.022620511,"data":" 3.15    0.775     10.31   0.00007 0.00031 0.00065 0.00118 0.00270 0.01440 0.09482 0.29628   0.000   0.3228      -       nan   0.000      344.2   0.0979   0.859360   (594s)\n"}
,{"stream_name":"stdout","time":612.118225476,"data":" 3.20    0.772     10.27   0.00007 0.00031 0.00065 0.00119 0.00284 0.01523 0.09796 0.29869   0.000   0.3230      -       nan   0.000      345.0   0.0973   0.857382   (603s)\n"}
,{"stream_name":"stdout","time":621.213111984,"data":" 3.25    0.770     10.23   0.00007 0.00031 0.00065 0.00120 0.00300 0.01613 0.10118 0.30098   0.000   0.3237      -       nan   0.000      345.3   0.0969   0.855410   (612s)\n"}
,{"stream_name":"stdout","time":630.30714691,"data":" 3.30    0.767     10.20   0.00007 0.00031 0.00064 0.00122 0.00318 0.01709 0.10446 0.30316   0.000   0.3257      -       nan   0.000      348.0   0.0966   0.853446   (621s)\n"}
,{"stream_name":"stdout","time":639.400849134,"data":" 3.35    0.764     10.17   0.00007 0.00031 0.00064 0.00124 0.00338 0.01811 0.10783 0.30523   0.000   0.3272   1.4829    0.22   0.000      349.1   0.0964   0.851488   (630s)\n"}
,{"stream_name":"stdout","time":648.495875073,"data":" 3.40    0.762     10.14   0.00007 0.00031 0.00063 0.00127 0.00361 0.01920 0.11127 0.30721   0.000   0.3277   5.6763    0.06   0.000      349.4   0.0962   0.849536   (639s)\n"}
,{"stream_name":"stdout","time":657.59123524,"data":" 3.45    0.759     10.12   0.00007 0.00030 0.00063 0.00130 0.00385 0.02035 0.11479 0.30908   0.000   0.3285   1.8648    0.18   0.000      348.3   0.0962   0.847591   (648s)\n"}
,{"stream_name":"stdout","time":666.685003774,"data":" 3.50    0.757     10.09   0.00007 0.00030 0.00062 0.00135 0.00412 0.02157 0.11841 0.31085   0.000   0.3294      -       nan   0.000      348.0   0.0962   0.845653   (657s)\n"}
,{"stream_name":"stdout","time":675.779848184,"data":" 3.55    0.754     10.06   0.00007 0.00030 0.00062 0.00139 0.00441 0.02286 0.12212 0.31253   0.000   0.3299   4.8090    0.07   0.000      349.2   0.0964   0.843720   (666s)\n"}
,{"stream_name":"stdout","time":684.875115123,"data":" 3.60    0.752     10.04   0.00007 0.00029 0.00061 0.00145 0.00473 0.02421 0.12592 0.31410   0.000   0.3312      -       nan   0.000      350.9   0.0966   0.841795   (676s)\n"}
,{"stream_name":"stdout","time":693.970062301,"data":" 3.65    0.749     10.01   0.00007 0.00029 0.00061 0.00151 0.00508 0.02563 0.12983 0.31557   0.000   0.3321      -       nan   0.000      353.4   0.0968   0.839875   (685s)\n"}
,{"stream_name":"stdout","time":704.271755107,"data":" 3.70    0.747      9.97   0.00007 0.00028 0.00061 0.00159 0.00545 0.02712 0.13383 0.31693   0.000   0.3327      -       nan   0.000      352.4   0.0972   0.837961   (695s)\n"}
,{"stream_name":"stdout","time":714.57196157,"data":" 3.75    0.745      9.94   0.00006 0.00028 0.00060 0.00167 0.00585 0.02868 0.13793 0.31816   0.000   0.3324      -       nan   0.000      351.9   0.0976   0.836054   (705s)\n"}
,{"stream_name":"stdout","time":724.87358123,"data":" 3.80    0.742      9.90   0.00006 0.00028 0.00060 0.00176 0.00628 0.03032 0.14213 0.31926   0.001   0.3338      -       nan   0.000      350.5   0.0980   0.834152   (716s)\n"}
,{"stream_name":"stdout","time":735.176115765,"data":" 3.85    0.740      9.86   0.00006 0.00027 0.00060 0.00186 0.00674 0.03203 0.14642 0.32022   0.002   0.3349      -       nan   0.000      349.8   0.0985   0.832256   (726s)\n"}
,{"stream_name":"stdout","time":745.477659343,"data":" 3.90    0.738      9.84   0.00006 0.00027 0.00061 0.00197 0.00724 0.03383 0.15080 0.32103   0.002   0.3354      -       nan   0.000      350.8   0.0990   0.830366   (736s)\n"}
,{"stream_name":"stdout","time":755.778966973,"data":" 3.95    0.736      9.81   0.00006 0.00026 0.00061 0.00209 0.00776 0.03571 0.15525 0.32167   0.003   0.3361      -       nan   0.000      350.3   0.0995   0.828481   (746s)\n"}
,{"stream_name":"stdout","time":766.081779602,"data":" 4.00    0.734      9.77   0.00006 0.00026 0.00061 0.00222 0.00832 0.03767 0.15976 0.32215   0.003   0.3358      -       nan   0.000      347.6   0.1000   0.826602   (757s)\n"}
,{"stream_name":"stdout","time":776.383584205,"data":" 4.05    0.731      9.73   0.00006 0.00026 0.00062 0.00237 0.00892 0.03972 0.16434 0.32246   0.003   0.3356      -       nan   0.000      346.4   0.1006   0.824729   (767s)\n"}
,{"stream_name":"stdout","time":786.685496128,"data":" 4.10    0.729      9.69   0.00005 0.00026 0.00063 0.00252 0.00955 0.04186 0.16895 0.32258   0.004   0.3365      -       nan   0.000      345.3   0.1011   0.822861   (777s)\n"}
,{"stream_name":"stdout","time":796.98756101,"data":" 4.15    0.727      9.65   0.00005 0.00025 0.00064 0.00270 0.01023 0.04410 0.17360 0.32252   0.004   0.3365      -       nan   0.000      344.6   0.1016   0.820998   (788s)\n"}
,{"stream_name":"stdout","time":807.290403251,"data":" 4.20    0.725      9.61   0.00005 0.00025 0.00065 0.00288 0.01095 0.04643 0.17825 0.32227   0.005   0.3366      -       nan   0.000      343.6   0.1021   0.819141   (798s)\n"}
,{"stream_name":"stdout","time":817.592639622,"data":" 4.25    0.723      9.56   0.00005 0.00025 0.00067 0.00308 0.01171 0.04885 0.18291 0.32184   0.005   0.3363      -       nan   0.000      342.7   0.1025   0.817288   (808s)\n"}
,{"stream_name":"stdout","time":827.894405407,"data":" 4.30    0.721      9.52   0.00005 0.00025 0.00069 0.00330 0.01252 0.05136 0.18755 0.32122   0.005   0.3371      -       nan   0.000      341.2   0.1029   0.815442   (819s)\n"}
,{"stream_name":"stdout","time":838.197515577,"data":" 4.35    0.719      9.48   0.00005 0.00025 0.00071 0.00354 0.01338 0.05397 0.19217 0.32042   0.006   0.3369      -       nan   0.000      340.2   0.1033   0.813599   (829s)\n"}
,{"stream_name":"stdout","time":848.500121797,"data":" 4.40    0.717      9.44   0.00005 0.00026 0.00074 0.00379 0.01429 0.05666 0.19674 0.31943   0.006   0.3368      -       nan   0.000      338.5   0.1037   0.811762   (839s)\n"}
,{"stream_name":"stdout","time":858.801468266,"data":" 4.45    0.715      9.40   0.00005 0.00026 0.00077 0.00407 0.01525 0.05945 0.20126 0.31827   0.006   0.3360      -       nan   0.000      338.0   0.1040   0.809930   (850s)\n"}
,{"stream_name":"stdout","time":869.103163766,"data":" 4.50    0.714      9.36   0.00005 0.00026 0.00080 0.00436 0.01627 0.06232 0.20572 0.31694   0.006   0.3364      -       nan   0.000      337.1   0.1042   0.808103   (860s)\n"}
,{"stream_name":"stdout","time":879.406186225,"data":" 4.55    0.712      9.31   0.00005 0.00027 0.00084 0.00468 0.01736 0.06527 0.21010 0.31544   0.007   0.3367      -       nan   0.000      337.7   0.1045   0.806280   (870s)\n"}
,{"stream_name":"stdout","time":889.708988898,"data":" 4.60    0.710      9.27   0.00005 0.00028 0.00088 0.00503 0.01850 0.06831 0.21440 0.31379   0.008   0.3372      -       nan   0.000      336.7   0.1046   0.804462   (880s)\n"}
,{"stream_name":"stdout","time":898.861692978,"data":" 4.65    0.708      9.23   0.00005 0.00028 0.00093 0.00540 0.01971 0.07141 0.21861 0.31198   0.011   0.3372      -       nan   0.000       39.8   0.1048   0.802649   (890s)\n"}
,{"stream_name":"stdout","time":907.957326122,"data":" 4.70    0.706      9.18   0.00005 0.00029 0.00098 0.00580 0.02098 0.07458 0.22273 0.31002   0.013   0.3368      -       nan   0.000       38.0   0.1048   0.800840   (899s)\n"}
,{"stream_name":"stdout","time":917.055366088,"data":" 4.75    0.705      9.14   0.00005 0.00031 0.00104 0.00623 0.02231 0.07782 0.22675 0.30793   0.014   0.3367      -       nan   0.000       35.6   0.1048   0.799036   (908s)\n"}
,{"stream_name":"stdout","time":926.151071791,"data":" 4.80    0.703      9.09   0.00005 0.00032 0.00111 0.00669 0.02372 0.08111 0.23067 0.30570   0.016   0.3361      -       nan   0.000       32.1   0.1048   0.797237   (917s)\n"}
,{"stream_name":"stdout","time":935.247498453,"data":" 4.85    0.701      9.05   0.00005 0.00033 0.00118 0.00718 0.02518 0.08446 0.23449 0.30335   0.018   0.3347      -       nan   0.006       11.8   0.1047   0.795442   (926s)\n"}
,{"stream_name":"stdout","time":944.344170341,"data":" 4.90    0.699      9.00   0.00005 0.00035 0.00126 0.00771 0.02672 0.08786 0.23821 0.30087   0.019   0.3342      -       nan   0.013       12.2   0.1045   0.793651   (935s)\n"}
,{"stream_name":"stdout","time":953.440828671,"data":" 4.95    0.698      8.96   0.00006 0.00037 0.00135 0.00827 0.02833 0.09130 0.24183 0.29828   0.020   0.3338      -       nan   0.023       12.5   0.1043   0.791865   (944s)\n"}
,{"stream_name":"stdout","time":962.538408039,"data":" 5.00    0.696      8.91   0.00006 0.00039 0.00144 0.00887 0.03000 0.09478 0.24535 0.29558   0.022   0.3334      -       nan   0.034       12.9   0.1040   0.790083   (953s)\n"}
,{"stream_name":"stdout","time":971.634562725,"data":" 5.05    0.694      8.87   0.00006 0.00042 0.00155 0.00951 0.03173 0.09830 0.24877 0.29278   0.023   0.3330      -       nan   0.046       13.2   0.1036   0.788306   (962s)\n"}
,{"stream_name":"stdout","time":980.731579711,"data":" 5.10    0.692      8.83   0.00007 0.00045 0.00167 0.01019 0.03353 0.10184 0.25209 0.28987   0.024   0.3323      -       nan   0.055       13.6   0.1032   0.786533   (971s)\n"}
,{"stream_name":"stdout","time":989.828521608,"data":" 5.15    0.691      8.78   0.00007 0.00048 0.00180 0.01091 0.03540 0.10542 0.25532 0.28688   0.025   0.3319      -       nan   0.066       14.1   0.1027   0.784764   (981s)\n"}
,{"stream_name":"stdout","time":998.925387089,"data":" 5.20    0.689      8.74   0.00007 0.00051 0.00193 0.01167 0.03733 0.10903 0.25845 0.28379   0.026   0.3306      -       nan   0.084       14.5   0.1021   0.783000   (990s)\n"}
,{"stream_name":"stdout","time":1008.022001692,"data":" 5.25    0.687      8.70   0.00008 0.00055 0.00208 0.01247 0.03932 0.11265 0.26149 0.28061   0.028   0.3298      -       nan   0.107       14.9   0.1015   0.781240   (999s)\n"}
,{"stream_name":"stdout","time":1017.119145589,"data":" 5.30    0.686      8.67   0.00008 0.00060 0.00224 0.01331 0.04137 0.11630 0.26443 0.27734   0.029   0.3294      -       nan   0.138       15.4   0.1009   0.779484   (1008s)\n"}
,{"stream_name":"stdout","time":1026.215425415,"data":" 5.35    0.684      8.63   0.00009 0.00064 0.00242 0.01419 0.04348 0.11997 0.26729 0.27400   0.030   0.3284      -       nan   0.173       15.9   0.1002   0.777732   (1017s)\n"}
,{"stream_name":"stdout","time":1035.31120975,"data":" 5.40    0.682      8.60   0.00010 0.00069 0.00260 0.01512 0.04564 0.12366 0.27005 0.27058   0.031   0.3280      -       nan   0.194       16.5   0.0995   0.775984   (1026s)\n"}
,{"stream_name":"stdout","time":1044.407354137,"data":" 5.45    0.681      8.57   0.00010 0.00075 0.00280 0.01609 0.04786 0.12736 0.27273 0.26708   0.032   0.3268      -       nan   0.223       17.0   0.0987   0.774241   (1035s)\n"}
,{"stream_name":"stdout","time":1053.50424115,"data":" 5.50    0.679      8.54   0.00011 0.00081 0.00302 0.01709 0.05014 0.13108 0.27531 0.26352   0.033   0.3260      -       nan   0.251       17.6   0.0980   0.772502   (1044s)\n"}
,{"stream_name":"stdout","time":1062.600327936,"data":" 5.55    0.678      8.51   0.00012 0.00087 0.00325 0.01814 0.05246 0.13480 0.27781 0.25988   0.034   0.3261      -       nan   0.271       18.1   0.0972   0.770767   (1053s)\n"}
,{"stream_name":"stdout","time":1071.696756333,"data":" 5.60    0.676      8.49   0.00013 0.00094 0.00349 0.01924 0.05484 0.13853 0.28021 0.25618   0.037   0.3251      -       nan   0.271       18.2   0.0964   0.769037   (1062s)\n"}
,{"stream_name":"stdout","time":1080.794245959,"data":" 5.65    0.674      8.46   0.00014 0.00101 0.00374 0.02037 0.05726 0.14227 0.28251 0.25242   0.041   0.3252      -       nan   0.270       18.4   0.0956   0.767310   (1072s)\n"}
,{"stream_name":"stdout","time":1089.891775634,"data":" 5.70    0.673      8.45   0.00015 0.00109 0.00401 0.02154 0.05972 0.14601 0.28473 0.24860   0.043   0.3253      -       nan   0.291       18.5   0.0949   0.765588   (1081s)\n"}
,{"stream_name":"stdout","time":1098.989212584,"data":" 5.75    0.671      8.43   0.00017 0.00117 0.00430 0.02275 0.06223 0.14975 0.28684 0.24473   0.046   0.3266      -       nan   0.303       18.8   0.0941   0.763870   (1090s)\n"}
,{"stream_name":"stdout","time":1108.086379326,"data":" 5.80    0.669      8.42   0.00018 0.00126 0.00459 0.02399 0.06478 0.15349 0.28886 0.24081   0.048   0.3272      -       nan   0.318       18.9   0.0933   0.762156   (1099s)\n"}
,{"stream_name":"stdout","time":1117.183747079,"data":" 5.85    0.668      8.41   0.00019 0.00136 0.00491 0.02528 0.06737 0.15721 0.29077 0.23685   0.050   0.3274      -       nan   0.334       19.3   0.0926   0.760446   (1108s)\n"}
,{"stream_name":"stdout","time":1126.280619107,"data":" 5.90    0.666      8.40   0.00021 0.00146 0.00523 0.02660 0.06999 0.16093 0.29258 0.23285   0.052   0.3286      -       nan   0.345       19.6   0.0919   0.758741   (1117s)\n"}
,{"stream_name":"stdout","time":1135.378243044,"data":" 5.95    0.664      8.38   0.00023 0.00156 0.00558 0.02795 0.07264 0.16462 0.29429 0.22881   0.054   0.3296      -       nan   0.355       19.8   0.0912   0.757039   (1126s)\n"}
,{"stream_name":"stdout","time":1144.475296947,"data":" 6.00    0.663      8.37   0.00024 0.00167 0.00593 0.02934 0.07532 0.16829 0.29589 0.22475   0.056   0.3305      -       nan   0.368       20.5   0.0905   0.755342   (1135s)\n"}
,{"stream_name":"stdout","time":1153.57210687,"data":" 6.05    0.661      8.36   0.00026 0.00179 0.00630 0.03076 0.07803 0.17194 0.29739 0.22066   0.058   0.3311      -       nan   0.385       21.1   0.0899   0.753649   (1144s)\n"}
,{"stream_name":"stdout","time":1162.668615896,"data":" 6.10    0.660      8.36   0.00028 0.00191 0.00669 0.03221 0.08075 0.17555 0.29877 0.21656   0.060   0.3320      -       nan   0.396       21.9   0.0893   0.751960   (1153s)\n"}
,{"stream_name":"stdout","time":1171.764816473,"data":" 6.15    0.658      8.35   0.00030 0.00204 0.00709 0.03369 0.08350 0.17912 0.30005 0.21245   0.062   0.3331      -       nan   0.406       22.6   0.0887   0.750276   (1162s)\n"}
,{"stream_name":"stdout","time":1180.862015403,"data":" 6.20    0.656      8.36   0.00032 0.00217 0.00750 0.03520 0.08626 0.18265 0.30121 0.20832   0.065   0.3350      -       nan   0.414       23.4   0.0882   0.748595   (1172s)\n"}
,{"stream_name":"stdout","time":1189.959413658,"data":" 6.25    0.655      8.36   0.00034 0.00230 0.00792 0.03673 0.08903 0.18613 0.30227 0.20420   0.066   0.3361      -       nan   0.429       24.1   0.0877   0.746919   (1181s)\n"}
,{"stream_name":"stdout","time":1199.055907611,"data":" 6.30    0.653      8.36   0.00037 0.00244 0.00836 0.03829 0.09181 0.18956 0.30321 0.20008   0.068   0.3377      -       nan   0.440       24.9   0.0872   0.745247   (1190s)\n"}
,{"stream_name":"stdout","time":1208.153349896,"data":" 6.35    0.651      8.36   0.00039 0.00259 0.00881 0.03987 0.09459 0.19293 0.30405 0.19596   0.071   0.3390      -       nan   0.450       25.7   0.0868   0.743579   (1199s)\n"}
,{"stream_name":"stdout","time":1217.251419943,"data":" 6.40    0.650      8.38   0.00042 0.00274 0.00927 0.04147 0.09737 0.19623 0.30478 0.19186   0.073   0.3407      -       nan   0.457       26.5   0.0864   0.741915   (1208s)\n"}
,{"stream_name":"stdout","time":1226.349089699,"data":" 6.45    0.648      8.39   0.00044 0.00290 0.00974 0.04308 0.10014 0.19947 0.30540 0.18777   0.075   0.3422      -       nan   0.467       27.3   0.0860   0.740256   (1217s)\n"}
,{"stream_name":"stdout","time":1235.447026045,"data":" 6.50    0.646      8.40   0.00047 0.00306 0.01022 0.04471 0.10290 0.20264 0.30592 0.18370   0.078   0.3434      -       nan   0.471       28.0   0.0857   0.738601   (1226s)\n"}
,{"stream_name":"stdout","time":1244.544293506,"data":" 6.55    0.645      8.42   0.00050 0.00323 0.01072 0.04636 0.10564 0.20573 0.30634 0.17965   0.080   0.3442      -       nan   0.477       28.8   0.0853   0.736950   (1235s)\n"}
,{"stream_name":"stdout","time":1253.643452418,"data":" 6.60    0.643      8.43   0.00053 0.00340 0.01122 0.04801 0.10836 0.20874 0.30666 0.17562   0.082   0.3439      -       nan   0.480       29.5   0.0850   0.735303   (1244s)\n"}
,{"stream_name":"stdout","time":1262.741477352,"data":" 6.65    0.641      8.44   0.00056 0.00357 0.01173 0.04967 0.11106 0.21167 0.30688 0.17162   0.084   0.3438      -       nan   0.488       30.2   0.0848   0.733661   (1253s)\n"}
,{"stream_name":"stdout","time":1271.838506305,"data":" 6.70    0.640      8.44   0.00059 0.00375 0.01225 0.05134 0.11372 0.21453 0.30702 0.16764   0.087   0.3443      -       nan   0.494       30.9   0.0845   0.732023   (1263s)\n"}
,{"stream_name":"stdout","time":1280.935447899,"data":" 6.75    0.638      8.45   0.00062 0.00393 0.01278 0.05301 0.11636 0.21729 0.30707 0.16370   0.089   0.3428      -       nan   0.492       31.5   0.0843   0.730389   (1272s)\n"}
,{"stream_name":"stdout","time":1290.032733413,"data":" 6.80    0.636      8.46   0.00065 0.00412 0.01332 0.05467 0.11896 0.21998 0.30703 0.15977   0.091   0.3434      -       nan   0.496       32.2   0.0840   0.728760   (1281s)\n"}
,{"stream_name":"stdout","time":1299.129767156,"data":" 6.85    0.635      8.47   0.00068 0.00430 0.01386 0.05634 0.12151 0.22258 0.30692 0.15588   0.094   0.3434      -       nan   0.502       32.9   0.0838   0.727135   (1290s)\n"}
,{"stream_name":"stdout","time":1308.226884057,"data":" 6.90    0.633      8.48   0.00072 0.00450 0.01441 0.05799 0.12403 0.22510 0.30673 0.15202   0.096   0.3422      -       nan   0.504       33.6   0.0836   0.725515   (1299s)\n"}
,{"stream_name":"stdout","time":1317.32401879,"data":" 6.95    0.631      8.50   0.00075 0.00469 0.01496 0.05964 0.12649 0.22753 0.30647 0.14819   0.099   0.3421      -       nan   0.511       34.3   0.0834   0.723899   (1308s)\n"}
,{"stream_name":"stdout","time":1326.420565745,"data":" 7.00    0.629      8.52   0.00078 0.00489 0.01551 0.06128 0.12891 0.22988 0.30614 0.14439   0.101   0.3434      -       nan   0.514       35.0   0.0832   0.722287   (1317s)\n"}
,{"stream_name":"stdout","time":1335.516833798,"data":" 7.05    0.628      8.54   0.00082 0.00508 0.01607 0.06290 0.13127 0.23215 0.30574 0.14062   0.104   0.3423      -       nan   0.514       35.4   0.0830   0.720680   (1326s)\n"}
,{"stream_name":"stdout","time":1344.613734336,"data":" 7.10    0.626      8.55   0.00085 0.00528 0.01662 0.06450 0.13358 0.23434 0.30529 0.13688   0.106   0.3422      -       nan   0.514       36.4   0.0828   0.719077   (1335s)\n"}
,{"stream_name":"stdout","time":1353.709940919,"data":" 7.15    0.624      8.57   0.00089 0.00548 0.01718 0.06608 0.13584 0.23645 0.30478 0.13318   0.109   0.3418      -       nan   0.514       37.0   0.0826   0.717479   (1344s)\n"}
,{"stream_name":"stdout","time":1362.807698434,"data":" 7.20    0.622      8.58   0.00093 0.00568 0.01773 0.06764 0.13803 0.23849 0.30422 0.12950   0.112   0.3414      -       nan   0.513       37.6   0.0823   0.715885   (1354s)\n"}
,{"stream_name":"stdout","time":1371.904469963,"data":" 7.25    0.621      8.59   0.00096 0.00588 0.01828 0.06917 0.14017 0.24046 0.30361 0.12586   0.113   0.3411      -       nan   0.518       38.3   0.0821   0.714296   (1363s)\n"}
,{"stream_name":"stdout","time":1381.003460394,"data":" 7.30    0.619      8.60   0.00100 0.00608 0.01883 0.07067 0.14225 0.24235 0.30295 0.12225   0.117   0.3410      -       nan   0.515       38.9   0.0819   0.712711   (1372s)\n"}
,{"stream_name":"stdout","time":1390.099582637,"data":" 7.35    0.617      8.61   0.00103 0.00628 0.01937 0.07214 0.14427 0.24418 0.30225 0.11868   0.120   0.3404      -       nan   0.518       39.6   0.0817   0.711131   (1381s)\n"}
,{"stream_name":"stdout","time":1399.194874876,"data":" 7.40    0.615      8.61   0.00107 0.00647 0.01990 0.07358 0.14623 0.24595 0.30150 0.11514   0.122   0.3385      -       nan   0.514       40.1   0.0815   0.709555   (1390s)\n"}
,{"stream_name":"stdout","time":1408.29145362,"data":" 7.45    0.613      8.62   0.00111 0.00667 0.02042 0.07499 0.14813 0.24765 0.30071 0.11165   0.125   0.3385      -       nan   0.517       40.4   0.0812   0.707984   (1399s)\n"}
,{"stream_name":"stdout","time":1417.387992686,"data":" 7.50    0.612      8.63   0.00114 0.00686 0.02093 0.07636 0.14997 0.24929 0.29988 0.10819   0.127   0.3386      -       nan   0.514       41.2   0.0810   0.706418   (1408s)\n"}
,{"stream_name":"stdout","time":1426.485013971,"data":" 7.55    0.610      8.63   0.00118 0.00704 0.02143 0.07769 0.15175 0.25087 0.29902 0.10477   0.131   0.3376      -       nan   0.515       41.5   0.0807   0.704856   (1417s)\n"}
,{"stream_name":"stdout","time":1435.581392611,"data":" 7.60    0.608      8.63   0.00121 0.00722 0.02192 0.07898 0.15348 0.25239 0.29812 0.10139   0.132   0.3371      -       nan   0.513       42.1   0.0805   0.703299   (1426s)\n"}
,{"stream_name":"stdout","time":1444.678569696,"data":" 7.65    0.606      8.64   0.00124 0.00740 0.02240 0.08023 0.15514 0.25386 0.29718 0.09806   0.136   0.3357      -       nan   0.521       42.8   0.0802   0.701747   (1435s)\n"}
,{"stream_name":"stdout","time":1453.775245268,"data":" 7.70    0.604      8.66   0.00127 0.00757 0.02286 0.08144 0.15675 0.25528 0.29620 0.09478   0.138   0.3354      -       nan   0.515       43.2   0.0800   0.700200   (1444s)\n"}
,{"stream_name":"stdout","time":1462.872273832,"data":" 7.75    0.602      8.67   0.00130 0.00774 0.02330 0.08261 0.15829 0.25664 0.29519 0.09155   0.141   0.3358      -       nan   0.518       43.5   0.0797   0.698656   (1454s)\n"}
,{"stream_name":"stdout","time":1471.968960417,"data":" 7.80    0.601      8.68   0.00133 0.00789 0.02373 0.08374 0.15979 0.25795 0.29414 0.08838   0.143   0.3348      -       nan   0.510       43.6   0.0794   0.697118   (1463s)\n"}
,{"stream_name":"stdout","time":1481.066919194,"data":" 7.85    0.599      8.70   0.00136 0.00805 0.02414 0.08482 0.16122 0.25922 0.29305 0.08526   0.146   0.3344      -       nan   0.512       44.3   0.0792   0.695584   (1472s)\n"}
,{"stream_name":"stdout","time":1490.16345523,"data":" 7.90    0.597      8.72   0.00139 0.00819 0.02453 0.08586 0.16260 0.26043 0.29192 0.08220   0.149   0.3339      -       nan   0.506       44.1   0.0789   0.694055   (1481s)\n"}
,{"stream_name":"stdout","time":1499.260576697,"data":" 7.95    0.595      8.73   0.00141 0.00832 0.02490 0.08685 0.16393 0.26160 0.29075 0.07920   0.151   0.3328      -       nan   0.510       44.6   0.0786   0.692531   (1490s)\n"}
,{"stream_name":"stdout","time":1508.358170983,"data":" 8.00    0.593      8.74   0.00144 0.00845 0.02525 0.08779 0.16520 0.26271 0.28954 0.07627   0.153   0.3329      -       nan   0.504       44.9   0.0783   0.691011   (1499s)\n"}
,{"stream_name":"stdout","time":1508.362473298,"data":"\n"}
,{"stream_name":"stdout","time":1508.362498925,"data":"C22 descent: separation -\u003e peak twist, peak time (clock expires at t = 8.00)\n"}
,{"stream_name":"stdout","time":1508.362506659,"data":"   sep 0.05   peak 0.00144 at t = 8.00   (at the clock or at t = 0: not a peak)\n"}
,{"stream_name":"stdout","time":1508.362512195,"data":"   sep 0.07   peak 0.00845 at t = 8.00   (at the clock or at t = 0: not a peak)\n"}
,{"stream_name":"stdout","time":1508.362517507,"data":"   sep 0.10   peak 0.02525 at t = 8.00   (at the clock or at t = 0: not a peak)\n"}
,{"stream_name":"stdout","time":1508.362522907,"data":"   sep 0.14   peak 0.08779 at t = 8.00   (at the clock or at t = 0: not a peak)\n"}
,{"stream_name":"stdout","time":1508.362527275,"data":"   sep 0.20   peak 0.16520 at t = 8.00   (at the clock or at t = 0: not a peak)\n"}
,{"stream_name":"stdout","time":1508.362531859,"data":"   sep 0.28   peak 0.26271 at t = 8.00   (at the clock or at t = 0: not a peak)\n"}
,{"stream_name":"stdout","time":1508.362537397,"data":"   sep 0.40   peak 0.30707 at t = 6.75\n"}
,{"stream_name":"stdout","time":1508.362542513,"data":"   sep 0.56   peak 0.32258 at t = 4.10\n"}
,{"stream_name":"stdout","time":1508.362559434,"data":"\n"}
,{"stream_name":"stdout","time":1508.362563493,"data":"clock expires at t = 8.00 (delta 0.0783); strong twist peak 0.02525 at t = 8.00, at the clock 0.02525 (fall 0%); max|w| growth to the clock 0.78x\n"}
,{"stream_name":"stdout","time":1508.362567367,"data":"race variable ell/ell_nu min inside the clock = 0.06 (at t = 3.40); cut fraction at the clock 0.504\n"}
,{"stream_name":"stdout","time":1508.362570922,"data":"C21: Re_seam at the twist peak (t = 8.00) = 44.9; twist peak 0.02525; max|w| at the peak 8.7\n"}
,{"stream_name":"stdout","time":1508.362574617,"data":"REGISTERED C20 at nu=0.002: KILL: the twist is still rising at the clock with the viscous scale resolved\n"}
,{"stream_name":"stdout","time":1510.455378964,"data":"=== IC=pair NU=1e-3 T=8 -\u003e /kaggle/working/seam_ICpair_NU1e-3_T8.txt\n"}
,{"stream_name":"stdout","time":1512.949332013,"data":"seam race on GPU: IC=pair  N=256^3  nu=0.001  T=8.0  Z0=0.375  clock 2dx=0.0491  device=cuda\n"}
,{"stream_name":"stdout","time":1513.682126938,"data":"   t     Z/Z0    max|w|   twist@0.05 @0.07 @0.1 @0.14 @0.2 @0.28 @0.4 @0.56   anti    ell     ell_nu   race   cut    Re_seam   delta     E/E0\n"}
,{"stream_name":"stdout","time":1513.682165104,"data":" 0.00    1.000     11.16   0.00001 0.00004 0.00019 0.00134 0.00521 0.02153 0.09149 0.23798   0.000   0.2346      -       nan   0.800      432.1   (tail empty)   1.000000   (1s)\n"}
,{"stream_name":"stdout","time":1525.154138635,"data":" 0.05    0.997     11.13   0.00001 0.00004 0.00018 0.00130 0.00508 0.02110 0.09040 0.23673   0.000   0.2371   0.1976    1.20   1.000      441.1   (tail empty)   0.998723   (12s)\n"}
,{"stream_name":"stdout","time":1536.617733293,"data":" 0.10    0.994     11.09   0.00000 0.00004 0.00016 0.00120 0.00472 0.01993 0.08742 0.23320   0.000   0.2372   0.1433    1.66   1.000      439.9   (tail empty)   0.997450   (24s)\n"}
,{"stream_name":"stdout","time":1548.078002647,"data":" 0.15    0.992     11.07   0.00000 0.00003 0.00014 0.00105 0.00420 0.01820 0.08287 0.22793   0.000   0.2384   0.1314    1.82   1.000      442.2   (tail empty)   0.996180   (35s)\n"}
,{"stream_name":"stdout","time":1559.540264919,"data":" 0.20    0.989     11.03   0.00000 0.00003 0.00012 0.00088 0.00360 0.01612 0.07718 0.22158   0.000   0.2386   0.1271    1.88   0.000      439.2   0.2207   0.994914   (47s)\n"}
,{"stream_name":"stdout","time":1569.803746279,"data":" 0.25    0.986     10.98   0.00000 0.00002 0.00009 0.00071 0.00299 0.01391 0.07079 0.21472   0.000   0.2394   0.1346    1.78   0.000      439.3   0.1877   0.993652   (57s)\n"}
,{"stream_name":"stdout","time":1580.070773699,"data":" 0.30    0.983     10.94   0.00000 0.00002 0.00007 0.00056 0.00242 0.01176 0.06414 0.20775   0.000   0.2409   0.1583    1.52   0.000      442.1   0.1614   0.992393   (67s)\n"}
,{"stream_name":"stdout","time":1590.338346786,"data":" 0.35    0.980     10.91   0.00000 0.00001 0.00005 0.00044 0.00192 0.00980 0.05757 0.20085   0.000   0.2423   0.1970    1.23   0.000      442.5   0.1412   0.991138   (77s)\n"}
,{"stream_name":"stdout","time":1600.606618289,"data":" 0.40    0.978     10.90   0.00000 0.00001 0.00004 0.00033 0.00151 0.00809 0.05138 0.19414   0.000   0.2443   0.3958    0.62   0.000      448.7   0.1256   0.989886   (88s)\n"}
,{"stream_name":"stdout","time":1610.875610377,"data":" 0.45    0.975     10.93   0.00000 0.00001 0.00003 0.00025 0.00118 0.00666 0.04577 0.18768   0.000   0.2472      -       nan   0.000      453.4   0.1130   0.988637   (98s)\n"}
,{"stream_name":"stdout","time":1621.142161672,"data":" 0.50    0.973     10.99   0.00000 0.00000 0.00002 0.00019 0.00093 0.00549 0.04085 0.18157   0.000   0.2511      -       nan   0.000      467.2   0.1051   0.987392   (108s)\n"}
,{"stream_name":"stdout","time":1631.409606727,"data":" 0.55    0.970     11.04   0.00000 0.00000 0.00002 0.00015 0.00073 0.00455 0.03666 0.17592   0.000   0.2554      -       nan   0.000      481.1   0.0987   0.986150   (118s)\n"}
,{"stream_name":"stdout","time":1641.675418719,"data":" 0.60    0.968     11.09   0.00000 0.00000 0.00001 0.00011 0.00058 0.00382 0.03321 0.17086   0.000   0.2590      -       nan   0.000      493.3   0.0936   0.984911   (129s)\n"}
,{"stream_name":"stdout","time":1651.941287494,"data":" 0.65    0.967     11.14   0.00000 0.00000 0.00001 0.00009 0.00047 0.00325 0.03044 0.16653   0.000   0.2607      -       nan   0.000      502.9   0.0895   0.983673   (139s)\n"}
,{"stream_name":"stdout","time":1662.206440946,"data":" 0.70    0.965     11.19   0.00000 0.00000 0.00001 0.00007 0.00038 0.00283 0.02830 0.16304   0.000   0.2622      -       nan   0.000      509.2   0.0862   0.982439   (149s)\n"}
,{"stream_name":"stdout","time":1672.470727016,"data":" 0.75    0.964     11.25   0.00000 0.00000 0.00001 0.00005 0.00032 0.00251 0.02671 0.16045   0.000   0.2631      -       nan   0.000      514.3   0.0835   0.981205   (160s)\n"}
,{"stream_name":"stdout","time":1681.533112581,"data":" 0.80    0.963     11.32   0.00000 0.00000 0.00000 0.00005 0.00028 0.00229 0.02562 0.15879   0.000   0.2638      -       nan   0.000      518.3   0.0814   0.979974   (169s)\n"}
,{"stream_name":"stdout","time":1690.594886247,"data":" 0.85    0.962     11.39   0.00000 0.00000 0.00000 0.00004 0.00025 0.00215 0.02496 0.15807   0.000   0.2632      -       nan   0.000      520.0   0.0797   0.978744   (178s)\n"}
,{"stream_name":"stdout","time":1699.656730954,"data":" 0.90    0.961     11.46   0.00000 0.00000 0.00000 0.00003 0.00023 0.00207 0.02468 0.15826   0.000   0.2627      -       nan   0.000      521.7   0.0783   0.977515   (187s)\n"}
,{"stream_name":"stdout","time":1708.718784845,"data":" 0.95    0.960     11.53   0.00000 0.00000 0.00000 0.00003 0.00022 0.00206 0.02473 0.15930   0.000   0.2627      -       nan   0.000      525.4   0.0772   0.976287   (196s)\n"}
,{"stream_name":"stdout","time":1717.780116253,"data":" 1.00    0.960     11.60   0.00000 0.00000 0.00000 0.00003 0.00022 0.00210 0.02506 0.16112   0.000   0.2631      -       nan   0.000      530.1   0.0764   0.975059   (205s)\n"}
,{"stream_name":"stdout","time":1726.840534279,"data":" 1.05    0.960     11.66   0.00000 0.00000 0.00000 0.00003 0.00023 0.00219 0.02565 0.16364   0.000   0.2649      -       nan   0.000      539.7   0.0757   0.973832   (214s)\n"}
,{"stream_name":"stdout","time":1735.901317813,"data":" 1.10    0.959     11.73   0.00000 0.00000 0.00000 0.00003 0.00025 0.00234 0.02645 0.16674   0.000   0.2686      -       nan   0.000      553.2   0.0752   0.972605   (223s)\n"}
,{"stream_name":"stdout","time":1744.962195733,"data":" 1.15    0.959     11.79   0.00000 0.00000 0.00000 0.00004 0.00028 0.00253 0.02744 0.17033   0.000   0.2720      -       nan   0.000      569.4   0.0750   0.971378   (232s)\n"}
,{"stream_name":"stdout","time":1754.023946043,"data":" 1.20    0.959     11.84   0.00000 0.00000 0.00000 0.00005 0.00033 0.00275 0.02861 0.17425   0.000   0.2752      -       nan   0.000      590.5   0.0749   0.970152   (241s)\n"}
,{"stream_name":"stdout","time":1763.085169566,"data":" 1.25    0.959     11.89   0.00000 0.00000 0.00000 0.00006 0.00039 0.00302 0.02994 0.17840   0.000   0.2794      -       nan   0.000      605.1   0.0750   0.968925   (250s)\n"}
,{"stream_name":"stdout","time":1773.348664433,"data":" 1.30    0.959     11.93   0.00000 0.00000 0.00001 0.00007 0.00047 0.00330 0.03141 0.18264   0.000   0.2840      -       nan   0.000      627.9   0.0753   0.967699   (260s)\n"}
,{"stream_name":"stdout","time":1783.611850163,"data":" 1.35    0.959     11.96   0.00000 0.00000 0.00001 0.00009 0.00056 0.00360 0.03301 0.18686   0.000   0.2882      -       nan   0.000      650.0   0.0757   0.966472   (271s)\n"}
,{"stream_name":"stdout","time":1793.876460447,"data":" 1.40    0.960     11.99   0.00000 0.00000 0.00001 0.00012 0.00067 0.00390 0.03473 0.19099   0.000   0.2919      -       nan   0.000      663.6   0.0763   0.965245   (281s)\n"}
,{"stream_name":"stdout","time":1804.141514555,"data":" 1.45    0.960     12.00   0.00000 0.00000 0.00001 0.00016 0.00080 0.00420 0.03652 0.19496   0.000   0.2955      -       nan   0.000      677.0   0.0769   0.964018   (291s)\n"}
,{"stream_name":"stdout","time":1814.406777026,"data":" 1.50    0.960     12.02   0.00000 0.00000 0.00002 0.00020 0.00093 0.00451 0.03837 0.19875   0.000   0.2980      -       nan   0.000      689.9   0.0776   0.962790   (301s)\n"}
,{"stream_name":"stdout","time":1824.672272718,"data":" 1.55    0.960     12.05   0.00000 0.00001 0.00003 0.00027 0.00108 0.00481 0.04023 0.20234   0.000   0.2984      -       nan   0.000      691.8   0.0782   0.961562   (312s)\n"}
,{"stream_name":"stdout","time":1834.938475855,"data":" 1.60    0.961     12.06   0.00000 0.00001 0.00004 0.00034 0.00122 0.00511 0.04205 0.20576   0.000   0.2992      -       nan   0.000      690.8   0.0786   0.960334   (322s)\n"}
,{"stream_name":"stdout","time":1845.204539226,"data":" 1.65    0.961     12.07   0.00000 0.00001 0.00005 0.00043 0.00135 0.00541 0.04379 0.20900   0.000   0.2994      -       nan   0.000      688.8   0.0787   0.959106   (332s)\n"}
,{"stream_name":"stdout","time":1855.470782031,"data":" 1.70    0.961     12.06   0.00000 0.00002 0.00008 0.00053 0.00148 0.00571 0.04541 0.21211   0.000   0.2993      -       nan   0.000      686.0   0.0786   0.957877   (343s)\n"}
,{"stream_name":"stdout","time":1865.737521923,"data":" 1.75    0.961     12.04   0.00000 0.00002 0.00011 0.00064 0.00160 0.00600 0.04690 0.21512   0.000   0.2995      -       nan   0.000      689.2   0.0783   0.956649   (353s)\n"}
,{"stream_name":"stdout","time":1876.003952127,"data":" 1.80    0.961     12.05   0.00000 0.00003 0.00014 0.00075 0.00171 0.00628 0.04825 0.21806   0.000   0.3011      -       nan   0.000      696.0   0.0777   0.955420   (363s)\n"}
,{"stream_name":"stdout","time":1886.270510128,"data":" 1.85    0.961     12.05   0.00001 0.00005 0.00019 0.00086 0.00181 0.00655 0.04949 0.22098   0.000   0.3038      -       nan   0.000      710.6   0.0769   0.954192   (373s)\n"}
,{"stream_name":"stdout","time":1896.537958741,"data":" 1.90    0.961     12.04   0.00001 0.00006 0.00025 0.00098 0.00190 0.00680 0.05064 0.22393   0.000   0.3065      -       nan   0.000      721.2   0.0763   0.952963   (384s)\n"}
,{"stream_name":"stdout","time":1906.804800495,"data":" 1.95    0.961     12.02   0.00001 0.00009 0.00032 0.00108 0.00198 0.00702 0.05173 0.22695   0.000   0.3090      -       nan   0.000      735.0   0.0758   0.951734   (394s)\n"}
,{"stream_name":"stdout","time":1917.072015049,"data":" 2.00    0.961     12.01   0.00002 0.00012 0.00040 0.00118 0.00205 0.00722 0.05280 0.23007   0.000   0.3115      -       nan   0.000      748.0   0.0757   0.950506   (404s)\n"}
,{"stream_name":"stdout","time":1927.339073959,"data":" 2.05    0.960     12.01   0.00002 0.00015 0.00048 0.00128 0.00211 0.00738 0.05389 0.23333   0.000   0.3134      -       nan   0.000      752.1   0.0759   0.949277   (414s)\n"}
,{"stream_name":"stdout","time":1937.606944536,"data":" 2.10    0.960     12.02   0.00003 0.00020 0.00056 0.00137 0.00216 0.00753 0.05503 0.23673   0.000   0.3129   1.4168    0.22   0.000      755.5   0.0765   0.948050   (425s)\n"}
,{"stream_name":"stdout","time":1947.873151677,"data":" 2.15    0.960     12.02   0.00005 0.00024 0.00065 0.00145 0.00220 0.00764 0.05625 0.24026   0.000   0.3114   1.6675    0.19   0.000      756.9   0.0771   0.946822   (435s)\n"}
,{"stream_name":"stdout","time":1958.139527058,"data":" 2.20    0.960     12.04   0.00006 0.00029 0.00073 0.00153 0.00223 0.00775 0.05758 0.24392   0.000   0.3097      -       nan   0.000      752.6   0.0778   0.945594   (445s)\n"}
,{"stream_name":"stdout","time":1968.407288108,"data":" 2.25    0.959     12.06   0.00007 0.00035 0.00082 0.00160 0.00225 0.00784 0.05903 0.24767   0.000   0.3090      -       nan   0.000      745.5   0.0783   0.944367   (455s)\n"}
,{"stream_name":"stdout","time":1978.674127182,"data":" 2.30    0.959     12.07   0.00009 0.00040 0.00090 0.00167 0.00226 0.00794 0.06064 0.25148   0.000   0.3071      -       nan   0.000      737.7   0.0786   0.943141   (466s)\n"}
,{"stream_name":"stdout","time":1988.94050873,"data":" 2.35    0.959     12.07   0.00011 0.00046 0.00098 0.00172 0.00226 0.00805 0.06241 0.25529   0.000   0.3058      -       nan   0.000      739.7   0.0785   0.941915   (476s)\n"}
,{"stream_name":"stdout","time":1999.207165045,"data":" 2.40    0.958     12.06   0.00013 0.00051 0.00106 0.00178 0.00225 0.00818 0.06436 0.25908   0.000   0.3042      -       nan   0.000      733.1   0.0782   0.940689   (486s)\n"}
,{"stream_name":"stdout","time":2009.475023074,"data":" 2.45    0.958     12.06   0.00015 0.00057 0.00113 0.00182 0.00224 0.00834 0.06647 0.26278   0.000   0.3031      -       nan   0.000      721.3   0.0775   0.939464   (497s)\n"}
,{"stream_name":"stdout","time":2019.743115567,"data":" 2.50    0.957     12.06   0.00017 0.00063 0.00121 0.00186 0.00224 0.00855 0.06876 0.26637   0.000   0.3019      -       nan   0.000      708.6   0.0767   0.938240   (507s)\n"}
,{"stream_name":"stdout","time":2030.009867245,"data":" 2.55    0.957     12.05   0.00019 0.00068 0.00127 0.00189 0.00223 0.00882 0.07121 0.26980   0.000   0.3013      -       nan   0.000      700.2   0.0758   0.937016   (517s)\n"}
,{"stream_name":"stdout","time":2040.276762818,"data":" 2.60    0.956     12.03   0.00021 0.00074 0.00134 0.00191 0.00224 0.00916 0.07382 0.27305   0.000   0.3003      -       nan   0.000      689.2   0.0748   0.935793   (527s)\n"}
,{"stream_name":"stdout","time":2050.544128027,"data":" 2.65    0.956     12.00   0.00024 0.00079 0.00140 0.00192 0.00225 0.00957 0.07655 0.27610   0.000   0.3009      -       nan   0.000      690.7   0.0739   0.934570   (538s)\n"}
,{"stream_name":"stdout","time":2060.811558867,"data":" 2.70    0.955     11.97   0.00026 0.00084 0.00146 0.00193 0.00227 0.01006 0.07941 0.27894   0.000   0.3018      -       nan   0.000      693.3   0.0731   0.933349   (548s)\n"}
,{"stream_name":"stdout","time":2071.079117802,"data":" 2.75    0.954     11.94   0.00028 0.00089 0.00152 0.00193 0.00230 0.01063 0.08236 0.28157   0.000   0.3046      -       nan   0.000      705.7   0.0723   0.932128   (558s)\n"}
,{"stream_name":"stdout","time":2081.346217207,"data":" 2.80    0.954     11.89   0.00030 0.00094 0.00157 0.00193 0.00236 0.01130 0.08540 0.28400   0.000   0.3056      -       nan   0.000      706.4   0.0716   0.930908   (568s)\n"}
,{"stream_name":"stdout","time":2091.612607263,"data":" 2.85    0.953     11.84   0.00032 0.00098 0.00162 0.00192 0.00243 0.01205 0.08852 0.28623   0.000   0.3065      -       nan   0.000      711.0   0.0710   0.929689   (579s)\n"}
,{"stream_name":"stdout","time":2101.87987538,"data":" 2.90    0.952     11.79   0.00034 0.00102 0.00167 0.00192 0.00253 0.01290 0.09173 0.28828   0.000   0.3065      -       nan   0.000      716.3   0.0705   0.928471   (589s)\n"}
,{"stream_name":"stdout","time":2112.146712698,"data":" 2.95    0.951     11.74   0.00035 0.00106 0.00171 0.00191 0.00264 0.01383 0.09503 0.29018   0.000   0.3061      -       nan   0.000      709.5   0.0699   0.927254   (599s)\n"}
,{"stream_name":"stdout","time":2122.413647096,"data":" 3.00    0.951     11.69   0.00037 0.00110 0.00175 0.00191 0.00279 0.01485 0.09844 0.29195   0.000   0.3046      -       nan   0.000      698.3   0.0694   0.926038   (609s)\n"}
,{"stream_name":"stdout","time":2132.680843926,"data":" 3.05    0.950     11.64   0.00039 0.00114 0.00178 0.00191 0.00296 0.01597 0.10198 0.29361   0.000   0.3036      -       nan   0.000      690.3   0.0689   0.924823   (620s)\n"}
,{"stream_name":"stdout","time":2142.947307321,"data":" 3.10    0.949     11.60   0.00040 0.00117 0.00181 0.00192 0.00317 0.01718 0.10568 0.29517   0.000   0.3024      -       nan   0.000      689.7   0.0685   0.923609   (630s)\n"}
,{"stream_name":"stdout","time":2153.21314464,"data":" 3.15    0.948     11.58   0.00042 0.00121 0.00183 0.00193 0.00341 0.01847 0.10955 0.29663   0.000   0.3024      -       nan   0.000      695.1   0.0680   0.922396   (640s)\n"}
,{"stream_name":"stdout","time":2163.47996607,"data":" 3.20    0.947     11.56   0.00043 0.00123 0.00185 0.00194 0.00368 0.01986 0.11362 0.29801   0.000   0.3039      -       nan   0.000      697.3   0.0677   0.921184   (651s)\n"}
,{"stream_name":"stdout","time":2173.746271978,"data":" 3.25    0.946     11.53   0.00044 0.00126 0.00187 0.00197 0.00399 0.02134 0.11790 0.29928   0.000   0.3037      -       nan   0.000      701.1   0.0674   0.919974   (661s)\n"}
,{"stream_name":"stdout","time":2184.013993821,"data":" 3.30    0.946     11.51   0.00045 0.00128 0.00188 0.00200 0.00433 0.02292 0.12238 0.30042   0.000   0.3043      -       nan   0.000      702.0   0.0673   0.918764   (671s)\n"}
,{"stream_name":"stdout","time":2194.28278247,"data":" 3.35    0.945     11.50   0.00046 0.00130 0.00189 0.00205 0.00472 0.02460 0.12708 0.30142   0.000   0.3053      -       nan   0.000      702.2   0.0673   0.917556   (681s)\n"}
,{"stream_name":"stdout","time":2204.551014901,"data":" 3.40    0.944     11.48   0.00047 0.00132 0.00189 0.00210 0.00515 0.02639 0.13198 0.30223   0.001   0.3067      -       nan   0.000      699.4   0.0674   0.916348   (692s)\n"}
,{"stream_name":"stdout","time":2214.818492694,"data":" 3.45    0.943     11.45   0.00048 0.00134 0.00190 0.00217 0.00562 0.02831 0.13708 0.30283   0.002   0.3068      -       nan   0.000      700.1   0.0677   0.915142   (702s)\n"}
,{"stream_name":"stdout","time":2225.085305097,"data":" 3.50    0.942     11.40   0.00048 0.00135 0.00190 0.00225 0.00614 0.03035 0.14236 0.30319   0.003   0.3068      -       nan   0.000      696.7   0.0681   0.913937   (712s)\n"}
,{"stream_name":"stdout","time":2235.352643681,"data":" 3.55    0.942     11.38   0.00049 0.00136 0.00189 0.00235 0.00671 0.03254 0.14778 0.30330   0.004   0.3067      -       nan   0.000      695.1   0.0685   0.912732   (722s)\n"}
,{"stream_name":"stdout","time":2245.6189299,"data":" 3.60    0.941     11.36   0.00049 0.00136 0.00189 0.00246 0.00733 0.03488 0.15332 0.30314   0.005   0.3069      -       nan   0.000      697.9   0.0691   0.911529   (733s)\n"}
,{"stream_name":"stdout","time":2255.883572009,"data":" 3.65    0.940     11.33   0.00049 0.00136 0.00189 0.00260 0.00801 0.03738 0.15893 0.30269   0.006   0.3060      -       nan   0.000      695.0   0.0697   0.910326   (743s)\n"}
,{"stream_name":"stdout","time":2266.148927897,"data":" 3.70    0.940     11.28   0.00050 0.00136 0.00188 0.00275 0.00876 0.04005 0.16459 0.30195   0.006   0.3050      -       nan   0.000      691.2   0.0703   0.909125   (753s)\n"}
,{"stream_name":"stdout","time":2276.415070133,"data":" 3.75    0.939     11.24   0.00050 0.00136 0.00188 0.00292 0.00957 0.04289 0.17023 0.30091   0.007   0.3048      -       nan   0.000      688.1   0.0709   0.907924   (763s)\n"}
,{"stream_name":"stdout","time":2286.680689418,"data":" 3.80    0.938     11.20   0.00050 0.00136 0.00187 0.00312 0.01046 0.04591 0.17583 0.29958   0.008   0.3055      -       nan   0.000      687.0   0.0715   0.906723   (774s)\n"}
,{"stream_name":"stdout","time":2296.944703928,"data":" 3.85    0.938     11.15   0.00049 0.00135 0.00187 0.00334 0.01144 0.04911 0.18135 0.29795   0.008   0.3053      -       nan   0.000      685.0   0.0721   0.905524   (784s)\n"}
,{"stream_name":"stdout","time":2307.208606078,"data":" 3.90    0.937     11.12   0.00049 0.00134 0.00187 0.00359 0.01250 0.05248 0.18674 0.29604   0.008   0.3050      -       nan   0.000      686.0   0.0726   0.904325   (794s)\n"}
,{"stream_name":"stdout","time":2317.472531155,"data":" 3.95    0.937     11.07   0.00049 0.00133 0.00187 0.00387 0.01367 0.05600 0.19200 0.29385   0.009   0.3055      -       nan   0.000      686.8   0.0731   0.903127   (805s)\n"}
,{"stream_name":"stdout","time":2327.760477825,"data":" 4.00    0.936     11.02   0.00048 0.00132 0.00187 0.00420 0.01495 0.05968 0.19710 0.29138   0.010   0.3054      -       nan   0.000       78.2   0.0736   0.901929   (815s)\n"}
,{"stream_name":"stdout","time":2338.02467022,"data":" 4.05    0.936     10.97   0.00048 0.00131 0.00188 0.00456 0.01635 0.06348 0.20203 0.28865   0.013   0.3034      -       nan   0.000       74.3   0.0740   0.900732   (825s)\n"}
,{"stream_name":"stdout","time":2348.288590807,"data":" 4.10    0.936     10.93   0.00047 0.00129 0.00190 0.00497 0.01787 0.06740 0.20679 0.28567   0.015   0.3017      -       nan   0.000       70.6   0.0744   0.899535   (835s)\n"}
,{"stream_name":"stdout","time":2358.552970705,"data":" 4.15    0.935     10.88   0.00046 0.00128 0.00192 0.00543 0.01952 0.07143 0.21138 0.28245   0.017   0.2999      -       nan   0.000       66.4   0.0747   0.898339   (846s)\n"}
,{"stream_name":"stdout","time":2368.818165125,"data":" 4.20    0.935     10.82   0.00046 0.00127 0.00195 0.00596 0.02130 0.07553 0.21580 0.27902   0.019   0.2967      -       nan   0.000       65.5   0.0750   0.897143   (856s)\n"}
,{"stream_name":"stdout","time":2379.083173506,"data":" 4.25    0.935     10.76   0.00045 0.00126 0.00199 0.00655 0.02323 0.07972 0.22005 0.27537   0.022   0.2937      -       nan   0.000       63.2   0.0752   0.895948   (866s)\n"}
,{"stream_name":"stdout","time":2389.348379186,"data":" 4.30    0.935     10.69   0.00044 0.00125 0.00204 0.00721 0.02529 0.08397 0.22415 0.27153   0.023   0.2896      -       nan   0.000       60.9   0.0754   0.894752   (876s)\n"}
,{"stream_name":"stdout","time":2399.613330137,"data":" 4.35    0.934     10.63   0.00043 0.00124 0.00211 0.00795 0.02749 0.08828 0.22810 0.26750   0.024   0.2861      -       nan   0.000       28.9   0.0755   0.893557   (887s)\n"}
,{"stream_name":"stdout","time":2409.878688247,"data":" 4.40    0.934     10.57   0.00042 0.00124 0.00220 0.00877 0.02982 0.09266 0.23190 0.26329   0.025   0.2830      -       nan   0.000       30.3   0.0756   0.892363   (897s)\n"}
,{"stream_name":"stdout","time":2420.144982415,"data":" 4.45    0.934     10.51   0.00042 0.00124 0.00230 0.00968 0.03230 0.09710 0.23557 0.25891   0.027   0.2813      -       nan   0.000       32.1   0.0757   0.891168   (907s)\n"}
,{"stream_name":"stdout","time":2430.41251168,"data":" 4.50    0.934     10.44   0.00041 0.00124 0.00243 0.01070 0.03492 0.10161 0.23911 0.25436   0.028   0.2792      -       nan   0.006       34.3   0.0757   0.889973   (917s)\n"}
,{"stream_name":"stdout","time":2440.678336597,"data":" 4.55    0.934     10.38   0.00040 0.00126 0.00258 0.01181 0.03767 0.10620 0.24252 0.24964   0.030   0.2769      -       nan   0.020       36.3   0.0757   0.888779   (928s)\n"}
,{"stream_name":"stdout","time":2450.945460281,"data":" 4.60    0.934     10.33   0.00039 0.00128 0.00276 0.01303 0.04056 0.11087 0.24580 0.24476   0.031   0.2761      -       nan   0.025       39.0   0.0756   0.887584   (938s)\n"}
,{"stream_name":"stdout","time":2461.21232701,"data":" 4.65    0.934     10.28   0.00039 0.00131 0.00298 0.01437 0.04360 0.11564 0.24896 0.23971   0.033   0.2761      -       nan   0.044       41.3   0.0754   0.886390   (948s)\n"}
,{"stream_name":"stdout","time":2471.478512192,"data":" 4.70    0.934     10.25   0.00039 0.00135 0.00324 0.01582 0.04677 0.12051 0.25198 0.23450   0.036   0.2770      -       nan   0.052       43.2   0.0752   0.885195   (959s)\n"}
,{"stream_name":"stdout","time":2481.745139337,"data":" 4.75    0.934     10.22   0.00038 0.00140 0.00353 0.01740 0.05010 0.12548 0.25486 0.22913   0.040   0.2778      -       nan   0.050       42.9   0.0749   0.884001   (969s)\n"}
,{"stream_name":"stdout","time":2492.011859641,"data":" 4.80    0.935     10.21   0.00038 0.00147 0.00388 0.01911 0.05357 0.13054 0.25759 0.22360   0.043   0.2790      -       nan   0.049       43.4   0.0745   0.882806   (979s)\n"}
,{"stream_name":"stdout","time":2502.27882855,"data":" 4.85    0.935     10.21   0.00039 0.00156 0.00427 0.02094 0.05720 0.13571 0.26015 0.21792   0.047   0.2805      -       nan   0.055       44.7   0.0740   0.881611   (989s)\n"}
,{"stream_name":"stdout","time":2512.545546672,"data":" 4.90    0.935     10.22   0.00039 0.00167 0.00472 0.02292 0.06099 0.14097 0.26254 0.21210   0.050   0.2821      -       nan   0.064       44.6   0.0735   0.880415   (1000s)\n"}
,{"stream_name":"stdout","time":2522.811809021,"data":" 4.95    0.935     10.24   0.00040 0.00179 0.00523 0.02503 0.06495 0.14630 0.26473 0.20615   0.054   0.2835      -       nan   0.073       45.9   0.0729   0.879220   (1010s)\n"}
,{"stream_name":"stdout","time":2533.079698405,"data":" 5.00    0.936     10.28   0.00042 0.00195 0.00580 0.02729 0.06908 0.15170 0.26672 0.20010   0.058   0.2849      -       nan   0.085       46.7   0.0723   0.878023   (1020s)\n"}
,{"stream_name":"stdout","time":2543.347421279,"data":" 5.05    0.936     10.33   0.00044 0.00212 0.00644 0.02971 0.07337 0.15714 0.26848 0.19396   0.061   0.2864      -       nan   0.091       47.7   0.0716   0.876826   (1030s)\n"}
,{"stream_name":"stdout","time":2553.61536776,"data":" 5.10    0.937     10.38   0.00046 0.00233 0.00716 0.03228 0.07783 0.16259 0.27001 0.18776   0.064   0.2877      -       nan   0.090       52.2   0.0709   0.875629   (1041s)\n"}
,{"stream_name":"stdout","time":2563.88300224,"data":" 5.15    0.937     10.44   0.00049 0.00257 0.00795 0.03501 0.08245 0.16804 0.27127 0.18152   0.067   0.2894      -       nan   0.091       57.0   0.0701   0.874431   (1051s)\n"}
,{"stream_name":"stdout","time":2574.150513444,"data":" 5.20    0.938     10.49   0.00053 0.00285 0.00883 0.03790 0.08723 0.17346 0.27228 0.17527   0.069   0.2906      -       nan   0.093       63.0   0.0694   0.873232   (1061s)\n"}
,{"stream_name":"stdout","time":2584.417089544,"data":" 5.25    0.939     10.55   0.00058 0.00316 0.00979 0.04097 0.09215 0.17881 0.27300 0.16903   0.073   0.2923      -       nan   0.108       67.6   0.0687   0.872032   (1071s)\n"}
,{"stream_name":"stdout","time":2594.685380079,"data":" 5.30    0.939     10.61   0.00063 0.00351 0.01085 0.04421 0.09718 0.18407 0.27343 0.16282   0.077   0.2943      -       nan   0.117       72.3   0.0680   0.870832   (1082s)\n"}
,{"stream_name":"stdout","time":2604.951889963,"data":" 5.35    0.940     10.69   0.00070 0.00391 0.01200 0.04761 0.10233 0.18922 0.27356 0.15665   0.080   0.2972      -       nan   0.128       78.2   0.0673   0.869630   (1092s)\n"}
,{"stream_name":"stdout","time":2615.219069049,"data":" 5.40    0.941     10.79   0.00077 0.00436 0.01325 0.05119 0.10755 0.19424 0.27338 0.15054   0.084   0.3003      -       nan   0.132       83.7   0.0667   0.868427   (1102s)\n"}
,{"stream_name":"stdout","time":2625.486893366,"data":" 5.45    0.942     10.88   0.00086 0.00485 0.01461 0.05493 0.11282 0.19912 0.27287 0.14450   0.087   0.3024      -       nan   0.135       90.8   0.0661   0.867224   (1113s)\n"}
,{"stream_name":"stdout","time":2635.754560174,"data":" 5.50    0.943     10.98   0.00096 0.00540 0.01609 0.05883 0.11811 0.20382 0.27204 0.13854   0.090   0.3058      -       nan   0.137       99.5   0.0654   0.866019   (1123s)\n"}
,{"stream_name":"stdout","time":2646.022390813,"data":" 5.55    0.944     11.06   0.00107 0.00600 0.01767 0.06288 0.12339 0.20836 0.27089 0.13264   0.094   0.3074      -       nan   0.139      108.2   0.0648   0.864812   (1133s)\n"}
,{"stream_name":"stdout","time":2656.291201457,"data":" 5.60    0.945     11.15   0.00119 0.00666 0.01938 0.06705 0.12864 0.21272 0.26940 0.12683   0.099   0.3092      -       nan   0.143      117.4   0.0642   0.863605   (1143s)\n"}
,{"stream_name":"stdout","time":2666.558971699,"data":" 5.65    0.946     11.24   0.00133 0.00739 0.02122 0.07135 0.13383 0.21691 0.26759 0.12108   0.102   0.3103      -       nan   0.148      127.5   0.0636   0.862396   (1154s)\n"}
,{"stream_name":"stdout","time":2676.825873483,"data":" 5.70    0.947     11.32   0.00149 0.00819 0.02317 0.07575 0.13894 0.22092 0.26546 0.11540   0.106   0.3098      -       nan   0.152      139.9   0.0631   0.861185   (1164s)\n"}
,{"stream_name":"stdout","time":2687.093434285,"data":" 5.75    0.948     11.42   0.00167 0.00905 0.02526 0.08022 0.14394 0.22475 0.26302 0.10980   0.112   0.3100      -       nan   0.160      153.1   0.0625   0.859974   (1174s)\n"}
,{"stream_name":"stdout","time":2697.361734983,"data":" 5.80    0.950     11.52   0.00186 0.00999 0.02748 0.08475 0.14882 0.22840 0.26030 0.10425   0.115   0.3111      -       nan   0.168      169.2   0.0619   0.858760   (1184s)\n"}
,{"stream_name":"stdout","time":2707.62966282,"data":" 5.85    0.951     11.65   0.00208 0.01102 0.02982 0.08933 0.15357 0.23188 0.25730 0.09878   0.120   0.3108      -       nan   0.174      179.3   0.0613   0.857545   (1195s)\n"}
,{"stream_name":"stdout","time":2717.899104645,"data":" 5.90    0.952     11.76   0.00232 0.01212 0.03230 0.09393 0.15819 0.23519 0.25406 0.09338   0.126   0.3090      -       nan   0.184      190.1   0.0608   0.856329   (1205s)\n"}
,{"stream_name":"stdout","time":2728.167000398,"data":" 5.95    0.953     11.87   0.00258 0.01331 0.03490 0.09853 0.16267 0.23832 0.25058 0.08805   0.133   0.3077      -       nan   0.195      203.0   0.0602   0.855110   (1215s)\n"}
,{"stream_name":"stdout","time":2738.434635741,"data":" 6.00    0.955     11.99   0.00288 0.01459 0.03762 0.10312 0.16703 0.24128 0.24690 0.08280   0.139   0.3053      -       nan   0.203      212.9   0.0598   0.853891   (1225s)\n"}
,{"stream_name":"stdout","time":2748.702121582,"data":" 6.05    0.956     12.10   0.00320 0.01596 0.04045 0.10770 0.17125 0.24406 0.24302 0.07763   0.145   0.3035      -       nan   0.207      225.7   0.0593   0.852669   (1236s)\n"}
,{"stream_name":"stdout","time":2758.970415944,"data":" 6.10    0.957     12.21   0.00355 0.01743 0.04340 0.11225 0.17534 0.24666 0.23896 0.07256   0.151   0.3011      -       nan   0.207      239.6   0.0589   0.851446   (1246s)\n"}
,{"stream_name":"stdout","time":2769.239295163,"data":" 6.15    0.959     12.31   0.00393 0.01899 0.04646 0.11677 0.17932 0.24908 0.23474 0.06760   0.156   0.2984      -       nan   0.213      257.6   0.0585   0.850221   (1256s)\n"}
,{"stream_name":"stdout","time":2779.507036983,"data":" 6.20    0.960     12.46   0.00435 0.02065 0.04962 0.12125 0.18317 0.25132 0.23034 0.06276   0.164   0.2983      -       nan   0.219      273.0   0.0582   0.848995   (1267s)\n"}
,{"stream_name":"stdout","time":2789.775921397,"data":" 6.25    0.961     12.64   0.00481 0.02241 0.05288 0.12571 0.18690 0.25336 0.22579 0.05806   0.171   0.2940      -       nan   0.222      285.0   0.0579   0.847767   (1277s)\n"}
,{"stream_name":"stdout","time":2800.043556546,"data":" 6.30    0.962     12.81   0.00530 0.02426 0.05623 0.13013 0.19052 0.25522 0.22108 0.05352   0.178   0.2916   0.8101    0.36   0.228      295.0   0.0576   0.846537   (1287s)\n"}
,{"stream_name":"stdout","time":2810.31213317,"data":" 6.35    0.964     12.99   0.00583 0.02622 0.05968 0.13452 0.19400 0.25688 0.21622 0.04915   0.184   0.2900   0.3116    0.93   0.233      312.4   0.0574   0.845305   (1297s)\n"}
,{"stream_name":"stdout","time":2820.580931641,"data":" 6.40    0.965     13.16   0.00641 0.02827 0.06323 0.13887 0.19736 0.25836 0.21121 0.04498   0.192   0.2877   0.2184    1.32   0.234      312.4   0.0571   0.844072   (1308s)\n"}
,{"stream_name":"stdout","time":2830.849886083,"data":" 6.45    0.966     13.34   0.00702 0.03043 0.06686 0.14319 0.20057 0.25963 0.20606 0.04102   0.201   0.2851   0.1839    1.55   0.234      296.4   0.0568   0.842837   (1318s)\n"}
,{"stream_name":"stdout","time":2841.119261451,"data":" 6.50    0.968     13.53   0.00768 0.03269 0.07059 0.14745 0.20362 0.26072 0.20080 0.03731   0.210   0.2820   0.1566    1.80   0.239      288.7   0.0565   0.841600   (1328s)\n"}
,{"stream_name":"stdout","time":2851.387546907,"data":" 6.55    0.969     13.72   0.00838 0.03506 0.07442 0.15165 0.20650 0.26161 0.19542 0.03385   0.220   0.2801   0.1330    2.11   0.239      280.6   0.0563   0.840362   (1338s)\n"}
,{"stream_name":"stdout","time":2861.655842444,"data":" 6.60    0.970     13.91   0.00913 0.03753 0.07834 0.15578 0.20921 0.26232 0.18997 0.03065   0.229   0.2782   0.1201    2.32   0.244      270.1   0.0560   0.839122   (1349s)\n"}
,{"stream_name":"stdout","time":2871.92435252,"data":" 6.65    0.972     14.10   0.00993 0.04012 0.08235 0.15980 0.21172 0.26283 0.18446 0.02772   0.238   0.2770   0.1092    2.54   0.244      273.5   0.0556   0.837881   (1359s)\n"}
,{"stream_name":"stdout","time":2882.192698959,"data":" 6.70    0.973     14.29   0.01077 0.04283 0.08645 0.16371 0.21403 0.26317 0.17891 0.02505   0.246   0.2758   0.0999    2.76   0.242      271.4   0.0553   0.836637   (1369s)\n"}
,{"stream_name":"stdout","time":2892.460366422,"data":" 6.75    0.974     14.62   0.01167 0.04566 0.09063 0.16746 0.21614 0.26333 0.17334 0.02263   0.259   0.2753   0.0908    3.03   0.241      285.4   0.0550   0.835392   (1380s)\n"}
,{"stream_name":"stdout","time":2902.72737486,"data":" 6.80    0.976     14.96   0.01263 0.04860 0.09489 0.17103 0.21802 0.26333 0.16776 0.02044   0.273   0.2766   0.0846    3.27   0.243      287.7   0.0547   0.834146   (1390s)\n"}
,{"stream_name":"stdout","time":2912.996468586,"data":" 6.85    0.977     15.27   0.01364 0.05167 0.09919 0.17438 0.21969 0.26316 0.16218 0.01845   0.286   0.2738   0.0807    3.39   0.244      293.0   0.0543   0.832898   (1400s)\n"}
,{"stream_name":"stdout","time":2923.264940578,"data":" 6.90    0.978     15.58   0.01472 0.05485 0.10352 0.17749 0.22114 0.26284 0.15661 0.01666   0.300   0.2701   0.0788    3.43   0.245      300.9   0.0540   0.831648   (1410s)\n"}
,{"stream_name":"stdout","time":2933.533133577,"data":" 6.95    0.979     15.88   0.01586 0.05814 0.10786 0.18032 0.22239 0.26237 0.15105 0.01505   0.311   0.2661   0.0823    3.23   0.242      302.5   0.0537   0.830397   (1421s)\n"}
,{"stream_name":"stdout","time":2943.800919696,"data":" 7.00    0.980     16.21   0.01707 0.06154 0.11217 0.18285 0.22343 0.26175 0.14550 0.01360   0.327   0.2638   0.0832    3.17   0.247      306.0   0.0535   0.829144   (1431s)\n"}
,{"stream_name":"stdout","time":2954.06897163,"data":" 7.05    0.981     16.57   0.01834 0.06504 0.11642 0.18506 0.22429 0.26097 0.13997 0.01230   0.343   0.2606   0.0840    3.10   0.252      300.5   0.0533   0.827890   (1441s)\n"}
,{"stream_name":"stdout","time":2964.337586109,"data":" 7.10    0.982     16.90   0.01968 0.06860 0.12057 0.18692 0.22498 0.26003 0.13446 0.01113   0.358   0.2589   0.0828    3.13   0.256      299.4   0.0531   0.826634   (1451s)\n"}
,{"stream_name":"stdout","time":2974.607402108,"data":" 7.15    0.983     17.18   0.02109 0.07223 0.12458 0.18842 0.22553 0.25892 0.12896 0.01008   0.377   0.2532   0.0833    3.04   0.260      286.2   0.0531   0.825377   (1462s)\n"}
,{"stream_name":"stdout","time":2984.875727222,"data":" 7.20    0.984     17.51   0.02255 0.07588 0.12840 0.18956 0.22599 0.25763 0.12348 0.00914   0.392   0.2509   0.0813    3.09   0.263      281.4   0.0531   0.824120   (1472s)\n"}
,{"stream_name":"stdout","time":2995.143639394,"data":" 7.25    0.985     17.79   0.02407 0.07954 0.13198 0.19034 0.22639 0.25614 0.11803 0.00829   0.409   0.2472   0.0787    3.14   0.263      270.4   0.0532   0.822861   (1482s)\n"}
,{"stream_name":"stdout","time":3005.411459857,"data":" 7.30    0.986     18.05   0.02564 0.08317 0.13529 0.19077 0.22677 0.25443 0.11264 0.00755   0.424   0.2435   0.0757    3.22   0.271      271.8   0.0534   0.821601   (1492s)\n"}
,{"stream_name":"stdout","time":3015.680337555,"data":" 7.35    0.986     18.31   0.02725 0.08674 0.13826 0.19087 0.22721 0.25250 0.10734 0.00689   0.440   0.2400   0.0726    3.30   0.276      274.7   0.0536   0.820340   (1503s)\n"}
,{"stream_name":"stdout","time":3025.948382681,"data":" 7.40    0.987     18.65   0.02888 0.09022 0.14087 0.19066 0.22774 0.25033 0.10220 0.00633   0.456   0.2364   0.0669    3.53   0.280      276.0   0.0539   0.819079   (1513s)\n"}
,{"stream_name":"stdout","time":3036.216609965,"data":" 7.45    0.987     18.89   0.03056 0.09357 0.14307 0.19017 0.22843 0.24792 0.09727 0.00583   0.472   0.2328   0.0639    3.64   0.274      273.9   0.0541   0.817817   (1523s)\n"}
,{"stream_name":"stdout","time":3046.484691973,"data":" 7.50    0.988     19.21   0.03223 0.09676 0.14484 0.18944 0.22930 0.24526 0.09258 0.00539   0.487   0.2274   0.0631    3.60   0.276      276.1   0.0543   0.816554   (1534s)\n"}
,{"stream_name":"stdout","time":3056.75309369,"data":" 7.55    0.988     19.37   0.03388 0.09975 0.14618 0.18852 0.23040 0.24240 0.08817 0.00501   0.499   0.2198   0.0610    3.60   0.281      257.9   0.0544   0.815291   (1544s)\n"}
,{"stream_name":"stdout","time":3067.021599776,"data":" 7.60    0.988     19.60   0.03560 0.10256 0.14708 0.18745 0.23170 0.23932 0.08401 0.00467   0.510   0.2147   0.0568    3.78   0.286      238.9   0.0544   0.814028   (1554s)\n"}
,{"stream_name":"stdout","time":3076.088644718,"data":" 7.65    0.988     19.75   0.03724 0.10517 0.14758 0.18632 0.23316 0.23606 0.08006 0.00436   0.522   0.2109   0.0544    3.88   0.287      218.7   0.0543   0.812765   (1563s)\n"}
,{"stream_name":"stdout","time":3085.155120016,"data":" 7.70    0.988     20.34   0.03879 0.10758 0.14771 0.18515 0.23471 0.23262 0.07629 0.00410   0.550   0.1993   0.0484    4.12   0.283      200.9   0.0541   0.811501   (1572s)\n"}
,{"stream_name":"stdout","time":3094.222526596,"data":" 7.75    0.988     22.46   0.04041 0.10984 0.14757 0.18396 0.23618 0.22895 0.07263 0.00388   0.656   0.1423   0.0386    3.69   0.310       99.1   0.0538   0.810238   (1581s)\n"}
,{"stream_name":"stdout","time":3103.289747759,"data":" 7.80    0.988     23.71   0.04214 0.11205 0.14727 0.18292 0.23747 0.22508 0.06908 0.00367   0.738   0.1008   0.0362    2.79   0.330       70.1   0.0534   0.808975   (1590s)\n"}
,{"stream_name":"stdout","time":3112.356496639,"data":" 7.85    0.988     25.01   0.04385 0.11427 0.14689 0.18197 0.23842 0.22099 0.06561 0.00348   0.793   0.0773   0.0337    2.30   0.327       54.6   0.0530   0.807711   (1599s)\n"}
,{"stream_name":"stdout","time":3121.423916496,"data":" 7.90    0.988     27.92   0.04535 0.11644 0.14648 0.18101 0.23880 0.21661 0.06220 0.00332   0.861   0.0589   0.0304    1.94   0.330       41.5   0.0525   0.806448   (1608s)\n"}
,{"stream_name":"stdout","time":3130.490778,"data":" 7.95    0.988     29.55   0.04690 0.11872 0.14624 0.18007 0.23849 0.21199 0.05887 0.00319   0.884   0.0559   0.0305    1.83   0.329       47.5   0.0519   0.805185   (1618s)\n"}
,{"stream_name":"stdout","time":3139.556368887,"data":" 8.00    0.988     30.81   0.04866 0.12123 0.14630 0.17918 0.23744 0.20721 0.05564 0.00307   0.883   0.0560   0.0295    1.90   0.325       45.8   0.0513   0.803921   (1627s)\n"}
,{"stream_name":"stdout","time":3139.558274869,"data":"\n"}
,{"stream_name":"stdout","time":3139.558305536,"data":"C22 descent: separation -\u003e peak twist, peak time (clock expires at t = 8.00)\n"}
,{"stream_name":"stdout","time":3139.558311925,"data":"   sep 0.05   peak 0.04866 at t = 8.00   (at the clock or at t = 0: not a peak)\n"}
,{"stream_name":"stdout","time":3139.558316586,"data":"   sep 0.07   peak 0.12123 at t = 8.00   (at the clock or at t = 0: not a peak)\n"}
,{"stream_name":"stdout","time":3139.558335689,"data":"   sep 0.10   peak 0.14771 at t = 7.70\n"}
,{"stream_name":"stdout","time":3139.55833936,"data":"   sep 0.14   peak 0.19087 at t = 7.35\n"}
,{"stream_name":"stdout","time":3139.558343069,"data":"   sep 0.20   peak 0.23880 at t = 7.90\n"}
,{"stream_name":"stdout","time":3139.558346475,"data":"   sep 0.28   peak 0.26333 at t = 6.75\n"}
,{"stream_name":"stdout","time":3139.558350029,"data":"   sep 0.40   peak 0.27356 at t = 5.35\n"}
,{"stream_name":"stdout","time":3139.55835323,"data":"   sep 0.56   peak 0.30330 at t = 3.55\n"}
,{"stream_name":"stdout","time":3139.558356486,"data":"   halving times (time for the wave to descend one octave), from resolved peaks only:\n"}
,{"stream_name":"stdout","time":3139.558359841,"data":"      0.56 -\u003e 0.40 : 1.80  per octave 3.71\n"}
,{"stream_name":"stdout","time":3139.558363196,"data":"      0.40 -\u003e 0.28 : 1.40  per octave 2.72\n"}
,{"stream_name":"stdout","time":3139.558367112,"data":"      0.28 -\u003e 0.20 : 1.15  per octave 2.37\n"}
,{"stream_name":"stdout","time":3139.558370343,"data":"      0.20 -\u003e 0.14 : -0.55  per octave -1.07\n"}
,{"stream_name":"stdout","time":3139.558374295,"data":"      0.14 -\u003e 0.10 : 0.35  per octave 0.72\n"}
,{"stream_name":"stdout","time":3139.55837721,"data":"   V: gap = 0.099 (9.25 - t) from sep \u003e= 0.1, T* = 9.25; thickness e-fold 12.64 fitted on t in [0.20, 7.70]; arms meet at t = 8.76, scale 0.048, sqrt(nu/s) there 0.029 (beyond the clock)\n"}
,{"stream_name":"stdout","time":3139.558382368,"data":"\n"}
,{"stream_name":"stdout","time":3139.558385932,"data":"clock expires at t = 8.00 (delta 0.0513); strong twist peak 0.14771 at t = 7.70, at the clock 0.14630 (fall 1%); max|w| growth to the clock 2.76x\n"}
,{"stream_name":"stdout","time":3139.558389626,"data":"race variable ell/ell_nu min inside the clock = 0.19 (at t = 2.15); cut fraction at the clock 0.325\n"}
,{"stream_name":"stdout","time":3139.558393218,"data":"C21: Re_seam at the twist peak (t = 7.70) = 200.9; twist peak 0.14771; max|w| at the peak 20.3\n"}
,{"stream_name":"stdout","time":3139.558396651,"data":"REGISTERED C20 at nu=0.001: between (see rows)\n"}
,{"stream_name":"stdout","time":3140.095139755,"data":"=== IC=found NU=0 T=1.0 -\u003e /kaggle/working/seam_ICfound_NU0_T1.0.txt\n"}
,{"stream_name":"stdout","time":3142.37780814,"data":"Traceback (most recent call last):\n"}
,{"stream_name":"stdout","time":3142.37784765,"data":"  File \"/kaggle/src/script.py\", line 157, in \u003cmodule\u003e\n"}
,{"stream_name":"stdout","time":3142.377853833,"data":"    uf = np.load(FOUND)[\"u\"].astype(np.float32); n0 = uf.shape[1]; U = []\n"}
,{"stream_name":"stdout","time":3142.377978983,"data":"         ^^^^^^^^^^^^^^\n"}
,{"stream_name":"stdout","time":3142.37799706,"data":"  File \"/usr/local/lib/python3.12/dist-packages/numpy/lib/_npyio_impl.py\", line 455, in load\n"}
,{"stream_name":"stdout","time":3142.381214478,"data":"    fid = stack.enter_context(open(os.fspath(file), \"rb\"))\n"}
,{"stream_name":"stdout","time":3142.381238032,"data":"                              ^^^^^^^^^^^^^^^^^^^^^^^^^^^\n"}
,{"stream_name":"stdout","time":3142.381243638,"data":"FileNotFoundError: [Errno 2] No such file or directory: '/kaggle/input/zef-found/leashed64_dmin030.npz'\n"}
,{"stream_name":"stderr","time":3145.427305523,"data":"/usr/local/lib/python3.12/dist-packages/mistune.py:435: SyntaxWarning: invalid escape sequence '\\|'\n"}
,{"stream_name":"stderr","time":3145.427363625,"data":"  cells[i][c] = re.sub('\\\\\\\\\\|', '|', cell)\n"}
,{"stream_name":"stderr","time":3145.746099126,"data":"/usr/local/lib/python3.12/dist-packages/nbconvert/filters/filter_links.py:36: SyntaxWarning: invalid escape sequence '\\_'\n"}
,{"stream_name":"stderr","time":3145.746145942,"data":"  text = re.sub(r'_', '\\_', text) # Escape underscores in display text\n"}
,{"stream_name":"stderr","time":3146.441473796,"data":"[NbConvertApp] Converting notebook __script__.ipynb to html\n"}
,{"stream_name":"stderr","time":3147.812140131,"data":"[NbConvertApp] Writing 384912 bytes to __results__.html\n"}
]