[{"stream_name":"stdout","time":7.49615172,"data":"=== IC=found NU=2e-3 T=2.0 N=320 LAGR=1 TSEED=1.0 -\u003e /kaggle/working/seam_ICfound_NU2e-3_T2.0_N320_LAGR1_TSEED1.0.txt\n"}
,{"stream_name":"stdout","time":11.143754029,"data":"seam race on GPU: IC=found  N=320^3  nu=0.002  T=2.0  Z0=0.375  clock 2dx=0.0393  device=cuda  FORCE=0 (steady)\n"}
,{"stream_name":"stdout","time":13.086645968,"data":"   t     Z/Z0    max|w|   twist@0.05 @0.07 @0.1 @0.14 @0.2 @0.28 @0.4 @0.56   anti    ell     ell_nu   race   cut    Re_seam   delta     E/E0   | material|w|  gap   jump   flip   dgap/dt(u) dgap/dt(pair) dgap/dt(sheets) flipped@  kappa  C_LIA   delta_m  s_m    n_m\n"}
,{"stream_name":"stdout","time":13.086682063,"data":" 0.00    1.000      7.16   0.00000 0.00000 0.00000 0.00001 0.00008 0.00080 0.00821 0.06609   0.000   0.6366   0.2607    2.44   0.000      910.7   (tail empty)   1.000000   (2s)\n"}
,{"stream_name":"stdout","time":36.277828641,"data":" 0.05    1.018      7.40   0.00000 0.00000 0.00000 0.00001 0.00009 0.00091 0.00973 0.07695   0.000   0.6342   0.1204    5.27   0.000      927.6   (tail empty)   0.997554   (25s)\n"}
,{"stream_name":"stdout","time":59.375670513,"data":" 0.10    1.045      8.16   0.00000 0.00000 0.00000 0.00001 0.00011 0.00126 0.01322 0.09504   0.000   0.6316   0.0884    7.15   0.000     1005.4   (tail empty)   0.995053   (48s)\n"}
,{"stream_name":"stdout","time":84.783135537,"data":" 0.15    1.080      8.93   0.00000 0.00000 0.00000 0.00001 0.00017 0.00214 0.01974 0.12084   0.000   0.5933   0.0733    8.09   0.000      967.7   (tail empty)   0.992478   (74s)\n"}
,{"stream_name":"stdout","time":110.06354326,"data":" 0.20    1.123      9.68   0.00000 0.00000 0.00000 0.00002 0.00036 0.00391 0.03029 0.15368   0.000   0.5263   0.0651    8.08   0.000      829.1   (tail empty)   0.989807   (99s)\n"}
,{"stream_name":"stdout","time":135.521174726,"data":" 0.25    1.175     10.39   0.00000 0.00000 0.00000 0.00004 0.00075 0.00688 0.04579 0.19152   0.000   0.4709   0.0597    7.89   0.000      716.5   (tail empty)   0.987021   (124s)\n"}
,{"stream_name":"stdout","time":160.792372712,"data":" 0.30    1.234     11.06   0.00000 0.00000 0.00000 0.00010 0.00143 0.01126 0.06703 0.23185   0.000   0.4336   0.0565    7.68   0.000      653.5   (tail empty)   0.984102   (150s)\n"}
,{"stream_name":"stdout","time":186.053600958,"data":" 0.35    1.300     12.04   0.00000 0.00000 0.00001 0.00020 0.00241 0.01753 0.09385 0.27251   0.000   0.4015   0.0544    7.38   0.000      613.0   (tail empty)   0.981030   (175s)\n"}
,{"stream_name":"stdout","time":211.322656413,"data":" 0.40    1.373     13.17   0.00000 0.00000 0.00002 0.00035 0.00377 0.02601 0.12527 0.31201   0.000   0.3720   0.0532    6.99   0.000      573.4   0.2026   0.977789   (200s)\n"}
,{"stream_name":"stdout","time":236.570314245,"data":" 0.45    1.452     14.32   0.00000 0.00001 0.00005 0.00056 0.00571 0.03666 0.15986 0.34923   0.000   0.3476   0.0529    6.57   0.000      541.4   0.1790   0.974363   (225s)\n"}
,{"stream_name":"stdout","time":259.427980081,"data":" 0.50    1.536     15.45   0.00000 0.00001 0.00008 0.00085 0.00839 0.04926 0.19624 0.38303   0.000   0.3287   0.0537    6.13   0.000      518.3   0.1581   0.970740   (248s)\n"}
,{"stream_name":"stdout","time":282.281415965,"data":" 0.55    1.625     16.56   0.00000 0.00002 0.00012 0.00128 0.01191 0.06354 0.23346 0.41220   0.000   0.3140   0.0551    5.70   0.000      503.0   0.1409   0.966906   (271s)\n"}
,{"stream_name":"stdout","time":305.135871544,"data":" 0.60    1.718     17.60   0.00000 0.00004 0.00019 0.00193 0.01632 0.07931 0.27087 0.43541   0.000   0.3031   0.0575    5.27   0.000      494.6   0.1284   0.962852   (294s)\n"}
,{"stream_name":"stdout","time":327.990530239,"data":" 0.65    1.813     18.58   0.00001 0.00005 0.00028 0.00283 0.02169 0.09668 0.30814 0.45115   0.001   0.2971   0.0601    4.94   0.000      499.4   0.1190   0.958569   (317s)\n"}
,{"stream_name":"stdout","time":350.849863098,"data":" 0.70    1.911     19.50   0.00001 0.00008 0.00042 0.00406 0.02810 0.11600 0.34531 0.45756   0.004   0.2941   0.0641    4.59   0.000      512.2   0.1119   0.954052   (340s)\n"}
,{"stream_name":"stdout","time":373.707073056,"data":" 0.75    2.010     20.33   0.00001 0.00013 0.00064 0.00567 0.03571 0.13774 0.38258 0.45269   0.009   0.2944   0.0689    4.28   0.000      533.0   0.1062   0.949296   (363s)\n"}
,{"stream_name":"stdout","time":396.610611558,"data":" 0.80    2.109     21.04   0.00002 0.00020 0.00097 0.00778 0.04487 0.16240 0.41982 0.43579   0.018   0.2933   0.0740    3.96   0.028       34.0   0.1008   0.944299   (385s)\n"}
,{"stream_name":"stdout","time":419.469616024,"data":" 0.85    2.208     21.67   0.00004 0.00032 0.00146 0.01053 0.05614 0.19060 0.45528 0.40880   0.029   0.2951   0.0824    3.58   0.092       40.8   0.0955   0.939061   (408s)\n"}
,{"stream_name":"stdout","time":442.328377346,"data":" 0.90    2.306     22.18   0.00006 0.00051 0.00217 0.01420 0.07014 0.22340 0.48350 0.37593   0.044   0.2960   0.0902    3.28   0.150       48.7   0.0905   0.933585   (431s)\n"}
,{"stream_name":"stdout","time":465.185948158,"data":" 0.95    2.401     22.56   0.00011 0.00081 0.00323 0.01926 0.08753 0.26221 0.49716 0.34191   0.067   0.2960   0.0982    3.01   0.211       55.8   0.0864   0.927875   (454s)\n"}
,{"stream_name":"stdout","time":488.616374996,"data":"lagrangian: 4000 particles seeded on the high set at t = 1.00; sheets A/B = 2850/1150\n"}
,{"stream_name":"stdout","time":489.933481699,"data":" 1.00    2.494     22.81   0.00018 0.00128 0.00479 0.02625 0.10938 0.30639 0.49431 0.31066   0.102   0.2911   0.0981    2.97   0.288       62.7   0.0829   0.921936   |    13.21   0.2735   1.0257   0.000   -0.3539  -0.1693  -0.3053    -       0.76  -0.799   0.3199  +0.608  +0.023   (479s)\n"}
,{"stream_name":"stdout","time":514.444753883,"data":" 1.05    2.583     22.90   0.00031 0.00203 0.00716 0.03581 0.13747 0.34907 0.47864 0.28463   0.149   0.2844   0.0901    3.16   0.353       75.7   0.0798   0.915777   |    13.43   0.2575   1.0586   0.000   -0.3151  -0.1519  -0.2673    -       0.86  -0.651   0.3107  +0.601  +0.013   (503s)\n"}
,{"stream_name":"stdout","time":541.392649161,"data":" 1.10    2.668     22.86   0.00054 0.00321 0.01075 0.04880 0.17277 0.38181 0.45346 0.26680   0.198   0.2772   0.0806    3.44   0.405       86.9   0.0778   0.909406   |    13.57   0.2417   1.0671   0.000   -0.2848  -0.1402  -0.2389    -       0.99  -0.552   0.3148  +0.600  -0.041   (530s)\n"}
,{"stream_name":"stdout","time":568.343275267,"data":" 1.15    2.749     22.73   0.00092 0.00511 0.01608 0.06650 0.21161 0.40342 0.42309 0.26249   0.242   0.2698   0.0714    3.78   0.435       95.3   0.0754   0.902833   |    13.73   0.2289   1.0770   0.000   -0.2626  -0.1341  -0.2145    -       1.13  -0.479   0.3112  +0.598  -0.066   (557s)\n"}
,{"stream_name":"stdout","time":597.728082651,"data":" 1.20    2.825     22.64   0.00158 0.00811 0.02383 0.08943 0.24749 0.41589 0.39594 0.26560   0.289   0.2610   0.0661    3.95   0.449      105.2   0.0747   0.896070   |    13.86   0.2151   1.0880   0.000   -0.2373  -0.1313  -0.1915    -       1.26  -0.447   0.3078  +0.584  -0.087   (587s)\n"}
,{"stream_name":"stdout","time":627.114393357,"data":" 1.25    2.896     22.72   0.00271 0.01264 0.03450 0.11555 0.27768 0.42046 0.37466 0.26097   0.342   0.2496   0.0602    4.15   0.444      115.8   0.0741   0.889128   |    13.95   0.2027   1.0926   0.000   -0.2237  -0.1225  -0.1855    -       1.44  -0.385   0.2927  +0.707  -0.241   (616s)\n"}
,{"stream_name":"stdout","time":656.501385809,"data":" 1.30    2.962     23.15   0.00449 0.01886 0.04765 0.14143 0.30215 0.41646 0.35161 0.25106   0.395   0.2392   0.0566    4.22   0.437      131.8   0.0710   0.882019   |    13.97   0.1910   1.1002   0.000   -0.1996  -0.1174  -0.1637    -       1.58  -0.353   0.2808  +0.688  -0.316   (645s)\n"}
,{"stream_name":"stdout","time":688.321400025,"data":" 1.35    3.023     23.62   0.00693 0.02636 0.06181 0.16480 0.31880 0.40124 0.32585 0.24053   0.446   0.2321   0.0563    4.12   0.409      148.9   0.0681   0.874756   |    13.92   0.1802   1.1065   0.000   -0.1922  -0.1181  -0.1570    -       1.80  -0.329   0.2704  +0.671  -0.348   (677s)\n"}
,{"stream_name":"stdout","time":720.143779979,"data":" 1.40    3.077     24.11   0.00984 0.03436 0.07558 0.18404 0.32384 0.37662 0.30155 0.22957   0.492   0.2241   0.0535    4.19   0.366      167.6   0.0671   0.867355   |    13.82   0.1713   1.1026   0.000   -0.1526  -0.1072  -0.1259    -       1.96  -0.290   0.2563  +0.718  -0.410   (709s)\n"}
,{"stream_name":"stdout","time":749.528503841,"data":" 1.45    3.124     24.64   0.01306 0.04239 0.08817 0.19728 0.31707 0.34826 0.28308 0.22069   0.533   0.2146   0.0510    4.21   0.334      171.7   0.0678   0.859830   |    13.71   0.1645   1.0832   0.000   -0.1429  -0.0929  -0.1166    -       2.13  -0.245   0.2373  +0.745  -0.521   (738s)\n"}
,{"stream_name":"stdout","time":778.912229715,"data":" 1.50    3.163     25.15   0.01667 0.05026 0.09884 0.20333 0.30263 0.31982 0.26632 0.21437   0.565   0.2037   0.0502    4.06   0.339      169.2   0.0683   0.852202   |    13.53   0.1612   1.0714   0.000   -0.1057  -0.0784  -0.0883    -       2.26  -0.201   0.2227  +0.690  -0.456   (768s)\n"}
,{"stream_name":"stdout","time":808.297291482,"data":" 1.55    3.191     26.70   0.02063 0.05744 0.10648 0.20257 0.28433 0.29367 0.24675 0.20480   0.592   0.2013   0.0494    4.08   0.349      185.7   0.0679   0.844491   |    13.30   0.1593   1.0270   0.000   -0.0747  -0.0566  -0.0560    -       2.44  -0.142   0.2152  +0.611  -0.362   (797s)\n"}
,{"stream_name":"stdout","time":835.245957253,"data":" 1.60    3.209     29.11   0.02445 0.06275 0.11001 0.19696 0.26431 0.26953 0.22755 0.19177   0.610   0.2053   0.0492    4.18   0.367      211.4   0.0665   0.836724   |    13.06   0.1580   0.9903   0.000   -0.0514  -0.0352  -0.0379    -       2.66  -0.085   0.2010  +0.574  -0.350   (824s)\n"}
,{"stream_name":"stdout","time":862.196047117,"data":" 1.65    3.214     32.07   0.02717 0.06508 0.10944 0.18870 0.24422 0.24580 0.20973 0.17716   0.616   0.2083   0.0490    4.25   0.390      227.7   0.0653   0.828929   |    12.74   0.1580   0.9385   0.000   -0.0384  -0.0288  -0.0301    -       2.89  -0.067   0.1935  +0.625  -0.327   (851s)\n"}
,{"stream_name":"stdout","time":889.147251372,"data":" 1.70    3.207     35.43   0.02799 0.06436 0.10616 0.17832 0.22285 0.22409 0.19331 0.16421   0.601   0.2095   0.0513    4.08   0.406      256.4   0.0639   0.821136   |    12.31   0.1564   0.9065   0.001   -0.0357  -0.0216  -0.0312    -       3.17  -0.048   0.1839  +0.568  -0.291   (878s)\n"}
,{"stream_name":"stdout","time":913.660244011,"data":" 1.75    3.188     38.77   0.02707 0.06190 0.10131 0.16476 0.20111 0.20562 0.18043 0.15492   0.557   0.2165   0.0568    3.81   0.397      268.1   0.0616   0.813377   |    11.80   0.1573   0.8724   0.003   -0.0190  -0.0159  -0.0208    -       3.39  -0.034   0.1738  +0.591  -0.334   (903s)\n"}
,{"stream_name":"stdout","time":938.173580186,"data":" 1.80    3.160     41.59   0.02540 0.05840 0.09440 0.14883 0.18298 0.19179 0.17193 0.14705   0.504   0.2192   0.0712    3.08   0.384      256.1   0.0583   0.805674   |    11.30   0.1589   0.8497   0.011   +0.0108  -0.0065  +0.0101    -       3.55  -0.014   0.1722  +0.663  -0.381   (927s)\n"}
,{"stream_name":"stdout","time":962.685783425,"data":" 1.85    3.127     42.10   0.02349 0.05356 0.08537 0.13384 0.17041 0.18284 0.16548 0.14049   0.489   0.2217   0.0823    2.69   0.384      255.1   0.0553   0.798044   |    10.86   0.1618   0.8273   0.017   +0.0191  -0.0042  +0.0150   0.58     3.49  -0.009   0.1672  +0.709  -0.422   (952s)\n"}
,{"stream_name":"stdout","time":989.63357735,"data":" 1.90    3.091     40.56   0.02114 0.04756 0.07567 0.12191 0.16239 0.17723 0.16028 0.13723   0.494   0.2166   0.0802    2.70   0.435      249.3   0.0538   0.790500   |    10.53   0.1646   0.8035   0.024   +0.0361  -0.0023  +0.0324   0.59     3.41  -0.005   0.1647  +0.804  -0.495   (978s)\n"}
,{"stream_name":"stdout","time":1016.584822345,"data":" 1.95    3.052     37.80   0.01828 0.04135 0.06703 0.11315 0.15680 0.17320 0.15594 0.13642   0.492   0.2046   0.0652    3.14   0.475      217.8   0.0536   0.783047   |    10.23   0.1684   0.8042   0.034   +0.0435  -0.0015  +0.0404   0.56     3.35  -0.003   0.1556  +0.845  -0.491   (1005s)\n"}
,{"stream_name":"stdout","time":1043.537532561,"data":" 2.00    3.014     36.27   0.01541 0.03600 0.06030 0.10680 0.15212 0.16946 0.15323 0.13596   0.467   0.1978   0.0613    3.23   0.486      188.8   0.0542   0.775688   |     9.91   0.1706   0.7888   0.043   +0.0339  +0.0010  +0.0321   0.79     3.36  +0.002   0.1525  +0.853  -0.489   (1032s)\n"}
,{"stream_name":"stdout","time":1043.564714125,"data":"\n"}
,{"stream_name":"stdout","time":1043.564745436,"data":"C26 Lagrangian: gap 0.2735 -\u003e 0.1564 (min at t = 1.70, inside the clock 2.00); linear fit T* = 1.99, lambda = 0.99; jump 1.0257 at seed -\u003e max 1.1065 before the merge (x1.08); material |w| 13.2 -\u003e 14.0\n"}
,{"stream_name":"stdout","time":1043.564754866,"data":"C29 who closes the gap: on the descent the measured closing rate (u) is -0.1959 median (finite-difference of the gap -0.1833), the self-induced rate (u_H) -0.1177: self-induced share 0.60\n"}
,{"stream_name":"stdout","time":1043.564760504,"data":"REGISTERED C29: between (share 0.60)\n"}
,{"stream_name":"stdout","time":1043.564765659,"data":"C30/C31 three masks on the descent: closing rate from the pair (\u003e0.5 max) -0.1177, the whole sheets (\u003e0.1 max) -0.1603, full -0.1959 -\u003e shares pair 0.60, sheets 0.82, far field 0.18 (far share first -\u003e last: 0.14 -\u003e 0.22); curvature kappa 0.76 -\u003e 2.89; C_LIA = rate_pair/(jump kappa gap) median -0.341, max/min -\n"}
,{"stream_name":"stdout","time":1043.564772391,"data":"REGISTERED C30: between\n"}
,{"stream_name":"stdout","time":1043.564776982,"data":"REGISTERED C31: between (far share 0.18, trend +0.08)\n"}
,{"stream_name":"stdout","time":1043.564781608,"data":"flipped fluid sits at 0.58 of the gap from the other sheet (median over the post-merge rows): threads beside them\n"}
,{"stream_name":"stdout","time":1043.564786245,"data":"C32 closing law: k = -dgap/dt / (gap - delta) on the descent: median 1.68, spread 0.41..1.86 over 14 rows (t 1.00-1.65)\n"}
,{"stream_name":"stdout","time":1043.564791031,"data":"C34 strain budget on the material sheets (t 1.00-1.65): d log|w|/dt = -0.050 ; thinning n.S.n = +0.644 (material thickness thins at 0.828) ; narrowing t.S.t = -0.249 ; sum +0.395 ; residual -0.445 (886% of the growth)\n"}
,{"stream_name":"stdout","time":1043.564798246,"data":"REGISTERED C34: KILL: a residual of 886% - something outside the strain budget\n"}
,{"stream_name":"stdout","time":1043.564833404,"data":"C28 flip: fraction of tagged particles with reversed omega . xi_ref: 0.000 at seed -\u003e 0.001 at the merge -\u003e 0.043 at the clock; gap after the merge re-opens, no second closing inside the clock\n"}
,{"stream_name":"stdout","time":1043.564841543,"data":"REGISTERED C28: KILL: clean cut (flip 0.043)\n"}
,{"stream_name":"stdout","time":1043.564846445,"data":"REGISTERED C26: PASS: linear closing, bounded jump\n"}
,{"stream_name":"stdout","time":1043.564852452,"data":"\n"}
,{"stream_name":"stdout","time":1043.564857051,"data":"C22 descent: separation -\u003e peak twist, peak time (clock expires at t = 2.00)\n"}
,{"stream_name":"stdout","time":1043.564862441,"data":"   sep 0.05   peak 0.02799 at t = 1.70\n"}
,{"stream_name":"stdout","time":1043.56486764,"data":"   sep 0.07   peak 0.06508 at t = 1.65\n"}
,{"stream_name":"stdout","time":1043.564882218,"data":"   sep 0.10   peak 0.11001 at t = 1.60\n"}
,{"stream_name":"stdout","time":1043.564885852,"data":"   sep 0.14   peak 0.20333 at t = 1.50\n"}
,{"stream_name":"stdout","time":1043.564889241,"data":"   sep 0.20   peak 0.32384 at t = 1.40\n"}
,{"stream_name":"stdout","time":1043.564892572,"data":"   sep 0.28   peak 0.42046 at t = 1.25\n"}
,{"stream_name":"stdout","time":1043.56489606,"data":"   sep 0.40   peak 0.49716 at t = 0.95\n"}
,{"stream_name":"stdout","time":1043.564899762,"data":"   sep 0.56   peak 0.45756 at t = 0.70\n"}
,{"stream_name":"stdout","time":1043.564904087,"data":"   halving times (time for the wave to descend one octave), from resolved peaks only:\n"}
,{"stream_name":"stdout","time":1043.564907658,"data":"      0.56 -\u003e 0.40 : 0.25  per octave 0.52\n"}
,{"stream_name":"stdout","time":1043.564911187,"data":"      0.40 -\u003e 0.28 : 0.30  per octave 0.58\n"}
,{"stream_name":"stdout","time":1043.564914895,"data":"      0.28 -\u003e 0.20 : 0.15  per octave 0.31\n"}
,{"stream_name":"stdout","time":1043.564923763,"data":"      0.20 -\u003e 0.14 : 0.10  per octave 0.19\n"}
,{"stream_name":"stdout","time":1043.564926606,"data":"      0.14 -\u003e 0.10 : 0.10  per octave 0.21\n"}
,{"stream_name":"stdout","time":1043.564928894,"data":"      0.10 -\u003e 0.07 : 0.05  per octave 0.10\n"}
,{"stream_name":"stdout","time":1043.564931177,"data":"      0.07 -\u003e 0.05 : 0.05  per octave 0.10\n"}
,{"stream_name":"stdout","time":1043.564934043,"data":"   V: gap = 0.501 (1.79 - t) from sep \u003e= 0.1, T* = 1.79; thickness e-fold 1.18 fitted on t in [0.40, 1.60]; arms meet at t = 1.69, scale 0.052, sqrt(nu/s) there 0.051 (inside the clock)\n"}
,{"stream_name":"stdout","time":1043.564950328,"data":"\n"}
,{"stream_name":"stdout","time":1043.564954522,"data":"clock expires at t = 2.00 (delta 0.0542); strong twist peak 0.11001 at t = 1.60, at the clock 0.06030 (fall 45%); max|w| growth to the clock 5.07x\n"}
,{"stream_name":"stdout","time":1043.564958795,"data":"race variable ell/ell_nu min inside the clock = 2.44 (at t = 0.00); cut fraction at the clock 0.486\n"}
,{"stream_name":"stdout","time":1043.564963064,"data":"C21: Re_seam at the twist peak (t = 1.60) = 211.4; twist peak 0.11001; max|w| at the peak 29.1\n"}
,{"stream_name":"stdout","time":1043.564967097,"data":"REGISTERED C20 at nu=0.002: between (see rows)\n"}
,{"stream_name":"stdout","time":1045.824861597,"data":"=== IC=found NU=1e-3 T=1.8 N=320 LAGR=1 TSEED=1.0 -\u003e /kaggle/working/seam_ICfound_NU1e-3_T1.8_N320_LAGR1_TSEED1.0.txt\n"}
,{"stream_name":"stdout","time":1048.716210218,"data":"seam race on GPU: IC=found  N=320^3  nu=0.001  T=1.8  Z0=0.375  clock 2dx=0.0393  device=cuda  FORCE=0 (steady)\n"}
,{"stream_name":"stdout","time":1050.116270335,"data":"   t     Z/Z0    max|w|   twist@0.05 @0.07 @0.1 @0.14 @0.2 @0.28 @0.4 @0.56   anti    ell     ell_nu   race   cut    Re_seam   delta     E/E0   | material|w|  gap   jump   flip   dgap/dt(u) dgap/dt(pair) dgap/dt(sheets) flipped@  kappa  C_LIA   delta_m  s_m    n_m\n"}
,{"stream_name":"stdout","time":1050.116335677,"data":" 0.00    1.000      7.16   0.00000 0.00000 0.00000 0.00001 0.00008 0.00080 0.00821 0.06609   0.000   0.6366   0.1843    3.45   0.000     1821.5   (tail empty)   1.000000   (1s)\n"}
,{"stream_name":"stdout","time":1072.558403311,"data":" 0.05    1.020      7.41   0.00000 0.00000 0.00000 0.00001 0.00009 0.00091 0.00974 0.07703   0.000   0.6342   0.0850    7.46   0.000     1857.2   (tail empty)   0.998776   (24s)\n"}
,{"stream_name":"stdout","time":1095.119184907,"data":" 0.10    1.048      8.18   0.00000 0.00000 0.00000 0.00001 0.00011 0.00127 0.01326 0.09528   0.000   0.6314   0.0624   10.12   0.000     2013.7   (tail empty)   0.997522   (46s)\n"}
,{"stream_name":"stdout","time":1119.8511936,"data":" 0.15    1.086      8.96   0.00000 0.00000 0.00000 0.00001 0.00017 0.00216 0.01989 0.12140   0.000   0.5923   0.0517   11.46   0.000     1936.9   (tail empty)   0.996229   (71s)\n"}
,{"stream_name":"stdout","time":1144.575792758,"data":" 0.20    1.132      9.74   0.00000 0.00000 0.00000 0.00002 0.00036 0.00398 0.03064 0.15471   0.000   0.5244   0.0459   11.44   0.000     1656.4   (tail empty)   0.994884   (96s)\n"}
,{"stream_name":"stdout","time":1169.3262733,"data":" 0.25    1.187     10.47   0.00000 0.00000 0.00000 0.00004 0.00077 0.00703 0.04654 0.19319   0.000   0.4690   0.0420   11.18   0.000     1434.3   (tail empty)   0.993478   (121s)\n"}
,{"stream_name":"stdout","time":1194.082935208,"data":" 0.30    1.251     11.17   0.00000 0.00000 0.00001 0.00010 0.00147 0.01156 0.06843 0.23425   0.000   0.4310   0.0397   10.85   0.000     1306.3   (tail empty)   0.992001   (145s)\n"}
,{"stream_name":"stdout","time":1218.81756065,"data":" 0.35    1.323     12.22   0.00000 0.00000 0.00001 0.00020 0.00250 0.01811 0.09617 0.27567   0.000   0.3983   0.0382   10.42   0.000     1225.8   (tail empty)   0.990441   (170s)\n"}
,{"stream_name":"stdout","time":1243.55071901,"data":" 0.40    1.402     13.42   0.00000 0.00000 0.00003 0.00037 0.00393 0.02701 0.12871 0.31590   0.000   0.3674   0.0374    9.83   0.000     1139.5   0.1906   0.988789   (195s)\n"}
,{"stream_name":"stdout","time":1268.280720009,"data":" 0.45    1.489     14.67   0.00000 0.00001 0.00005 0.00059 0.00601 0.03821 0.16447 0.35377   0.000   0.3429   0.0372    9.22   0.000     1079.0   0.1659   0.987036   (220s)\n"}
,{"stream_name":"stdout","time":1290.668691571,"data":" 0.50    1.584     15.92   0.00000 0.00001 0.00008 0.00091 0.00893 0.05147 0.20190 0.38804   0.000   0.3239   0.0377    8.59   0.000     1036.1   0.1429   0.985173   (242s)\n"}
,{"stream_name":"stdout","time":1313.054568056,"data":" 0.55    1.684     17.17   0.00000 0.00002 0.00013 0.00140 0.01278 0.06648 0.23988 0.41743   0.000   0.3091   0.0389    7.94   0.000     1006.4   0.1247   0.983191   (264s)\n"}
,{"stream_name":"stdout","time":1335.438908837,"data":" 0.60    1.791     18.37   0.00000 0.00004 0.00020 0.00214 0.01766 0.08300 0.27757 0.44052   0.000   0.2972   0.0408    7.28   0.000      994.9   0.1106   0.981084   (287s)\n"}
,{"stream_name":"stdout","time":1357.831182446,"data":" 0.65    1.903     19.49   0.00001 0.00006 0.00031 0.00322 0.02365 0.10107 0.31461 0.45564   0.002   0.2922   0.0430    6.79   0.000     1005.8   0.1010   0.978844   (309s)\n"}
,{"stream_name":"stdout","time":1380.226723918,"data":" 0.70    2.020     20.62   0.00001 0.00009 0.00049 0.00471 0.03087 0.12095 0.35114 0.46050   0.007   0.2885   0.0461    6.26   0.000     1040.1   0.0936   0.976465   (332s)\n"}
,{"stream_name":"stdout","time":1402.645412282,"data":" 0.75    2.141     21.61   0.00002 0.00015 0.00079 0.00672 0.03950 0.14297 0.38773 0.45261   0.016   0.2871   0.0497    5.77   0.000       61.3   0.0872   0.973942   (354s)\n"}
,{"stream_name":"stdout","time":1425.04499957,"data":" 0.80    2.265     22.52   0.00003 0.00025 0.00125 0.00944 0.04990 0.16751 0.42484 0.43128   0.029   0.2831   0.0562    5.03   0.014       73.8   0.0808   0.971270   (376s)\n"}
,{"stream_name":"stdout","time":1447.446243774,"data":" 0.85    2.393     23.30   0.00005 0.00043 0.00197 0.01310 0.06256 0.19528 0.46053 0.39951   0.048   0.2778   0.0628    4.42   0.034       93.1   0.0748   0.968445   (399s)\n"}
,{"stream_name":"stdout","time":1469.848985846,"data":" 0.90    2.523     23.96   0.00009 0.00075 0.00309 0.01813 0.07786 0.22796 0.48617 0.36260   0.075   0.2739   0.0703    3.90   0.058      113.5   0.0694   0.965463   (421s)\n"}
,{"stream_name":"stdout","time":1492.250223321,"data":" 0.95    2.655     24.43   0.00018 0.00131 0.00486 0.02510 0.09635 0.26891 0.49232 0.32595   0.115   0.2695   0.0717    3.76   0.070      134.3   0.0651   0.962322   (444s)\n"}
,{"stream_name":"stdout","time":1514.840567554,"data":"lagrangian: 4000 particles seeded on the high set at t = 1.00; sheets A/B = 2682/1318\n"}
,{"stream_name":"stdout","time":1516.10685828,"data":" 1.00    2.788     24.75   0.00035 0.00226 0.00764 0.03438 0.11947 0.31776 0.48196 0.29348   0.175   0.2640   0.0678    3.90   0.070      162.2   0.0611   0.959020   |    14.23   0.2678   1.0980   0.000   -0.3782  -0.1732  -0.3287    -       0.81  -0.724   0.2843  +0.786  -0.055   (467s)\n"}
,{"stream_name":"stdout","time":1542.501347774,"data":" 1.05    2.923     24.95   0.00069 0.00387 0.01191 0.04638 0.15115 0.36005 0.46095 0.26711   0.234   0.2588   0.0598    4.33   0.090      186.8   0.0581   0.955556   |    14.58   0.2508   1.1191   0.000   -0.3396  -0.1597  -0.2896    -       0.98  -0.581   0.2824  +0.811  -0.125   (494s)\n"}
,{"stream_name":"stdout","time":1568.90394599,"data":" 1.10    3.057     25.10   0.00130 0.00649 0.01801 0.06224 0.19398 0.38740 0.43108 0.25125   0.288   0.2525   0.0547    4.61   0.130      204.9   0.0562   0.951929   |    14.94   0.2342   1.1474   0.000   -0.3121  -0.1515  -0.2647    -       1.15  -0.490   0.2790  +0.803  -0.091   (520s)\n"}
,{"stream_name":"stdout","time":1597.678840712,"data":" 1.15    3.192     25.32   0.00238 0.01045 0.02639 0.08517 0.23754 0.40501 0.39856 0.25546   0.340   0.2423   0.0485    5.00   0.180      223.4   0.0541   0.948139   |    15.33   0.2195   1.1547   0.000   -0.2637  -0.1366  -0.2183    -       1.38  -0.390   0.2812  +0.752  -0.148   (549s)\n"}
,{"stream_name":"stdout","time":1628.822537491,"data":" 1.20    3.327     25.67   0.00414 0.01611 0.03828 0.11666 0.27324 0.41479 0.37761 0.25617   0.397   0.2284   0.0440    5.19   0.215      242.4   0.0535   0.944185   |    15.68   0.2072   1.1466   0.000   -0.2340  -0.1247  -0.1908    -       1.55  -0.339   0.2636  +0.797  -0.260   (580s)\n"}
,{"stream_name":"stdout","time":1659.958464738,"data":" 1.25    3.462     26.13   0.00688 0.02435 0.05532 0.15061 0.30396 0.41959 0.35631 0.24638   0.458   0.2136   0.0377    5.66   0.252      252.6   0.0504   0.940067   |    16.01   0.1946   1.1642   0.000   -0.2211  -0.1217  -0.1804    -       1.78  -0.301   0.2520  +0.754  -0.266   (611s)\n"}
,{"stream_name":"stdout","time":1693.472654434,"data":" 1.30    3.597     26.70   0.01105 0.03582 0.07643 0.18217 0.33043 0.41220 0.32901 0.23664   0.519   0.1982   0.0341    5.82   0.272      264.2   0.0471   0.935786   |    16.34   0.1841   1.1786   0.000   -0.2036  -0.1212  -0.1626    -       2.00  -0.279   0.2379  +0.790  -0.405   (645s)\n"}
,{"stream_name":"stdout","time":1726.983284352,"data":" 1.35    3.732     27.42   0.01688 0.04989 0.09894 0.21100 0.34502 0.38986 0.30421 0.22703   0.579   0.1862   0.0316    5.89   0.275      288.2   0.0451   0.931340   |    16.45   0.1735   1.1993   0.000   -0.1874  -0.1150  -0.1539    -       2.24  -0.247   0.2223  +0.902  -0.585   (678s)\n"}
,{"stream_name":"stdout","time":1760.49687954,"data":" 1.40    3.865     28.80   0.02413 0.06560 0.12156 0.23472 0.34393 0.36345 0.28843 0.22049   0.637   0.1791   0.0295    6.08   0.261      317.6   0.0455   0.926732   |    16.45   0.1641   1.1995   0.000   -0.1745  -0.1193  -0.1494    -       2.54  -0.238   0.2081  +0.877  -0.585   (712s)\n"}
,{"stream_name":"stdout","time":1791.627910407,"data":" 1.45    3.997     32.04   0.03302 0.08281 0.14356 0.25004 0.33310 0.33603 0.27454 0.21715   0.677   0.1824   0.0311    5.87   0.208      418.0   0.0462   0.921962   |    16.36   0.1583   1.1828   0.000   -0.1426  -0.0902  -0.1183    -       2.81  -0.171   0.1947  +0.872  -0.560   (743s)\n"}
,{"stream_name":"stdout","time":1822.761498984,"data":" 1.50    4.126     35.48   0.04413 0.10107 0.16279 0.25655 0.31644 0.30875 0.25406 0.20730   0.711   0.1847   0.0318    5.80   0.165      505.8   0.0464   0.917035   |    16.22   0.1539   1.1371   0.000   -0.1096  -0.0698  -0.0907    -       3.13  -0.127   0.1889  +0.792  -0.390   (774s)\n"}
,{"stream_name":"stdout","time":1853.89415544,"data":" 1.55    4.250     38.57   0.05705 0.11787 0.17629 0.25556 0.29507 0.28184 0.23206 0.19213   0.729   0.1871   0.0323    5.78   0.155      577.1   0.0461   0.911954   |    16.01   0.1501   1.0893   0.000   -0.0955  -0.0535  -0.0774    -       3.47  -0.094   0.1777  +0.643  -0.267   (805s)\n"}
,{"stream_name":"stdout","time":1882.645403515,"data":" 1.60    4.365     44.76   0.06968 0.12988 0.18201 0.24913 0.27111 0.25320 0.21006 0.17333   0.728   0.1798   0.0319    5.65   0.143      593.6   0.0464   0.906727   |    15.67   0.1487   1.0329   0.001   -0.0623  -0.0319  -0.0518    -       3.72  -0.056   0.1660  +0.654  -0.286   (834s)\n"}
,{"stream_name":"stdout","time":1911.398576633,"data":" 1.65    4.467     54.03   0.07856 0.13474 0.18128 0.23527 0.24310 0.22499 0.18657 0.15529   0.745   0.1433   0.0338    4.24   0.138      433.4   0.0462   0.901368   |    15.46   0.1492   0.9931   0.002   -0.0471  -0.0178  -0.0458    -       4.08  -0.029   0.1532  +0.691  -0.361   (863s)\n"}
,{"stream_name":"stdout","time":1940.144915772,"data":" 1.70    4.553     67.55   0.08159 0.13197 0.17159 0.21101 0.21251 0.19703 0.16564 0.14008   0.837   0.0887   0.0278    3.20   0.085      253.9   0.0437   0.895895   |    15.10   0.1488   0.9502   0.003   -0.0326  -0.0093  -0.0351    -       4.33  -0.015   0.1394  +0.789  -0.437   (891s)\n"}
,{"stream_name":"stdout","time":1966.516241162,"data":" 1.75    4.621     77.00   0.07940 0.12088 0.15430 0.18391 0.18729 0.17554 0.15044 0.12641   0.902   0.0768   0.0219    3.51   0.163      212.2   0.0398   0.890328   |    14.75   0.1495   0.9282   0.005   -0.0196  -0.0068  -0.0300    -       4.91  -0.010   0.1323  +0.826  -0.439   (918s)\n"}
,{"stream_name":"stdout","time":1992.896841274,"data":" 1.80    4.672     82.19   0.07385 0.10696 0.13570 0.16345 0.17296 0.16363 0.14041 0.11889   0.938   0.0811   0.0193    4.20   0.175      274.3   0.0377   0.884689  \u003c-- past the clock   |    14.45   0.1533   0.8936   0.009   -0.0050  -0.0030  -0.0190   0.66     5.20  -0.004   0.1237  +0.832  -0.424   (944s)\n"}
,{"stream_name":"stdout","time":1992.906152924,"data":"\n"}
,{"stream_name":"stdout","time":1992.906184065,"data":"C26 Lagrangian: gap 0.2678 -\u003e 0.1487 (min at t = 1.60, inside the clock 1.75); linear fit T* = 1.95, lambda = 0.99; jump 1.0980 at seed -\u003e max 1.1995 before the merge (x1.09); material |w| 14.2 -\u003e 16.4\n"}
,{"stream_name":"stdout","time":1992.906192006,"data":"C29 who closes the gap: on the descent the measured closing rate (u) is -0.2124 median (finite-difference of the gap -0.2158), the self-induced rate (u_H) -0.1215: self-induced share 0.56\n"}
,{"stream_name":"stdout","time":1992.906198039,"data":"REGISTERED C29: between (share 0.56)\n"}
,{"stream_name":"stdout","time":1992.906203349,"data":"C30/C31 three masks on the descent: closing rate from the pair (\u003e0.5 max) -0.1215, the whole sheets (\u003e0.1 max) -0.1715, full -0.2124 -\u003e shares pair 0.56, sheets 0.83, far field 0.17 (far share first -\u003e last: 0.13 -\u003e 0.19); curvature kappa 0.81 -\u003e 3.47; C_LIA = rate_pair/(jump kappa gap) median -0.290, max/min -\n"}
,{"stream_name":"stdout","time":1992.906209106,"data":"REGISTERED C30: between\n"}
,{"stream_name":"stdout","time":1992.906213354,"data":"REGISTERED C31: between (far share 0.17, trend +0.06)\n"}
,{"stream_name":"stdout","time":1992.906217755,"data":"C32 closing law: k = -dgap/dt / (gap - delta) on the descent: median 1.50, spread 0.92..1.83 over 12 rows (t 1.00-1.55)\n"}
,{"stream_name":"stdout","time":1992.906222484,"data":"C34 strain budget on the material sheets (t 1.00-1.55): d log|w|/dt = +0.238 ; thinning n.S.n = +0.798 (material thickness thins at 0.935) ; narrowing t.S.t = -0.311 ; sum +0.487 ; residual -0.248 (104% of the growth)\n"}
,{"stream_name":"stdout","time":1992.906240521,"data":"REGISTERED C34: KILL: a residual of 104% - something outside the strain budget\n"}
,{"stream_name":"stdout","time":1992.906244323,"data":"C28 flip: fraction of tagged particles with reversed omega . xi_ref: 0.000 at seed -\u003e 0.001 at the merge -\u003e 0.005 at the clock; gap after the merge re-opens, no second closing inside the clock\n"}
,{"stream_name":"stdout","time":1992.906250131,"data":"REGISTERED C28: KILL: clean cut (flip 0.005)\n"}
,{"stream_name":"stdout","time":1992.906253759,"data":"REGISTERED C26: PASS: linear closing, bounded jump\n"}
,{"stream_name":"stdout","time":1992.906258913,"data":"\n"}
,{"stream_name":"stdout","time":1992.906262514,"data":"C22 descent: separation -\u003e peak twist, peak time (clock expires at t = 1.75)\n"}
,{"stream_name":"stdout","time":1992.906266542,"data":"   sep 0.05   peak 0.08159 at t = 1.70\n"}
,{"stream_name":"stdout","time":1992.906270653,"data":"   sep 0.07   peak 0.13474 at t = 1.65\n"}
,{"stream_name":"stdout","time":1992.906284737,"data":"   sep 0.10   peak 0.18201 at t = 1.60\n"}
,{"stream_name":"stdout","time":1992.906287669,"data":"   sep 0.14   peak 0.25655 at t = 1.50\n"}
,{"stream_name":"stdout","time":1992.906290754,"data":"   sep 0.20   peak 0.34502 at t = 1.35\n"}
,{"stream_name":"stdout","time":1992.906294194,"data":"   sep 0.28   peak 0.41959 at t = 1.25\n"}
,{"stream_name":"stdout","time":1992.906297844,"data":"   sep 0.40   peak 0.49232 at t = 0.95\n"}
,{"stream_name":"stdout","time":1992.906301656,"data":"   sep 0.56   peak 0.46050 at t = 0.70\n"}
,{"stream_name":"stdout","time":1992.906305084,"data":"   halving times (time for the wave to descend one octave), from resolved peaks only:\n"}
,{"stream_name":"stdout","time":1992.906308198,"data":"      0.56 -\u003e 0.40 : 0.25  per octave 0.52\n"}
,{"stream_name":"stdout","time":1992.90631232,"data":"      0.40 -\u003e 0.28 : 0.30  per octave 0.58\n"}
,{"stream_name":"stdout","time":1992.906315959,"data":"      0.28 -\u003e 0.20 : 0.10  per octave 0.21\n"}
,{"stream_name":"stdout","time":1992.906319465,"data":"      0.20 -\u003e 0.14 : 0.15  per octave 0.29\n"}
,{"stream_name":"stdout","time":1992.906323265,"data":"      0.14 -\u003e 0.10 : 0.10  per octave 0.21\n"}
,{"stream_name":"stdout","time":1992.90632721,"data":"      0.10 -\u003e 0.07 : 0.05  per octave 0.10\n"}
,{"stream_name":"stdout","time":1992.906330485,"data":"      0.07 -\u003e 0.05 : 0.05  per octave 0.10\n"}
,{"stream_name":"stdout","time":1992.906334405,"data":"   V: gap = 0.507 (1.78 - t) from sep \u003e= 0.1, T* = 1.78; thickness e-fold 0.88 fitted on t in [0.40, 1.60]; arms meet at t = 1.72, scale 0.031, sqrt(nu/s) there 0.028 (inside the clock)\n"}
,{"stream_name":"stdout","time":1992.906338878,"data":"\n"}
,{"stream_name":"stdout","time":1992.906342131,"data":"clock expires at t = 1.75 (delta 0.0398); strong twist peak 0.18201 at t = 1.60, at the clock 0.15430 (fall 15%); max|w| growth to the clock 10.76x\n"}
,{"stream_name":"stdout","time":1992.906345773,"data":"race variable ell/ell_nu min inside the clock = 3.20 (at t = 1.70); cut fraction at the clock 0.163\n"}
,{"stream_name":"stdout","time":1992.906349514,"data":"C21: Re_seam at the twist peak (t = 1.60) = 593.6; twist peak 0.18201; max|w| at the peak 44.8\n"}
,{"stream_name":"stdout","time":1992.906353524,"data":"REGISTERED C20 at nu=0.001: between (see rows)\n"}
,{"stream_name":"stderr","time":1996.11682881,"data":"/usr/local/lib/python3.12/dist-packages/mistune.py:435: SyntaxWarning: invalid escape sequence '\\|'\n"}
,{"stream_name":"stderr","time":1996.116896099,"data":"  cells[i][c] = re.sub('\\\\\\\\\\|', '|', cell)\n"}
,{"stream_name":"stderr","time":1996.447658835,"data":"/usr/local/lib/python3.12/dist-packages/nbconvert/filters/filter_links.py:36: SyntaxWarning: invalid escape sequence '\\_'\n"}
,{"stream_name":"stderr","time":1996.447714903,"data":"  text = re.sub(r'_', '\\_', text) # Escape underscores in display text\n"}
,{"stream_name":"stderr","time":1997.158856205,"data":"[NbConvertApp] Converting notebook __script__.ipynb to html\n"}
,{"stream_name":"stderr","time":1998.724423056,"data":"[NbConvertApp] Writing 533665 bytes to __results__.html\n"}
]