[{"stream_name":"stdout","time":7.076281267,"data":"=== IC=found NU=2e-3 T=3 FORCE=0.5 -\u003e /kaggle/working/seam_ICfound_NU2e-3_T3_FORCE0.5.txt\n"}
,{"stream_name":"stdout","time":9.630690286,"data":"found field at /kaggle/input/datasets/mrigshira/zef-found/leashed64_dmin030.npz\n"}
,{"stream_name":"stdout","time":10.347769182,"data":"forced: f = 0.50 x (initial field, |k| \u003c= 4), |f|_rms = 0.1045, energy injection rate at t=0 = 0.0218 (vs 2 nu Z0 = 0.0015)\n"}
,{"stream_name":"stdout","time":10.347838407,"data":"seam race on GPU: IC=found  N=256^3  nu=0.002  T=3.0  Z0=0.375  clock 2dx=0.0491  device=cuda  FORCE=0.5\n"}
,{"stream_name":"stdout","time":11.676593622,"data":"   t     Z/Z0    max|w|   twist@0.05 @0.07 @0.1 @0.14 @0.2 @0.28 @0.4 @0.56   anti    ell     ell_nu   race   cut    Re_seam   delta     E/E0\n"}
,{"stream_name":"stdout","time":11.676640606,"data":" 0.00    1.000      7.16   0.00000 0.00000 0.00000 0.00001 0.00008 0.00071 0.00821 0.06333   0.000   0.6364   0.2607    2.44   0.000      910.1   (tail empty)   1.000000   (1s)\n"}
,{"stream_name":"stdout","time":21.095752398,"data":" 0.05    1.042      7.47   0.00000 0.00000 0.00000 0.00001 0.00008 0.00078 0.00948 0.07217   0.000   0.6347   0.1196    5.31   0.000      938.8   (tail empty)   1.033159   (11s)\n"}
,{"stream_name":"stdout","time":31.747307232,"data":" 0.10    1.094      8.32   0.00000 0.00000 0.00000 0.00001 0.00010 0.00105 0.01260 0.08766   0.000   0.6343   0.0874    7.26   0.000     1033.5   (tail empty)   1.066750   (21s)\n"}
,{"stream_name":"stdout","time":42.385077121,"data":" 0.15    1.157      9.19   0.00000 0.00000 0.00000 0.00002 0.00016 0.00176 0.01855 0.11030   0.000   0.5984   0.0722    8.29   0.000     1011.5   (tail empty)   1.100656   (32s)\n"}
,{"stream_name":"stdout","time":53.000271588,"data":" 0.20    1.230     10.06   0.00000 0.00000 0.00000 0.00003 0.00032 0.00321 0.02827 0.13965   0.000   0.5324   0.0639    8.33   0.000      880.1   (tail empty)   1.134765   (43s)\n"}
,{"stream_name":"stdout","time":63.593335951,"data":" 0.25    1.315     10.92   0.00000 0.00000 0.00000 0.00007 0.00068 0.00570 0.04268 0.17404   0.000   0.4752   0.0581    8.17   0.000      766.2   (tail empty)   1.168966   (53s)\n"}
,{"stream_name":"stdout","time":74.176232553,"data":" 0.30    1.411     11.74   0.00000 0.00000 0.00000 0.00015 0.00129 0.00942 0.06253 0.21117   0.000   0.4354   0.0547    7.96   0.000      700.5   0.2589   1.203151   (64s)\n"}
,{"stream_name":"stdout","time":84.72330017,"data":" 0.35    1.518     13.02   0.00000 0.00000 0.00001 0.00029 0.00219 0.01484 0.08769 0.24895   0.000   0.4024   0.0523    7.69   0.000      663.1   0.2262   1.237219   (74s)\n"}
,{"stream_name":"stdout","time":95.25206769,"data":" 0.40    1.637     14.44   0.00000 0.00000 0.00002 0.00051 0.00349 0.02234 0.11715 0.28582   0.000   0.3711   0.0510    7.28   0.000      623.6   0.1985   1.271078   (85s)\n"}
,{"stream_name":"stdout","time":106.99560638,"data":" 0.45    1.767     15.90   0.00000 0.00000 0.00004 0.00081 0.00543 0.03198 0.14941 0.32050   0.000   0.3471   0.0508    6.84   0.000      596.0   0.1726   1.304640   (97s)\n"}
,{"stream_name":"stdout","time":117.487193864,"data":" 0.50    1.907     17.35   0.00000 0.00001 0.00007 0.00128 0.00824 0.04364 0.18309 0.35148   0.000   0.3276   0.0517    6.34   0.000      572.8   0.1499   1.337828   (107s)\n"}
,{"stream_name":"stdout","time":127.958966705,"data":" 0.55    2.057     18.81   0.00000 0.00001 0.00011 0.00206 0.01208 0.05716 0.21738 0.37685   0.000   0.3134   0.0534    5.87   0.000      563.8   0.1327   1.370574   (118s)\n"}
,{"stream_name":"stdout","time":138.419618964,"data":" 0.60    2.217     20.28   0.00000 0.00002 0.00017 0.00325 0.01707 0.07246 0.25183 0.39431   0.000   0.3035   0.0564    5.38   0.000      568.7   0.1200   1.402818   (128s)\n"}
,{"stream_name":"stdout","time":148.868240758,"data":" 0.65    2.385     21.60   0.00000 0.00003 0.00029 0.00496 0.02334 0.08986 0.28639 0.40114   0.003   0.2997   0.0602    4.98   0.000      590.3   0.1095   1.434509   (139s)\n"}
,{"stream_name":"stdout","time":159.356980685,"data":" 0.70    2.560     22.94   0.00000 0.00005 0.00050 0.00734 0.03104 0.10998 0.32117 0.39461   0.011   0.2991   0.0660    4.53   0.012       37.7   0.1008   1.465603   (149s)\n"}
,{"stream_name":"stdout","time":169.81584914,"data":" 0.75    2.743     24.16   0.00000 0.00009 0.00086 0.01056 0.04060 0.13360 0.35543 0.37397   0.022   0.3007   0.0728    4.13   0.054       47.5   0.0936   1.496067   (159s)\n"}
,{"stream_name":"stdout","time":180.279922208,"data":" 0.80    2.930     25.20   0.00001 0.00017 0.00147 0.01491 0.05276 0.16174 0.38515 0.34235   0.038   0.3039   0.0845    3.60   0.114       60.8   0.0876   1.525875   (170s)\n"}
,{"stream_name":"stdout","time":191.97452911,"data":" 0.85    3.122     26.09   0.00001 0.00034 0.00245 0.02102 0.06842 0.19599 0.40201 0.30580   0.062   0.3063   0.0957    3.20   0.176       82.0   0.0816   1.555010   (182s)\n"}
,{"stream_name":"stdout","time":203.666589359,"data":" 0.90    3.317     26.72   0.00002 0.00066 0.00404 0.02972 0.08881 0.23711 0.40193 0.27150   0.099   0.3073   0.1128    2.72   0.209       87.5   0.0779   1.583461   (193s)\n"}
,{"stream_name":"stdout","time":215.356295546,"data":" 0.95    3.514     27.12   0.00006 0.00124 0.00667 0.04194 0.11602 0.27818 0.38905 0.24645   0.154   0.3070   0.1095    2.80   0.224       98.0   0.0748   1.611226   (205s)\n"}
,{"stream_name":"stdout","time":227.042624499,"data":" 1.00    3.712     27.27   0.00014 0.00232 0.01102 0.05905 0.15106 0.30863 0.36834 0.23800   0.214   0.3001   0.0887    3.38   0.261      109.7   0.0718   1.638310   (217s)\n"}
,{"stream_name":"stdout","time":239.951400896,"data":" 1.05    3.910     27.52   0.00031 0.00428 0.01782 0.08256 0.18786 0.32963 0.34874 0.23541   0.267   0.2881   0.0701    4.11   0.318      131.2   0.0706   1.664724   (230s)\n"}
,{"stream_name":"stdout","time":252.864055532,"data":" 1.10    4.108     27.90   0.00067 0.00765 0.02789 0.11086 0.22035 0.34618 0.32909 0.22393   0.321   0.2743   0.0572    4.80   0.325      151.2   0.0671   1.690485   (243s)\n"}
,{"stream_name":"stdout","time":265.778101006,"data":" 1.15    4.305     28.38   0.00141 0.01290 0.04143 0.13993 0.24913 0.35226 0.30272 0.21275   0.378   0.2575   0.0508    5.07   0.317      160.9   0.0633   1.715616   (255s)\n"}
,{"stream_name":"stdout","time":279.919147193,"data":" 1.20    4.500     28.98   0.00271 0.02011 0.05747 0.16718 0.26986 0.33877 0.27916 0.20439   0.437   0.2426   0.0484    5.01   0.294      172.8   0.0625   1.740145   (270s)\n"}
,{"stream_name":"stdout","time":294.060787469,"data":" 1.25    4.690     29.70   0.00467 0.02894 0.07454 0.18917 0.27636 0.31645 0.26745 0.20241   0.486   0.2280   0.0460    4.96   0.257      199.3   0.0629   1.764110   (284s)\n"}
,{"stream_name":"stdout","time":308.201910727,"data":" 1.30    4.874     30.29   0.00749 0.03912 0.09107 0.20150 0.26915 0.29160 0.25661 0.20058   0.515   0.2197   0.0481    4.57   0.228      204.0   0.0614   1.787554   (298s)\n"}
,{"stream_name":"stdout","time":322.34296249,"data":" 1.35    5.044     31.72   0.01134 0.04986 0.10402 0.20130 0.25299 0.26509 0.23891 0.19147   0.532   0.2126   0.0497    4.28   0.237      203.2   0.0604   1.810531   (312s)\n"}
,{"stream_name":"stdout","time":336.48551965,"data":" 1.40    5.196     35.28   0.01553 0.05824 0.10959 0.19341 0.23166 0.23566 0.21610 0.17792   0.540   0.2118   0.0507    4.17   0.258      203.0   0.0592   1.833110   (326s)\n"}
,{"stream_name":"stdout","time":350.625206712,"data":" 1.45    5.323     40.63   0.01801 0.06139 0.10938 0.18094 0.20512 0.20601 0.19381 0.16510   0.556   0.2181   0.0515    4.23   0.267      228.9   0.0565   1.855371   (340s)\n"}
,{"stream_name":"stdout","time":364.762382754,"data":" 1.50    5.425     46.34   0.01899 0.06216 0.10649 0.16248 0.17988 0.18310 0.17730 0.15372   0.572   0.2246   0.0509    4.41   0.277      265.0   0.0533   1.877396   (354s)\n"}
,{"stream_name":"stdout","time":380.126560605,"data":" 1.55    5.503     49.44   0.01920 0.06013 0.09708 0.14321 0.16227 0.16864 0.16592 0.14362   0.565   0.2270   0.0561    4.05   0.287      314.6   0.0512   1.899260   (370s)\n"}
,{"stream_name":"stdout","time":395.491094431,"data":" 1.60    5.563     47.22   0.01703 0.05198 0.08329 0.12992 0.15233 0.15995 0.15899 0.13441   0.515   0.2153   0.0657    3.28   0.328      247.1   0.0507   1.921021   (385s)\n"}
,{"stream_name":"stdout","time":410.852907077,"data":" 1.65    5.613     43.81   0.01275 0.04206 0.07281 0.12223 0.14489 0.15487 0.15405 0.12550   0.457   0.2092   0.0673    3.11   0.347      210.3   0.0514   1.942711   (401s)\n"}
,{"stream_name":"stdout","time":424.988683621,"data":" 1.70    5.662     44.49   0.00965 0.03632 0.06808 0.11661 0.13832 0.15382 0.14699 0.11649   0.437   0.1984   0.0699    2.84   0.297      224.4   0.0524   1.964334   (415s)\n"}
,{"stream_name":"stdout","time":439.123888251,"data":" 1.75    5.718     47.31   0.00891 0.03550 0.06772 0.11184 0.13520 0.15166 0.13820 0.10947   0.454   0.1784   0.0676    2.64   0.295      228.4   0.0534   1.985869   (429s)\n"}
,{"stream_name":"stdout","time":452.034230944,"data":" 1.80    5.777     52.06   0.01006 0.03760 0.06799 0.10797 0.13374 0.14464 0.12874 0.10656   0.421   0.1779   0.0723    2.46   0.300      210.6   0.0539   2.007287   (442s)\n"}
,{"stream_name":"stdout","time":464.944526869,"data":" 1.85    5.837     55.92   0.01110 0.03817 0.06552 0.10504 0.12935 0.13832 0.12130 0.10337   0.400   0.1712   0.0643    2.66   0.250      191.9   0.0534   2.028571   (455s)\n"}
,{"stream_name":"stdout","time":477.855397218,"data":" 1.90    5.893     58.79   0.01057 0.03605 0.06200 0.10238 0.12511 0.13358 0.11465 0.09853   0.404   0.1664   0.0543    3.06   0.227      209.8   0.0529   2.049715   (468s)\n"}
,{"stream_name":"stdout","time":490.766691137,"data":" 1.95    5.944     62.45   0.00948 0.03336 0.05876 0.10008 0.12229 0.13025 0.10921 0.09374   0.427   0.1600   0.0543    2.95   0.222      200.9   0.0527   2.070720   (480s)\n"}
,{"stream_name":"stdout","time":503.67942703,"data":" 2.00    5.993     66.63   0.00886 0.03125 0.05554 0.09904 0.12267 0.12767 0.10624 0.09071   0.447   0.1604   0.0608    2.64   0.227      212.8   0.0528   2.091587   (493s)\n"}
,{"stream_name":"stdout","time":517.818285568,"data":" 2.05    6.041     66.71   0.00863 0.02997 0.05325 0.09851 0.12431 0.12392 0.10335 0.08786   0.442   0.1477   0.0651    2.27   0.264      196.9   0.0524   2.112309   (507s)\n"}
,{"stream_name":"stdout","time":533.182237154,"data":" 2.10    6.091     66.02   0.00854 0.02939 0.05201 0.09841 0.12294 0.12006 0.10112 0.08492   0.443   0.1364   0.0704    1.94   0.271      182.5   0.0517   2.132880   (523s)\n"}
,{"stream_name":"stdout","time":549.771810683,"data":" 2.15    6.146     66.47   0.00872 0.02952 0.05257 0.09818 0.11665 0.11557 0.09933 0.08263   0.463   0.1283   0.0658    1.95   0.244      186.4   0.0518   2.153286   (539s)\n"}
,{"stream_name":"stdout","time":565.136118894,"data":" 2.20    6.204     68.18   0.00950 0.03078 0.05277 0.09361 0.10695 0.11036 0.09469 0.07866   0.495   0.1215   0.0618    1.97   0.212      177.2   0.0518   2.173510   (555s)\n"}
,{"stream_name":"stdout","time":580.499862647,"data":" 2.25    6.265     71.73   0.01025 0.03058 0.05018 0.08732 0.09886 0.10562 0.08741 0.07296   0.536   0.1125   0.0501    2.25   0.222      164.1   0.0514   2.193540   (570s)\n"}
,{"stream_name":"stdout","time":594.640072752,"data":" 2.30    6.327     79.15   0.00942 0.02829 0.04781 0.08339 0.09465 0.10032 0.08225 0.06859   0.605   0.1035   0.0492    2.10   0.301      177.6   0.0510   2.213375   (584s)\n"}
,{"stream_name":"stdout","time":608.77929385,"data":" 2.35    6.389     76.37   0.00789 0.02641 0.04768 0.08225 0.09337 0.09561 0.08038 0.06663   0.610   0.1079   0.0561    1.92   0.302      175.8   0.0510   2.233019   (598s)\n"}
,{"stream_name":"stdout","time":622.917757758,"data":" 2.40    6.453     69.18   0.00717 0.02599 0.04950 0.08260 0.09397 0.09567 0.07877 0.06658   0.599   0.1068   0.0523    2.04   0.289      172.6   0.0514   2.252475   (613s)\n"}
,{"stream_name":"stdout","time":637.056962979,"data":" 2.45    6.520     66.18   0.00685 0.02634 0.05013 0.08342 0.09600 0.10469 0.07696 0.06813   0.594   0.1061   0.0498    2.13   0.284      155.0   0.0516   2.271747   (627s)\n"}
,{"stream_name":"stdout","time":651.195696273,"data":" 2.50    6.589     66.57   0.00685 0.02637 0.04985 0.08486 0.10170 0.11544 0.07673 0.07316   0.581   0.1059   0.0507    2.09   0.313      147.2   0.0509   2.290840   (641s)\n"}
,{"stream_name":"stdout","time":665.337133654,"data":" 2.55    6.661     68.02   0.00752 0.02779 0.05157 0.09032 0.11030 0.11741 0.07660 0.07585   0.602   0.1057   0.0494    2.14   0.306      139.1   0.0504   2.309756   (655s)\n"}
,{"stream_name":"stdout","time":679.476430504,"data":" 2.60    6.736     66.72   0.00886 0.03151 0.05770 0.10078 0.11278 0.11291 0.07540 0.07587   0.629   0.1076   0.0494    2.18   0.297      160.0   0.0507   2.328494   (669s)\n"}
,{"stream_name":"stdout","time":693.615562397,"data":" 2.65    6.813     68.76   0.01027 0.03704 0.06696 0.10619 0.10965 0.10556 0.07334 0.07473   0.679   0.1055   0.0435    2.43   0.280      178.2   0.0508   2.347057   (683s)\n"}
,{"stream_name":"stdout","time":707.756153908,"data":" 2.70    6.886     73.90   0.01208 0.04142 0.07017 0.10113 0.10451 0.09806 0.06953 0.07190   0.729   0.1026   0.0433    2.37   0.299      198.4   0.0514   2.365454   (697s)\n"}
,{"stream_name":"stdout","time":721.894977664,"data":" 2.75    6.955     78.60   0.01335 0.04068 0.06407 0.09249 0.10090 0.09241 0.06724 0.06910   0.774   0.0975   0.0478    2.04   0.332      191.8   0.0522   2.383701   (712s)\n"}
,{"stream_name":"stdout","time":736.034448746,"data":" 2.80    7.018     79.95   0.01154 0.03474 0.05523 0.08619 0.09930 0.08981 0.06786 0.06840   0.784   0.0954   0.0540    1.77   0.411      197.1   0.0523   2.401818   (726s)\n"}
,{"stream_name":"stdout","time":750.175413894,"data":" 2.85    7.074     78.94   0.00875 0.02890 0.04926 0.08370 0.09924 0.09008 0.06943 0.07237   0.784   0.0957   0.0552    1.73   0.450      192.3   0.0520   2.419824   (740s)\n"}
,{"stream_name":"stdout","time":764.31521242,"data":" 2.90    7.125     75.91   0.00753 0.02642 0.04707 0.08377 0.10012 0.09203 0.07223 0.07850   0.787   0.0962   0.0556    1.73   0.462      195.3   0.0518   2.437737   (754s)\n"}
,{"stream_name":"stdout","time":777.229882961,"data":" 2.95    7.171     72.59   0.00690 0.02481 0.04591 0.08482 0.10259 0.09655 0.07692 0.08387   0.766   0.0986   0.0835    1.18   0.479      190.0   0.0520   2.455576   (767s)\n"}
,{"stream_name":"stdout","time":790.145683584,"data":" 3.00    7.213     70.55   0.00646 0.02388 0.04544 0.08661 0.10694 0.10277 0.08337 0.08716   0.734   0.1015   0.0834    1.22   0.492      188.8   0.0524   2.473355   (780s)\n"}
,{"stream_name":"stdout","time":790.150626487,"data":"\n"}
,{"stream_name":"stdout","time":790.150646827,"data":"C22 descent: separation -\u003e peak twist, peak time (clock expires at t = 3.00)\n"}
,{"stream_name":"stdout","time":790.150653981,"data":"   sep 0.05   peak 0.01920 at t = 1.55\n"}
,{"stream_name":"stdout","time":790.150659383,"data":"   sep 0.07   peak 0.06216 at t = 1.50\n"}
,{"stream_name":"stdout","time":790.1506649,"data":"   sep 0.10   peak 0.10959 at t = 1.40\n"}
,{"stream_name":"stdout","time":790.150670121,"data":"   sep 0.14   peak 0.20150 at t = 1.30\n"}
,{"stream_name":"stdout","time":790.150688313,"data":"   sep 0.20   peak 0.27636 at t = 1.25\n"}
,{"stream_name":"stdout","time":790.150692871,"data":"   sep 0.28   peak 0.35226 at t = 1.15\n"}
,{"stream_name":"stdout","time":790.150697063,"data":"   sep 0.40   peak 0.40201 at t = 0.85\n"}
,{"stream_name":"stdout","time":790.15070094,"data":"   sep 0.56   peak 0.40114 at t = 0.65\n"}
,{"stream_name":"stdout","time":790.150704653,"data":"   halving times (time for the wave to descend one octave), from resolved peaks only:\n"}
,{"stream_name":"stdout","time":790.150709411,"data":"      0.56 -\u003e 0.40 : 0.20  per octave 0.41\n"}
,{"stream_name":"stdout","time":790.150713581,"data":"      0.40 -\u003e 0.28 : 0.30  per octave 0.58\n"}
,{"stream_name":"stdout","time":790.150717805,"data":"      0.28 -\u003e 0.20 : 0.10  per octave 0.21\n"}
,{"stream_name":"stdout","time":790.150722203,"data":"      0.20 -\u003e 0.14 : 0.05  per octave 0.10\n"}
,{"stream_name":"stdout","time":790.150726507,"data":"      0.14 -\u003e 0.10 : 0.10  per octave 0.21\n"}
,{"stream_name":"stdout","time":790.150730575,"data":"      0.10 -\u003e 0.07 : 0.10  per octave 0.19\n"}
,{"stream_name":"stdout","time":790.150767371,"data":"      0.07 -\u003e 0.05 : 0.05  per octave 0.10\n"}
,{"stream_name":"stdout","time":790.150775895,"data":"   V: gap = 0.595 (1.57 - t) from sep \u003e= 0.1, T* = 1.57; thickness e-fold 0.78 fitted on t in [0.30, 1.40]; arms meet at t = 1.50, scale 0.042, sqrt(nu/s) there 0.051 (inside the clock)\n"}
,{"stream_name":"stdout","time":790.150785877,"data":"\n"}
,{"stream_name":"stdout","time":790.150789567,"data":"clock expires at t = 3.00 (delta 0.0524); strong twist peak 0.10959 at t = 1.40, at the clock 0.04544 (fall 59%); max|w| growth to the clock 9.86x\n"}
,{"stream_name":"stdout","time":790.150793542,"data":"race variable ell/ell_nu min inside the clock = 1.18 (at t = 2.95); cut fraction at the clock 0.492\n"}
,{"stream_name":"stdout","time":790.150815179,"data":"C21: Re_seam at the twist peak (t = 1.40) = 203.0; twist peak 0.10959; max|w| at the peak 35.3\n"}
,{"stream_name":"stdout","time":790.150819757,"data":"REGISTERED C20 at nu=0.002: between (see rows)\n"}
,{"stream_name":"stdout","time":792.376769233,"data":"=== IC=found NU=2e-3 T=3 FORCE=1.5 -\u003e /kaggle/working/seam_ICfound_NU2e-3_T3_FORCE1.5.txt\n"}
,{"stream_name":"stdout","time":794.54107909,"data":"found field at /kaggle/input/datasets/mrigshira/zef-found/leashed64_dmin030.npz\n"}
,{"stream_name":"stdout","time":794.96410336,"data":"forced: f = 1.50 x (initial field, |k| \u003c= 4), |f|_rms = 0.3135, energy injection rate at t=0 = 0.0655 (vs 2 nu Z0 = 0.0015)\n"}
,{"stream_name":"stdout","time":794.964134526,"data":"seam race on GPU: IC=found  N=256^3  nu=0.002  T=3.0  Z0=0.375  clock 2dx=0.0491  device=cuda  FORCE=1.5\n"}
,{"stream_name":"stdout","time":795.712667208,"data":"   t     Z/Z0    max|w|   twist@0.05 @0.07 @0.1 @0.14 @0.2 @0.28 @0.4 @0.56   anti    ell     ell_nu   race   cut    Re_seam   delta     E/E0\n"}
,{"stream_name":"stdout","time":795.712705881,"data":" 0.00    1.000      7.16   0.00000 0.00000 0.00000 0.00001 0.00008 0.00071 0.00821 0.06333   0.000   0.6364   0.2607    2.44   0.000      910.1   (tail empty)   1.000000   (1s)\n"}
,{"stream_name":"stdout","time":806.146577623,"data":" 0.05    1.092      7.60   0.00000 0.00000 0.00000 0.00001 0.00008 0.00074 0.00903 0.06914   0.000   0.6358   0.1178    5.40   0.000      960.4   (tail empty)   1.107014   (11s)\n"}
,{"stream_name":"stdout","time":816.570690183,"data":" 0.10    1.201      8.63   0.00000 0.00000 0.00000 0.00001 0.00009 0.00095 0.01152 0.08108   0.000   0.6390   0.0855    7.47   0.000     1088.1   (tail empty)   1.220677   (22s)\n"}
,{"stream_name":"stdout","time":826.984922574,"data":" 0.15    1.328      9.72   0.00000 0.00000 0.00000 0.00001 0.00014 0.00153 0.01654 0.09958   0.000   0.6078   0.0700    8.68   0.000     1099.3   (tail empty)   1.340605   (32s)\n"}
,{"stream_name":"stdout","time":838.623108304,"data":" 0.20    1.475     10.85   0.00000 0.00000 0.00000 0.00002 0.00027 0.00277 0.02499 0.12432   0.000   0.5437   0.0616    8.82   0.000      990.2   (tail empty)   1.466381   (44s)\n"}
,{"stream_name":"stdout","time":850.269141577,"data":" 0.25    1.644     11.99   0.00000 0.00000 0.00000 0.00005 0.00057 0.00494 0.03777 0.15396   0.000   0.4834   0.0556    8.70   0.000      871.4   (tail empty)   1.597565   (55s)\n"}
,{"stream_name":"stdout","time":861.920291857,"data":" 0.30    1.838     13.26   0.00000 0.00000 0.00000 0.00012 0.00109 0.00830 0.05566 0.18645   0.000   0.4403   0.0515    8.56   0.000      808.7   0.2492   1.733698   (67s)\n"}
,{"stream_name":"stdout","time":874.793121993,"data":" 0.35    2.057     15.13   0.00000 0.00000 0.00001 0.00024 0.00189 0.01335 0.07853 0.21978   0.000   0.4034   0.0487    8.28   0.000      772.9   0.2134   1.874313   (80s)\n"}
,{"stream_name":"stdout","time":887.665715082,"data":" 0.40    2.304     17.15   0.00000 0.00000 0.00001 0.00042 0.00317 0.02062 0.10532 0.25222   0.000   0.3703   0.0476    7.78   0.000      731.0   0.1800   2.018943   (93s)\n"}
,{"stream_name":"stdout","time":900.537085907,"data":" 0.45    2.580     19.29   0.00000 0.00000 0.00003 0.00074 0.00532 0.03030 0.13444 0.28193   0.000   0.3434   0.0479    7.16   0.000      705.0   0.1505   2.167127   (106s)\n"}
,{"stream_name":"stdout","time":913.406921727,"data":" 0.50    2.887     21.50   0.00000 0.00000 0.00006 0.00138 0.00870 0.04245 0.16479 0.30604   0.000   0.3246   0.0498    6.51   0.000      695.9   0.1281   2.318413   (118s)\n"}
,{"stream_name":"stdout","time":926.276290984,"data":" 0.55    3.224     23.80   0.00000 0.00001 0.00011 0.00256 0.01364 0.05705 0.19605 0.32067   0.001   0.3101   0.0534    5.81   0.000      706.0   0.1120   2.472370   (131s)\n"}
,{"stream_name":"stdout","time":939.142938222,"data":" 0.60    3.594     26.14   0.00000 0.00002 0.00025 0.00455 0.02038 0.07451 0.22824 0.32150   0.007   0.3061   0.0592    5.17   0.000      752.2   0.0991   2.628581   (144s)\n"}
,{"stream_name":"stdout","time":953.257074122,"data":" 0.65    3.995     28.34   0.00000 0.00004 0.00057 0.00763 0.02917 0.09598 0.26070 0.30591   0.018   0.3075   0.0691    4.45   0.018       76.7   0.0891   2.786657   (158s)\n"}
,{"stream_name":"stdout","time":967.34953491,"data":" 0.70    4.428     30.41   0.00000 0.00013 0.00126 0.01216 0.04088 0.12291 0.28897 0.27659   0.038   0.3113   0.0844    3.69   0.064      109.8   0.0811   2.946230   (172s)\n"}
,{"stream_name":"stdout","time":981.442505054,"data":" 0.75    4.893     32.22   0.00001 0.00037 0.00256 0.01894 0.05697 0.15704 0.30369 0.24227   0.067   0.3192   0.1166    2.74   0.104      155.5   0.0737   3.106963   (186s)\n"}
,{"stream_name":"stdout","time":995.537259763,"data":" 0.80    5.388     33.67   0.00004 0.00094 0.00495 0.02939 0.07942 0.19657 0.30347 0.21648   0.123   0.3223   0.1432    2.25   0.129      137.4   0.0697   3.268548   (201s)\n"}
,{"stream_name":"stdout","time":1010.853123353,"data":" 0.85    5.913     34.75   0.00014 0.00220 0.00948 0.04510 0.11062 0.22836 0.29664 0.20548   0.192   0.3248   0.0887    3.66   0.132      152.9   0.0656   3.430714   (216s)\n"}
,{"stream_name":"stdout","time":1027.391546181,"data":" 0.90    6.468     35.43   0.00044 0.00491 0.01734 0.06805 0.14571 0.25135 0.28826 0.19141   0.266   0.3084   0.0570    5.41   0.133      188.1   0.0640   3.593226   (232s)\n"}
,{"stream_name":"stdout","time":1043.931090791,"data":" 0.95    7.053     36.11   0.00119 0.01004 0.02970 0.09689 0.17771 0.27051 0.26567 0.17698   0.334   0.2875   0.0456    6.31   0.162      211.6   0.0601   3.755887   (249s)\n"}
,{"stream_name":"stdout","time":1061.69262612,"data":" 1.00    7.666     36.88   0.00287 0.01836 0.04671 0.12692 0.20562 0.27158 0.24443 0.17004   0.393   0.2612   0.0423    6.18   0.179      218.2   0.0572   3.918540   (267s)\n"}
,{"stream_name":"stdout","time":1079.455451623,"data":" 1.05    8.305     38.00   0.00585 0.02956 0.06635 0.15457 0.22310 0.26329 0.23984 0.17328   0.446   0.2443   0.0416    5.88   0.179      233.7   0.0566   4.081066   (284s)\n"}
,{"stream_name":"stdout","time":1098.439535782,"data":" 1.10    8.960     41.37   0.01002 0.04213 0.08592 0.17294 0.22452 0.24934 0.23128 0.16817   0.485   0.2318   0.0435    5.33   0.148      253.0   0.0539   4.243378   (303s)\n"}
,{"stream_name":"stdout","time":1118.645180679,"data":" 1.15    9.616     46.95   0.01445 0.05390 0.10051 0.17529 0.21172 0.22375 0.20730 0.14956   0.494   0.2381   0.0448    5.31   0.128      293.7   0.0521   4.405413   (324s)\n"}
,{"stream_name":"stdout","time":1138.852108242,"data":" 1.20   10.255     51.71   0.01822 0.06175 0.10580 0.16650 0.18797 0.19235 0.17513 0.12659   0.492   0.2368   0.0553    4.28   0.164      311.5   0.0523   4.567122   (344s)\n"}
,{"stream_name":"stdout","time":1159.05736948,"data":" 1.25   10.863     56.44   0.02075 0.06397 0.10249 0.14822 0.16395 0.16825 0.15078 0.11095   0.469   0.2329   0.0614    3.79   0.232      313.0   0.0510   4.728433   (364s)\n"}
,{"stream_name":"stdout","time":1180.48542651,"data":" 1.30   11.435     61.57   0.02032 0.05988 0.09211 0.13217 0.14886 0.15210 0.13695 0.10223   0.435   0.2294   0.0622    3.69   0.258      325.2   0.0484   4.889228  \u003c-- past the clock   (386s)\n"}
,{"stream_name":"stdout","time":1200.691199496,"data":" 1.35   11.991     66.24   0.01752 0.05342 0.08456 0.12445 0.14157 0.14082 0.12699 0.09663   0.406   0.2088   0.0524    3.98   0.204      274.1   0.0466   5.049319  \u003c-- past the clock   (406s)\n"}
,{"stream_name":"stdout","time":1220.898444268,"data":" 1.40   12.573     76.41   0.01844 0.05473 0.08456 0.12318 0.13677 0.13203 0.11354 0.09026   0.490   0.1605   0.0477    3.37   0.200      260.3   0.0455   5.208414  \u003c-- past the clock   (426s)\n"}
,{"stream_name":"stdout","time":1242.329058098,"data":" 1.45   13.187     99.73   0.02127 0.05541 0.08084 0.11508 0.12723 0.12392 0.10045 0.08460   0.579   0.1447   0.0310    4.67   0.243      384.9   0.0451   5.366174  \u003c-- past the clock   (447s)\n"}
,{"stream_name":"stdout","time":1266.203732272,"data":" 1.50   13.806    132.23   0.01858 0.04710 0.07022 0.10508 0.11854 0.11762 0.09620 0.08155   0.659   0.1271   0.0368    3.45   0.126      339.8   0.0447   5.522370  \u003c-- past the clock   (471s)\n"}
,{"stream_name":"stdout","time":1291.300061674,"data":" 1.55   14.397    153.77   0.01391 0.03828 0.06000 0.09971 0.11565 0.11265 0.09044 0.07757   0.870   0.0775   0.0450    1.72   0.164      220.7   0.0437   5.676954  \u003c-- past the clock   (496s)\n"}
,{"stream_name":"stdout","time":1316.397077207,"data":" 1.60   14.965    165.61   0.01188 0.03328 0.05272 0.09469 0.11251 0.10646 0.08648 0.07628   0.939   0.0562   0.1466    0.38   0.237      176.7   0.0433   5.829994  \u003c-- past the clock   (521s)\n"}
,{"stream_name":"stdout","time":1340.269135613,"data":" 1.65   15.538    145.79   0.01078 0.03056 0.04997 0.08916 0.10633 0.10059 0.08783 0.08254   0.701   0.1113   0.1273    0.87   0.270      259.9   0.0432   5.981546  \u003c-- past the clock   (545s)\n"}
,{"stream_name":"stdout","time":1362.916359068,"data":" 1.70   16.139    134.58   0.01059 0.02934 0.04765 0.08070 0.09561 0.09845 0.09055 0.08402   0.681   0.1068   0.0386    2.77   0.306      308.8   0.0444   6.131590  \u003c-- past the clock   (568s)\n"}
,{"stream_name":"stdout","time":1385.562821876,"data":" 1.75   16.771    140.86   0.00992 0.02862 0.04708 0.07353 0.08968 0.09451 0.08537 0.08192   0.720   0.1052   0.0463    2.27   0.367      294.9   0.0449   6.280061  \u003c-- past the clock   (591s)\n"}
,{"stream_name":"stdout","time":1408.207912116,"data":" 1.80   17.431    145.26   0.00992 0.03151 0.05159 0.07429 0.09085 0.08988 0.07684 0.08025   0.763   0.1075   0.0386    2.79   0.374      373.3   0.0452   6.426870  \u003c-- past the clock   (613s)\n"}
,{"stream_name":"stdout","time":1430.853045026,"data":" 1.85   18.123    143.76   0.01468 0.04068 0.05802 0.08200 0.09563 0.08497 0.06898 0.07728   0.788   0.0991   0.0364    2.72   0.263      326.5   0.0453   6.571906  \u003c-- past the clock   (636s)\n"}
,{"stream_name":"stdout","time":1454.718555854,"data":" 1.90   18.854    144.15   0.01950 0.05086 0.07010 0.09530 0.10102 0.08306 0.06467 0.07296   0.825   0.0840   0.0321    2.61   0.287      254.5   0.0448   6.715029  \u003c-- past the clock   (660s)\n"}
,{"stream_name":"stdout","time":1478.583436129,"data":" 1.95   19.625    140.75   0.02227 0.05969 0.08303 0.10211 0.10329 0.08480 0.06688 0.07226   0.823   0.0865   0.0332    2.60   0.265      269.9   0.0446   6.856096  \u003c-- past the clock   (684s)\n"}
,{"stream_name":"stdout","time":1500.001921292,"data":" 2.00   20.442    129.22   0.02331 0.06292 0.08941 0.10915 0.10970 0.08946 0.06880 0.07309   0.775   0.0808   0.0339    2.38   0.247      205.2   0.0446   6.994974  \u003c-- past the clock   (705s)\n"}
,{"stream_name":"stdout","time":1520.199576243,"data":" 2.05   21.278    133.38   0.02300 0.06846 0.10199 0.11776 0.10737 0.08595 0.06556 0.08095   0.840   0.0729   0.0310    2.35   0.245      200.7   0.0444   7.131594  \u003c-- past the clock   (725s)\n"}
,{"stream_name":"stdout","time":1540.394880382,"data":" 2.10   22.087    157.51   0.02252 0.06363 0.09079 0.10348 0.09645 0.08596 0.06819 0.07519   0.872   0.0742   0.0312    2.38   0.291      255.5   0.0434   7.266000  \u003c-- past the clock   (745s)\n"}
,{"stream_name":"stdout","time":1560.590425692,"data":" 2.15   22.837    155.44   0.01879 0.04985 0.07179 0.09764 0.10063 0.09026 0.07960 0.07989   0.854   0.0724   0.0493    1.47   0.313      240.9   0.0424   7.398305  \u003c-- past the clock   (766s)\n"}
,{"stream_name":"stdout","time":1582.005996581,"data":" 2.20   23.554    135.20   0.01718 0.04377 0.06352 0.09662 0.10409 0.10034 0.08908 0.07899   0.760   0.0744   0.0450    1.65   0.340      194.8   0.0425   7.528591  \u003c-- past the clock   (787s)\n"}
,{"stream_name":"stdout","time":1603.422075783,"data":" 2.25   24.294    132.24   0.01597 0.04330 0.06621 0.10074 0.10812 0.10732 0.09014 0.07425   0.725   0.0786   0.0417    1.88   0.321      188.0   0.0434   7.656755  \u003c-- past the clock   (808s)\n"}
,{"stream_name":"stdout","time":1623.615926508,"data":" 2.30   25.048    131.91   0.01867 0.05054 0.07582 0.10628 0.10917 0.10689 0.09305 0.07047   0.780   0.0792   0.0428    1.85   0.316      214.4   0.0433   7.782637  \u003c-- past the clock   (829s)\n"}
,{"stream_name":"stdout","time":1643.808787873,"data":" 2.35   25.821    134.44   0.02179 0.05881 0.08423 0.10579 0.10300 0.09843 0.08825 0.07272   0.854   0.0795   0.0383    2.07   0.347      226.9   0.0439   7.906110  \u003c-- past the clock   (849s)\n"}
,{"stream_name":"stdout","time":1666.445250717,"data":" 2.40   26.618    146.20   0.02685 0.06744 0.08916 0.09799 0.09172 0.09114 0.08012 0.07388   0.858   0.0756   0.0381    1.98   0.362      231.2   0.0437   8.027062  \u003c-- past the clock   (871s)\n"}
,{"stream_name":"stdout","time":1690.302669296,"data":" 2.45   27.410    171.66   0.02723 0.06711 0.08564 0.09212 0.08951 0.08865 0.07781 0.07162   0.857   0.0784   0.0337    2.33   0.349      273.5   0.0437   8.145425  \u003c-- past the clock   (895s)\n"}
,{"stream_name":"stdout","time":1714.159985451,"data":" 2.50   28.169    171.46   0.02989 0.06596 0.08256 0.09934 0.09977 0.09409 0.07692 0.06988   0.847   0.0810   0.0479    1.69   0.314      305.9   0.0430   8.261230  \u003c-- past the clock   (919s)\n"}
,{"stream_name":"stdout","time":1735.57548516,"data":" 2.55   28.869    175.40   0.02762 0.06623 0.08950 0.10680 0.10629 0.09518 0.08017 0.06783   0.888   0.0887   0.0470    1.89   0.280      372.7   0.0429   8.374601  \u003c-- past the clock   (941s)\n"}
,{"stream_name":"stdout","time":1755.768539914,"data":" 2.60   29.548    181.23   0.02798 0.06701 0.08746 0.10972 0.10704 0.09431 0.08315 0.06567   0.921   0.0848   0.0399    2.13   0.244      348.2   0.0425   8.485644  \u003c-- past the clock   (961s)\n"}
,{"stream_name":"stdout","time":1775.961053398,"data":" 2.65   30.180    178.97   0.02821 0.06307 0.08367 0.11023 0.10630 0.09422 0.09173 0.06478   0.883   0.0859   0.0317    2.71   0.260      360.7   0.0418   8.594409  \u003c-- past the clock   (981s)\n"}
,{"stream_name":"stdout","time":1794.935201735,"data":" 2.70   30.692    163.08   0.02439 0.05842 0.08160 0.10742 0.10725 0.09394 0.09030 0.06451   0.801   0.0911   0.0487    1.87   0.238      369.9   0.0417   8.701102  \u003c-- past the clock   (1000s)\n"}
,{"stream_name":"stdout","time":1813.909524058,"data":" 2.75   31.134    141.34   0.02261 0.05942 0.08451 0.10874 0.10706 0.08942 0.08172 0.05980   0.783   0.0805   0.0406    1.98   0.296      257.0   0.0422   8.805952  \u003c-- past the clock   (1019s)\n"}
,{"stream_name":"stdout","time":1831.663890273,"data":" 2.80   31.542    127.39   0.02288 0.06165 0.08649 0.11031 0.10519 0.08571 0.07387 0.05969   0.766   0.0761   0.0392    1.94   0.308      199.1   0.0425   8.909053  \u003c-- past the clock   (1037s)\n"}
,{"stream_name":"stdout","time":1849.415495441,"data":" 2.85   31.891    121.77   0.02326 0.06058 0.08363 0.10565 0.10138 0.08711 0.06946 0.06028   0.740   0.0755   0.0373    2.03   0.349      176.5   0.0426   9.010525  \u003c-- past the clock   (1054s)\n"}
,{"stream_name":"stdout","time":1867.168358502,"data":" 2.90   32.174    123.40   0.02286 0.05699 0.07574 0.09534 0.10068 0.08870 0.06739 0.06111   0.743   0.0738   0.0363    2.03   0.375      163.9   0.0427   9.110553  \u003c-- past the clock   (1072s)\n"}
,{"stream_name":"stdout","time":1883.700969414,"data":" 2.95   32.412    133.21   0.02137 0.05227 0.06891 0.08569 0.09545 0.08695 0.06680 0.06218   0.789   0.0761   0.0417    1.82   0.370      193.3   0.0429   9.209323  \u003c-- past the clock   (1089s)\n"}
,{"stream_name":"stdout","time":1900.231511049,"data":" 3.00   32.650    130.58   0.01876 0.04658 0.06229 0.08206 0.08957 0.08314 0.07054 0.06327   0.787   0.0790   0.0394    2.00   0.365      208.5   0.0431   9.306940  \u003c-- past the clock   (1105s)\n"}
,{"stream_name":"stdout","time":1900.233065658,"data":"\n"}
,{"stream_name":"stdout","time":1900.233084296,"data":"C22 descent: separation -\u003e peak twist, peak time (clock expires at t = 1.25)\n"}
,{"stream_name":"stdout","time":1900.233089867,"data":"   sep 0.05   peak 0.02075 at t = 1.25   (at the clock or at t = 0: not a peak)\n"}
,{"stream_name":"stdout","time":1900.233094478,"data":"   sep 0.07   peak 0.06397 at t = 1.25   (at the clock or at t = 0: not a peak)\n"}
,{"stream_name":"stdout","time":1900.233098891,"data":"   sep 0.10   peak 0.10580 at t = 1.20\n"}
,{"stream_name":"stdout","time":1900.233103147,"data":"   sep 0.14   peak 0.17529 at t = 1.15\n"}
,{"stream_name":"stdout","time":1900.233107496,"data":"   sep 0.20   peak 0.22452 at t = 1.10\n"}
,{"stream_name":"stdout","time":1900.233111724,"data":"   sep 0.28   peak 0.27158 at t = 1.00\n"}
,{"stream_name":"stdout","time":1900.233115924,"data":"   sep 0.40   peak 0.30369 at t = 0.75\n"}
,{"stream_name":"stdout","time":1900.233120329,"data":"   sep 0.56   peak 0.32150 at t = 0.60\n"}
,{"stream_name":"stdout","time":1900.233130339,"data":"   halving times (time for the wave to descend one octave), from resolved peaks only:\n"}
,{"stream_name":"stdout","time":1900.233146373,"data":"      0.56 -\u003e 0.40 : 0.15  per octave 0.31\n"}
,{"stream_name":"stdout","time":1900.233173651,"data":"      0.40 -\u003e 0.28 : 0.25  per octave 0.49\n"}
,{"stream_name":"stdout","time":1900.233178201,"data":"      0.28 -\u003e 0.20 : 0.10  per octave 0.21\n"}
,{"stream_name":"stdout","time":1900.233260928,"data":"      0.20 -\u003e 0.14 : 0.05  per octave 0.10\n"}
,{"stream_name":"stdout","time":1900.233268086,"data":"      0.14 -\u003e 0.10 : 0.05  per octave 0.10\n"}
,{"stream_name":"stdout","time":1900.233271639,"data":"   V: gap = 0.718 (1.36 - t) from sep \u003e= 0.1, T* = 1.36; thickness e-fold 0.59 fitted on t in [0.30, 1.20]; arms meet at t = 1.31, scale 0.034, sqrt(nu/s) there 0.062 (beyond the clock)\n"}
,{"stream_name":"stdout","time":1900.233275581,"data":"\n"}
,{"stream_name":"stdout","time":1900.233278757,"data":"clock expires at t = 1.25 (delta 0.0510); strong twist peak 0.10580 at t = 1.20, at the clock 0.10249 (fall 3%); max|w| growth to the clock 7.89x\n"}
,{"stream_name":"stdout","time":1900.233282408,"data":"race variable ell/ell_nu min inside the clock = 2.25 (at t = 0.80); cut fraction at the clock 0.232\n"}
,{"stream_name":"stdout","time":1900.23328596,"data":"C21: Re_seam at the twist peak (t = 1.20) = 311.5; twist peak 0.10580; max|w| at the peak 51.7\n"}
,{"stream_name":"stdout","time":1900.233289531,"data":"REGISTERED C20 at nu=0.002: between (see rows)\n"}
,{"stream_name":"stdout","time":1900.74436676,"data":"=== IC=found NU=1e-3 T=2.4 FORCE=0.5 -\u003e /kaggle/working/seam_ICfound_NU1e-3_T2.4_FORCE0.5.txt\n"}
,{"stream_name":"stdout","time":1902.944771167,"data":"found field at /kaggle/input/datasets/mrigshira/zef-found/leashed64_dmin030.npz\n"}
,{"stream_name":"stdout","time":1903.37597609,"data":"forced: f = 0.50 x (initial field, |k| \u003c= 4), |f|_rms = 0.1045, energy injection rate at t=0 = 0.0218 (vs 2 nu Z0 = 0.0008)\n"}
,{"stream_name":"stdout","time":1903.376009245,"data":"seam race on GPU: IC=found  N=256^3  nu=0.001  T=2.4  Z0=0.375  clock 2dx=0.0491  device=cuda  FORCE=0.5\n"}
,{"stream_name":"stdout","time":1904.123847011,"data":"   t     Z/Z0    max|w|   twist@0.05 @0.07 @0.1 @0.14 @0.2 @0.28 @0.4 @0.56   anti    ell     ell_nu   race   cut    Re_seam   delta     E/E0\n"}
,{"stream_name":"stdout","time":1904.123882541,"data":" 0.00    1.000      7.16   0.00000 0.00000 0.00000 0.00001 0.00008 0.00071 0.00821 0.06333   0.000   0.6364   0.1843    3.45   0.000     1820.1   (tail empty)   1.000000   (1s)\n"}
,{"stream_name":"stdout","time":1913.337556098,"data":" 0.05    1.044      7.47   0.00000 0.00000 0.00000 0.00001 0.00008 0.00078 0.00950 0.07225   0.000   0.6346   0.0845    7.51   0.000     1879.3   (tail empty)   1.034403   (10s)\n"}
,{"stream_name":"stdout","time":1923.771129388,"data":" 0.10    1.098      8.34   0.00000 0.00000 0.00000 0.00001 0.00010 0.00105 0.01264 0.08789   0.000   0.6340   0.0616   10.28   0.000     2070.6   (tail empty)   1.069306   (20s)\n"}
,{"stream_name":"stdout","time":1934.203334623,"data":" 0.15    1.163      9.23   0.00000 0.00000 0.00000 0.00002 0.00016 0.00177 0.01868 0.11083   0.000   0.5976   0.0509   11.75   0.000     2025.1   (tail empty)   1.104605   (31s)\n"}
,{"stream_name":"stdout","time":1944.6361748,"data":" 0.20    1.240     10.12   0.00000 0.00000 0.00000 0.00003 0.00033 0.00326 0.02861 0.14065   0.000   0.5303   0.0450   11.79   0.000     1757.3   (tail empty)   1.140197   (41s)\n"}
,{"stream_name":"stdout","time":1955.065124611,"data":" 0.25    1.329     11.00   0.00000 0.00000 0.00000 0.00007 0.00070 0.00582 0.04340 0.17568   0.000   0.4732   0.0409   11.57   0.000     1531.3   (tail empty)   1.175983   (52s)\n"}
,{"stream_name":"stdout","time":1965.496011411,"data":" 0.30    1.430     11.86   0.00000 0.00000 0.00000 0.00015 0.00133 0.00969 0.06390 0.21357   0.000   0.4328   0.0385   11.25   0.000     1398.6   0.2506   1.211865   (62s)\n"}
,{"stream_name":"stdout","time":1975.926719767,"data":" 0.35    1.543     13.22   0.00000 0.00000 0.00001 0.00030 0.00228 0.01536 0.08996 0.25217   0.000   0.3989   0.0367   10.86   0.000     1322.0   0.2167   1.247755   (73s)\n"}
,{"stream_name":"stdout","time":1987.582738605,"data":" 0.40    1.670     14.72   0.00000 0.00000 0.00002 0.00053 0.00365 0.02326 0.12051 0.28987   0.000   0.3671   0.0358   10.26   0.000     1243.1   0.1875   1.283567   (84s)\n"}
,{"stream_name":"stdout","time":1999.239601045,"data":" 0.45    1.809     16.29   0.00000 0.00000 0.00004 0.00086 0.00576 0.03344 0.15390 0.32533   0.000   0.3417   0.0357    9.56   0.000     1188.6   0.1600   1.319226   (96s)\n"}
,{"stream_name":"stdout","time":2010.896757269,"data":" 0.50    1.962     17.88   0.00000 0.00001 0.00007 0.00139 0.00884 0.04578 0.18861 0.35692   0.000   0.3236   0.0364    8.89   0.000     1150.2   0.1359   1.354661   (108s)\n"}
,{"stream_name":"stdout","time":2022.556694404,"data":" 0.55    2.127     19.46   0.00000 0.00001 0.00012 0.00228 0.01307 0.06008 0.22368 0.38259   0.000   0.3089   0.0380    8.13   0.000     1121.3   0.1197   1.389813   (119s)\n"}
,{"stream_name":"stdout","time":2032.994474902,"data":" 0.60    2.305     21.13   0.00000 0.00002 0.00019 0.00368 0.01864 0.07621 0.25860 0.39980   0.001   0.2978   0.0403    7.38   0.000     1142.3   0.1063   1.424628   (130s)\n"}
,{"stream_name":"stdout","time":2043.433459214,"data":" 0.65    2.495     22.64   0.00000 0.00003 0.00034 0.00572 0.02569 0.09442 0.29345 0.40537   0.007   0.2934   0.0436    6.72   0.000     1182.2   0.0951   1.459058   (140s)\n"}
,{"stream_name":"stdout","time":2053.897111437,"data":" 0.70    2.698     24.17   0.00000 0.00006 0.00063 0.00862 0.03439 0.11524 0.32874 0.39605   0.018   0.2905   0.0479    6.07   0.000       78.4   0.0857   1.493066   (151s)\n"}
,{"stream_name":"stdout","time":2065.559189417,"data":" 0.75    2.912     25.55   0.00000 0.00012 0.00115 0.01265 0.04517 0.13938 0.36415 0.37134   0.035   0.2908   0.0533    5.45   0.022      102.2   0.0780   1.526617   (162s)\n"}
,{"stream_name":"stdout","time":2077.221383656,"data":" 0.80    3.137     26.77   0.00001 0.00026 0.00206 0.01823 0.05871 0.16804 0.39418 0.33556   0.061   0.2909   0.0630    4.62   0.041      137.3   0.0715   1.559687   (174s)\n"}
,{"stream_name":"stdout","time":2088.883501776,"data":" 0.85    3.372     27.78   0.00002 0.00056 0.00362 0.02611 0.07576 0.20413 0.40724 0.29597   0.095   0.2905   0.0817    3.55   0.062      192.6   0.0653   1.592254   (186s)\n"}
,{"stream_name":"stdout","time":2100.546586349,"data":" 0.90    3.618     28.53   0.00005 0.00120 0.00630 0.03699 0.09767 0.25040 0.40256 0.26042   0.158   0.2903   0.1013    2.87   0.067      211.1   0.0623   1.624305   (197s)\n"}
,{"stream_name":"stdout","time":2112.209723203,"data":" 0.95    3.874     29.01   0.00017 0.00250 0.01088 0.05163 0.12856 0.29378 0.38695 0.23620   0.223   0.2847   0.0765    3.72   0.076      225.1   0.0589   1.655830   (209s)\n"}
,{"stream_name":"stdout","time":2123.871406715,"data":" 1.00    4.140     29.43   0.00048 0.00506 0.01801 0.07219 0.17127 0.32187 0.36422 0.23395   0.287   0.2768   0.0517    5.36   0.091      243.7   0.0565   1.686827   (220s)\n"}
,{"stream_name":"stdout","time":2136.75399831,"data":" 1.05    4.417     29.87   0.00112 0.00935 0.02830 0.10278 0.21282 0.34327 0.34775 0.22941   0.351   0.2505   0.0399    6.27   0.103      279.4   0.0544   1.717296   (233s)\n"}
,{"stream_name":"stdout","time":2150.859346277,"data":" 1.10    4.704     30.50   0.00236 0.01599 0.04336 0.13989 0.24828 0.36364 0.32398 0.21683   0.419   0.2324   0.0327    7.11   0.110      291.3   0.0499   1.747244   (247s)\n"}
,{"stream_name":"stdout","time":2164.965365877,"data":" 1.15    5.003     31.26   0.00454 0.02596 0.06429 0.17725 0.28260 0.36554 0.29661 0.20830   0.487   0.2081   0.0312    6.67   0.127      285.8   0.0471   1.776681  \u003c-- past the clock   (262s)\n"}
,{"stream_name":"stdout","time":2179.069442311,"data":" 1.20    5.314     32.17   0.00817 0.04014 0.09038 0.21298 0.30402 0.34865 0.28231 0.20515   0.545   0.1899   0.0291    6.52   0.148      298.7   0.0474   1.805622  \u003c-- past the clock   (276s)\n"}
,{"stream_name":"stdout","time":2193.173123621,"data":" 1.25    5.636     33.06   0.01383 0.05874 0.11983 0.24179 0.30969 0.32929 0.27870 0.20794   0.597   0.1762   0.0280    6.29   0.152      304.1   0.0474   1.834086  \u003c-- past the clock   (290s)\n"}
,{"stream_name":"stdout","time":2207.276376361,"data":" 1.30    5.967     37.48   0.02222 0.08134 0.14911 0.25663 0.30264 0.30577 0.26442 0.20182   0.623   0.1795   0.0298    6.02   0.128      398.1   0.0464   1.862095  \u003c-- past the clock   (304s)\n"}
,{"stream_name":"stdout","time":2221.378672557,"data":" 1.35    6.301     43.78   0.03363 0.10529 0.17104 0.25813 0.28644 0.27470 0.24042 0.18664   0.641   0.1760   0.0296    5.94   0.112      458.6   0.0465   1.889676  \u003c-- past the clock   (318s)\n"}
,{"stream_name":"stdout","time":2235.481479657,"data":" 1.40    6.628     52.76   0.04494 0.12271 0.18153 0.25019 0.25739 0.23694 0.20989 0.16781   0.701   0.1703   0.0274    6.21   0.085      540.4   0.0451   1.916861  \u003c-- past the clock   (332s)\n"}
,{"stream_name":"stdout","time":2250.804348168,"data":" 1.45    6.938     65.04   0.05403 0.13402 0.18618 0.23035 0.22242 0.20221 0.18420 0.15004   0.807   0.1286   0.0255    5.04   0.092      398.0   0.0425   1.943692  \u003c-- past the clock   (347s)\n"}
,{"stream_name":"stdout","time":2266.126167959,"data":" 1.50    7.221     80.73   0.06196 0.14028 0.17852 0.20203 0.19458 0.18043 0.16461 0.13443   0.949   0.0751   0.0182    4.12   0.097      237.0   0.0403   1.970214  \u003c-- past the clock   (363s)\n"}
,{"stream_name":"stdout","time":2282.668120508,"data":" 1.55    7.472     83.70   0.06156 0.12801 0.15554 0.18190 0.18156 0.16926 0.15461 0.12561   0.882   0.0828   0.0173    4.79   0.144      278.5   0.0395   1.996473  \u003c-- past the clock   (379s)\n"}
,{"stream_name":"stdout","time":2299.211035241,"data":" 1.60    7.691     73.46   0.04723 0.10559 0.13562 0.16883 0.17254 0.16532 0.15026 0.11972   0.760   0.1344   0.0333    4.03   0.164      530.5   0.0395   2.022507  \u003c-- past the clock   (396s)\n"}
,{"stream_name":"stdout","time":2315.754788965,"data":" 1.65    7.900     73.54   0.03644 0.09056 0.12350 0.15753 0.16316 0.16734 0.14084 0.11229   0.726   0.1345   0.0375    3.59   0.198      559.2   0.0395   2.048332  \u003c-- past the clock   (412s)\n"}
,{"stream_name":"stdout","time":2331.077472276,"data":" 1.70    8.120     72.69   0.03207 0.08383 0.11770 0.14959 0.16094 0.16111 0.12933 0.10334   0.688   0.1233   0.0340    3.63   0.181      445.4   0.0392   2.073930  \u003c-- past the clock   (428s)\n"}
,{"stream_name":"stdout","time":2346.398388968,"data":" 1.75    8.355     79.59   0.03342 0.08419 0.11266 0.14080 0.15441 0.14783 0.11972 0.09792   0.708   0.1210   0.0398    3.04   0.142      483.7   0.0387   2.099263  \u003c-- past the clock   (443s)\n"}
,{"stream_name":"stdout","time":2361.721962311,"data":" 1.80    8.594     82.55   0.03499 0.08344 0.10556 0.13303 0.14603 0.14015 0.11381 0.09058   0.732   0.1065   0.0386    2.76   0.137      373.0   0.0381   2.124303  \u003c-- past the clock   (458s)\n"}
,{"stream_name":"stdout","time":2375.822481599,"data":" 1.85    8.829     82.97   0.03438 0.07985 0.09908 0.12925 0.14262 0.13606 0.10813 0.08070   0.695   0.0973   0.0349    2.79   0.165      291.9   0.0376   2.149038  \u003c-- past the clock   (472s)\n"}
,{"stream_name":"stdout","time":2391.145083491,"data":" 1.90    9.061     81.26   0.03234 0.07449 0.09473 0.13126 0.14238 0.13286 0.10097 0.07581   0.694   0.0895   0.0355    2.52   0.179      284.7   0.0374   2.173457  \u003c-- past the clock   (488s)\n"}
,{"stream_name":"stdout","time":2406.468812032,"data":" 1.95    9.290     95.23   0.03205 0.07075 0.09180 0.13161 0.14185 0.12831 0.09424 0.07521   0.682   0.0832   0.0426    1.95   0.193      287.9   0.0370   2.197553  \u003c-- past the clock   (503s)\n"}
,{"stream_name":"stdout","time":2423.015087863,"data":" 2.00    9.518    110.08   0.03103 0.06782 0.08907 0.12889 0.14290 0.12008 0.08819 0.07252   0.676   0.0817   0.0343    2.38   0.165      331.6   0.0364   2.221318  \u003c-- past the clock   (520s)\n"}
,{"stream_name":"stdout","time":2440.784545357,"data":" 2.05    9.757    120.11   0.02995 0.06777 0.08967 0.12242 0.13161 0.10947 0.08205 0.06591   0.774   0.0751   0.0295    2.54   0.141      333.3   0.0364   2.244735  \u003c-- past the clock   (537s)\n"}
,{"stream_name":"stdout","time":2459.772185199,"data":" 2.10   10.022    151.89   0.03087 0.06787 0.08693 0.11273 0.11449 0.09667 0.07429 0.05846   0.859   0.0655   0.0312    2.10   0.125      324.6   0.0369   2.267775  \u003c-- past the clock   (556s)\n"}
,{"stream_name":"stdout","time":2477.539853059,"data":" 2.15   10.306    130.37   0.03495 0.07235 0.08790 0.10524 0.10266 0.09154 0.06611 0.05395   0.890   0.0651   0.0276    2.36   0.146      300.9   0.0368   2.290406  \u003c-- past the clock   (574s)\n"}
,{"stream_name":"stdout","time":2494.085615221,"data":" 2.20   10.591    140.85   0.04345 0.07487 0.08252 0.10021 0.09839 0.09047 0.06504 0.05186   0.932   0.0657   0.0379    1.73   0.244      363.2   0.0359   2.312618  \u003c-- past the clock   (591s)\n"}
,{"stream_name":"stdout","time":2509.40639327,"data":" 2.25   10.849    140.34   0.04457 0.07613 0.08410 0.10074 0.10455 0.09005 0.06632 0.05186   0.954   0.0762   0.0355    2.15   0.213      455.0   0.0352   2.334436  \u003c-- past the clock   (606s)\n"}
,{"stream_name":"stdout","time":2524.730114488,"data":" 2.30   11.095    142.70   0.04190 0.07654 0.08838 0.10683 0.10649 0.08743 0.06450 0.04917   0.941   0.0797   0.0301    2.65   0.166      492.7   0.0352   2.355897  \u003c-- past the clock   (621s)\n"}
,{"stream_name":"stdout","time":2540.054684394,"data":" 2.35   11.337    143.34   0.04214 0.07507 0.09175 0.10968 0.10873 0.09206 0.06264 0.04900   0.906   0.0707   0.0319    2.22   0.140      350.3   0.0351   2.377019  \u003c-- past the clock   (637s)\n"}
,{"stream_name":"stdout","time":2556.601011701,"data":" 2.40   11.574    141.83   0.04302 0.07974 0.09360 0.11218 0.11242 0.09649 0.06248 0.05001   0.847   0.0803   0.0299    2.68   0.180      416.9   0.0342   2.397819  \u003c-- past the clock   (653s)\n"}
,{"stream_name":"stdout","time":2556.601950509,"data":"\n"}
,{"stream_name":"stdout","time":2556.601983812,"data":"C22 descent: separation -\u003e peak twist, peak time (clock expires at t = 1.10)\n"}
,{"stream_name":"stdout","time":2556.601990989,"data":"   sep 0.05   peak 0.00236 at t = 1.10   (at the clock or at t = 0: not a peak)\n"}
,{"stream_name":"stdout","time":2556.601996217,"data":"   sep 0.07   peak 0.01599 at t = 1.10   (at the clock or at t = 0: not a peak)\n"}
,{"stream_name":"stdout","time":2556.602001223,"data":"   sep 0.10   peak 0.04336 at t = 1.10   (at the clock or at t = 0: not a peak)\n"}
,{"stream_name":"stdout","time":2556.602006264,"data":"   sep 0.14   peak 0.13989 at t = 1.10   (at the clock or at t = 0: not a peak)\n"}
,{"stream_name":"stdout","time":2556.60201094,"data":"   sep 0.20   peak 0.24828 at t = 1.10   (at the clock or at t = 0: not a peak)\n"}
,{"stream_name":"stdout","time":2556.602015789,"data":"   sep 0.28   peak 0.36364 at t = 1.10   (at the clock or at t = 0: not a peak)\n"}
,{"stream_name":"stdout","time":2556.602020294,"data":"   sep 0.40   peak 0.40724 at t = 0.85\n"}
,{"stream_name":"stdout","time":2556.602025553,"data":"   sep 0.56   peak 0.40537 at t = 0.65\n"}
,{"stream_name":"stdout","time":2556.602030027,"data":"\n"}
,{"stream_name":"stdout","time":2556.6020516,"data":"clock expires at t = 1.10 (delta 0.0499); strong twist peak 0.04336 at t = 1.10, at the clock 0.04336 (fall 0%); max|w| growth to the clock 4.26x\n"}
,{"stream_name":"stdout","time":2556.602056021,"data":"race variable ell/ell_nu min inside the clock = 2.87 (at t = 0.90); cut fraction at the clock 0.110\n"}
,{"stream_name":"stdout","time":2556.602059862,"data":"C21: Re_seam at the twist peak (t = 1.10) = 291.3; twist peak 0.04336; max|w| at the peak 30.5\n"}
,{"stream_name":"stdout","time":2556.602063157,"data":"REGISTERED C20 at nu=0.001: between (see rows)\n"}
,{"stream_name":"stdout","time":2557.108960585,"data":"=== IC=found NU=1e-3 T=2.4 FORCE=1.5 -\u003e /kaggle/working/seam_ICfound_NU1e-3_T2.4_FORCE1.5.txt\n"}
,{"stream_name":"stdout","time":2559.234915939,"data":"found field at /kaggle/input/datasets/mrigshira/zef-found/leashed64_dmin030.npz\n"}
,{"stream_name":"stdout","time":2559.660251119,"data":"forced: f = 1.50 x (initial field, |k| \u003c= 4), |f|_rms = 0.3135, energy injection rate at t=0 = 0.0655 (vs 2 nu Z0 = 0.0008)\n"}
,{"stream_name":"stdout","time":2559.660294679,"data":"seam race on GPU: IC=found  N=256^3  nu=0.001  T=2.4  Z0=0.375  clock 2dx=0.0491  device=cuda  FORCE=1.5\n"}
,{"stream_name":"stdout","time":2560.408851222,"data":"   t     Z/Z0    max|w|   twist@0.05 @0.07 @0.1 @0.14 @0.2 @0.28 @0.4 @0.56   anti    ell     ell_nu   race   cut    Re_seam   delta     E/E0\n"}
,{"stream_name":"stdout","time":2560.40889866,"data":" 0.00    1.000      7.16   0.00000 0.00000 0.00000 0.00001 0.00008 0.00071 0.00821 0.06333   0.000   0.6364   0.1843    3.45   0.000     1820.1   (tail empty)   1.000000   (1s)\n"}
,{"stream_name":"stdout","time":2570.851184108,"data":" 0.05    1.094      7.61   0.00000 0.00000 0.00000 0.00001 0.00008 0.00074 0.00904 0.06922   0.000   0.6358   0.0832    7.64   0.000     1922.9   (tail empty)   1.108302   (11s)\n"}
,{"stream_name":"stdout","time":2581.293677778,"data":" 0.10    1.205      8.65   0.00000 0.00000 0.00000 0.00001 0.00009 0.00095 0.01156 0.08130   0.000   0.6388   0.0603   10.59   0.000     2180.0   (tail empty)   1.223416   (22s)\n"}
,{"stream_name":"stdout","time":2591.733059713,"data":" 0.15    1.335      9.76   0.00000 0.00000 0.00000 0.00001 0.00014 0.00155 0.01666 0.10008   0.000   0.6069   0.0494   12.29   0.000     2201.2   (tail empty)   1.344978   (32s)\n"}
,{"stream_name":"stdout","time":2603.392852382,"data":" 0.20    1.486     10.91   0.00000 0.00000 0.00000 0.00002 0.00028 0.00282 0.02531 0.12527   0.000   0.5416   0.0434   12.49   0.000     1977.2   (tail empty)   1.472591   (44s)\n"}
,{"stream_name":"stdout","time":2615.052974747,"data":" 0.25    1.660     12.08   0.00000 0.00000 0.00000 0.00006 0.00058 0.00506 0.03845 0.15553   0.000   0.4811   0.0391   12.32   0.000     1741.9   (tail empty)   1.605835   (55s)\n"}
,{"stream_name":"stdout","time":2626.712597909,"data":" 0.30    1.860     13.41   0.00000 0.00000 0.00000 0.00012 0.00113 0.00855 0.05695 0.18877   0.000   0.4371   0.0362   12.09   0.000     1613.1   0.2404   1.744274   (67s)\n"}
,{"stream_name":"stdout","time":2639.59612788,"data":" 0.35    2.087     15.35   0.00000 0.00000 0.00001 0.00025 0.00197 0.01386 0.08069 0.22292   0.000   0.3995   0.0343   11.66   0.000     1536.8   0.2037   1.887464   (80s)\n"}
,{"stream_name":"stdout","time":2652.479831942,"data":" 0.40    2.345     17.48   0.00000 0.00000 0.00002 0.00045 0.00335 0.02154 0.10850 0.25622   0.000   0.3658   0.0335   10.93   0.000     1451.2   0.1692   2.034960   (93s)\n"}
,{"stream_name":"stdout","time":2665.364552298,"data":" 0.45    2.636     19.76   0.00000 0.00000 0.00003 0.00080 0.00570 0.03183 0.13868 0.28670   0.000   0.3386   0.0338   10.02   0.000     1406.4   0.1388   2.186324   (106s)\n"}
,{"stream_name":"stdout","time":2678.250902812,"data":" 0.50    2.961     22.14   0.00000 0.00001 0.00006 0.00154 0.00945 0.04475 0.17004 0.31124   0.000   0.3193   0.0354    9.02   0.000     1377.6   0.1168   2.341132   (119s)\n"}
,{"stream_name":"stdout","time":2691.137344354,"data":" 0.55    3.323     24.59   0.00000 0.00001 0.00013 0.00293 0.01495 0.06024 0.20228 0.32556   0.002   0.3047   0.0380    8.02   0.000     1403.0   0.1002   2.498973   (131s)\n"}
,{"stream_name":"stdout","time":2705.272727728,"data":" 0.60    3.723     27.15   0.00000 0.00002 0.00031 0.00529 0.02250 0.07871 0.23565 0.32481   0.011   0.2991   0.0430    6.95   0.000      108.6   0.0869   2.659457   (146s)\n"}
,{"stream_name":"stdout","time":2719.384544674,"data":" 0.65    4.164     29.59   0.00000 0.00006 0.00077 0.00903 0.03235 0.10128 0.26979 0.30629   0.028   0.3008   0.0508    5.92   0.001      170.0   0.0765   2.822215   (160s)\n"}
,{"stream_name":"stdout","time":2733.496282263,"data":" 0.70    4.647     31.80   0.00000 0.00021 0.00175 0.01461 0.04542 0.12958 0.29912 0.27364   0.058   0.3047   0.0640    4.76   0.015      260.2   0.0682   2.986903   (174s)\n"}
,{"stream_name":"stdout","time":2747.607986989,"data":" 0.75    5.174     33.75   0.00002 0.00064 0.00371 0.02309 0.06316 0.16665 0.31195 0.23709   0.102   0.3101   0.1000    3.10   0.037      272.2   0.0607   3.153200   (188s)\n"}
,{"stream_name":"stdout","time":2762.943133676,"data":" 0.80    5.747     35.37   0.00011 0.00173 0.00751 0.03588 0.08801 0.21102 0.31036 0.21236   0.173   0.3139   0.0932    3.37   0.051      265.2   0.0573   3.320817   (203s)\n"}
,{"stream_name":"stdout","time":2779.500226071,"data":" 0.85    6.370     36.54   0.00047 0.00437 0.01462 0.05470 0.12516 0.24313 0.30427 0.20407   0.248   0.3042   0.0455    6.69   0.065      307.4   0.0533   3.489496   (220s)\n"}
,{"stream_name":"stdout","time":2796.059043476,"data":" 0.90    7.047     37.81   0.00145 0.00983 0.02618 0.08371 0.16644 0.26820 0.29655 0.18893   0.333   0.2719   0.0324    8.40   0.066      375.3   0.0515   3.659014   (236s)\n"}
,{"stream_name":"stdout","time":2813.842263575,"data":" 0.95    7.783     39.28   0.00365 0.01925 0.04413 0.12170 0.20413 0.29036 0.27040 0.17662   0.414   0.2441   0.0290    8.43   0.067      390.1   0.0471   3.829188  \u003c-- past the clock   (254s)\n"}
,{"stream_name":"stdout","time":2831.62366619,"data":" 1.00    8.584     41.06   0.00790 0.03411 0.06992 0.16230 0.23832 0.29119 0.25508 0.17608   0.477   0.2179   0.0267    8.17   0.065      392.7   0.0454   3.999866  \u003c-- past the clock   (272s)\n"}
,{"stream_name":"stdout","time":2849.405043836,"data":" 1.05    9.453     42.61   0.01522 0.05530 0.10223 0.20121 0.26060 0.28719 0.25659 0.18190   0.539   0.1951   0.0258    7.56   0.082      395.3   0.0447   4.170928  \u003c-- past the clock   (290s)\n"}
,{"stream_name":"stdout","time":2869.63350774,"data":" 1.10   10.387     46.95   0.02588 0.08143 0.13655 0.22569 0.26438 0.27225 0.24366 0.17120   0.579   0.1813   0.0255    7.10   0.083      412.1   0.0426   4.342270  \u003c-- past the clock   (310s)\n"}
,{"stream_name":"stdout","time":2889.861434487,"data":" 1.15   11.375     53.91   0.03747 0.10724 0.16247 0.23073 0.24610 0.23738 0.21168 0.14682   0.604   0.1731   0.0271    6.39   0.066      464.2   0.0424   4.513777  \u003c-- past the clock   (330s)\n"}
,{"stream_name":"stdout","time":2911.31335936,"data":" 1.20   12.393     61.35   0.04807 0.12566 0.17461 0.21568 0.21279 0.20016 0.17226 0.12074   0.612   0.1649   0.0310    5.32   0.082      460.1   0.0424   4.685313  \u003c-- past the clock   (352s)\n"}
,{"stream_name":"stdout","time":2933.98913853,"data":" 1.25   13.419     79.87   0.05762 0.13412 0.16905 0.18870 0.18592 0.17399 0.14645 0.10594   0.728   0.1190   0.0292    4.07   0.090      342.8   0.0403   4.856693  \u003c-- past the clock   (374s)\n"}
,{"stream_name":"stdout","time":2956.663610302,"data":" 1.30   14.422     92.52   0.06003 0.12599 0.14755 0.16749 0.16965 0.15789 0.13205 0.09910   0.764   0.1094   0.0273    4.00   0.160      426.6   0.0374   5.027679  \u003c-- past the clock   (397s)\n"}
,{"stream_name":"stdout","time":2979.336433954,"data":" 1.35   15.416     91.70   0.05419 0.11414 0.13698 0.16071 0.16473 0.14751 0.12122 0.09301   0.691   0.0982   0.0292    3.36   0.134      348.3   0.0353   5.197992  \u003c-- past the clock   (420s)\n"}
,{"stream_name":"stdout","time":3000.786589733,"data":" 1.40   16.480    115.86   0.05949 0.11499 0.12908 0.15197 0.15032 0.13172 0.10136 0.08277   0.769   0.0791   0.0218    3.63   0.119      346.7   0.0338   5.367285  \u003c-- past the clock   (441s)\n"}
,{"stream_name":"stdout","time":3023.460112377,"data":" 1.45   17.627    162.47   0.05389 0.09828 0.11298 0.13833 0.13811 0.11677 0.09046 0.07383   0.804   0.0743   0.0210    3.53   0.083      432.0   0.0332   5.535195  \u003c-- past the clock   (464s)\n"}
,{"stream_name":"stdout","time":3049.800171971,"data":" 1.50   18.804    235.23   0.04104 0.07785 0.09480 0.13158 0.12852 0.11139 0.08427 0.06737   0.985   0.0501      -       nan   0.045      336.5   0.0321   5.701491  \u003c-- past the clock   (490s)\n"}
,{"stream_name":"stdout","time":3077.364000387,"data":" 1.55   19.980    241.35   0.03898 0.07132 0.08949 0.12931 0.13572 0.11099 0.07617 0.06223   0.985   0.0417   0.0258    1.62   0.061      276.0   0.0315   5.866121  \u003c-- past the clock   (518s)\n"}
,{"stream_name":"stdout","time":3104.928647898,"data":" 1.60   21.202    236.29   0.04381 0.07463 0.09223 0.12967 0.12905 0.10237 0.07476 0.06545   1.000   0.0448   0.2028    0.22   0.112      313.5   0.0309   6.029096  \u003c-- past the clock   (545s)\n"}
,{"stream_name":"stdout","time":3130.047542115,"data":" 1.65   22.469    211.46   0.05102 0.08431 0.09117 0.11335 0.11382 0.10218 0.07864 0.06624   0.909   0.0681   0.0280    2.43   0.133      516.6   0.0314   6.190413  \u003c-- past the clock   (570s)\n"}
,{"stream_name":"stdout","time":3155.165001654,"data":" 1.70   23.842    192.94   0.05107 0.08177 0.08404 0.09876 0.10243 0.09246 0.07509 0.06392   0.845   0.0614   0.0206    2.98   0.129      352.1   0.0317   6.350049  \u003c-- past the clock   (596s)\n"}
,{"stream_name":"stdout","time":3180.283628011,"data":" 1.75   25.376    218.52   0.07317 0.09189 0.07850 0.09642 0.09484 0.08373 0.06566 0.06101   0.797   0.0565   0.0203    2.78   0.133      320.4   0.0307   6.507843  \u003c-- past the clock   (621s)\n"}
,{"stream_name":"stdout","time":3206.625267772,"data":" 1.80   26.916    250.93   0.08084 0.09098 0.07122 0.08600 0.08855 0.07767 0.05656 0.06012   0.828   0.0446   0.0333    1.34   0.130      269.8   0.0295   6.663671  \u003c-- past the clock   (647s)\n"}
,{"stream_name":"stdout","time":3232.966111828,"data":" 1.85   28.482    246.36   0.06364 0.08413 0.07629 0.08956 0.09127 0.07802 0.05560 0.06214   0.811   0.0487   0.0210    2.32   0.180      316.5   0.0297   6.817479  \u003c-- past the clock   (673s)\n"}
,{"stream_name":"stdout","time":3259.309985886,"data":" 1.90   30.194    196.22   0.04860 0.06925 0.07530 0.10167 0.10304 0.07894 0.05702 0.05811   0.767   0.0516   0.0264    1.96   0.168      262.9   0.0296   6.969083  \u003c-- past the clock   (700s)\n"}
,{"stream_name":"stdout","time":3283.20497412,"data":" 1.95   32.090    186.13   0.04693 0.07827 0.09090 0.11425 0.10627 0.09144 0.06629 0.06416   0.806   0.0545   0.0320    1.70   0.158      310.0   0.0297   7.118208  \u003c-- past the clock   (724s)\n"}
,{"stream_name":"stdout","time":3305.877199306,"data":" 2.00   34.146    203.66   0.05470 0.09148 0.10116 0.13181 0.12539 0.10344 0.06806 0.06345   0.851   0.0577   0.0374    1.54   0.166      359.0   0.0298   7.264637  \u003c-- past the clock   (746s)\n"}
,{"stream_name":"stdout","time":3328.550249767,"data":" 2.05   36.308    195.12   0.06265 0.09788 0.10473 0.13246 0.11504 0.09164 0.06624 0.06375   0.867   0.0559   0.0202    2.77   0.156      323.5   0.0295   7.408262  \u003c-- past the clock   (769s)\n"}
,{"stream_name":"stdout","time":3351.223525465,"data":" 2.10   38.386    202.79   0.06741 0.10003 0.09924 0.11571 0.10755 0.08926 0.06567 0.05724   0.881   0.0549   0.0238    2.31   0.220      332.4   0.0294   7.549126  \u003c-- past the clock   (792s)\n"}
,{"stream_name":"stdout","time":3373.895594161,"data":" 2.15   40.410    204.07   0.06689 0.09983 0.09735 0.11298 0.10679 0.09380 0.07572 0.05669   0.908   0.0557   0.0223    2.49   0.189      336.7   0.0290   7.687340  \u003c-- past the clock   (814s)\n"}
,{"stream_name":"stdout","time":3396.569322346,"data":" 2.20   42.414    208.83   0.05792 0.08707 0.08935 0.10787 0.10665 0.09024 0.07606 0.05872   0.897   0.0568   0.0231    2.46   0.181      368.4   0.0287   7.822890  \u003c-- past the clock   (837s)\n"}
,{"stream_name":"stdout","time":3419.242442173,"data":" 2.25   44.491    230.68   0.05821 0.08540 0.08576 0.10382 0.10345 0.09480 0.07660 0.05756   0.910   0.0595   0.0244    2.44   0.178      462.8   0.0283   7.955665  \u003c-- past the clock   (860s)\n"}
,{"stream_name":"stdout","time":3444.361861902,"data":" 2.30   46.581    228.25   0.05777 0.08769 0.09113 0.10788 0.10810 0.09341 0.07784 0.05554   0.920   0.0621   0.0222    2.79   0.160      510.3   0.0282   8.085525  \u003c-- past the clock   (885s)\n"}
,{"stream_name":"stdout","time":3468.25937004,"data":" 2.35   48.898    231.05   0.06977 0.09422 0.09253 0.11442 0.11444 0.09525 0.07532 0.05411   0.902   0.0548   0.0247    2.21   0.163      383.8   0.0279   8.212268  \u003c-- past the clock   (909s)\n"}
,{"stream_name":"stdout","time":3490.930424137,"data":" 2.40   51.272    248.85   0.07443 0.10374 0.10150 0.12037 0.11431 0.09397 0.07182 0.05670   0.914   0.0536   0.0286    1.87   0.123      399.1   0.0277   8.335675  \u003c-- past the clock   (931s)\n"}
,{"stream_name":"stdout","time":3490.931194889,"data":"\n"}
,{"stream_name":"stdout","time":3490.931220664,"data":"C22 descent: separation -\u003e peak twist, peak time (clock expires at t = 0.90)\n"}
,{"stream_name":"stdout","time":3490.931227999,"data":"   sep 0.05   peak 0.00145 at t = 0.90   (at the clock or at t = 0: not a peak)\n"}
,{"stream_name":"stdout","time":3490.931246316,"data":"   sep 0.07   peak 0.00983 at t = 0.90   (at the clock or at t = 0: not a peak)\n"}
,{"stream_name":"stdout","time":3490.931252134,"data":"   sep 0.10   peak 0.02618 at t = 0.90   (at the clock or at t = 0: not a peak)\n"}
,{"stream_name":"stdout","time":3490.931257783,"data":"   sep 0.14   peak 0.08371 at t = 0.90   (at the clock or at t = 0: not a peak)\n"}
,{"stream_name":"stdout","time":3490.931263034,"data":"   sep 0.20   peak 0.16644 at t = 0.90   (at the clock or at t = 0: not a peak)\n"}
,{"stream_name":"stdout","time":3490.931267903,"data":"   sep 0.28   peak 0.26820 at t = 0.90   (at the clock or at t = 0: not a peak)\n"}
,{"stream_name":"stdout","time":3490.931273652,"data":"   sep 0.40   peak 0.31195 at t = 0.75\n"}
,{"stream_name":"stdout","time":3490.931278625,"data":"   sep 0.56   peak 0.32556 at t = 0.55\n"}
,{"stream_name":"stdout","time":3490.93128399,"data":"\n"}
,{"stream_name":"stdout","time":3490.931289395,"data":"clock expires at t = 0.90 (delta 0.0515); strong twist peak 0.02618 at t = 0.90, at the clock 0.02618 (fall 0%); max|w| growth to the clock 5.28x\n"}
,{"stream_name":"stdout","time":3490.931294571,"data":"race variable ell/ell_nu min inside the clock = 3.10 (at t = 0.75); cut fraction at the clock 0.066\n"}
,{"stream_name":"stdout","time":3490.931300151,"data":"C21: Re_seam at the twist peak (t = 0.90) = 375.3; twist peak 0.02618; max|w| at the peak 37.8\n"}
,{"stream_name":"stdout","time":3490.931305787,"data":"REGISTERED C20 at nu=0.001: between (see rows)\n"}
,{"stream_name":"stderr","time":3494.088763413,"data":"/usr/local/lib/python3.12/dist-packages/mistune.py:435: SyntaxWarning: invalid escape sequence '\\|'\n"}
,{"stream_name":"stderr","time":3494.08884167,"data":"  cells[i][c] = re.sub('\\\\\\\\\\|', '|', cell)\n"}
,{"stream_name":"stderr","time":3494.413113991,"data":"/usr/local/lib/python3.12/dist-packages/nbconvert/filters/filter_links.py:36: SyntaxWarning: invalid escape sequence '\\_'\n"}
,{"stream_name":"stderr","time":3494.413145041,"data":"  text = re.sub(r'_', '\\_', text) # Escape underscores in display text\n"}
,{"stream_name":"stderr","time":3495.122069417,"data":"[NbConvertApp] Converting notebook __script__.ipynb to html\n"}
,{"stream_name":"stderr","time":3496.525994639,"data":"[NbConvertApp] Writing 393525 bytes to __results__.html\n"}
]