[{"stream_name":"stdout","time":7.015180566,"data":"=== IC=found NU=2e-3 T=2.0 N=320 LAGR=1 TSEED=1.0 -\u003e /kaggle/working/seam_ICfound_NU2e-3_T2.0_N320_LAGR1_TSEED1.0.txt\n"}
,{"stream_name":"stdout","time":10.649020271,"data":"seam race on GPU: IC=found  N=320^3  nu=0.002  T=2.0  Z0=0.375  clock 2dx=0.0393  device=cuda  FORCE=0 (steady)\n"}
,{"stream_name":"stdout","time":12.55710927,"data":"   t     Z/Z0    max|w|   twist@0.05 @0.07 @0.1 @0.14 @0.2 @0.28 @0.4 @0.56   anti    ell     ell_nu   race   cut    Re_seam   delta     E/E0   | material|w|  gap   jump   flip   dgap/dt(u) dgap/dt(pair) dgap/dt(sheets) flipped@  kappa  C_LIA   delta_m  s_m\n"}
,{"stream_name":"stdout","time":12.557174835,"data":" 0.00    1.000      7.16   0.00000 0.00000 0.00000 0.00001 0.00008 0.00080 0.00821 0.06609   0.000   0.6366   0.2607    2.44   0.000      910.7   (tail empty)   1.000000   (2s)\n"}
,{"stream_name":"stdout","time":35.214911707,"data":" 0.05    1.018      7.40   0.00000 0.00000 0.00000 0.00001 0.00009 0.00091 0.00973 0.07695   0.000   0.6342   0.1204    5.27   0.000      927.6   (tail empty)   0.997554   (25s)\n"}
,{"stream_name":"stdout","time":57.692270498,"data":" 0.10    1.045      8.16   0.00000 0.00000 0.00000 0.00001 0.00011 0.00126 0.01322 0.09504   0.000   0.6316   0.0884    7.15   0.000     1005.4   (tail empty)   0.995053   (47s)\n"}
,{"stream_name":"stdout","time":82.947319994,"data":" 0.15    1.080      8.93   0.00000 0.00000 0.00000 0.00001 0.00017 0.00214 0.01974 0.12084   0.000   0.5933   0.0733    8.09   0.000      967.7   (tail empty)   0.992478   (72s)\n"}
,{"stream_name":"stdout","time":107.799814219,"data":" 0.20    1.123      9.68   0.00000 0.00000 0.00000 0.00002 0.00036 0.00391 0.03029 0.15368   0.000   0.5263   0.0651    8.08   0.000      829.1   (tail empty)   0.989807   (97s)\n"}
,{"stream_name":"stdout","time":132.596706947,"data":" 0.25    1.175     10.39   0.00000 0.00000 0.00000 0.00004 0.00075 0.00688 0.04579 0.19152   0.000   0.4709   0.0597    7.89   0.000      716.5   (tail empty)   0.987021   (122s)\n"}
,{"stream_name":"stdout","time":157.357480457,"data":" 0.30    1.234     11.06   0.00000 0.00000 0.00000 0.00010 0.00143 0.01126 0.06703 0.23185   0.000   0.4336   0.0565    7.68   0.000      653.5   (tail empty)   0.984102   (147s)\n"}
,{"stream_name":"stdout","time":182.099675735,"data":" 0.35    1.300     12.04   0.00000 0.00000 0.00001 0.00020 0.00241 0.01753 0.09385 0.27251   0.000   0.4015   0.0544    7.38   0.000      613.0   (tail empty)   0.981030   (171s)\n"}
,{"stream_name":"stdout","time":206.846305705,"data":" 0.40    1.373     13.17   0.00000 0.00000 0.00002 0.00035 0.00377 0.02601 0.12527 0.31201   0.000   0.3720   0.0532    6.99   0.000      573.4   0.2026   0.977789   (196s)\n"}
,{"stream_name":"stdout","time":231.605142307,"data":" 0.45    1.452     14.32   0.00000 0.00001 0.00005 0.00056 0.00571 0.03666 0.15986 0.34923   0.000   0.3476   0.0529    6.57   0.000      541.4   0.1790   0.974363   (221s)\n"}
,{"stream_name":"stdout","time":254.004416025,"data":" 0.50    1.536     15.45   0.00000 0.00001 0.00008 0.00085 0.00839 0.04926 0.19624 0.38303   0.000   0.3287   0.0537    6.13   0.000      518.3   0.1581   0.970740   (243s)\n"}
,{"stream_name":"stdout","time":276.390498084,"data":" 0.55    1.625     16.56   0.00000 0.00002 0.00012 0.00128 0.01191 0.06354 0.23346 0.41220   0.000   0.3140   0.0551    5.70   0.000      503.0   0.1409   0.966906   (266s)\n"}
,{"stream_name":"stdout","time":298.781229029,"data":" 0.60    1.718     17.60   0.00000 0.00004 0.00019 0.00193 0.01632 0.07931 0.27087 0.43541   0.000   0.3031   0.0575    5.27   0.000      494.6   0.1284   0.962852   (288s)\n"}
,{"stream_name":"stdout","time":321.182107995,"data":" 0.65    1.813     18.58   0.00001 0.00005 0.00028 0.00283 0.02169 0.09668 0.30814 0.45115   0.001   0.2971   0.0601    4.94   0.000      499.4   0.1190   0.958569   (311s)\n"}
,{"stream_name":"stdout","time":343.588430124,"data":" 0.70    1.911     19.50   0.00001 0.00008 0.00042 0.00406 0.02810 0.11600 0.34531 0.45756   0.004   0.2941   0.0641    4.59   0.000      512.2   0.1119   0.954052   (333s)\n"}
,{"stream_name":"stdout","time":365.989505467,"data":" 0.75    2.010     20.33   0.00001 0.00013 0.00064 0.00567 0.03571 0.13774 0.38258 0.45269   0.009   0.2944   0.0689    4.28   0.000      533.0   0.1062   0.949296   (355s)\n"}
,{"stream_name":"stdout","time":388.433688429,"data":" 0.80    2.109     21.04   0.00002 0.00020 0.00097 0.00778 0.04487 0.16240 0.41982 0.43579   0.018   0.2933   0.0740    3.96   0.028       34.0   0.1008   0.944299   (378s)\n"}
,{"stream_name":"stdout","time":410.831110669,"data":" 0.85    2.208     21.67   0.00004 0.00032 0.00146 0.01053 0.05614 0.19060 0.45528 0.40880   0.029   0.2951   0.0824    3.58   0.092       40.8   0.0955   0.939061   (400s)\n"}
,{"stream_name":"stdout","time":433.230943165,"data":" 0.90    2.306     22.18   0.00006 0.00051 0.00217 0.01420 0.07014 0.22340 0.48350 0.37593   0.044   0.2960   0.0902    3.28   0.150       48.7   0.0905   0.933585   (423s)\n"}
,{"stream_name":"stdout","time":455.629562373,"data":" 0.95    2.401     22.56   0.00011 0.00081 0.00323 0.01926 0.08753 0.26221 0.49716 0.34191   0.067   0.2960   0.0982    3.01   0.211       55.8   0.0864   0.927875   (445s)\n"}
,{"stream_name":"stdout","time":478.536982503,"data":"lagrangian: 4000 particles seeded on the high set at t = 1.00; sheets A/B = 2830/1170\n"}
,{"stream_name":"stdout","time":479.72334674,"data":" 1.00    2.494     22.81   0.00018 0.00128 0.00479 0.02625 0.10938 0.30639 0.49431 0.31066   0.102   0.2911   0.0981    2.97   0.288       62.7   0.0829   0.921936   |    13.12   0.2735   1.0438   0.000   -0.3492  -0.1683  -0.2996    -       0.77  -0.768   0.3190  +0.675   (469s)\n"}
,{"stream_name":"stdout","time":503.620014651,"data":" 1.05    2.583     22.90   0.00031 0.00203 0.00716 0.03581 0.13747 0.34907 0.47864 0.28463   0.149   0.2844   0.0901    3.16   0.353       75.7   0.0798   0.915777   |    13.31   0.2568   1.0658   0.000   -0.3165  -0.1514  -0.2689    -       0.87  -0.636   0.3015  +0.646   (493s)\n"}
,{"stream_name":"stdout","time":529.893489675,"data":" 1.10    2.668     22.86   0.00054 0.00321 0.01075 0.04880 0.17277 0.38181 0.45346 0.26680   0.198   0.2772   0.0806    3.44   0.405       86.9   0.0778   0.909406   |    13.50   0.2406   1.0696   0.000   -0.2861  -0.1385  -0.2398    -       1.00  -0.539   0.3025  +0.665   (519s)\n"}
,{"stream_name":"stdout","time":556.165471105,"data":" 1.15    2.749     22.73   0.00092 0.00511 0.01608 0.06650 0.21161 0.40342 0.42309 0.26249   0.242   0.2698   0.0714    3.78   0.435       95.3   0.0754   0.902833   |    13.66   0.2265   1.0819   0.000   -0.2511  -0.1283  -0.2023    -       1.15  -0.457   0.3040  +0.716   (546s)\n"}
,{"stream_name":"stdout","time":584.82020234,"data":" 1.20    2.825     22.64   0.00158 0.00811 0.02383 0.08943 0.24749 0.41589 0.39594 0.26560   0.289   0.2610   0.0661    3.95   0.449      105.2   0.0747   0.896070   |    13.82   0.2143   1.0870   0.000   -0.2327  -0.1186  -0.1890    -       1.27  -0.400   0.2944  +0.658   (574s)\n"}
,{"stream_name":"stdout","time":613.471431487,"data":" 1.25    2.896     22.72   0.00271 0.01264 0.03450 0.11555 0.27768 0.42046 0.37466 0.26097   0.342   0.2496   0.0602    4.15   0.444      115.8   0.0741   0.889128   |    13.93   0.2033   1.1049   0.000   -0.2018  -0.1170  -0.1636    -       1.48  -0.351   0.2830  +0.682   (603s)\n"}
,{"stream_name":"stdout","time":642.125779857,"data":" 1.30    2.962     23.15   0.00449 0.01886 0.04765 0.14143 0.30215 0.41646 0.35161 0.25106   0.395   0.2392   0.0566    4.22   0.437      131.8   0.0710   0.882019   |    13.96   0.1930   1.1095   0.000   -0.2042  -0.1189  -0.1640    -       1.59  -0.348   0.2713  +0.681   (631s)\n"}
,{"stream_name":"stdout","time":673.164439022,"data":" 1.35    3.023     23.62   0.00693 0.02636 0.06181 0.16480 0.31880 0.40124 0.32585 0.24053   0.446   0.2321   0.0563    4.12   0.409      148.9   0.0681   0.874756   |    13.90   0.1828   1.1378   0.000   -0.2013  -0.1308  -0.1673    -       1.77  -0.356   0.2600  +0.659   (663s)\n"}
,{"stream_name":"stdout","time":704.204658322,"data":" 1.40    3.077     24.11   0.00984 0.03436 0.07558 0.18404 0.32384 0.37662 0.30155 0.22957   0.492   0.2241   0.0535    4.19   0.366      167.6   0.0671   0.867355   |    13.85   0.1737   1.1285   0.000   -0.1819  -0.1178  -0.1562    -       1.97  -0.304   0.2485  +0.652   (694s)\n"}
,{"stream_name":"stdout","time":732.865834773,"data":" 1.45    3.124     24.64   0.01306 0.04239 0.08817 0.19728 0.31707 0.34826 0.28308 0.22069   0.533   0.2146   0.0510    4.21   0.334      171.7   0.0678   0.859830   |    13.77   0.1659   1.0998   0.000   -0.1596  -0.1036  -0.1345    -       2.18  -0.260   0.2308  +0.746   (722s)\n"}
,{"stream_name":"stdout","time":761.53062287,"data":" 1.50    3.163     25.15   0.01667 0.05026 0.09884 0.20333 0.30263 0.31982 0.26632 0.21437   0.565   0.2037   0.0502    4.06   0.339      169.2   0.0683   0.852202   |    13.63   0.1603   1.0842   0.000   -0.1372  -0.0895  -0.1150    -       2.31  -0.223   0.2161  +0.765   (751s)\n"}
,{"stream_name":"stdout","time":790.190436922,"data":" 1.55    3.191     26.70   0.02063 0.05744 0.10648 0.20257 0.28433 0.29367 0.24675 0.20480   0.592   0.2013   0.0494    4.08   0.349      185.7   0.0679   0.844491   |    13.42   0.1578   1.0340   0.000   -0.0865  -0.0589  -0.0698    -       2.46  -0.146   0.2058  +0.739   (780s)\n"}
,{"stream_name":"stdout","time":816.471177891,"data":" 1.60    3.209     29.11   0.02445 0.06275 0.11001 0.19696 0.26431 0.26953 0.22755 0.19177   0.610   0.2053   0.0492    4.18   0.367      211.4   0.0665   0.836724   |    13.09   0.1554   0.9968   0.000   -0.0756  -0.0439  -0.0644    -       2.66  -0.106   0.1949  +0.708   (806s)\n"}
,{"stream_name":"stdout","time":842.753127889,"data":" 1.65    3.214     32.07   0.02717 0.06508 0.10944 0.18870 0.24422 0.24580 0.20973 0.17716   0.616   0.2083   0.0490    4.25   0.390      227.7   0.0653   0.828929   |    12.76   0.1540   0.9618   0.000   -0.0405  -0.0272  -0.0326    -       2.91  -0.063   0.1869  +0.658   (832s)\n"}
,{"stream_name":"stdout","time":869.034815028,"data":" 1.70    3.207     35.43   0.02799 0.06436 0.10616 0.17832 0.22285 0.22409 0.19331 0.16421   0.601   0.2095   0.0513    4.08   0.406      256.4   0.0639   0.821136   |    12.32   0.1554   0.9290   0.001   -0.0268  -0.0166  -0.0209    -       3.30  -0.035   0.1780  +0.567   (858s)\n"}
,{"stream_name":"stdout","time":892.935395756,"data":" 1.75    3.188     38.77   0.02707 0.06190 0.10131 0.16476 0.20111 0.20562 0.18043 0.15492   0.557   0.2165   0.0568    3.81   0.397      268.1   0.0616   0.813377   |    11.86   0.1550   0.9003   0.003   -0.0179  -0.0118  -0.0164    -       3.38  -0.025   0.1707  +0.576   (882s)\n"}
,{"stream_name":"stdout","time":916.835164016,"data":" 1.80    3.160     41.59   0.02540 0.05840 0.09440 0.14883 0.18298 0.19179 0.17193 0.14705   0.504   0.2192   0.0712    3.08   0.384      256.1   0.0583   0.805674   |    11.36   0.1566   0.8750   0.009   -0.0031  -0.0066  -0.0047    -       3.65  -0.013   0.1660  +0.609   (906s)\n"}
,{"stream_name":"stdout","time":940.733625923,"data":" 1.85    3.127     42.10   0.02349 0.05356 0.08537 0.13384 0.17041 0.18284 0.16548 0.14049   0.489   0.2217   0.0823    2.69   0.384      255.1   0.0553   0.798044   |    10.94   0.1607   0.8500   0.017   +0.0180  -0.0021  +0.0149    -       3.54  -0.004   0.1629  +0.676   (930s)\n"}
,{"stream_name":"stdout","time":967.015514989,"data":" 1.90    3.091     40.56   0.02114 0.04756 0.07567 0.12191 0.16239 0.17723 0.16028 0.13723   0.494   0.2166   0.0802    2.70   0.435      249.3   0.0538   0.790500   |    10.58   0.1639   0.8278   0.027   +0.0067  -0.0036  +0.0087   0.83     3.41  -0.008   0.1586  +0.744   (956s)\n"}
,{"stream_name":"stdout","time":993.296994268,"data":" 1.95    3.052     37.80   0.01828 0.04135 0.06703 0.11315 0.15680 0.17320 0.15594 0.13642   0.492   0.2046   0.0652    3.14   0.475      217.8   0.0536   0.783047   |    10.24   0.1683   0.8149   0.037   +0.0236  -0.0025  +0.0209   0.70     3.35  -0.006   0.1528  +0.767   (983s)\n"}
,{"stream_name":"stdout","time":1019.582253729,"data":" 2.00    3.014     36.27   0.01541 0.03600 0.06030 0.10680 0.15212 0.16946 0.15323 0.13596   0.467   0.1978   0.0613    3.23   0.486      188.8   0.0542   0.775688   |     9.91   0.1719   0.8083   0.051   +0.0462  +0.0003  +0.0393   0.76     3.48  +0.001   0.1476  +0.792   (1009s)\n"}
,{"stream_name":"stdout","time":1019.609114769,"data":"\n"}
,{"stream_name":"stdout","time":1019.609145194,"data":"C26 Lagrangian: gap 0.2735 -\u003e 0.1540 (min at t = 1.65, inside the clock 2.00); linear fit T* = 2.01, lambda = 0.99; jump 1.0438 at seed -\u003e max 1.1378 before the merge (x1.09); material |w| 13.1 -\u003e 14.0\n"}
,{"stream_name":"stdout","time":1019.60915341,"data":"C29 who closes the gap: on the descent the measured closing rate (u) is -0.2018 median (finite-difference of the gap -0.1987), the self-induced rate (u_H) -0.1186: self-induced share 0.58\n"}
,{"stream_name":"stdout","time":1019.609202295,"data":"REGISTERED C29: between (share 0.58)\n"}
,{"stream_name":"stdout","time":1019.609208045,"data":"C30/C31 three masks on the descent: closing rate from the pair (\u003e0.5 max) -0.1186, the whole sheets (\u003e0.1 max) -0.1640, full -0.2018 -\u003e shares pair 0.58, sheets 0.84, far field 0.16 (far share first -\u003e last: 0.14 -\u003e 0.15); curvature kappa 0.77 -\u003e 2.66; C_LIA = rate_pair/(jump kappa gap) median -0.351, max/min -\n"}
,{"stream_name":"stdout","time":1019.609214147,"data":"REGISTERED C30: between\n"}
,{"stream_name":"stdout","time":1019.609218916,"data":"REGISTERED C31: between (far share 0.16, trend +0.00)\n"}
,{"stream_name":"stdout","time":1019.609223818,"data":"flipped fluid sits at 0.76 of the gap from the other sheet (median over the post-merge rows): threads beside them\n"}
,{"stream_name":"stdout","time":1019.609229909,"data":"C32 closing law: k = -dgap/dt / (gap - delta) on the descent: median 1.67, spread 0.85..1.83 over 13 rows (t 1.00-1.60)\n"}
,{"stream_name":"stdout","time":1019.609235756,"data":"C28 flip: fraction of tagged particles with reversed omega . xi_ref: 0.000 at seed -\u003e 0.000 at the merge -\u003e 0.051 at the clock; gap after the merge re-opens, no second closing inside the clock\n"}
,{"stream_name":"stdout","time":1019.609241299,"data":"REGISTERED C28: between\n"}
,{"stream_name":"stdout","time":1019.609246201,"data":"REGISTERED C26: PASS: linear closing, bounded jump\n"}
,{"stream_name":"stdout","time":1019.609251002,"data":"\n"}
,{"stream_name":"stdout","time":1019.609255789,"data":"C22 descent: separation -\u003e peak twist, peak time (clock expires at t = 2.00)\n"}
,{"stream_name":"stdout","time":1019.609282696,"data":"   sep 0.05   peak 0.02799 at t = 1.70\n"}
,{"stream_name":"stdout","time":1019.60928856,"data":"   sep 0.07   peak 0.06508 at t = 1.65\n"}
,{"stream_name":"stdout","time":1019.609369469,"data":"   sep 0.10   peak 0.11001 at t = 1.60\n"}
,{"stream_name":"stdout","time":1019.609396201,"data":"   sep 0.14   peak 0.20333 at t = 1.50\n"}
,{"stream_name":"stdout","time":1019.609402596,"data":"   sep 0.20   peak 0.32384 at t = 1.40\n"}
,{"stream_name":"stdout","time":1019.609407674,"data":"   sep 0.28   peak 0.42046 at t = 1.25\n"}
,{"stream_name":"stdout","time":1019.60941305,"data":"   sep 0.40   peak 0.49716 at t = 0.95\n"}
,{"stream_name":"stdout","time":1019.609424131,"data":"   sep 0.56   peak 0.45756 at t = 0.70\n"}
,{"stream_name":"stdout","time":1019.609455631,"data":"   halving times (time for the wave to descend one octave), from resolved peaks only:\n"}
,{"stream_name":"stdout","time":1019.609460957,"data":"      0.56 -\u003e 0.40 : 0.25  per octave 0.52\n"}
,{"stream_name":"stdout","time":1019.60946624,"data":"      0.40 -\u003e 0.28 : 0.30  per octave 0.58\n"}
,{"stream_name":"stdout","time":1019.609470839,"data":"      0.28 -\u003e 0.20 : 0.15  per octave 0.31\n"}
,{"stream_name":"stdout","time":1019.609474709,"data":"      0.20 -\u003e 0.14 : 0.10  per octave 0.19\n"}
,{"stream_name":"stdout","time":1019.609479399,"data":"      0.14 -\u003e 0.10 : 0.10  per octave 0.21\n"}
,{"stream_name":"stdout","time":1019.609483913,"data":"      0.10 -\u003e 0.07 : 0.05  per octave 0.10\n"}
,{"stream_name":"stdout","time":1019.609488274,"data":"      0.07 -\u003e 0.05 : 0.05  per octave 0.10\n"}
,{"stream_name":"stdout","time":1019.609492439,"data":"   V: gap = 0.501 (1.79 - t) from sep \u003e= 0.1, T* = 1.79; thickness e-fold 1.18 fitted on t in [0.40, 1.60]; arms meet at t = 1.69, scale 0.052, sqrt(nu/s) there 0.051 (inside the clock)\n"}
,{"stream_name":"stdout","time":1019.609497371,"data":"\n"}
,{"stream_name":"stdout","time":1019.609501078,"data":"clock expires at t = 2.00 (delta 0.0542); strong twist peak 0.11001 at t = 1.60, at the clock 0.06030 (fall 45%); max|w| growth to the clock 5.07x\n"}
,{"stream_name":"stdout","time":1019.609505331,"data":"race variable ell/ell_nu min inside the clock = 2.44 (at t = 0.00); cut fraction at the clock 0.486\n"}
,{"stream_name":"stdout","time":1019.609509136,"data":"C21: Re_seam at the twist peak (t = 1.60) = 211.4; twist peak 0.11001; max|w| at the peak 29.1\n"}
,{"stream_name":"stdout","time":1019.609512711,"data":"REGISTERED C20 at nu=0.002: between (see rows)\n"}
,{"stream_name":"stdout","time":1021.726421387,"data":"=== IC=found NU=1e-3 T=1.8 N=320 LAGR=1 TSEED=1.0 -\u003e /kaggle/working/seam_ICfound_NU1e-3_T1.8_N320_LAGR1_TSEED1.0.txt\n"}
,{"stream_name":"stdout","time":1024.727499665,"data":"seam race on GPU: IC=found  N=320^3  nu=0.001  T=1.8  Z0=0.375  clock 2dx=0.0393  device=cuda  FORCE=0 (steady)\n"}
,{"stream_name":"stdout","time":1026.131074888,"data":"   t     Z/Z0    max|w|   twist@0.05 @0.07 @0.1 @0.14 @0.2 @0.28 @0.4 @0.56   anti    ell     ell_nu   race   cut    Re_seam   delta     E/E0   | material|w|  gap   jump   flip   dgap/dt(u) dgap/dt(pair) dgap/dt(sheets) flipped@  kappa  C_LIA   delta_m  s_m\n"}
,{"stream_name":"stdout","time":1026.131125865,"data":" 0.00    1.000      7.16   0.00000 0.00000 0.00000 0.00001 0.00008 0.00080 0.00821 0.06609   0.000   0.6366   0.1843    3.45   0.000     1821.5   (tail empty)   1.000000   (1s)\n"}
,{"stream_name":"stdout","time":1048.5343113,"data":" 0.05    1.020      7.41   0.00000 0.00000 0.00000 0.00001 0.00009 0.00091 0.00974 0.07703   0.000   0.6342   0.0850    7.46   0.000     1857.2   (tail empty)   0.998776   (24s)\n"}
,{"stream_name":"stdout","time":1070.955651629,"data":" 0.10    1.048      8.18   0.00000 0.00000 0.00000 0.00001 0.00011 0.00127 0.01326 0.09528   0.000   0.6314   0.0624   10.12   0.000     2013.7   (tail empty)   0.997522   (46s)\n"}
,{"stream_name":"stdout","time":1095.685293084,"data":" 0.15    1.086      8.96   0.00000 0.00000 0.00000 0.00001 0.00017 0.00216 0.01989 0.12140   0.000   0.5923   0.0517   11.46   0.000     1936.9   (tail empty)   0.996229   (71s)\n"}
,{"stream_name":"stdout","time":1120.425974399,"data":" 0.20    1.132      9.74   0.00000 0.00000 0.00000 0.00002 0.00036 0.00398 0.03064 0.15471   0.000   0.5244   0.0459   11.44   0.000     1656.4   (tail empty)   0.994884   (96s)\n"}
,{"stream_name":"stdout","time":1145.145745804,"data":" 0.25    1.187     10.47   0.00000 0.00000 0.00000 0.00004 0.00077 0.00703 0.04654 0.19319   0.000   0.4690   0.0420   11.18   0.000     1434.3   (tail empty)   0.993478   (120s)\n"}
,{"stream_name":"stdout","time":1169.860050572,"data":" 0.30    1.251     11.17   0.00000 0.00000 0.00001 0.00010 0.00147 0.01156 0.06843 0.23425   0.000   0.4310   0.0397   10.85   0.000     1306.3   (tail empty)   0.992001   (145s)\n"}
,{"stream_name":"stdout","time":1194.58200283,"data":" 0.35    1.323     12.22   0.00000 0.00000 0.00001 0.00020 0.00250 0.01811 0.09617 0.27567   0.000   0.3983   0.0382   10.42   0.000     1225.8   (tail empty)   0.990441   (170s)\n"}
,{"stream_name":"stdout","time":1219.307481937,"data":" 0.40    1.402     13.42   0.00000 0.00000 0.00003 0.00037 0.00393 0.02701 0.12871 0.31590   0.000   0.3674   0.0374    9.83   0.000     1139.5   0.1906   0.988789   (195s)\n"}
,{"stream_name":"stdout","time":1244.028582845,"data":" 0.45    1.489     14.67   0.00000 0.00001 0.00005 0.00059 0.00601 0.03821 0.16447 0.35377   0.000   0.3429   0.0372    9.22   0.000     1079.0   0.1659   0.987036   (219s)\n"}
,{"stream_name":"stdout","time":1266.405857792,"data":" 0.50    1.584     15.92   0.00000 0.00001 0.00008 0.00091 0.00893 0.05147 0.20190 0.38804   0.000   0.3239   0.0377    8.59   0.000     1036.1   0.1429   0.985173   (242s)\n"}
,{"stream_name":"stdout","time":1288.782556521,"data":" 0.55    1.684     17.17   0.00000 0.00002 0.00013 0.00140 0.01278 0.06648 0.23988 0.41743   0.000   0.3091   0.0389    7.94   0.000     1006.4   0.1247   0.983191   (264s)\n"}
,{"stream_name":"stdout","time":1311.162498448,"data":" 0.60    1.791     18.37   0.00000 0.00004 0.00020 0.00214 0.01766 0.08300 0.27757 0.44052   0.000   0.2972   0.0408    7.28   0.000      994.9   0.1106   0.981084   (286s)\n"}
,{"stream_name":"stdout","time":1333.541120246,"data":" 0.65    1.903     19.49   0.00001 0.00006 0.00031 0.00322 0.02365 0.10107 0.31461 0.45564   0.002   0.2922   0.0430    6.79   0.000     1005.8   0.1010   0.978844   (309s)\n"}
,{"stream_name":"stdout","time":1355.924271825,"data":" 0.70    2.020     20.62   0.00001 0.00009 0.00049 0.00471 0.03087 0.12095 0.35114 0.46050   0.007   0.2885   0.0461    6.26   0.000     1040.1   0.0936   0.976465   (331s)\n"}
,{"stream_name":"stdout","time":1378.331357146,"data":" 0.75    2.141     21.61   0.00002 0.00015 0.00079 0.00672 0.03950 0.14297 0.38773 0.45261   0.016   0.2871   0.0497    5.77   0.000       61.3   0.0872   0.973942   (354s)\n"}
,{"stream_name":"stdout","time":1400.71498894,"data":" 0.80    2.265     22.52   0.00003 0.00025 0.00125 0.00944 0.04990 0.16751 0.42484 0.43128   0.029   0.2831   0.0562    5.03   0.014       73.8   0.0808   0.971270   (376s)\n"}
,{"stream_name":"stdout","time":1423.097727141,"data":" 0.85    2.393     23.30   0.00005 0.00043 0.00197 0.01310 0.06256 0.19528 0.46053 0.39951   0.048   0.2778   0.0628    4.42   0.034       93.1   0.0748   0.968445   (398s)\n"}
,{"stream_name":"stdout","time":1445.480619574,"data":" 0.90    2.523     23.96   0.00009 0.00075 0.00309 0.01813 0.07786 0.22796 0.48617 0.36260   0.075   0.2739   0.0703    3.90   0.058      113.5   0.0694   0.965463   (421s)\n"}
,{"stream_name":"stdout","time":1467.86383742,"data":" 0.95    2.655     24.43   0.00018 0.00131 0.00486 0.02510 0.09635 0.26891 0.49232 0.32595   0.115   0.2695   0.0717    3.76   0.070      134.3   0.0651   0.962322   (443s)\n"}
,{"stream_name":"stdout","time":1490.443097037,"data":"lagrangian: 4000 particles seeded on the high set at t = 1.00; sheets A/B = 2772/1228\n"}
,{"stream_name":"stdout","time":1491.599447474,"data":" 1.00    2.788     24.75   0.00035 0.00226 0.00764 0.03438 0.11947 0.31776 0.48196 0.29348   0.175   0.2640   0.0678    3.90   0.070      162.2   0.0611   0.959020   |    14.25   0.2649   1.1085   0.000   -0.3633  -0.1783  -0.3146    -       0.81  -0.750   0.2920  +0.712   (467s)\n"}
,{"stream_name":"stdout","time":1517.872472132,"data":" 1.05    2.923     24.95   0.00069 0.00387 0.01191 0.04638 0.15115 0.36005 0.46095 0.26711   0.234   0.2588   0.0598    4.33   0.090      186.8   0.0581   0.955556   |    14.59   0.2485   1.1437   0.000   -0.3209  -0.1522  -0.2725    -       0.95  -0.562   0.2915  +0.761   (493s)\n"}
,{"stream_name":"stdout","time":1544.146999852,"data":" 1.10    3.057     25.10   0.00130 0.00649 0.01801 0.06224 0.19398 0.38740 0.43108 0.25125   0.288   0.2525   0.0547    4.61   0.130      204.9   0.0562   0.951929   |    14.91   0.2335   1.1697   0.000   -0.2790  -0.1430  -0.2341    -       1.14  -0.461   0.2856  +0.683   (519s)\n"}
,{"stream_name":"stdout","time":1572.801604496,"data":" 1.15    3.192     25.32   0.00238 0.01045 0.02639 0.08517 0.23754 0.40501 0.39856 0.25546   0.340   0.2423   0.0485    5.00   0.180      223.4   0.0541   0.948139   |    15.26   0.2202   1.1967   0.000   -0.2592  -0.1320  -0.2115    -       1.35  -0.370   0.2848  +0.605   (548s)\n"}
,{"stream_name":"stdout","time":1603.836584494,"data":" 1.20    3.327     25.67   0.00414 0.01611 0.03828 0.11666 0.27324 0.41479 0.37761 0.25617   0.397   0.2284   0.0440    5.19   0.215      242.4   0.0535   0.944185   |    15.59   0.2084   1.2080   0.000   -0.2477  -0.1287  -0.1971    -       1.54  -0.332   0.2757  +0.638   (579s)\n"}
,{"stream_name":"stdout","time":1634.871786786,"data":" 1.25    3.462     26.13   0.00688 0.02435 0.05532 0.15061 0.30396 0.41959 0.35631 0.24638   0.458   0.2136   0.0377    5.66   0.252      252.6   0.0504   0.940067   |    15.87   0.1952   1.2063   0.000   -0.2158  -0.1252  -0.1740    -       1.76  -0.302   0.2556  +0.748   (610s)\n"}
,{"stream_name":"stdout","time":1668.29062041,"data":" 1.30    3.597     26.70   0.01105 0.03582 0.07643 0.18217 0.33043 0.41220 0.32901 0.23664   0.519   0.1982   0.0341    5.82   0.272      264.2   0.0471   0.935786   |    16.13   0.1842   1.1969   0.000   -0.2039  -0.1229  -0.1639    -       1.97  -0.284   0.2418  +0.750   (644s)\n"}
,{"stream_name":"stdout","time":1701.709660329,"data":" 1.35    3.732     27.42   0.01688 0.04989 0.09894 0.21100 0.34502 0.38986 0.30421 0.22703   0.579   0.1862   0.0316    5.89   0.275      288.2   0.0451   0.931340   |    16.26   0.1755   1.1936   0.000   -0.1622  -0.1170  -0.1352    -       2.25  -0.248   0.2243  +0.807   (677s)\n"}
,{"stream_name":"stdout","time":1735.133931306,"data":" 1.40    3.865     28.80   0.02413 0.06560 0.12156 0.23472 0.34393 0.36345 0.28843 0.22049   0.637   0.1791   0.0295    6.08   0.261      317.6   0.0455   0.926732   |    16.25   0.1682   1.1844   0.000   -0.1202  -0.1005  -0.0905    -       2.48  -0.204   0.2104  +0.914   (710s)\n"}
,{"stream_name":"stdout","time":1766.171621081,"data":" 1.45    3.997     32.04   0.03302 0.08281 0.14356 0.25004 0.33310 0.33603 0.27454 0.21715   0.677   0.1824   0.0311    5.87   0.208      418.0   0.0462   0.921962   |    16.17   0.1635   1.1647   0.000   -0.1144  -0.0884  -0.0919    -       2.82  -0.165   0.1954  +0.864   (741s)\n"}
,{"stream_name":"stdout","time":1797.207560225,"data":" 1.50    4.126     35.48   0.04413 0.10107 0.16279 0.25655 0.31644 0.30875 0.25406 0.20730   0.711   0.1847   0.0318    5.80   0.165      505.8   0.0464   0.917035   |    16.10   0.1616   1.1269   0.000   -0.0869  -0.0616  -0.0664    -       3.09  -0.109   0.1866  +0.776   (772s)\n"}
,{"stream_name":"stdout","time":1828.242994155,"data":" 1.55    4.250     38.57   0.05705 0.11787 0.17629 0.25556 0.29507 0.28184 0.23206 0.19213   0.729   0.1871   0.0323    5.78   0.155      577.1   0.0461   0.911954   |    15.90   0.1584   1.0816   0.000   -0.0684  -0.0465  -0.0543    -       3.48  -0.078   0.1745  +0.749   (804s)\n"}
,{"stream_name":"stdout","time":1856.900062366,"data":" 1.60    4.365     44.76   0.06968 0.12988 0.18201 0.24913 0.27111 0.25320 0.21006 0.17333   0.728   0.1798   0.0319    5.65   0.143      593.6   0.0464   0.906727   |    15.61   0.1583   1.0414   0.001   -0.0397  -0.0300  -0.0322    -       3.87  -0.047   0.1650  +0.750   (832s)\n"}
,{"stream_name":"stdout","time":1885.558211825,"data":" 1.65    4.467     54.03   0.07856 0.13474 0.18128 0.23527 0.24310 0.22499 0.18657 0.15529   0.745   0.1433   0.0338    4.24   0.138      433.4   0.0462   0.901368   |    15.30   0.1586   0.9992   0.002   -0.0369  -0.0223  -0.0381    -       4.25  -0.033   0.1522  +0.732   (861s)\n"}
,{"stream_name":"stdout","time":1914.214900369,"data":" 1.70    4.553     67.55   0.08159 0.13197 0.17159 0.21101 0.21251 0.19703 0.16564 0.14008   0.837   0.0887   0.0278    3.20   0.085      253.9   0.0437   0.895895   |    14.94   0.1600   0.9789   0.004   -0.0342  -0.0114  -0.0389    -       4.48  -0.016   0.1427  +0.753   (889s)\n"}
,{"stream_name":"stdout","time":1940.491087041,"data":" 1.75    4.621     77.00   0.07940 0.12088 0.15430 0.18391 0.18729 0.17554 0.15044 0.12641   0.902   0.0768   0.0219    3.51   0.163      212.2   0.0398   0.890328   |    14.66   0.1582   0.9472   0.006   -0.0492  -0.0090  -0.0630    -       5.01  -0.012   0.1346  +0.823   (916s)\n"}
,{"stream_name":"stdout","time":1966.76468898,"data":" 1.80    4.672     82.19   0.07385 0.10696 0.13570 0.16345 0.17296 0.16363 0.14041 0.11889   0.938   0.0811   0.0193    4.20   0.175      274.3   0.0377   0.884689  \u003c-- past the clock   |    14.30   0.1593   0.9155   0.013   -0.0454  -0.0070  -0.0583   0.57     5.34  -0.009   0.1248  +0.857   (942s)\n"}
,{"stream_name":"stdout","time":1966.775290743,"data":"\n"}
,{"stream_name":"stdout","time":1966.775324264,"data":"C26 Lagrangian: gap 0.2649 -\u003e 0.1582 (min at t = 1.75, inside the clock 1.75); linear fit T* = 1.95, lambda = 0.99; jump 1.1085 at seed -\u003e max 1.2080 before the merge (x1.09); material |w| 14.3 -\u003e 16.3\n"}
,{"stream_name":"stdout","time":1966.775332513,"data":"C29 who closes the gap: on the descent the measured closing rate (u) is -0.1622 median (finite-difference of the gap -0.1513), the self-induced rate (u_H) -0.1170: self-induced share 0.60\n"}
,{"stream_name":"stdout","time":1966.77533896,"data":"REGISTERED C29: between (share 0.60)\n"}
,{"stream_name":"stdout","time":1966.77534427,"data":"C30/C31 three masks on the descent: closing rate from the pair (\u003e0.5 max) -0.1170, the whole sheets (\u003e0.1 max) -0.1352, full -0.1622 -\u003e shares pair 0.60, sheets 0.81, far field 0.19 (far share first -\u003e last: 0.13 -\u003e -0.14); curvature kappa 0.81 -\u003e 4.48; C_LIA = rate_pair/(jump kappa gap) median -0.248, max/min -\n"}
,{"stream_name":"stdout","time":1966.775351417,"data":"REGISTERED C30: between\n"}
,{"stream_name":"stdout","time":1966.77535724,"data":"REGISTERED C31: between (far share 0.19, trend -0.27)\n"}
,{"stream_name":"stdout","time":1966.775362649,"data":"C32 closing law: k = -dgap/dt / (gap - delta) on the descent: median 1.24, spread 0.29..1.78 over 15 rows (t 1.00-1.70)\n"}
,{"stream_name":"stdout","time":1966.775367515,"data":"C28 flip: fraction of tagged particles with reversed omega . xi_ref: 0.000 at seed -\u003e 0.006 at the merge -\u003e 0.006 at the clock; gap after the merge no rows after the merge inside the clock\n"}
,{"stream_name":"stdout","time":1966.775373492,"data":"REGISTERED C28: KILL: clean cut (flip 0.006)\n"}
,{"stream_name":"stdout","time":1966.775378802,"data":"REGISTERED C26: PASS: linear closing, bounded jump\n"}
,{"stream_name":"stdout","time":1966.775383493,"data":"\n"}
,{"stream_name":"stdout","time":1966.775394256,"data":"C22 descent: separation -\u003e peak twist, peak time (clock expires at t = 1.75)\n"}
,{"stream_name":"stdout","time":1966.775398126,"data":"   sep 0.05   peak 0.08159 at t = 1.70\n"}
,{"stream_name":"stdout","time":1966.775401513,"data":"   sep 0.07   peak 0.13474 at t = 1.65\n"}
,{"stream_name":"stdout","time":1966.775404819,"data":"   sep 0.10   peak 0.18201 at t = 1.60\n"}
,{"stream_name":"stdout","time":1966.775443552,"data":"   sep 0.14   peak 0.25655 at t = 1.50\n"}
,{"stream_name":"stdout","time":1966.775448764,"data":"   sep 0.20   peak 0.34502 at t = 1.35\n"}
,{"stream_name":"stdout","time":1966.775452224,"data":"   sep 0.28   peak 0.41959 at t = 1.25\n"}
,{"stream_name":"stdout","time":1966.775455801,"data":"   sep 0.40   peak 0.49232 at t = 0.95\n"}
,{"stream_name":"stdout","time":1966.775458831,"data":"   sep 0.56   peak 0.46050 at t = 0.70\n"}
,{"stream_name":"stdout","time":1966.775462111,"data":"   halving times (time for the wave to descend one octave), from resolved peaks only:\n"}
,{"stream_name":"stdout","time":1966.775465629,"data":"      0.56 -\u003e 0.40 : 0.25  per octave 0.52\n"}
,{"stream_name":"stdout","time":1966.775469535,"data":"      0.40 -\u003e 0.28 : 0.30  per octave 0.58\n"}
,{"stream_name":"stdout","time":1966.775473387,"data":"      0.28 -\u003e 0.20 : 0.10  per octave 0.21\n"}
,{"stream_name":"stdout","time":1966.775476985,"data":"      0.20 -\u003e 0.14 : 0.15  per octave 0.29\n"}
,{"stream_name":"stdout","time":1966.775480178,"data":"      0.14 -\u003e 0.10 : 0.10  per octave 0.21\n"}
,{"stream_name":"stdout","time":1966.775483661,"data":"      0.10 -\u003e 0.07 : 0.05  per octave 0.10\n"}
,{"stream_name":"stdout","time":1966.775486857,"data":"      0.07 -\u003e 0.05 : 0.05  per octave 0.10\n"}
,{"stream_name":"stdout","time":1966.775491681,"data":"   V: gap = 0.507 (1.78 - t) from sep \u003e= 0.1, T* = 1.78; thickness e-fold 0.88 fitted on t in [0.40, 1.60]; arms meet at t = 1.72, scale 0.031, sqrt(nu/s) there 0.028 (inside the clock)\n"}
,{"stream_name":"stdout","time":1966.775509019,"data":"\n"}
,{"stream_name":"stdout","time":1966.775512617,"data":"clock expires at t = 1.75 (delta 0.0398); strong twist peak 0.18201 at t = 1.60, at the clock 0.15430 (fall 15%); max|w| growth to the clock 10.76x\n"}
,{"stream_name":"stdout","time":1966.775517149,"data":"race variable ell/ell_nu min inside the clock = 3.20 (at t = 1.70); cut fraction at the clock 0.163\n"}
,{"stream_name":"stdout","time":1966.775520935,"data":"C21: Re_seam at the twist peak (t = 1.60) = 593.6; twist peak 0.18201; max|w| at the peak 44.8\n"}
,{"stream_name":"stdout","time":1966.775524659,"data":"REGISTERED C20 at nu=0.001: between (see rows)\n"}
,{"stream_name":"stderr","time":1970.041479839,"data":"/usr/local/lib/python3.12/dist-packages/mistune.py:435: SyntaxWarning: invalid escape sequence '\\|'\n"}
,{"stream_name":"stderr","time":1970.041538452,"data":"  cells[i][c] = re.sub('\\\\\\\\\\|', '|', cell)\n"}
,{"stream_name":"stderr","time":1970.373785004,"data":"/usr/local/lib/python3.12/dist-packages/nbconvert/filters/filter_links.py:36: SyntaxWarning: invalid escape sequence '\\_'\n"}
,{"stream_name":"stderr","time":1970.373809039,"data":"  text = re.sub(r'_', '\\_', text) # Escape underscores in display text\n"}
,{"stream_name":"stderr","time":1971.108405373,"data":"[NbConvertApp] Converting notebook __script__.ipynb to html\n"}
,{"stream_name":"stderr","time":1972.714220514,"data":"[NbConvertApp] Writing 521075 bytes to __results__.html\n"}
]