[{"stream_name":"stdout","time":7.133488465,"data":"=== IC=found NU=2e-3 T=2.4 -\u003e /kaggle/working/seam_ICfound_NU2e-3_T2.4.txt\n"}
,{"stream_name":"stdout","time":10.304466366,"data":"seam race on GPU: IC=found  N=256^3  nu=0.002  T=2.4  Z0=0.375  clock 2dx=0.0491  device=cuda\n"}
,{"stream_name":"stdout","time":11.590068091,"data":"   t     Z/Z0    max|w|   twist@0.05 @0.07 @0.1 @0.14 @0.2 @0.28 @0.4 @0.56   anti    ell     ell_nu   race   cut    Re_seam   delta\n"}
,{"stream_name":"stdout","time":11.590117583,"data":" 0.00    1.000      7.16   0.00000 0.00000 0.00000 0.00001 0.00008 0.00071 0.00821 0.06333   0.000   0.6364   0.2607    2.44   0.000      910.1   0.2255   (1s)\n"}
,{"stream_name":"stdout","time":20.835298267,"data":" 0.05    1.018      7.40   0.00000 0.00000 0.00000 0.00001 0.00009 0.00080 0.00973 0.07379   0.000   0.6340   0.1204    5.26   0.000      927.5   0.0177  \u003c-- past the clock   (11s)\n"}
,{"stream_name":"stdout","time":31.300917316,"data":" 0.10    1.045      8.16   0.00000 0.00000 0.00000 0.00001 0.00011 0.00111 0.01322 0.09135   0.000   0.6315   0.0884    7.14   0.000     1006.5   0.0223  \u003c-- past the clock   (21s)\n"}
,{"stream_name":"stdout","time":41.749701627,"data":" 0.15    1.080      8.92   0.00000 0.00000 0.00000 0.00002 0.00017 0.00189 0.01974 0.11661   0.000   0.5934   0.0734    8.08   0.000      967.1   0.0228  \u003c-- past the clock   (31s)\n"}
,{"stream_name":"stdout","time":52.18838079,"data":" 0.20    1.123      9.68   0.00000 0.00000 0.00000 0.00003 0.00036 0.00348 0.03029 0.14902   0.000   0.5265   0.0652    8.08   0.000      829.5   0.0386  \u003c-- past the clock   (42s)\n"}
,{"stream_name":"stdout","time":62.620777538,"data":" 0.25    1.175     10.38   0.00000 0.00000 0.00000 0.00008 0.00075 0.00618 0.04579 0.18672   0.000   0.4709   0.0597    7.89   0.000      715.8   0.0844   (52s)\n"}
,{"stream_name":"stdout","time":73.043717415,"data":" 0.30    1.234     11.06   0.00000 0.00000 0.00000 0.00017 0.00143 0.01017 0.06703 0.22726   0.000   0.4333   0.0565    7.66   0.000      653.1   0.1449   (63s)\n"}
,{"stream_name":"stdout","time":83.455904901,"data":" 0.35    1.300     12.04   0.00000 0.00000 0.00001 0.00033 0.00241 0.01589 0.09385 0.26845   0.000   0.4020   0.0544    7.39   0.000      614.9   0.1848   (73s)\n"}
,{"stream_name":"stdout","time":93.852522464,"data":" 0.40    1.373     13.17   0.00000 0.00000 0.00002 0.00057 0.00377 0.02369 0.12527 0.30874   0.000   0.3718   0.0532    6.99   0.000      573.8   0.1931   (84s)\n"}
,{"stream_name":"stdout","time":104.243049363,"data":" 0.45    1.452     14.30   0.00000 0.00000 0.00005 0.00090 0.00571 0.03355 0.15986 0.34695   0.000   0.3478   0.0529    6.57   0.000      540.8   0.1766   (94s)\n"}
,{"stream_name":"stdout","time":114.624970661,"data":" 0.50    1.536     15.45   0.00000 0.00001 0.00008 0.00135 0.00839 0.04530 0.19624 0.38192   0.000   0.3282   0.0536    6.13   0.000      517.0   0.1590   (104s)\n"}
,{"stream_name":"stdout","time":124.993436069,"data":" 0.55    1.625     16.56   0.00000 0.00001 0.00012 0.00204 0.01191 0.05871 0.23346 0.41241   0.000   0.3143   0.0551    5.71   0.000      502.5   0.1443   (115s)\n"}
,{"stream_name":"stdout","time":134.138634769,"data":" 0.60    1.718     17.57   0.00000 0.00002 0.00019 0.00302 0.01632 0.07362 0.27087 0.43708   0.000   0.3027   0.0574    5.27   0.000      490.3   0.1321   (124s)\n"}
,{"stream_name":"stdout","time":143.28295004,"data":" 0.65    1.813     18.60   0.00000 0.00003 0.00028 0.00437 0.02169 0.09008 0.30814 0.45436   0.001   0.2968   0.0602    4.93   0.000      501.3   0.1221   (133s)\n"}
,{"stream_name":"stdout","time":152.422828306,"data":" 0.70    1.911     19.48   0.00000 0.00005 0.00042 0.00613 0.02810 0.10847 0.34531 0.46229   0.004   0.2933   0.0642    4.57   0.000      512.9   0.1136   (142s)\n"}
,{"stream_name":"stdout","time":161.558290013,"data":" 0.75    2.010     20.29   0.00000 0.00008 0.00064 0.00840 0.03571 0.12924 0.38258 0.45877   0.010   0.2936   0.0691    4.25   0.000      533.1   0.1063   (151s)\n"}
,{"stream_name":"stdout","time":170.742336646,"data":" 0.80    2.109     21.05   0.00000 0.00012 0.00097 0.01130 0.04487 0.15289 0.41982 0.44277   0.018   0.2933   0.0743    3.95   0.030       33.9   0.1001   (160s)\n"}
,{"stream_name":"stdout","time":179.862253542,"data":" 0.85    2.208     21.67   0.00001 0.00020 0.00146 0.01502 0.05614 0.18002 0.45528 0.41600   0.029   0.2954   0.0824    3.58   0.097       40.4   0.0948   (170s)\n"}
,{"stream_name":"stdout","time":188.974147506,"data":" 0.90    2.306     22.20   0.00001 0.00032 0.00217 0.01994 0.07014 0.21165 0.48350 0.38272   0.044   0.2963   0.0922    3.22   0.146       47.3   0.0897   (179s)\n"}
,{"stream_name":"stdout","time":198.082812263,"data":" 0.95    2.401     22.57   0.00003 0.00052 0.00323 0.02662 0.08753 0.24926 0.49717 0.34789   0.067   0.2962   0.0979    3.03   0.203       54.4   0.0854   (188s)\n"}
,{"stream_name":"stdout","time":207.187085388,"data":" 1.00    2.494     22.79   0.00005 0.00085 0.00479 0.03563 0.10938 0.29281 0.49432 0.31567   0.102   0.2917   0.0960    3.04   0.285       62.8   0.0831   (197s)\n"}
,{"stream_name":"stdout","time":216.290184784,"data":" 1.05    2.583     22.88   0.00009 0.00137 0.00716 0.04768 0.13748 0.33638 0.47865 0.28868   0.150   0.2850   0.0893    3.19   0.356       73.1   0.0805   (206s)\n"}
,{"stream_name":"stdout","time":226.603308324,"data":" 1.10    2.668     22.85   0.00015 0.00220 0.01074 0.06387 0.17278 0.37112 0.45347 0.26985   0.199   0.2779   0.0816    3.41   0.402       82.2   0.0780   (216s)\n"}
,{"stream_name":"stdout","time":236.913959986,"data":" 1.15    2.749     22.72   0.00028 0.00355 0.01607 0.08561 0.21162 0.39487 0.42312 0.26450   0.243   0.2684   0.0729    3.68   0.432       93.7   0.0771   (227s)\n"}
,{"stream_name":"stdout","time":248.432673053,"data":" 1.20    2.825     22.63   0.00050 0.00574 0.02381 0.11263 0.24754 0.40953 0.39598 0.26702   0.291   0.2603   0.0653    3.99   0.444      104.7   0.0746   (238s)\n"}
,{"stream_name":"stdout","time":259.947487576,"data":" 1.25    2.896     22.72   0.00093 0.00917 0.03447 0.14165 0.27775 0.41626 0.37469 0.26210   0.343   0.2494   0.0607    4.11   0.443      113.0   0.0704   (250s)\n"}
,{"stream_name":"stdout","time":271.451660066,"data":" 1.30    2.962     23.04   0.00167 0.01404 0.04759 0.16914 0.30223 0.41427 0.35163 0.25199   0.394   0.2371   0.0568    4.17   0.433      123.8   0.0680   (261s)\n"}
,{"stream_name":"stdout","time":282.932133059,"data":" 1.35    3.023     23.52   0.00273 0.02007 0.06172 0.19313 0.31884 0.40082 0.32585 0.24157   0.446   0.2277   0.0519    4.39   0.407      139.1   0.0681   (273s)\n"}
,{"stream_name":"stdout","time":294.388104926,"data":" 1.40    3.077     24.07   0.00406 0.02664 0.07547 0.21179 0.32387 0.37729 0.30157 0.23064   0.491   0.2170   0.0505    4.29   0.363      164.7   0.0688   (284s)\n"}
,{"stream_name":"stdout","time":305.858058918,"data":" 1.45    3.124     24.63   0.00560 0.03336 0.08802 0.22301 0.31714 0.34943 0.28310 0.22158   0.533   0.2087   0.0510    4.09   0.331      183.5   0.0689   (296s)\n"}
,{"stream_name":"stdout","time":317.340585381,"data":" 1.50    3.163     25.11   0.00739 0.04013 0.09864 0.22602 0.30263 0.32106 0.26632 0.21506   0.566   0.2049   0.0511    4.01   0.337      191.4   0.0689   (307s)\n"}
,{"stream_name":"stdout","time":328.828838155,"data":" 1.55    3.191     26.55   0.00950 0.04658 0.10621 0.22205 0.28423 0.29461 0.24670 0.20528   0.591   0.2043   0.0521    3.92   0.350      206.5   0.0684   (319s)\n"}
,{"stream_name":"stdout","time":339.110851385,"data":" 1.60    3.209     28.99   0.01170 0.05176 0.10981 0.21376 0.26412 0.27033 0.22743 0.19203   0.610   0.2072   0.0535    3.87   0.374      223.8   0.0692   (329s)\n"}
,{"stream_name":"stdout","time":349.384540843,"data":" 1.65    3.214     31.99   0.01347 0.05440 0.10924 0.20321 0.24394 0.24645 0.20944 0.17723   0.619   0.2051   0.0529    3.88   0.402      229.1   0.0689   (339s)\n"}
,{"stream_name":"stdout","time":359.653452834,"data":" 1.70    3.207     35.12   0.01410 0.05415 0.10599 0.19051 0.22247 0.22438 0.19299 0.16418   0.602   0.2024   0.0524    3.86   0.438      233.8   0.0660   (349s)\n"}
,{"stream_name":"stdout","time":369.92061558,"data":" 1.75    3.188     38.96   0.01367 0.05231 0.10125 0.17478 0.20092 0.20593 0.18040 0.15492   0.555   0.2145   0.0658    3.26   0.426      255.7   0.0619   (360s)\n"}
,{"stream_name":"stdout","time":378.987123601,"data":" 1.80    3.161     41.14   0.01283 0.04969 0.09440 0.15778 0.18321 0.19230 0.17218 0.14720   0.503   0.2226   0.0858    2.59   0.397      275.1   0.0587   (369s)\n"}
,{"stream_name":"stdout","time":389.26066024,"data":" 1.85    3.127     41.34   0.01200 0.04606 0.08538 0.14288 0.17093 0.18347 0.16595 0.14078   0.496   0.2207   0.0924    2.39   0.406      251.2   0.0572   (379s)\n"}
,{"stream_name":"stdout","time":399.535702976,"data":" 1.90    3.091     39.51   0.01087 0.04122 0.07572 0.13151 0.16297 0.17787 0.16079 0.13752   0.506   0.2060   0.0827    2.49   0.444      216.9   0.0572   (389s)\n"}
,{"stream_name":"stdout","time":409.811031953,"data":" 1.95    3.052     37.37   0.00930 0.03580 0.06719 0.12328 0.15732 0.17371 0.15640 0.13666   0.493   0.1970   0.0687    2.87   0.467      200.3   0.0576   (400s)\n"}
,{"stream_name":"stdout","time":420.08229722,"data":" 2.00    3.014     35.99   0.00766 0.03084 0.06045 0.11717 0.15249 0.16978 0.15357 0.13622   0.466   0.1936   0.0611    3.17   0.475      184.8   0.0579   (410s)\n"}
,{"stream_name":"stdout","time":430.353563766,"data":" 2.05    2.976     36.69   0.00637 0.02695 0.05538 0.11250 0.14796 0.16548 0.15278 0.13556   0.416   0.1871   0.0576    3.25   0.431      178.6   0.0581   (420s)\n"}
,{"stream_name":"stdout","time":440.624869145,"data":" 2.10    2.941     37.12   0.00542 0.02406 0.05156 0.10868 0.14345 0.16092 0.15310 0.13579   0.387   0.1884   0.0615    3.07   0.397      165.5   0.0585   (430s)\n"}
,{"stream_name":"stdout","time":450.896094815,"data":" 2.15    2.908     36.43   0.00473 0.02195 0.04880 0.10537 0.13910 0.15663 0.15296 0.13822   0.376   0.1851   0.0692    2.68   0.375      170.9   0.0593   (441s)\n"}
,{"stream_name":"stdout","time":461.168074209,"data":" 2.20    2.877     35.11   0.00431 0.02064 0.04717 0.10252 0.13520 0.15330 0.15171 0.14245   0.394   0.1831   0.0789    2.32   0.371      174.3   0.0602   (451s)\n"}
,{"stream_name":"stdout","time":471.440360961,"data":" 2.25    2.849     34.29   0.00414 0.02021 0.04669 0.10041 0.13239 0.15118 0.14977 0.14665   0.405   0.1832   0.0794    2.31   0.359      181.5   0.0613   (461s)\n"}
,{"stream_name":"stdout","time":480.504419513,"data":" 2.30    2.822     33.60   0.00424 0.02062 0.04718 0.09941 0.13139 0.14926 0.14778 0.14919   0.413   0.1798   0.0804    2.23   0.369      179.4   0.0624   (470s)\n"}
,{"stream_name":"stdout","time":489.567956918,"data":" 2.35    2.796     33.27   0.00455 0.02159 0.04823 0.09976 0.13214 0.14721 0.14641 0.14958   0.412   0.1787   0.0845    2.12   0.390      165.4   0.0635   (479s)\n"}
,{"stream_name":"stdout","time":498.632675002,"data":" 2.40    2.769     32.92   0.00500 0.02280 0.04953 0.10125 0.13359 0.14563 0.14594 0.14815   0.395   0.1766   0.0780    2.26   0.427      149.3   0.0641   (488s)\n"}
,{"stream_name":"stdout","time":498.636840915,"data":"\n"}
,{"stream_name":"stdout","time":498.636864789,"data":"C22 descent: separation -\u003e peak twist, peak time (clock expires at t = 2.40)\n"}
,{"stream_name":"stdout","time":498.636870865,"data":"   sep 0.05   peak 0.01410 at t = 1.70\n"}
,{"stream_name":"stdout","time":498.636887172,"data":"   sep 0.07   peak 0.05440 at t = 1.65\n"}
,{"stream_name":"stdout","time":498.636891124,"data":"   sep 0.10   peak 0.10981 at t = 1.60\n"}
,{"stream_name":"stdout","time":498.636894211,"data":"   sep 0.14   peak 0.22602 at t = 1.50\n"}
,{"stream_name":"stdout","time":498.636897413,"data":"   sep 0.20   peak 0.32387 at t = 1.40\n"}
,{"stream_name":"stdout","time":498.636901223,"data":"   sep 0.28   peak 0.41626 at t = 1.25\n"}
,{"stream_name":"stdout","time":498.636904831,"data":"   sep 0.40   peak 0.49717 at t = 0.95\n"}
,{"stream_name":"stdout","time":498.636908523,"data":"   sep 0.56   peak 0.46229 at t = 0.70\n"}
,{"stream_name":"stdout","time":498.636912153,"data":"   halving times (time for the wave to descend one octave), from resolved peaks only:\n"}
,{"stream_name":"stdout","time":498.636915821,"data":"      0.56 -\u003e 0.40 : 0.25  per octave 0.52\n"}
,{"stream_name":"stdout","time":498.636919571,"data":"      0.40 -\u003e 0.28 : 0.30  per octave 0.58\n"}
,{"stream_name":"stdout","time":498.636923279,"data":"      0.28 -\u003e 0.20 : 0.15  per octave 0.31\n"}
,{"stream_name":"stdout","time":498.636926789,"data":"      0.20 -\u003e 0.14 : 0.10  per octave 0.19\n"}
,{"stream_name":"stdout","time":498.636930764,"data":"      0.14 -\u003e 0.10 : 0.10  per octave 0.21\n"}
,{"stream_name":"stdout","time":498.636934287,"data":"      0.10 -\u003e 0.07 : 0.05  per octave 0.10\n"}
,{"stream_name":"stdout","time":498.636938104,"data":"      0.07 -\u003e 0.05 : 0.05  per octave 0.10\n"}
,{"stream_name":"stdout","time":498.636941688,"data":"\n"}
,{"stream_name":"stdout","time":498.636945475,"data":"clock expires at t = 2.40 (delta 0.0641); strong twist peak 0.10981 at t = 1.60, at the clock 0.04953 (fall 55%); max|w| growth to the clock 4.60x\n"}
,{"stream_name":"stdout","time":498.636949668,"data":"race variable ell/ell_nu min inside the clock = 2.12 (at t = 2.35); cut fraction at the clock 0.427\n"}
,{"stream_name":"stdout","time":498.636953855,"data":"C21: Re_seam at the twist peak (t = 1.60) = 223.8; twist peak 0.10981; max|w| at the peak 29.0\n"}
,{"stream_name":"stdout","time":498.636957441,"data":"REGISTERED C20 at nu=0.002: between (see rows)\n"}
,{"stream_name":"stdout","time":501.074123378,"data":"=== IC=found NU=1e-3 T=2.0 -\u003e /kaggle/working/seam_ICfound_NU1e-3_T2.0.txt\n"}
,{"stream_name":"stdout","time":503.642264335,"data":"seam race on GPU: IC=found  N=256^3  nu=0.001  T=2.0  Z0=0.375  clock 2dx=0.0491  device=cuda\n"}
,{"stream_name":"stdout","time":504.373890617,"data":"   t     Z/Z0    max|w|   twist@0.05 @0.07 @0.1 @0.14 @0.2 @0.28 @0.4 @0.56   anti    ell     ell_nu   race   cut    Re_seam   delta\n"}
,{"stream_name":"stdout","time":504.373933033,"data":" 0.00    1.000      7.16   0.00000 0.00000 0.00000 0.00001 0.00008 0.00071 0.00821 0.06333   0.000   0.6364   0.1843    3.45   0.000     1820.1   0.2255   (1s)\n"}
,{"stream_name":"stdout","time":513.464615932,"data":" 0.05    1.020      7.40   0.00000 0.00000 0.00000 0.00001 0.00009 0.00080 0.00974 0.07387   0.000   0.6340   0.0851    7.45   0.000     1856.7   0.0148  \u003c-- past the clock   (10s)\n"}
,{"stream_name":"stdout","time":523.753182522,"data":" 0.10    1.048      8.18   0.00000 0.00000 0.00000 0.00001 0.00011 0.00111 0.01326 0.09159   0.000   0.6313   0.0624   10.12   0.000     2017.0   0.0185  \u003c-- past the clock   (20s)\n"}
,{"stream_name":"stdout","time":534.034944618,"data":" 0.15    1.086      8.96   0.00000 0.00000 0.00000 0.00002 0.00017 0.00191 0.01989 0.11715   0.000   0.5926   0.0517   11.45   0.000     1936.9   0.0182  \u003c-- past the clock   (30s)\n"}
,{"stream_name":"stdout","time":544.326694698,"data":" 0.20    1.132      9.74   0.00000 0.00000 0.00000 0.00003 0.00036 0.00354 0.03064 0.15004   0.000   0.5245   0.0459   11.44   0.000     1657.0   0.0337  \u003c-- past the clock   (41s)\n"}
,{"stream_name":"stdout","time":554.62436901,"data":" 0.25    1.187     10.47   0.00000 0.00000 0.00000 0.00008 0.00077 0.00631 0.04654 0.18839   0.000   0.4691   0.0420   11.18   0.000     1431.6   0.0796   (51s)\n"}
,{"stream_name":"stdout","time":564.922480746,"data":" 0.30    1.251     11.17   0.00000 0.00000 0.00001 0.00018 0.00147 0.01045 0.06843 0.22968   0.000   0.4309   0.0397   10.84   0.000     1304.3   0.1408   (61s)\n"}
,{"stream_name":"stdout","time":575.219173594,"data":" 0.35    1.323     12.23   0.00000 0.00000 0.00001 0.00035 0.00250 0.01642 0.09617 0.27166   0.000   0.3983   0.0382   10.42   0.000     1224.5   0.1802   (72s)\n"}
,{"stream_name":"stdout","time":585.515499529,"data":" 0.40    1.402     13.43   0.00000 0.00000 0.00003 0.00060 0.00393 0.02461 0.12871 0.31273   0.000   0.3672   0.0373    9.83   0.000     1138.9   0.1835   (82s)\n"}
,{"stream_name":"stdout","time":595.809350039,"data":" 0.45    1.489     14.66   0.00000 0.00000 0.00005 0.00094 0.00601 0.03500 0.16447 0.35163   0.000   0.3431   0.0372    9.22   0.000     1076.8   0.1645   (92s)\n"}
,{"stream_name":"stdout","time":606.102037403,"data":" 0.50    1.584     15.92   0.00000 0.00001 0.00008 0.00144 0.00893 0.04738 0.20190 0.38713   0.000   0.3236   0.0377    8.59   0.000     1035.5   0.1461   (102s)\n"}
,{"stream_name":"stdout","time":616.394499113,"data":" 0.55    1.684     17.17   0.00000 0.00001 0.00013 0.00222 0.01278 0.06151 0.23988 0.41790   0.000   0.3089   0.0389    7.94   0.000     1004.9   0.1307   (113s)\n"}
,{"stream_name":"stdout","time":625.480050799,"data":" 0.60    1.791     18.30   0.00000 0.00002 0.00020 0.00335 0.01766 0.07716 0.27757 0.44251   0.000   0.2962   0.0407    7.28   0.000      982.3   0.1176   (122s)\n"}
,{"stream_name":"stdout","time":634.567164474,"data":" 0.65    1.903     19.54   0.00000 0.00004 0.00031 0.00493 0.02365 0.09436 0.31461 0.45922   0.002   0.2901   0.0432    6.72   0.000     1009.0   0.1066   (131s)\n"}
,{"stream_name":"stdout","time":643.655392164,"data":" 0.70    2.020     20.57   0.00000 0.00006 0.00049 0.00705 0.03087 0.11337 0.35114 0.46564   0.008   0.2863   0.0456    6.28   0.000     1025.1   0.0973   (140s)\n"}
,{"stream_name":"stdout","time":652.770399597,"data":" 0.75    2.141     21.60   0.00000 0.00009 0.00079 0.00984 0.03950 0.13451 0.38773 0.45908   0.016   0.2861   0.0497    5.76   0.000       61.4   0.0892   (149s)\n"}
,{"stream_name":"stdout","time":661.860862074,"data":" 0.80    2.265     22.52   0.00001 0.00015 0.00125 0.01350 0.04990 0.15815 0.42484 0.43849   0.030   0.2821   0.0550    5.12   0.016       74.3   0.0823   (158s)\n"}
,{"stream_name":"stdout","time":670.951333596,"data":" 0.85    2.393     23.30   0.00001 0.00027 0.00197 0.01832 0.06256 0.18494 0.46053 0.40672   0.049   0.2772   0.0632    4.39   0.033       92.6   0.0765   (167s)\n"}
,{"stream_name":"stdout","time":680.041495584,"data":" 0.90    2.523     23.94   0.00002 0.00048 0.00309 0.02482 0.07786 0.21641 0.48619 0.36919   0.074   0.2736   0.0687    3.98   0.059      113.9   0.0708   (176s)\n"}
,{"stream_name":"stdout","time":689.131882863,"data":" 0.95    2.655     24.45   0.00004 0.00086 0.00485 0.03350 0.09636 0.25587 0.49236 0.33160   0.116   0.2697   0.0683    3.95   0.070      131.6   0.0667   (185s)\n"}
,{"stream_name":"stdout","time":698.22309652,"data":" 1.00    2.788     24.78   0.00009 0.00153 0.00762 0.04472 0.11951 0.30431 0.48204 0.29817   0.176   0.2645   0.0699    3.78   0.067      160.4   0.0649   (195s)\n"}
,{"stream_name":"stdout","time":708.522996949,"data":" 1.05    2.923     24.98   0.00020 0.00272 0.01188 0.05905 0.15129 0.34887 0.46114 0.27093   0.235   0.2562   0.0657    3.90   0.083      183.5   0.0619   (205s)\n"}
,{"stream_name":"stdout","time":718.8221752,"data":" 1.10    3.057     25.21   0.00042 0.00470 0.01797 0.07845 0.19415 0.37875 0.43132 0.25406   0.291   0.2492   0.0582    4.28   0.100      207.4   0.0599   (215s)\n"}
,{"stream_name":"stdout","time":730.328916081,"data":" 1.15    3.192     25.47   0.00083 0.00776 0.02630 0.10681 0.23803 0.39879 0.39908 0.25738   0.344   0.2411   0.0461    5.23   0.142      225.3   0.0580   (227s)\n"}
,{"stream_name":"stdout","time":741.835000107,"data":" 1.20    3.327     25.80   0.00157 0.01231 0.03821 0.14268 0.27409 0.41118 0.37801 0.25803   0.401   0.2253   0.0395    5.70   0.183      242.1   0.0536   (238s)\n"}
,{"stream_name":"stdout","time":754.548477963,"data":" 1.25    3.462     26.30   0.00281 0.01908 0.05497 0.17829 0.30492 0.41782 0.35673 0.24786   0.459   0.2079   0.0357    5.82   0.226      243.2   0.0500   (251s)\n"}
,{"stream_name":"stdout","time":767.260381441,"data":" 1.30    3.597     26.85   0.00488 0.02873 0.07564 0.21065 0.33128 0.41291 0.32921 0.23825   0.520   0.1912   0.0317    6.03   0.250      245.6   0.0492   (264s)\n"}
,{"stream_name":"stdout","time":779.971223912,"data":" 1.35    3.732     27.58   0.00783 0.04082 0.09796 0.23908 0.34581 0.39222 0.30459 0.22882   0.580   0.1789   0.0302    5.92   0.254      276.4   0.0494   (276s)\n"}
,{"stream_name":"stdout","time":792.681887056,"data":" 1.40    3.866     29.09   0.01164 0.05445 0.12033 0.26014 0.34513 0.36598 0.28859 0.22204   0.636   0.1753   0.0306    5.72   0.236      332.2   0.0493   (289s)\n"}
,{"stream_name":"stdout","time":805.393139458,"data":" 1.45    3.998     32.21   0.01628 0.06952 0.14204 0.27117 0.33394 0.33838 0.27454 0.21849   0.675   0.1822   0.0304    6.00   0.180      441.2   0.0494   (302s)\n"}
,{"stream_name":"stdout","time":818.102764602,"data":" 1.50    4.126     35.23   0.02238 0.08593 0.16073 0.27276 0.31655 0.31043 0.25377 0.20821   0.711   0.1828   0.0309    5.91   0.161      528.5   0.0492   (314s)\n"}
,{"stream_name":"stdout","time":829.602775142,"data":" 1.55    4.250     39.13   0.02969 0.10191 0.17414 0.26709 0.29432 0.28280 0.23147 0.19247   0.724   0.1798   0.0342    5.25   0.153      568.3   0.0504   (326s)\n"}
,{"stream_name":"stdout","time":841.107511037,"data":" 1.60    4.365     44.95   0.03747 0.11411 0.17963 0.25644 0.26961 0.25350 0.20863 0.17321   0.722   0.1634   0.0320    5.11   0.145      496.8   0.0512   (337s)\n"}
,{"stream_name":"stdout","time":852.610667778,"data":" 1.65    4.468     54.75   0.04351 0.11974 0.17871 0.23853 0.24106 0.22475 0.18528 0.15509   0.752   0.1311   0.0299    4.38   0.113      371.5   0.0490  \u003c-- past the clock   (349s)\n"}
,{"stream_name":"stdout","time":864.115498028,"data":" 1.70    4.554     65.66   0.04750 0.11994 0.16956 0.21361 0.21248 0.19888 0.16597 0.14097   0.787   0.0908   0.0254    3.57   0.090      223.7   0.0451  \u003c-- past the clock   (360s)\n"}
,{"stream_name":"stdout","time":874.414205354,"data":" 1.75    4.622     72.56   0.04983 0.11475 0.15279 0.18975 0.19151 0.18082 0.15344 0.12958   0.847   0.0823   0.0227    3.63   0.149      211.1   0.0423  \u003c-- past the clock   (371s)\n"}
,{"stream_name":"stdout","time":884.711377791,"data":" 1.80    4.673     75.14   0.04774 0.10527 0.13558 0.17231 0.17944 0.17074 0.14480 0.12350   0.847   0.0871   0.0259    3.36   0.198      255.8   0.0417  \u003c-- past the clock   (381s)\n"}
,{"stream_name":"stdout","time":895.00849124,"data":" 1.85    4.711     76.44   0.03996 0.09313 0.12309 0.16120 0.17192 0.16551 0.13907 0.12124   0.852   0.0821   0.0220    3.73   0.182      248.0   0.0416  \u003c-- past the clock   (391s)\n"}
,{"stream_name":"stdout","time":905.305897521,"data":" 1.90    4.742     74.53   0.03367 0.08453 0.11489 0.15252 0.16374 0.15968 0.13527 0.11862   0.823   0.0722   0.0244    2.96   0.189      196.1   0.0414  \u003c-- past the clock   (402s)\n"}
,{"stream_name":"stdout","time":915.604401877,"data":" 1.95    4.769     80.10   0.02991 0.07825 0.10751 0.14433 0.15587 0.15216 0.13426 0.11462   0.831   0.0571   0.0302    1.89   0.238      161.0   0.0413  \u003c-- past the clock   (412s)\n"}
,{"stream_name":"stdout","time":925.902090792,"data":" 2.00    4.795     83.98   0.02675 0.07150 0.09982 0.13681 0.14792 0.14506 0.13312 0.11301   0.928   0.0559   0.0651    0.86   0.247      151.4   0.0417  \u003c-- past the clock   (422s)\n"}
,{"stream_name":"stdout","time":925.902933315,"data":"\n"}
,{"stream_name":"stdout","time":925.902965341,"data":"C22 descent: separation -\u003e peak twist, peak time (clock expires at t = 1.60)\n"}
,{"stream_name":"stdout","time":925.902971396,"data":"   sep 0.05   peak 0.03747 at t = 1.60   (at the clock: not a peak)\n"}
,{"stream_name":"stdout","time":925.902976508,"data":"   sep 0.07   peak 0.11411 at t = 1.60   (at the clock: not a peak)\n"}
,{"stream_name":"stdout","time":925.90298143,"data":"   sep 0.10   peak 0.17963 at t = 1.60   (at the clock: not a peak)\n"}
,{"stream_name":"stdout","time":925.90298644,"data":"   sep 0.14   peak 0.27276 at t = 1.50\n"}
,{"stream_name":"stdout","time":925.902991108,"data":"   sep 0.20   peak 0.34581 at t = 1.35\n"}
,{"stream_name":"stdout","time":925.902995966,"data":"   sep 0.28   peak 0.41782 at t = 1.25\n"}
,{"stream_name":"stdout","time":925.903000816,"data":"   sep 0.40   peak 0.49236 at t = 0.95\n"}
,{"stream_name":"stdout","time":925.903005339,"data":"   sep 0.56   peak 0.46564 at t = 0.70\n"}
,{"stream_name":"stdout","time":925.903010317,"data":"   halving times (time for the wave to descend one octave), from resolved peaks only:\n"}
,{"stream_name":"stdout","time":925.903015464,"data":"      0.56 -\u003e 0.40 : 0.25  per octave 0.52\n"}
,{"stream_name":"stdout","time":925.903020573,"data":"      0.40 -\u003e 0.28 : 0.30  per octave 0.58\n"}
,{"stream_name":"stdout","time":925.903025517,"data":"      0.28 -\u003e 0.20 : 0.10  per octave 0.21\n"}
,{"stream_name":"stdout","time":925.903030034,"data":"      0.20 -\u003e 0.14 : 0.15  per octave 0.29\n"}
,{"stream_name":"stdout","time":925.90303478,"data":"\n"}
,{"stream_name":"stdout","time":925.903039422,"data":"clock expires at t = 1.60 (delta 0.0512); strong twist peak 0.17963 at t = 1.60, at the clock 0.17963 (fall 0%); max|w| growth to the clock 6.28x\n"}
,{"stream_name":"stdout","time":925.903044734,"data":"race variable ell/ell_nu min inside the clock = 3.45 (at t = 0.00); cut fraction at the clock 0.145\n"}
,{"stream_name":"stdout","time":925.903049456,"data":"C21: Re_seam at the twist peak (t = 1.60) = 496.8; twist peak 0.17963; max|w| at the peak 44.9\n"}
,{"stream_name":"stdout","time":925.903054567,"data":"REGISTERED C20 at nu=0.001: between (see rows)\n"}
,{"stream_name":"stdout","time":926.451943469,"data":"=== IC=found NU=5e-4 T=1.6 -\u003e /kaggle/working/seam_ICfound_NU5e-4_T1.6.txt\n"}
,{"stream_name":"stdout","time":929.025076488,"data":"seam race on GPU: IC=found  N=256^3  nu=0.0005  T=1.6  Z0=0.375  clock 2dx=0.0491  device=cuda\n"}
,{"stream_name":"stdout","time":929.76275972,"data":"   t     Z/Z0    max|w|   twist@0.05 @0.07 @0.1 @0.14 @0.2 @0.28 @0.4 @0.56   anti    ell     ell_nu   race   cut    Re_seam   delta\n"}
,{"stream_name":"stdout","time":929.762802374,"data":" 0.00    1.000      7.16   0.00000 0.00000 0.00000 0.00001 0.00008 0.00071 0.00821 0.06333   0.000   0.6364   0.1303    4.88   0.000     3640.2   0.2255   (1s)\n"}
,{"stream_name":"stdout","time":938.838994688,"data":" 0.05    1.021      7.41   0.00000 0.00000 0.00000 0.00001 0.00009 0.00080 0.00975 0.07391   0.000   0.6340   0.0601   10.55   0.000     3714.9   0.0133  \u003c-- past the clock   (10s)\n"}
,{"stream_name":"stdout","time":949.113991436,"data":" 0.10    1.050      8.19   0.00000 0.00000 0.00000 0.00001 0.00011 0.00112 0.01329 0.09171   0.000   0.6312   0.0441   14.32   0.000     4036.0   0.0159  \u003c-- past the clock   (20s)\n"}
,{"stream_name":"stdout","time":959.384682064,"data":" 0.15    1.089      8.98   0.00000 0.00000 0.00000 0.00002 0.00018 0.00192 0.01996 0.11742   0.000   0.5920   0.0365   16.20   0.000     3875.9   0.0150  \u003c-- past the clock   (30s)\n"}
,{"stream_name":"stdout","time":969.656598396,"data":" 0.20    1.137      9.76   0.00000 0.00000 0.00000 0.00003 0.00037 0.00357 0.03082 0.15056   0.000   0.5235   0.0324   16.18   0.000     3309.4   0.0297  \u003c-- past the clock   (41s)\n"}
,{"stream_name":"stdout","time":979.933310419,"data":" 0.25    1.194     10.51   0.00000 0.00000 0.00000 0.00008 0.00078 0.00638 0.04692 0.18923   0.000   0.4681   0.0296   15.82   0.000     2864.5   0.0747   (51s)\n"}
,{"stream_name":"stdout","time":990.209910192,"data":" 0.30    1.260     11.23   0.00000 0.00000 0.00001 0.00018 0.00150 0.01059 0.06915 0.23090   0.000   0.4295   0.0280   15.34   0.000     2607.5   0.1355   (61s)\n"}
,{"stream_name":"stdout","time":1000.487758611,"data":" 0.35    1.334     12.32   0.00000 0.00000 0.00001 0.00035 0.00254 0.01670 0.09735 0.27328   0.000   0.3966   0.0269   14.72   0.000     2447.9   0.1750   (71s)\n"}
,{"stream_name":"stdout","time":1010.766173397,"data":" 0.40    1.417     13.57   0.00000 0.00000 0.00003 0.00061 0.00402 0.02509 0.13046 0.31472   0.000   0.3650   0.0263   13.87   0.000     2272.3   0.1777   (82s)\n"}
,{"stream_name":"stdout","time":1021.045600865,"data":" 0.45    1.509     14.84   0.00000 0.00000 0.00005 0.00097 0.00618 0.03574 0.16679 0.35397   0.000   0.3406   0.0262   12.99   0.000     2151.0   0.1581   (92s)\n"}
,{"stream_name":"stdout","time":1031.32434518,"data":" 0.50    1.608     16.17   0.00000 0.00001 0.00009 0.00149 0.00921 0.04845 0.20471 0.38971   0.000   0.3208   0.0266   12.07   0.000     2066.0   0.1394   (102s)\n"}
,{"stream_name":"stdout","time":1041.604033687,"data":" 0.55    1.715     17.50   0.00000 0.00001 0.00014 0.00232 0.01324 0.06293 0.24296 0.42057   0.000   0.3063   0.0275   11.15   0.000     2010.3   0.1236   (113s)\n"}
,{"stream_name":"stdout","time":1050.678571322,"data":" 0.60    1.829     18.70   0.00000 0.00002 0.00021 0.00354 0.01837 0.07893 0.28060 0.44508   0.000   0.2927   0.0289   10.13   0.000     1966.5   0.1101   (122s)\n"}
,{"stream_name":"stdout","time":1059.753692803,"data":" 0.65    1.951     20.07   0.00000 0.00004 0.00033 0.00525 0.02471 0.09642 0.31720 0.46138   0.003   0.2872   0.0308    9.34   0.000     2025.9   0.0986   (131s)\n"}
,{"stream_name":"stdout","time":1068.829217667,"data":" 0.70    2.078     21.19   0.00000 0.00006 0.00054 0.00757 0.03238 0.11557 0.35298 0.46679   0.010   0.2830   0.0327    8.66   0.000     2063.7   0.0888   (140s)\n"}
,{"stream_name":"stdout","time":1077.925434036,"data":" 0.75    2.212     22.35   0.00000 0.00010 0.00088 0.01067 0.04154 0.13658 0.38868 0.45821   0.020   0.2797   0.0360    7.76   0.000      126.3   0.0803   (149s)\n"}
,{"stream_name":"stdout","time":1086.996992949,"data":" 0.80    2.352     23.37   0.00001 0.00017 0.00142 0.01480 0.05256 0.15969 0.42519 0.43469   0.037   0.2703   0.0407    6.64   0.008      154.9   0.0729   (158s)\n"}
,{"stream_name":"stdout","time":1096.067299251,"data":" 0.85    2.498     24.25   0.00001 0.00032 0.00230 0.02033 0.06577 0.18551 0.46043 0.39982   0.061   0.2610   0.0450    5.80   0.016      199.6   0.0668   (167s)\n"}
,{"stream_name":"stdout","time":1105.138882798,"data":" 0.90    2.649     25.00   0.00002 0.00059 0.00372 0.02781 0.08133 0.21582 0.48282 0.35967   0.097   0.2540   0.0461    5.51   0.027      259.0   0.0608   (176s)\n"}
,{"stream_name":"stdout","time":1114.209495795,"data":" 0.95    2.806     25.61   0.00006 0.00112 0.00605 0.03757 0.09969 0.25545 0.48265 0.32033   0.154   0.2498   0.0481    5.19   0.030      305.1   0.0570   (185s)\n"}
,{"stream_name":"stdout","time":1123.279360121,"data":" 1.00    2.968     26.17   0.00014 0.00214 0.00988 0.04967 0.12249 0.30622 0.46759 0.28593   0.225   0.2404   0.0462    5.21   0.031      358.1   0.0554   (194s)\n"}
,{"stream_name":"stdout","time":1133.554046631,"data":" 1.05    3.135     26.68   0.00037 0.00414 0.01571 0.06450 0.15597 0.34769 0.44345 0.25811   0.295   0.2328   0.0400    5.83   0.035      408.4   0.0523   (205s)\n"}
,{"stream_name":"stdout","time":1143.830960969,"data":" 1.10    3.308     27.27   0.00090 0.00759 0.02364 0.08489 0.20315 0.37226 0.41030 0.24212   0.365   0.2202   0.0322    6.84   0.037      445.9   0.0505   (215s)\n"}
,{"stream_name":"stdout","time":1155.31581381,"data":" 1.15    3.486     27.87   0.00197 0.01268 0.03374 0.11763 0.24609 0.38930 0.37794 0.25034   0.431   0.2037   0.0270    7.54   0.032      463.5   0.0476  \u003c-- past the clock   (226s)\n"}
,{"stream_name":"stdout","time":1168.006628314,"data":" 1.20    3.671     28.65   0.00381 0.01965 0.04810 0.15776 0.27892 0.39969 0.36093 0.24519   0.491   0.1824   0.0241    7.56   0.030      447.8   0.0428  \u003c-- past the clock   (239s)\n"}
,{"stream_name":"stdout","time":1180.702818631,"data":" 1.25    3.863     29.62   0.00650 0.02946 0.06841 0.19386 0.30879 0.40632 0.33412 0.23372   0.545   0.1636   0.0220    7.43   0.042      398.8   0.0400  \u003c-- past the clock   (252s)\n"}
,{"stream_name":"stdout","time":1194.604886401,"data":" 1.30    4.061     30.72   0.01049 0.04312 0.09308 0.22598 0.33399 0.39546 0.30638 0.22466   0.595   0.1460   0.0204    7.17   0.062      378.2   0.0394  \u003c-- past the clock   (266s)\n"}
,{"stream_name":"stdout","time":1208.504089819,"data":" 1.35    4.266     34.67   0.01585 0.05998 0.11931 0.25407 0.34336 0.37109 0.28552 0.21582   0.664   0.1418   0.0204    6.97   0.084      514.5   0.0390  \u003c-- past the clock   (279s)\n"}
,{"stream_name":"stdout","time":1222.399126035,"data":" 1.40    4.479     39.95   0.02264 0.07923 0.14626 0.27376 0.33861 0.34624 0.27562 0.21389   0.707   0.1518   0.0213    7.12   0.087      793.6   0.0387  \u003c-- past the clock   (293s)\n"}
,{"stream_name":"stdout","time":1235.084935631,"data":" 1.45    4.700     45.88   0.03112 0.10159 0.17285 0.28327 0.32541 0.31913 0.25957 0.20818   0.728   0.1539   0.0218    7.05   0.078      972.1   0.0385  \u003c-- past the clock   (306s)\n"}
,{"stream_name":"stdout","time":1247.769866301,"data":" 1.50    4.928     51.50   0.04232 0.12606 0.19573 0.28271 0.30556 0.29254 0.23819 0.19474   0.772   0.1461   0.0227    6.44   0.058     1003.6   0.0389  \u003c-- past the clock   (319s)\n"}
,{"stream_name":"stdout","time":1260.455336274,"data":" 1.55    5.164     57.88   0.05552 0.14916 0.21017 0.27491 0.28075 0.26313 0.21512 0.17625   0.808   0.1272   0.0227    5.60   0.046      907.9   0.0406  \u003c-- past the clock   (331s)\n"}
,{"stream_name":"stdout","time":1273.145151055,"data":" 1.60    5.406     62.12   0.06901 0.16393 0.21378 0.25899 0.25271 0.23256 0.18936 0.15459   0.828   0.0992   0.0227    4.38   0.034      565.6   0.0406  \u003c-- past the clock   (344s)\n"}
,{"stream_name":"stdout","time":1273.145914731,"data":"\n"}
,{"stream_name":"stdout","time":1273.145936364,"data":"C22 descent: separation -\u003e peak twist, peak time (clock expires at t = 1.10)\n"}
,{"stream_name":"stdout","time":1273.145944124,"data":"   sep 0.05   peak 0.00090 at t = 1.10   (at the clock: not a peak)\n"}
,{"stream_name":"stdout","time":1273.14594934,"data":"   sep 0.07   peak 0.00759 at t = 1.10   (at the clock: not a peak)\n"}
,{"stream_name":"stdout","time":1273.145954364,"data":"   sep 0.10   peak 0.02364 at t = 1.10   (at the clock: not a peak)\n"}
,{"stream_name":"stdout","time":1273.145958905,"data":"   sep 0.14   peak 0.08489 at t = 1.10   (at the clock: not a peak)\n"}
,{"stream_name":"stdout","time":1273.145978108,"data":"   sep 0.20   peak 0.20315 at t = 1.10   (at the clock: not a peak)\n"}
,{"stream_name":"stdout","time":1273.145981863,"data":"   sep 0.28   peak 0.37226 at t = 1.10   (at the clock: not a peak)\n"}
,{"stream_name":"stdout","time":1273.145986474,"data":"   sep 0.40   peak 0.48282 at t = 0.90\n"}
,{"stream_name":"stdout","time":1273.145990169,"data":"   sep 0.56   peak 0.46679 at t = 0.70\n"}
,{"stream_name":"stdout","time":1273.145994182,"data":"\n"}
,{"stream_name":"stdout","time":1273.145998002,"data":"clock expires at t = 1.10 (delta 0.0505); strong twist peak 0.02364 at t = 1.10, at the clock 0.02364 (fall 0%); max|w| growth to the clock 3.81x\n"}
,{"stream_name":"stdout","time":1273.14600252,"data":"race variable ell/ell_nu min inside the clock = 4.88 (at t = 0.00); cut fraction at the clock 0.037\n"}
,{"stream_name":"stdout","time":1273.146007268,"data":"C21: Re_seam at the twist peak (t = 1.10) = 445.9; twist peak 0.02364; max|w| at the peak 27.3\n"}
,{"stream_name":"stdout","time":1273.14601088,"data":"REGISTERED C20 at nu=0.0005: between (see rows)\n"}
,{"stream_name":"stderr","time":1276.335949,"data":"/usr/local/lib/python3.12/dist-packages/mistune.py:435: SyntaxWarning: invalid escape sequence '\\|'\n"}
,{"stream_name":"stderr","time":1276.336022216,"data":"  cells[i][c] = re.sub('\\\\\\\\\\|', '|', cell)\n"}
,{"stream_name":"stderr","time":1276.667185741,"data":"/usr/local/lib/python3.12/dist-packages/nbconvert/filters/filter_links.py:36: SyntaxWarning: invalid escape sequence '\\_'\n"}
,{"stream_name":"stderr","time":1276.667231875,"data":"  text = re.sub(r'_', '\\_', text) # Escape underscores in display text\n"}
,{"stream_name":"stderr","time":1277.371243257,"data":"[NbConvertApp] Converting notebook __script__.ipynb to html\n"}
,{"stream_name":"stderr","time":1278.784947092,"data":"[NbConvertApp] Writing 363675 bytes to __results__.html\n"}
]