[{"stream_name":"stdout","time":7.041376688,"data":"=== IC=found NU=2e-3 T=1.6 N=320 FORCE=1.0 FMODE=track -\u003e /kaggle/working/seam_ICfound_NU2e-3_T1.6_N320_FORCE1.0_FMODEtrack.txt\n"}
,{"stream_name":"stdout","time":10.663400989,"data":"seam race on GPU: IC=found  N=320^3  nu=0.002  T=1.6  Z0=0.375  clock 2dx=0.0393  device=cuda  FORCE=1 (track)\n"}
,{"stream_name":"stdout","time":11.078108787,"data":"   t     Z/Z0    max|w|   twist@0.05 @0.07 @0.1 @0.14 @0.2 @0.28 @0.4 @0.56   anti    ell     ell_nu   race   cut    Re_seam   delta     E/E0\n"}
,{"stream_name":"stdout","time":11.078148419,"data":"   tracking force refreshed: injection rate 0.0238 (2 nu Z = 0.0015)\n"}
,{"stream_name":"stdout","time":12.931634749,"data":" 0.00    1.000      7.16   0.00000 0.00000 0.00000 0.00001 0.00008 0.00080 0.00821 0.06609   0.000   0.6366   0.2607    2.44   0.000      910.7   (tail empty)   1.000000   (2s)\n"}
,{"stream_name":"stdout","time":36.116867553,"data":" 0.05    1.064      7.73   0.00000 0.00000 0.00000 0.00001 0.00007 0.00081 0.00900 0.07393   0.000   0.6194   0.1193    5.19   0.000      928.8   (tail empty)   1.036509   (25s)\n"}
,{"stream_name":"stdout","time":61.630253286,"data":" 0.10    1.143      8.94   0.00000 0.00000 0.00000 0.00001 0.00008 0.00104 0.01165 0.08922   0.000   0.6052   0.0857    7.06   0.000     1013.3   (tail empty)   1.073375   (51s)\n"}
,{"stream_name":"stdout","time":87.767493886,"data":" 0.15    1.234     10.26   0.00000 0.00000 0.00000 0.00001 0.00013 0.00173 0.01730 0.11310   0.000   0.5591   0.0694    8.06   0.000      991.1   0.1630   1.107095   (77s)\n"}
,{"stream_name":"stdout","time":115.438175716,"data":" 0.20    1.341     11.66   0.00000 0.00000 0.00000 0.00001 0.00027 0.00322 0.02719 0.14534   0.000   0.4808   0.0600    8.02   0.000      839.1   0.1193   1.138125   (105s)\n"}
,{"stream_name":"stdout","time":143.07548355,"data":" 0.25    1.468     13.13   0.00000 0.00000 0.00000 0.00003 0.00057 0.00574 0.04294 0.18363   0.000   0.4184   0.0545    7.68   0.000      727.0   0.1059   1.167284   (132s)\n"}
,{"stream_name":"stdout","time":173.156585978,"data":" 0.30    1.617     14.84   0.00000 0.00000 0.00000 0.00007 0.00105 0.00968 0.06601 0.22478   0.000   0.3733   0.0518    7.20   0.000      661.1   0.1019   1.195537   (162s)\n"}
,{"stream_name":"stdout","time":203.150019154,"data":" 0.35    1.791     17.28   0.00000 0.00000 0.00001 0.00013 0.00173 0.01597 0.09608 0.26630   0.000   0.3379   0.0507    6.66   0.000      629.0   0.0952   1.223142   (192s)\n"}
,{"stream_name":"stdout","time":233.161835369,"data":" 0.40    1.989     20.00   0.00000 0.00000 0.00002 0.00021 0.00296 0.02496 0.13108 0.30640   0.000   0.3084   0.0516    5.97   0.000      602.1   0.0899   1.249035   (222s)\n"}
,{"stream_name":"stdout","time":263.151184509,"data":" 0.45    2.212     22.91   0.00000 0.00000 0.00003 0.00038 0.00514 0.03656 0.16861 0.34275   0.000   0.2846   0.0555    5.13   0.000      583.8   0.0873   1.273506   (252s)\n"}
,{"stream_name":"stdout","time":291.934398959,"data":"   tracking force refreshed: injection rate 0.0175 (2 nu Z = 0.0037)\n"}
,{"stream_name":"stdout","time":293.252896577,"data":" 0.50    2.458     25.92   0.00000 0.00001 0.00005 0.00074 0.00857 0.05061 0.20737 0.37192   0.000   0.2669   0.0645    4.14   0.000      579.8   0.0889   1.296796   (283s)\n"}
,{"stream_name":"stdout","time":323.255949575,"data":" 0.55    2.728     28.95   0.00000 0.00002 0.00011 0.00148 0.01358 0.06755 0.24759 0.38824   0.002   0.2614   0.0851    3.07   0.000      618.9   0.0900   1.319097   (313s)\n"}
,{"stream_name":"stdout","time":353.290458023,"data":" 0.60    3.020     31.92   0.00000 0.00004 0.00025 0.00281 0.02063 0.08905 0.29145 0.38218   0.009   0.2615   0.2452    1.07   0.000      679.5   0.0875   1.340525   (343s)\n"}
,{"stream_name":"stdout","time":383.328856502,"data":" 0.65    3.331     34.52   0.00001 0.00011 0.00059 0.00510 0.03101 0.11774 0.34175 0.34623   0.023   0.2575      -       nan   0.009       43.5   0.0818   1.361155   (373s)\n"}
,{"stream_name":"stdout","time":413.349182578,"data":" 0.70    3.661     36.67   0.00003 0.00030 0.00134 0.00935 0.04729 0.15886 0.38790 0.29453   0.052   0.2517      -       nan   0.066       45.6   0.0752   1.381334   (403s)\n"}
,{"stream_name":"stdout","time":445.699620847,"data":" 0.75    4.009     38.02   0.00011 0.00083 0.00324 0.01801 0.07434 0.22072 0.39064 0.25071   0.110   0.2481      -       nan   0.110       68.0   0.0686   1.401405   (435s)\n"}
,{"stream_name":"stdout","time":482.810398117,"data":" 0.80    4.379     38.45   0.00043 0.00257 0.00839 0.03557 0.12339 0.28052 0.36615 0.22347   0.189   0.2514      -       nan   0.194       91.6   0.0632   1.422109   (472s)\n"}
,{"stream_name":"stdout","time":524.605837931,"data":" 0.85    4.774     38.74   0.00181 0.00812 0.02147 0.07144 0.18327 0.31607 0.35857 0.22321   0.273   0.2507   0.0883    2.84   0.292      125.7   0.0571   1.444433   (514s)\n"}
,{"stream_name":"stdout","time":573.534349652,"data":" 0.90    5.199     41.45   0.00695 0.02236 0.04812 0.11970 0.24016 0.34961 0.34970 0.21188   0.367   0.2321   0.0618    3.76   0.350      155.7   0.0479   1.468558   (563s)\n"}
,{"stream_name":"stdout","time":627.142910005,"data":" 0.95    5.642     49.69   0.01694 0.04346 0.08078 0.16770 0.28086 0.35243 0.32251 0.20600   0.459   0.2313   0.0567    4.08   0.400      250.6   0.0455   1.491055   (616s)\n"}
,{"stream_name":"stdout","time":681.918883668,"data":"   tracking force refreshed: injection rate 0.0124 (2 nu Z = 0.0091)\n"}
,{"stream_name":"stdout","time":683.239818468,"data":" 1.00    6.066     61.44   0.02552 0.06088 0.10527 0.19449 0.28860 0.32812 0.28954 0.19926   0.492   0.2414   0.0874    2.76   0.322      523.0   0.0443   1.505215   (673s)\n"}
,{"stream_name":"stdout","time":739.216846604,"data":" 1.05    6.452     74.40   0.02972 0.06871 0.11292 0.19332 0.27069 0.28987 0.25181 0.18064   0.516   0.2432      -       nan   0.264      796.1   0.0443   1.510038   (729s)\n"}
,{"stream_name":"stdout","time":792.876648102,"data":" 1.10    6.802     87.62   0.03109 0.06831 0.10758 0.17586 0.23721 0.24652 0.20542 0.15782   0.464   0.1797      -       nan   0.126      279.2   0.0452   1.508305   (782s)\n"}
,{"stream_name":"stdout","time":839.396175158,"data":" 1.15    7.116     96.34   0.03080 0.06364 0.09666 0.15268 0.20184 0.20845 0.16712 0.13393   0.455   0.1397      -       nan   0.139      212.0   0.0449   1.502455   (829s)\n"}
,{"stream_name":"stdout","time":885.96406622,"data":" 1.20    7.393    101.82   0.03008 0.05873 0.08707 0.13526 0.17632 0.18090 0.14217 0.11238   0.415   0.1386      -       nan   0.258      236.7   0.0444   1.494838   (875s)\n"}
,{"stream_name":"stdout","time":934.842800894,"data":" 1.25    7.634    100.52   0.02990 0.05694 0.08326 0.12653 0.16232 0.16341 0.12255 0.09592   0.441   0.1469      -       nan   0.240      289.3   0.0437   1.486423   (924s)\n"}
,{"stream_name":"stdout","time":988.503839784,"data":" 1.30    7.860     92.40   0.03211 0.05781 0.08129 0.12212 0.15154 0.14519 0.10548 0.08679   0.557   0.1436   0.0754    1.91   0.190      325.8   0.0445   1.478666   (978s)\n"}
,{"stream_name":"stdout","time":1042.109639961,"data":" 1.35    8.095     85.40   0.03343 0.05566 0.07594 0.11067 0.13415 0.12620 0.08929 0.08004   0.572   0.1279   0.0453    2.82   0.240      236.3   0.0448   1.473631   (1031s)\n"}
,{"stream_name":"stdout","time":1095.767568384,"data":" 1.40    8.353     94.40   0.02916 0.04900 0.06672 0.09481 0.11430 0.10710 0.07464 0.07267   0.550   0.1240   0.0605    2.05   0.260      252.2   0.0434   1.471741   (1085s)\n"}
,{"stream_name":"stdout","time":1149.374301424,"data":" 1.45    8.606    113.97   0.02367 0.04310 0.05999 0.08293 0.09856 0.08942 0.06641 0.06566   0.446   0.1326   0.4675    0.28   0.214      295.5   0.0427   1.467323   (1139s)\n"}
,{"stream_name":"stdout","time":1204.15111249,"data":"   tracking force refreshed: injection rate 0.0073 (2 nu Z = 0.0133)\n"}
,{"stream_name":"stdout","time":1205.470850743,"data":" 1.50    8.839    117.42   0.02209 0.04328 0.06273 0.08587 0.09285 0.08271 0.06593 0.06579   0.503   0.1250   0.0551    2.27   0.189      297.5   0.0426   1.458127   (1195s)\n"}
,{"stream_name":"stdout","time":1259.082815095,"data":" 1.55    9.073    114.74   0.03143 0.05730 0.07854 0.09836 0.09561 0.08448 0.07186 0.06960   0.639   0.1127   0.0677    1.67   0.157      329.7   0.0418   1.448108   (1248s)\n"}
,{"stream_name":"stdout","time":1312.740890247,"data":" 1.60    9.274    109.74   0.04002 0.07124 0.09722 0.11790 0.10079 0.08340 0.07451 0.06336   0.695   0.1033   0.3553    0.29   0.223      308.3   0.0406   1.438236   (1302s)\n"}
,{"stream_name":"stdout","time":1312.745335059,"data":"\n"}
,{"stream_name":"stdout","time":1312.745362493,"data":"C22 descent: separation -\u003e peak twist, peak time (clock expires at t = 1.60)\n"}
,{"stream_name":"stdout","time":1312.74536868,"data":"   sep 0.05   peak 0.04002 at t = 1.60   (at the clock or at t = 0: not a peak)\n"}
,{"stream_name":"stdout","time":1312.745372885,"data":"   sep 0.07   peak 0.07124 at t = 1.60   (at the clock or at t = 0: not a peak)\n"}
,{"stream_name":"stdout","time":1312.745377167,"data":"   sep 0.10   peak 0.11292 at t = 1.05\n"}
,{"stream_name":"stdout","time":1312.745381214,"data":"   sep 0.14   peak 0.19449 at t = 1.00\n"}
,{"stream_name":"stdout","time":1312.745385388,"data":"   sep 0.20   peak 0.28860 at t = 1.00\n"}
,{"stream_name":"stdout","time":1312.745389488,"data":"   sep 0.28   peak 0.35243 at t = 0.95\n"}
,{"stream_name":"stdout","time":1312.745393804,"data":"   sep 0.40   peak 0.39064 at t = 0.75\n"}
,{"stream_name":"stdout","time":1312.745398575,"data":"   sep 0.56   peak 0.38824 at t = 0.55\n"}
,{"stream_name":"stdout","time":1312.745402677,"data":"   halving times (time for the wave to descend one octave), from resolved peaks only:\n"}
,{"stream_name":"stdout","time":1312.745407214,"data":"      0.56 -\u003e 0.40 : 0.20  per octave 0.41\n"}
,{"stream_name":"stdout","time":1312.745411643,"data":"      0.40 -\u003e 0.28 : 0.20  per octave 0.39\n"}
,{"stream_name":"stdout","time":1312.745415878,"data":"      0.28 -\u003e 0.20 : 0.05  per octave 0.10\n"}
,{"stream_name":"stdout","time":1312.745419896,"data":"      0.20 -\u003e 0.14 : 0.00  per octave 0.00\n"}
,{"stream_name":"stdout","time":1312.745424022,"data":"      0.14 -\u003e 0.10 : 0.05  per octave 0.10\n"}
,{"stream_name":"stdout","time":1312.745428457,"data":"   V: gap = 0.876 (1.20 - t) from sep \u003e= 0.1, T* = 1.20; thickness e-fold 0.81 fitted on t in [0.15, 1.05]; arms meet at t = 1.16, scale 0.039, sqrt(nu/s) there 44721.360 (inside the clock)\n"}
,{"stream_name":"stdout","time":1312.745434416,"data":"\n"}
,{"stream_name":"stdout","time":1312.745438532,"data":"clock expires at t = 1.60 (delta 0.0406); strong twist peak 0.11292 at t = 1.05, at the clock 0.09722 (fall 14%); max|w| growth to the clock 15.33x\n"}
,{"stream_name":"stdout","time":1312.745443333,"data":"race variable ell/ell_nu min inside the clock = 0.28 (at t = 1.45); cut fraction at the clock 0.223\n"}
,{"stream_name":"stdout","time":1312.74544804,"data":"C21: Re_seam at the twist peak (t = 1.05) = 796.1; twist peak 0.11292; max|w| at the peak 74.4\n"}
,{"stream_name":"stdout","time":1312.745452652,"data":"REGISTERED C20 at nu=0.002: between (see rows)\n"}
,{"stream_name":"stdout","time":1314.663249108,"data":"=== IC=found NU=2e-3 T=1.4 N=320 FORCE=0.5 FMODE=track -\u003e /kaggle/working/seam_ICfound_NU2e-3_T1.4_N320_FORCE0.5_FMODEtrack.txt\n"}
,{"stream_name":"stdout","time":1317.653360975,"data":"seam race on GPU: IC=found  N=320^3  nu=0.002  T=1.4  Z0=0.375  clock 2dx=0.0393  device=cuda  FORCE=0.5 (track)\n"}
,{"stream_name":"stdout","time":1318.04750769,"data":"   t     Z/Z0    max|w|   twist@0.05 @0.07 @0.1 @0.14 @0.2 @0.28 @0.4 @0.56   anti    ell     ell_nu   race   cut    Re_seam   delta     E/E0\n"}
,{"stream_name":"stdout","time":1318.047549625,"data":"   tracking force refreshed: injection rate 0.0119 (2 nu Z = 0.0015)\n"}
,{"stream_name":"stdout","time":1319.449328261,"data":" 0.00    1.000      7.16   0.00000 0.00000 0.00000 0.00001 0.00008 0.00080 0.00821 0.06609   0.000   0.6366   0.2607    2.44   0.000      910.7   (tail empty)   1.000000   (2s)\n"}
,{"stream_name":"stdout","time":1342.30232584,"data":" 0.05    1.041      7.56   0.00000 0.00000 0.00000 0.00001 0.00008 0.00086 0.00935 0.07540   0.000   0.6265   0.1198    5.23   0.000      927.7   (tail empty)   1.016876   (25s)\n"}
,{"stream_name":"stdout","time":1367.519221117,"data":" 0.10    1.093      8.54   0.00000 0.00000 0.00000 0.00001 0.00009 0.00114 0.01240 0.09205   0.000   0.6175   0.0870    7.10   0.000     1008.2   (tail empty)   1.033486   (50s)\n"}
,{"stream_name":"stdout","time":1392.690735109,"data":" 0.15    1.154      9.58   0.00000 0.00000 0.00000 0.00001 0.00015 0.00192 0.01846 0.11685   0.000   0.5750   0.0714    8.06   0.000      975.8   (tail empty)   1.048171   (75s)\n"}
,{"stream_name":"stdout","time":1417.875405497,"data":" 0.20    1.227     10.64   0.00000 0.00000 0.00000 0.00002 0.00031 0.00354 0.02864 0.14934   0.000   0.5013   0.0625    8.02   0.000      829.2   0.1031   1.061248   (100s)\n"}
,{"stream_name":"stdout","time":1443.041330268,"data":" 0.25    1.313     11.70   0.00000 0.00000 0.00000 0.00004 0.00066 0.00627 0.04418 0.18737   0.000   0.4426   0.0570    7.77   0.000      718.0   0.0945   1.073126   (125s)\n"}
,{"stream_name":"stdout","time":1470.579577108,"data":" 0.30    1.411     12.76   0.00000 0.00000 0.00000 0.00008 0.00123 0.01038 0.06620 0.22809   0.000   0.3995   0.0541    7.38   0.000      646.9   0.1033   1.084237   (153s)\n"}
,{"stream_name":"stdout","time":1498.100596521,"data":" 0.35    1.524     14.45   0.00000 0.00000 0.00001 0.00016 0.00204 0.01655 0.09453 0.26914   0.000   0.3662   0.0522    7.01   0.000      613.4   0.1026   1.094926   (180s)\n"}
,{"stream_name":"stdout","time":1525.639497137,"data":" 0.40    1.650     16.27   0.00000 0.00000 0.00002 0.00027 0.00325 0.02514 0.12779 0.30896   0.000   0.3368   0.0518    6.50   0.000      582.1   0.0991   1.104499   (208s)\n"}
,{"stream_name":"stdout","time":1553.159381073,"data":" 0.45    1.789     18.17   0.00000 0.00001 0.00004 0.00044 0.00518 0.03606 0.16398 0.34609   0.000   0.3129   0.0530    5.91   0.000      557.4   0.0981   1.113129   (236s)\n"}
,{"stream_name":"stdout","time":1579.455846644,"data":"   tracking force refreshed: injection rate 0.0074 (2 nu Z = 0.0029)\n"}
,{"stream_name":"stdout","time":1580.771176361,"data":" 0.50    1.940     20.12   0.00000 0.00001 0.00006 0.00071 0.00803 0.04907 0.20158 0.37876   0.000   0.2941   0.0559    5.26   0.000      541.0   0.0984   1.120943   (263s)\n"}
,{"stream_name":"stdout","time":1608.290013671,"data":" 0.55    2.102     22.05   0.00000 0.00002 0.00010 0.00121 0.01197 0.06399 0.23970 0.40468   0.000   0.2793   0.0613    4.56   0.000      534.4   0.0987   1.128025   (291s)\n"}
,{"stream_name":"stdout","time":1633.473950248,"data":" 0.60    2.275     23.88   0.00000 0.00003 0.00017 0.00204 0.01719 0.08114 0.27829 0.42045   0.002   0.2738   0.0694    3.95   0.000      554.9   0.0989   1.134460   (316s)\n"}
,{"stream_name":"stdout","time":1658.641749152,"data":" 0.65    2.456     25.70   0.00000 0.00005 0.00031 0.00332 0.02393 0.10140 0.31832 0.42075   0.006   0.2718   0.0860    3.16   0.000      584.9   0.0962   1.140332   (341s)\n"}
,{"stream_name":"stdout","time":1683.851089269,"data":" 0.70    2.645     27.32   0.00001 0.00011 0.00058 0.00524 0.03275 0.12591 0.36143 0.40026   0.015   0.2710   0.1243    2.18   0.000       36.0   0.0912   1.145621   (366s)\n"}
,{"stream_name":"stdout","time":1709.021219214,"data":" 0.75    2.840     28.74   0.00002 0.00022 0.00107 0.00814 0.04485 0.15640 0.40669 0.36143   0.030   0.2697      -       nan   0.060       43.2   0.0851   1.150422   (391s)\n"}
,{"stream_name":"stdout","time":1736.563305024,"data":" 0.80    3.039     29.85   0.00005 0.00046 0.00197 0.01282 0.06170 0.19656 0.43990 0.31642   0.056   0.2684      -       nan   0.125       51.4   0.0795   1.154800   (419s)\n"}
,{"stream_name":"stdout","time":1764.084711374,"data":" 0.85    3.242     30.56   0.00013 0.00097 0.00372 0.02066 0.08593 0.25061 0.44243 0.27632   0.102   0.2695      -       nan   0.153       68.1   0.0743   1.158871   (446s)\n"}
,{"stream_name":"stdout","time":1793.981679818,"data":" 0.90    3.449     30.81   0.00033 0.00211 0.00727 0.03357 0.12329 0.30548 0.42375 0.24645   0.165   0.2748   0.2129    1.29   0.260       83.7   0.0704   1.162806   (476s)\n"}
,{"stream_name":"stdout","time":1826.212003607,"data":" 0.95    3.659     30.75   0.00086 0.00471 0.01420 0.05550 0.17398 0.34232 0.39940 0.23688   0.229   0.2724   0.0915    2.98   0.363      103.3   0.0660   1.166837   (509s)\n"}
,{"stream_name":"stdout","time":1861.927015201,"data":"   tracking force refreshed: injection rate 0.0087 (2 nu Z = 0.0058)\n"}
,{"stream_name":"stdout","time":1863.246478154,"data":" 1.00    3.873     30.92   0.00230 0.01034 0.02727 0.08968 0.22229 0.36950 0.38205 0.23963   0.290   0.2613   0.0709    3.69   0.401      127.0   0.0623   1.171139   (546s)\n"}
,{"stream_name":"stdout","time":1902.534250715,"data":" 1.05    4.092     31.50   0.00570 0.02089 0.04814 0.12913 0.26535 0.38935 0.36045 0.23261   0.352   0.2461   0.0616    4.00   0.423      150.0   0.0557   1.175545   (585s)\n"}
,{"stream_name":"stdout","time":1944.204306954,"data":" 1.10    4.313     32.49   0.01142 0.03546 0.07261 0.16594 0.29787 0.38582 0.33270 0.22542   0.415   0.2294   0.0558    4.11   0.421      168.8   0.0530   1.179785   (627s)\n"}
,{"stream_name":"stdout","time":1988.197795041,"data":" 1.15    4.535     36.74   0.01773 0.04969 0.09387 0.19106 0.30675 0.36111 0.30822 0.21888   0.469   0.2301   0.0547    4.21   0.383      284.9   0.0535   1.183647   (671s)\n"}
,{"stream_name":"stdout","time":2032.223726259,"data":" 1.20    4.745     41.77   0.02292 0.06028 0.10735 0.19941 0.29412 0.32879 0.28534 0.21019   0.493   0.2372   0.0658    3.60   0.298      430.8   0.0538   1.185142   (715s)\n"}
,{"stream_name":"stdout","time":2073.864410131,"data":" 1.25    4.936     47.77   0.02709 0.06709 0.11343 0.19506 0.27023 0.29352 0.25586 0.19910   0.520   0.2275   0.0776    2.93   0.295      445.4   0.0537   1.184186   (756s)\n"}
,{"stream_name":"stdout","time":2113.180993343,"data":" 1.30    5.106     53.56   0.03071 0.07084 0.11368 0.18304 0.24267 0.25538 0.22267 0.18401   0.539   0.2405   0.0715    3.36   0.288      570.5   0.0534   1.180771   (796s)\n"}
,{"stream_name":"stdout","time":2150.116724968,"data":" 1.35    5.250     58.35   0.03308 0.07081 0.10865 0.16893 0.21677 0.22197 0.19376 0.16629   0.561   0.2209   0.0619    3.57   0.276      500.8   0.0524   1.175481   (832s)\n"}
,{"stream_name":"stdout","time":2184.722794062,"data":" 1.40    5.366     62.15   0.03330 0.06768 0.10147 0.15614 0.19532 0.19373 0.16888 0.14630   0.577   0.1906   0.0479    3.98   0.286      368.9   0.0501   1.168958   (867s)\n"}
,{"stream_name":"stdout","time":2184.724451194,"data":"\n"}
,{"stream_name":"stdout","time":2184.724494739,"data":"C22 descent: separation -\u003e peak twist, peak time (clock expires at t = 1.40)\n"}
,{"stream_name":"stdout","time":2184.724504138,"data":"   sep 0.05   peak 0.03330 at t = 1.40   (at the clock or at t = 0: not a peak)\n"}
,{"stream_name":"stdout","time":2184.724522355,"data":"   sep 0.07   peak 0.07084 at t = 1.30\n"}
,{"stream_name":"stdout","time":2184.72452611,"data":"   sep 0.10   peak 0.11368 at t = 1.30\n"}
,{"stream_name":"stdout","time":2184.724529184,"data":"   sep 0.14   peak 0.19941 at t = 1.20\n"}
,{"stream_name":"stdout","time":2184.724532472,"data":"   sep 0.20   peak 0.30675 at t = 1.15\n"}
,{"stream_name":"stdout","time":2184.724535669,"data":"   sep 0.28   peak 0.38935 at t = 1.05\n"}
,{"stream_name":"stdout","time":2184.724538992,"data":"   sep 0.40   peak 0.44243 at t = 0.85\n"}
,{"stream_name":"stdout","time":2184.724542241,"data":"   sep 0.56   peak 0.42075 at t = 0.65\n"}
,{"stream_name":"stdout","time":2184.72454581,"data":"   halving times (time for the wave to descend one octave), from resolved peaks only:\n"}
,{"stream_name":"stdout","time":2184.724549089,"data":"      0.56 -\u003e 0.40 : 0.20  per octave 0.41\n"}
,{"stream_name":"stdout","time":2184.724552258,"data":"      0.40 -\u003e 0.28 : 0.20  per octave 0.39\n"}
,{"stream_name":"stdout","time":2184.724555669,"data":"      0.28 -\u003e 0.20 : 0.10  per octave 0.21\n"}
,{"stream_name":"stdout","time":2184.724558937,"data":"      0.20 -\u003e 0.14 : 0.05  per octave 0.10\n"}
,{"stream_name":"stdout","time":2184.724562059,"data":"      0.14 -\u003e 0.10 : 0.10  per octave 0.21\n"}
,{"stream_name":"stdout","time":2184.724565091,"data":"      0.10 -\u003e 0.07 : 0.00  per octave 0.00\n"}
,{"stream_name":"stdout","time":2184.72457915,"data":"   V: gap = 0.716 (1.42 - t) from sep \u003e= 0.1, T* = 1.42; thickness e-fold 1.36 fitted on t in [0.20, 1.30]; arms meet at t = 1.35, scale 0.050, sqrt(nu/s) there 0.062 (inside the clock)\n"}
,{"stream_name":"stdout","time":2184.724583822,"data":"\n"}
,{"stream_name":"stdout","time":2184.72458709,"data":"clock expires at t = 1.40 (delta 0.0501); strong twist peak 0.11368 at t = 1.30, at the clock 0.10147 (fall 11%); max|w| growth to the clock 8.68x\n"}
,{"stream_name":"stdout","time":2184.724607774,"data":"race variable ell/ell_nu min inside the clock = 1.29 (at t = 0.90); cut fraction at the clock 0.286\n"}
,{"stream_name":"stdout","time":2184.724611437,"data":"C21: Re_seam at the twist peak (t = 1.30) = 570.5; twist peak 0.11368; max|w| at the peak 53.6\n"}
,{"stream_name":"stdout","time":2184.724614962,"data":"REGISTERED C20 at nu=0.002: between (see rows)\n"}
,{"stream_name":"stderr","time":2187.918248671,"data":"/usr/local/lib/python3.12/dist-packages/mistune.py:435: SyntaxWarning: invalid escape sequence '\\|'\n"}
,{"stream_name":"stderr","time":2187.918307891,"data":"  cells[i][c] = re.sub('\\\\\\\\\\|', '|', cell)\n"}
,{"stream_name":"stderr","time":2188.238386797,"data":"/usr/local/lib/python3.12/dist-packages/nbconvert/filters/filter_links.py:36: SyntaxWarning: invalid escape sequence '\\_'\n"}
,{"stream_name":"stderr","time":2188.238413086,"data":"  text = re.sub(r'_', '\\_', text) # Escape underscores in display text\n"}
,{"stream_name":"stderr","time":2188.963279327,"data":"[NbConvertApp] Converting notebook __script__.ipynb to html\n"}
,{"stream_name":"stderr","time":2190.468080103,"data":"[NbConvertApp] Writing 454762 bytes to __results__.html\n"}
]