[{"stream_name":"stdout","time":6.808379494,"data":"=== IC=found NU=2e-3 T=3 FORCE=1.0 FMODE=track -\u003e /kaggle/working/seam_ICfound_NU2e-3_T3_FORCE1.0_FMODEtrack.txt\n"}
,{"stream_name":"stdout","time":9.503430814,"data":"found field at /kaggle/input/datasets/mrigshira/zef-found/leashed64_dmin030.npz\n"}
,{"stream_name":"stdout","time":10.158940993,"data":"seam race on GPU: IC=found  N=256^3  nu=0.002  T=3.0  Z0=0.375  clock 2dx=0.0491  device=cuda  FORCE=1 (track)\n"}
,{"stream_name":"stdout","time":10.374057575,"data":"   t     Z/Z0    max|w|   twist@0.05 @0.07 @0.1 @0.14 @0.2 @0.28 @0.4 @0.56   anti    ell     ell_nu   race   cut    Re_seam   delta     E/E0\n"}
,{"stream_name":"stdout","time":10.374092434,"data":"   tracking force refreshed: injection rate 0.0238 (2 nu Z = 0.0015)\n"}
,{"stream_name":"stdout","time":11.641103262,"data":" 0.00    1.000      7.16   0.00000 0.00000 0.00000 0.00001 0.00008 0.00071 0.00821 0.06333   0.000   0.6364   0.2607    2.44   0.000      910.1   (tail empty)   1.000000   (1s)\n"}
,{"stream_name":"stdout","time":22.408089246,"data":" 0.05    1.064      7.73   0.00000 0.00000 0.00000 0.00001 0.00007 0.00071 0.00900 0.07084   0.000   0.6193   0.1192    5.20   0.000      928.6   0.2073   1.036528   (12s)\n"}
,{"stream_name":"stdout","time":33.136807883,"data":" 0.10    1.143      8.94   0.00000 0.00000 0.00000 0.00001 0.00008 0.00091 0.01165 0.08566   0.000   0.6050   0.0858    7.06   0.000     1012.9   0.1436   1.073402   (23s)\n"}
,{"stream_name":"stdout","time":43.849375475,"data":" 0.15    1.234     10.26   0.00000 0.00000 0.00000 0.00001 0.00013 0.00152 0.01730 0.10902   0.000   0.5591   0.0694    8.06   0.000      988.6   0.1294   1.107120   (34s)\n"}
,{"stream_name":"stdout","time":55.77208441,"data":" 0.20    1.341     11.66   0.00000 0.00000 0.00000 0.00002 0.00027 0.00285 0.02719 0.14090   0.000   0.4805   0.0599    8.02   0.000      838.3   0.1260   1.138154   (46s)\n"}
,{"stream_name":"stdout","time":67.673930495,"data":" 0.25    1.468     13.13   0.00000 0.00000 0.00000 0.00006 0.00057 0.00513 0.04294 0.17922   0.000   0.4185   0.0545    7.68   0.000      727.6   0.1142   1.167320   (58s)\n"}
,{"stream_name":"stdout","time":79.546678157,"data":" 0.30    1.617     14.83   0.00000 0.00000 0.00000 0.00012 0.00105 0.00866 0.06601 0.22089   0.000   0.3732   0.0518    7.20   0.000      660.3   0.1032   1.195581   (69s)\n"}
,{"stream_name":"stdout","time":92.646529865,"data":" 0.35    1.791     17.29   0.00000 0.00000 0.00001 0.00022 0.00173 0.01434 0.09608 0.26335   0.000   0.3388   0.0507    6.68   0.000      630.4   0.0981   1.223224   (82s)\n"}
,{"stream_name":"stdout","time":105.765361337,"data":" 0.40    1.989     20.00   0.00000 0.00000 0.00002 0.00036 0.00296 0.02258 0.13109 0.30474   0.000   0.3086   0.0516    5.98   0.000      602.4   0.0986   1.249096   (96s)\n"}
,{"stream_name":"stdout","time":118.906551258,"data":" 0.45    2.212     22.88   0.00000 0.00000 0.00003 0.00064 0.00514 0.03335 0.16862 0.34271   0.000   0.2843   0.0557    5.11   0.000      583.4   0.1010   1.273572   (109s)\n"}
,{"stream_name":"stdout","time":131.435643681,"data":"   tracking force refreshed: injection rate 0.0175 (2 nu Z = 0.0037)\n"}
,{"stream_name":"stdout","time":132.085969313,"data":" 0.50    2.459     25.90   0.00000 0.00000 0.00005 0.00125 0.00857 0.04655 0.20738 0.37376   0.000   0.2657   0.0642    4.14   0.000      578.7   0.1002   1.296922   (122s)\n"}
,{"stream_name":"stdout","time":145.225879189,"data":" 0.55    2.729     28.99   0.00000 0.00001 0.00011 0.00239 0.01358 0.06257 0.24760 0.39215   0.002   0.2618   0.0866    3.02   0.000      613.0   0.0965   1.319265   (135s)\n"}
,{"stream_name":"stdout","time":158.350746835,"data":" 0.60    3.020     31.85   0.00000 0.00002 0.00025 0.00431 0.02063 0.08301 0.29147 0.38805   0.009   0.2608   0.2279    1.14   0.000      676.8   0.0904   1.340634   (148s)\n"}
,{"stream_name":"stdout","time":171.520046573,"data":" 0.65    3.332     34.55   0.00000 0.00007 0.00059 0.00751 0.03101 0.11041 0.34177 0.35293   0.022   0.2563      -       nan   0.002       43.3   0.0840   1.361368   (161s)\n"}
,{"stream_name":"stdout","time":184.642959551,"data":" 0.70    3.662     36.66   0.00001 0.00019 0.00134 0.01325 0.04730 0.14979 0.38792 0.30050   0.052   0.2503      -       nan   0.070       47.8   0.0772   1.381526   (174s)\n"}
,{"stream_name":"stdout","time":199.006574076,"data":" 0.75    4.010     37.95   0.00003 0.00054 0.00323 0.02434 0.07436 0.20999 0.39065 0.25568   0.110   0.2462      -       nan   0.111       69.7   0.0734   1.401624   (189s)\n"}
,{"stream_name":"stdout","time":214.602485374,"data":" 0.80    4.380     38.43   0.00013 0.00177 0.00836 0.04618 0.12348 0.27183 0.36620 0.22746   0.188   0.2484      -       nan   0.177       90.7   0.0668   1.422426   (204s)\n"}
,{"stream_name":"stdout","time":232.669609605,"data":" 0.85    4.776     38.76   0.00068 0.00603 0.02135 0.08854 0.18368 0.31036 0.35887 0.22643   0.273   0.2495   0.0851    2.93   0.278      123.2   0.0563   1.444799   (223s)\n"}
,{"stream_name":"stdout","time":253.184273934,"data":" 0.90    5.201     41.37   0.00333 0.01818 0.04767 0.14126 0.24142 0.34657 0.35025 0.21482   0.365   0.2279   0.0568    4.02   0.337      155.8   0.0511   1.468910   (243s)\n"}
,{"stream_name":"stdout","time":276.158434575,"data":" 0.95    5.644     49.86   0.00857 0.03697 0.08025 0.19085 0.28224 0.35161 0.32310 0.20835   0.454   0.2179   0.0484    4.50   0.387      257.0   0.0493   1.491537   (266s)\n"}
,{"stream_name":"stdout","time":299.758205397,"data":"   tracking force refreshed: injection rate 0.0123 (2 nu Z = 0.0091)\n"}
,{"stream_name":"stdout","time":300.410857713,"data":" 1.00    6.068     61.85   0.01246 0.05196 0.10454 0.21499 0.28919 0.32822 0.28955 0.20083   0.483   0.2290   0.0667    3.43   0.316      448.0   0.0469   1.505601  \u003c-- past the clock   (290s)\n"}
,{"stream_name":"stdout","time":324.632930201,"data":" 1.05    6.453     73.65   0.01447 0.05858 0.11205 0.21042 0.27047 0.29022 0.25146 0.18231   0.513   0.2217      -       nan   0.329      612.1   0.0472   1.510212  \u003c-- past the clock   (314s)\n"}
,{"stream_name":"stdout","time":347.612696365,"data":" 1.10    6.805     88.32   0.01553 0.05847 0.10655 0.18956 0.23682 0.24724 0.20500 0.15901   0.446   0.1752      -       nan   0.125      278.7   0.0473   1.508855  \u003c-- past the clock   (337s)\n"}
,{"stream_name":"stdout","time":368.138346609,"data":" 1.15    7.117     97.54   0.01574 0.05497 0.09559 0.16347 0.20137 0.20922 0.16658 0.13441   0.462   0.1315      -       nan   0.129      196.8   0.0478   1.502834  \u003c-- past the clock   (358s)\n"}
,{"stream_name":"stdout","time":387.422741709,"data":" 1.20    7.393     99.17   0.01579 0.05135 0.08601 0.14433 0.17625 0.18199 0.14193 0.11252   0.406   0.1512      -       nan   0.226      217.7   0.0473   1.494968  \u003c-- past the clock   (377s)\n"}
,{"stream_name":"stdout","time":407.947881362,"data":" 1.25    7.638     99.15   0.01583 0.05012 0.08219 0.13447 0.16219 0.16441 0.12214 0.09548   0.440   0.1510      -       nan   0.227      272.2   0.0477   1.487122  \u003c-- past the clock   (398s)\n"}
,{"stream_name":"stdout","time":430.927849861,"data":" 1.30    7.868     93.75   0.01744 0.05191 0.08033 0.12974 0.15128 0.14662 0.10514 0.08635   0.543   0.1445   0.0694    2.08   0.202      356.9   0.0490   1.479702  \u003c-- past the clock   (421s)\n"}
,{"stream_name":"stdout","time":453.913952189,"data":" 1.35    8.101     81.90   0.01935 0.05090 0.07526 0.11678 0.13398 0.12769 0.08936 0.07981   0.560   0.1245   0.0420    2.96   0.193      218.4   0.0474   1.474280  \u003c-- past the clock   (444s)\n"}
,{"stream_name":"stdout","time":476.89471415,"data":" 1.40    8.371     97.70   0.01663 0.04458 0.06554 0.09921 0.11400 0.10855 0.07440 0.07236   0.535   0.1245   0.0508    2.45   0.194      256.0   0.0465   1.473763  \u003c-- past the clock   (467s)\n"}
,{"stream_name":"stdout","time":499.882740426,"data":" 1.45    8.618    113.63   0.01326 0.03838 0.05851 0.08748 0.09881 0.09067 0.06633 0.06566   0.446   0.1288   0.1067    1.21   0.177      289.6   0.0461   1.468356  \u003c-- past the clock   (490s)\n"}
,{"stream_name":"stdout","time":522.242407598,"data":"   tracking force refreshed: injection rate 0.0065 (2 nu Z = 0.0133)\n"}
,{"stream_name":"stdout","time":522.894383896,"data":" 1.50    8.854    124.95   0.01233 0.03833 0.06150 0.08988 0.09300 0.08369 0.06587 0.06620   0.519   0.1198   0.0626    1.91   0.159      272.9   0.0457   1.459185  \u003c-- past the clock   (513s)\n"}
,{"stream_name":"stdout","time":545.870057168,"data":" 1.55    9.075    118.91   0.01793 0.05252 0.07844 0.10104 0.09683 0.08594 0.07189 0.07031   0.651   0.1105   0.1019    1.08   0.149      347.2   0.0455   1.447835  \u003c-- past the clock   (536s)\n"}
,{"stream_name":"stdout","time":567.606068417,"data":" 1.60    9.266    111.76   0.02187 0.06440 0.09672 0.11853 0.10165 0.08488 0.07439 0.06395   0.694   0.0977   0.1620    0.60   0.197      278.2   0.0445   1.437091  \u003c-- past the clock   (557s)\n"}
,{"stream_name":"stdout","time":588.123153163,"data":" 1.65    9.397    111.06   0.02750 0.07765 0.10634 0.11603 0.09851 0.08201 0.07376 0.05434   0.687   0.0943      -       nan   0.228      260.5   0.0430   1.427193  \u003c-- past the clock   (578s)\n"}
,{"stream_name":"stdout","time":608.638988406,"data":" 1.70    9.457    124.91   0.02946 0.07383 0.09517 0.10697 0.09528 0.08321 0.07424 0.05333   0.710   0.1006      -       nan   0.212      273.9   0.0435   1.417117  \u003c-- past the clock   (598s)\n"}
,{"stream_name":"stdout","time":629.163719438,"data":" 1.75    9.443    132.43   0.02767 0.06433 0.08249 0.10036 0.09566 0.08646 0.07939 0.05852   0.746   0.1020   0.0613    1.66   0.209      310.1   0.0437   1.404354  \u003c-- past the clock   (619s)\n"}
,{"stream_name":"stdout","time":649.675607706,"data":" 1.80    9.395    133.06   0.02201 0.05243 0.07048 0.09272 0.09713 0.08946 0.07988 0.06207   0.756   0.0945   0.0712    1.33   0.272      305.4   0.0427   1.390140  \u003c-- past the clock   (640s)\n"}
,{"stream_name":"stdout","time":670.19165571,"data":" 1.85    9.349    125.45   0.01756 0.04400 0.06249 0.08914 0.09234 0.09041 0.08120 0.05930   0.713   0.0891   0.0463    1.92   0.232      239.1   0.0426   1.375435  \u003c-- past the clock   (660s)\n"}
,{"stream_name":"stdout","time":689.467753756,"data":" 1.90    9.327    121.89   0.01601 0.03839 0.05670 0.08596 0.08819 0.09333 0.08326 0.05420   0.756   0.0901   0.0541    1.67   0.261      259.9   0.0425   1.361242  \u003c-- past the clock   (679s)\n"}
,{"stream_name":"stdout","time":708.757834746,"data":" 1.95    9.314    120.54   0.01426 0.03862 0.06000 0.08731 0.08831 0.09031 0.08049 0.05092   0.774   0.0868   0.0576    1.51   0.278      237.4   0.0430   1.347169  \u003c-- past the clock   (699s)\n"}
,{"stream_name":"stdout","time":726.198452244,"data":"   tracking force refreshed: injection rate 0.0054 (2 nu Z = 0.0140)\n"}
,{"stream_name":"stdout","time":726.851584266,"data":" 2.00    9.321    119.13   0.01533 0.04236 0.06468 0.09438 0.09411 0.09101 0.07870 0.04805   0.760   0.0860   0.0552    1.56   0.298      235.2   0.0429   1.333082  \u003c-- past the clock   (717s)\n"}
,{"stream_name":"stdout","time":743.683829312,"data":" 2.05    9.340    117.12   0.01698 0.04790 0.07256 0.10008 0.09842 0.09519 0.08126 0.04680   0.781   0.0865   0.0478    1.81   0.317      235.0   0.0439   1.319065  \u003c-- past the clock   (734s)\n"}
,{"stream_name":"stdout","time":761.743794328,"data":" 2.10    9.361    118.48   0.02200 0.05798 0.08101 0.10545 0.10065 0.09465 0.07945 0.04861   0.839   0.0875   0.0474    1.85   0.323      254.1   0.0437   1.305175  \u003c-- past the clock   (752s)\n"}
,{"stream_name":"stdout","time":779.800500881,"data":" 2.15    9.365    120.62   0.02443 0.06120 0.08453 0.10718 0.09361 0.08229 0.07354 0.04835   0.853   0.0850   0.0586    1.45   0.327      229.2   0.0433   1.290932  \u003c-- past the clock   (770s)\n"}
,{"stream_name":"stdout","time":796.610875062,"data":" 2.20    9.344    123.83   0.02317 0.05899 0.08472 0.10251 0.09105 0.07600 0.06616 0.04421   0.844   0.0864   0.0771    1.12   0.310      224.2   0.0430   1.276231  \u003c-- past the clock   (786s)\n"}
,{"stream_name":"stdout","time":812.200369889,"data":" 2.25    9.294    115.96   0.02132 0.05533 0.08096 0.10162 0.09159 0.07511 0.06247 0.04326   0.829   0.0851   0.0488    1.74   0.317      223.7   0.0433   1.260943  \u003c-- past the clock   (802s)\n"}
,{"stream_name":"stdout","time":827.793366805,"data":" 2.30    9.237    111.17   0.01886 0.05002 0.07515 0.10000 0.09171 0.07552 0.06256 0.04503   0.807   0.0833   0.0597    1.39   0.307      218.0   0.0440   1.246423  \u003c-- past the clock   (818s)\n"}
,{"stream_name":"stdout","time":843.393835417,"data":" 2.35    9.169    115.16   0.01775 0.04829 0.07177 0.09612 0.09413 0.07928 0.06017 0.04524   0.795   0.0800   0.0487    1.64   0.348      213.4   0.0439   1.232384  \u003c-- past the clock   (833s)\n"}
,{"stream_name":"stdout","time":858.983394753,"data":" 2.40    9.070    104.91   0.01682 0.04587 0.06773 0.09259 0.09748 0.08610 0.05765 0.04548   0.790   0.0743   0.0552    1.35   0.353      162.7   0.0439   1.217633  \u003c-- past the clock   (849s)\n"}
,{"stream_name":"stdout","time":873.340654266,"data":" 2.45    8.985    108.33   0.01530 0.04357 0.06533 0.09059 0.09735 0.09001 0.05914 0.04566   0.751   0.0765   0.0558    1.37   0.389      171.2   0.0445   1.204068  \u003c-- past the clock   (863s)\n"}
,{"stream_name":"stdout","time":888.311992849,"data":"   tracking force refreshed: injection rate 0.0044 (2 nu Z = 0.0133)\n"}
,{"stream_name":"stdout","time":888.964065363,"data":" 2.50    8.897    107.86   0.01470 0.04322 0.06516 0.08915 0.09643 0.09118 0.06284 0.04570   0.741   0.0778   0.0692    1.12   0.393      172.3   0.0458   1.189794  \u003c-- past the clock   (879s)\n"}
,{"stream_name":"stdout","time":904.55823349,"data":" 2.55    8.811    124.06   0.01449 0.04350 0.06572 0.09016 0.09621 0.09070 0.06519 0.04667   0.734   0.0848   0.0509    1.67   0.405      229.1   0.0467   1.175384  \u003c-- past the clock   (894s)\n"}
,{"stream_name":"stdout","time":920.149951428,"data":" 2.60    8.694    135.23   0.01493 0.04559 0.06946 0.09398 0.09669 0.09160 0.06599 0.04727   0.808   0.1001   0.0491    2.04   0.375      362.7   0.0470   1.159196  \u003c-- past the clock   (910s)\n"}
,{"stream_name":"stdout","time":934.515860503,"data":" 2.65    8.553    132.82   0.01682 0.05028 0.07504 0.09765 0.09941 0.09325 0.06680 0.04708   0.886   0.1012   0.0758    1.34   0.384      384.2   0.0471   1.142234  \u003c-- past the clock   (924s)\n"}
,{"stream_name":"stdout","time":948.876037312,"data":" 2.70    8.400    120.07   0.01821 0.05280 0.07768 0.10013 0.10331 0.09409 0.06731 0.04769   0.836   0.1038   0.0709    1.46   0.418      323.4   0.0473   1.125452  \u003c-- past the clock   (939s)\n"}
,{"stream_name":"stdout","time":963.241903821,"data":" 2.75    8.250    101.76   0.01755 0.05217 0.07856 0.10306 0.10815 0.09671 0.06895 0.04986   0.655   0.1051   0.0937    1.12   0.461      226.5   0.0476   1.109530  \u003c-- past the clock   (953s)\n"}
,{"stream_name":"stdout","time":977.604358996,"data":" 2.80    8.122     90.35   0.01674 0.05070 0.07873 0.10620 0.10949 0.09853 0.07043 0.05166   0.681   0.0952   0.0779    1.22   0.448      185.9   0.0480   1.095298  \u003c-- past the clock   (967s)\n"}
,{"stream_name":"stdout","time":991.972579743,"data":" 2.85    8.014     80.51   0.01577 0.04843 0.07733 0.10662 0.10826 0.09618 0.07094 0.05290   0.680   0.0921   0.0578    1.59   0.397      168.1   0.0484   1.082561  \u003c-- past the clock   (982s)\n"}
,{"stream_name":"stdout","time":1006.330181742,"data":" 2.90    7.925     84.25   0.01522 0.04624 0.07416 0.10537 0.10638 0.08980 0.06959 0.05388   0.681   0.0927   0.0509    1.82   0.433      171.4   0.0487   1.071519  \u003c-- past the clock   (996s)\n"}
,{"stream_name":"stdout","time":1020.689167857,"data":" 2.95    7.814     85.67   0.01487 0.04456 0.07198 0.10422 0.10401 0.08495 0.06904 0.05540   0.674   0.0940   0.0563    1.67   0.437      177.7   0.0484   1.059763  \u003c-- past the clock   (1011s)\n"}
,{"stream_name":"stdout","time":1033.193939963,"data":"   tracking force refreshed: injection rate 0.0039 (2 nu Z = 0.0115)\n"}
,{"stream_name":"stdout","time":1033.846213677,"data":" 3.00    7.686     88.00   0.01412 0.04276 0.06880 0.09991 0.09893 0.08196 0.06855 0.05689   0.682   0.0932   0.0591    1.58   0.446      198.2   0.0480   1.047814  \u003c-- past the clock   (1024s)\n"}
,{"stream_name":"stdout","time":1033.849877072,"data":"\n"}
,{"stream_name":"stdout","time":1033.849905967,"data":"C22 descent: separation -\u003e peak twist, peak time (clock expires at t = 0.95)\n"}
,{"stream_name":"stdout","time":1033.849913825,"data":"   sep 0.05   peak 0.00857 at t = 0.95   (at the clock or at t = 0: not a peak)\n"}
,{"stream_name":"stdout","time":1033.849919053,"data":"   sep 0.07   peak 0.03697 at t = 0.95   (at the clock or at t = 0: not a peak)\n"}
,{"stream_name":"stdout","time":1033.849923539,"data":"   sep 0.10   peak 0.08025 at t = 0.95   (at the clock or at t = 0: not a peak)\n"}
,{"stream_name":"stdout","time":1033.849928157,"data":"   sep 0.14   peak 0.19085 at t = 0.95   (at the clock or at t = 0: not a peak)\n"}
,{"stream_name":"stdout","time":1033.849932951,"data":"   sep 0.20   peak 0.28224 at t = 0.95   (at the clock or at t = 0: not a peak)\n"}
,{"stream_name":"stdout","time":1033.849939111,"data":"   sep 0.28   peak 0.35161 at t = 0.95   (at the clock or at t = 0: not a peak)\n"}
,{"stream_name":"stdout","time":1033.849946923,"data":"   sep 0.40   peak 0.39065 at t = 0.75\n"}
,{"stream_name":"stdout","time":1033.849950171,"data":"   sep 0.56   peak 0.39215 at t = 0.55\n"}
,{"stream_name":"stdout","time":1033.849953344,"data":"\n"}
,{"stream_name":"stdout","time":1033.849956493,"data":"clock expires at t = 0.95 (delta 0.0493); strong twist peak 0.08025 at t = 0.95, at the clock 0.08025 (fall 0%); max|w| growth to the clock 6.97x\n"}
,{"stream_name":"stdout","time":1033.849983581,"data":"race variable ell/ell_nu min inside the clock = 1.14 (at t = 0.60); cut fraction at the clock 0.387\n"}
,{"stream_name":"stdout","time":1033.849988693,"data":"C21: Re_seam at the twist peak (t = 0.95) = 257.0; twist peak 0.08025; max|w| at the peak 49.9\n"}
,{"stream_name":"stdout","time":1033.849994015,"data":"REGISTERED C20 at nu=0.002: between (see rows)\n"}
,{"stream_name":"stdout","time":1036.029063357,"data":"=== IC=found NU=2e-3 T=3 FORCE=3.0 FMODE=track -\u003e /kaggle/working/seam_ICfound_NU2e-3_T3_FORCE3.0_FMODEtrack.txt\n"}
,{"stream_name":"stdout","time":1038.599070283,"data":"found field at /kaggle/input/datasets/mrigshira/zef-found/leashed64_dmin030.npz\n"}
,{"stream_name":"stdout","time":1038.981422905,"data":"seam race on GPU: IC=found  N=256^3  nu=0.002  T=3.0  Z0=0.375  clock 2dx=0.0491  device=cuda  FORCE=3 (track)\n"}
,{"stream_name":"stdout","time":1039.186960407,"data":"   t     Z/Z0    max|w|   twist@0.05 @0.07 @0.1 @0.14 @0.2 @0.28 @0.4 @0.56   anti    ell     ell_nu   race   cut    Re_seam   delta     E/E0\n"}
,{"stream_name":"stdout","time":1039.18701882,"data":"   tracking force refreshed: injection rate 0.0713 (2 nu Z = 0.0015)\n"}
,{"stream_name":"stdout","time":1039.929798321,"data":" 0.00    1.000      7.16   0.00000 0.00000 0.00000 0.00001 0.00008 0.00071 0.00821 0.06333   0.000   0.6364   0.2607    2.44   0.000      910.1   (tail empty)   1.000000   (1s)\n"}
,{"stream_name":"stdout","time":1050.591889097,"data":" 0.05    1.162      8.39   0.00000 0.00000 0.00000 0.00001 0.00006 0.00057 0.00778 0.06568   0.000   0.5960   0.1163    5.12   0.000      940.8   0.1736   1.118198   (12s)\n"}
,{"stream_name":"stdout","time":1062.476931511,"data":" 0.10    1.365     10.60   0.00000 0.00000 0.00000 0.00001 0.00005 0.00062 0.00920 0.07602   0.000   0.5680   0.0804    7.06   0.000     1064.4   0.1287   1.248812   (23s)\n"}
,{"stream_name":"stdout","time":1075.587429645,"data":" 0.15    1.612     13.32   0.00000 0.00000 0.00000 0.00001 0.00008 0.00104 0.01380 0.09699   0.000   0.5134   0.0619    8.29   0.000     1092.8   0.1162   1.380167   (37s)\n"}
,{"stream_name":"stdout","time":1089.926664589,"data":" 0.20    1.921     16.57   0.00000 0.00000 0.00000 0.00001 0.00017 0.00205 0.02362 0.12982   0.000   0.4130   0.0515    8.02   0.000      897.2   0.1049   1.511887   (51s)\n"}
,{"stream_name":"stdout","time":1105.501580937,"data":" 0.25    2.320     20.35   0.00000 0.00000 0.00000 0.00003 0.00034 0.00394 0.04276 0.17194   0.000   0.3435   0.0473    7.26   0.000      781.6   0.0958   1.647137   (67s)\n"}
,{"stream_name":"stdout","time":1122.302663587,"data":" 0.30    2.850     26.56   0.00000 0.00000 0.00000 0.00006 0.00067 0.00856 0.07387 0.21910   0.000   0.3016   0.0474    6.37   0.000      777.4   0.0893   1.792493   (83s)\n"}
,{"stream_name":"stdout","time":1140.341185371,"data":" 0.35    3.524     34.33   0.00000 0.00000 0.00000 0.00017 0.00203 0.01782 0.11428 0.26558   0.000   0.2732   0.0556    4.92   0.000      811.1   0.0883   1.940141   (101s)\n"}
,{"stream_name":"stdout","time":1158.368263733,"data":" 0.40    4.366     43.50   0.00000 0.00000 0.00002 0.00074 0.00560 0.03254 0.16251 0.29648   0.001   0.2536   0.1221    2.08   0.000      884.4   0.0825   2.091376   (119s)\n"}
,{"stream_name":"stdout","time":1176.430810004,"data":" 0.45    5.392     53.35   0.00000 0.00001 0.00015 0.00262 0.01286 0.05679 0.22220 0.29003   0.014   0.2481      -       nan   0.000       43.3   0.0758   2.245751   (137s)\n"}
,{"stream_name":"stdout","time":1195.0856684,"data":"   tracking force refreshed: injection rate 0.1102 (2 nu Z = 0.0099)\n"}
,{"stream_name":"stdout","time":1195.737774247,"data":" 0.50    6.618     61.71   0.00000 0.00011 0.00079 0.00799 0.02977 0.10752 0.27502 0.23589   0.069   0.2314      -       nan   0.002       64.1   0.0721   2.402738   (157s)\n"}
,{"stream_name":"stdout","time":1219.928331406,"data":" 0.55    8.108     74.32   0.00007 0.00099 0.00488 0.02900 0.08065 0.18368 0.25555 0.18440   0.183   0.2365      -       nan   0.034      127.3   0.0620   2.567958   (181s)\n"}
,{"stream_name":"stdout","time":1246.554441818,"data":" 0.60    9.851     86.96   0.00282 0.01285 0.03163 0.09129 0.14531 0.19960 0.23982 0.17270   0.339   0.2341   0.0383    6.11   0.048      191.2   0.0440   2.718990  \u003c-- past the clock   (208s)\n"}
,{"stream_name":"stdout","time":1280.597525948,"data":" 0.65   11.886    129.75   0.01333 0.04396 0.07597 0.14134 0.18020 0.21466 0.22503 0.16223   0.734   0.1037   0.0184    5.63   0.217      253.3   0.0390   2.847563  \u003c-- past the clock   (242s)\n"}
,{"stream_name":"stdout","time":1318.295564409,"data":" 0.70   13.895    183.50   0.01257 0.04835 0.08347 0.14829 0.17486 0.18288 0.16710 0.13950   0.875   0.0894   0.0316    2.83   0.140      471.7   0.0375   2.887862  \u003c-- past the clock   (279s)\n"}
,{"stream_name":"stdout","time":1354.785797362,"data":" 0.75   15.950    220.41   0.01827 0.05429 0.08265 0.13637 0.15078 0.13871 0.11016 0.09394   0.716   0.0765   0.0608    1.26   0.097      369.1   0.0361   2.897100  \u003c-- past the clock   (316s)\n"}
,{"stream_name":"stdout","time":1390.042330189,"data":" 0.80   17.981    226.34   0.02572 0.05857 0.08107 0.12834 0.13760 0.11219 0.07569 0.05706   0.702   0.0713   0.0416    1.71   0.152      317.7   0.0362   2.901039  \u003c-- past the clock   (351s)\n"}
,{"stream_name":"stdout","time":1425.285857655,"data":" 0.85   19.794    263.51   0.02563 0.05632 0.07870 0.12173 0.12570 0.09825 0.06415 0.04327   0.661   0.0872      -       nan   0.118      431.2   0.0353   2.909760  \u003c-- past the clock   (386s)\n"}
,{"stream_name":"stdout","time":1460.546826237,"data":" 0.90   21.197    275.23   0.02848 0.06573 0.09025 0.12033 0.11736 0.09760 0.06601 0.04180   0.720   0.0889   0.0805    1.10   0.131      476.1   0.0368   2.909545  \u003c-- past the clock   (422s)\n"}
,{"stream_name":"stdout","time":1495.79843802,"data":" 0.95   22.325    264.69   0.03091 0.06395 0.08372 0.11209 0.10771 0.09287 0.06529 0.04636   0.621   0.0833   0.0331    2.52   0.165      348.9   0.0355   2.905079  \u003c-- past the clock   (457s)\n"}
,{"stream_name":"stdout","time":1530.429817741,"data":"   tracking force refreshed: injection rate 0.0308 (2 nu Z = 0.0351)\n"}
,{"stream_name":"stdout","time":1531.083894909,"data":" 1.00   23.373    280.24   0.02619 0.05810 0.07598 0.10014 0.09884 0.08934 0.06124 0.04705   0.576   0.0698   0.0315    2.22   0.146      228.8   0.0355   2.902662  \u003c-- past the clock   (492s)\n"}
,{"stream_name":"stdout","time":1567.578826914,"data":" 1.05   24.466    270.14   0.02210 0.05171 0.07147 0.09264 0.09367 0.08460 0.05917 0.03927   0.611   0.0677   0.0328    2.06   0.200      241.7   0.0352   2.893216  \u003c-- past the clock   (529s)\n"}
,{"stream_name":"stdout","time":1602.812502923,"data":" 1.10   25.917    287.24   0.02205 0.04939 0.06818 0.09360 0.09698 0.07600 0.05254 0.03389   0.610   0.0668   0.0310    2.15   0.160      245.0   0.0344   2.885346  \u003c-- past the clock   (564s)\n"}
,{"stream_name":"stdout","time":1636.841509882,"data":" 1.15   27.559    288.16   0.03067 0.06047 0.07432 0.09630 0.09151 0.07271 0.04880 0.03107   0.772   0.0649   0.0397    1.63   0.170      283.1   0.0339   2.869810  \u003c-- past the clock   (598s)\n"}
,{"stream_name":"stdout","time":1669.63691216,"data":" 1.20   29.036    313.02   0.03365 0.06460 0.07701 0.09558 0.08775 0.06746 0.05009 0.03453   0.883   0.0565   0.0533    1.06   0.152      287.2   0.0336   2.851829  \u003c-- past the clock   (631s)\n"}
,{"stream_name":"stdout","time":1701.198628731,"data":" 1.25   30.248    318.04   0.04061 0.06995 0.07708 0.08881 0.08201 0.07395 0.05051 0.03233   0.864   0.0577      -       nan   0.130      329.2   0.0328   2.822769  \u003c-- past the clock   (662s)\n"}
,{"stream_name":"stdout","time":1731.525683774,"data":" 1.30   31.347    318.28   0.04316 0.07433 0.07977 0.08745 0.08152 0.07173 0.05030 0.03793   0.852   0.0570   0.0365    1.56   0.148      298.9   0.0319   2.789583  \u003c-- past the clock   (693s)\n"}
,{"stream_name":"stdout","time":1763.103452915,"data":" 1.35   32.023    293.68   0.04966 0.08453 0.08739 0.09131 0.08353 0.06738 0.05003 0.03463   0.879   0.0623   0.0437    1.43   0.163      316.4   0.0323   2.755058  \u003c-- past the clock   (724s)\n"}
,{"stream_name":"stdout","time":1795.879367745,"data":" 1.40   32.177    268.23   0.05186 0.08225 0.08051 0.08684 0.08359 0.07219 0.05227 0.03500   0.792   0.0623   0.0389    1.60   0.167      224.0   0.0321   2.726509  \u003c-- past the clock   (757s)\n"}
,{"stream_name":"stdout","time":1827.445076433,"data":" 1.45   32.005    271.12   0.05038 0.07925 0.08152 0.08745 0.08648 0.07388 0.05264 0.03816   0.737   0.0640   0.0267    2.40   0.155      248.9   0.0317   2.705357  \u003c-- past the clock   (788s)\n"}
,{"stream_name":"stdout","time":1858.396452135,"data":"   tracking force refreshed: injection rate 0.0391 (2 nu Z = 0.0475)\n"}
,{"stream_name":"stdout","time":1859.049243099,"data":" 1.50   31.643    248.83   0.04406 0.06909 0.07222 0.08288 0.08401 0.07565 0.05173 0.03929   0.750   0.0566   0.0286    1.98   0.153      196.1   0.0314   2.681008  \u003c-- past the clock   (820s)\n"}
,{"stream_name":"stdout","time":1888.151678237,"data":" 1.55   31.504    277.71   0.04172 0.06939 0.07348 0.08399 0.08083 0.07517 0.05282 0.04045   0.744   0.0559   0.0345    1.62   0.170      235.0   0.0317   2.665909  \u003c-- past the clock   (849s)\n"}
,{"stream_name":"stdout","time":1916.015518248,"data":" 1.60   31.133    287.34   0.04422 0.07305 0.07193 0.07993 0.08564 0.07320 0.05612 0.03932   0.682   0.0619   0.0350    1.77   0.180      223.2   0.0320   2.638284  \u003c-- past the clock   (877s)\n"}
,{"stream_name":"stdout","time":1943.884718876,"data":" 1.65   30.503    256.33   0.04040 0.06892 0.07196 0.08349 0.07896 0.07023 0.06020 0.03945   0.698   0.0602   0.0308    1.95   0.202      214.5   0.0324   2.605736  \u003c-- past the clock   (905s)\n"}
,{"stream_name":"stdout","time":1972.969899799,"data":" 1.70   30.013    250.69   0.03627 0.06431 0.07109 0.08223 0.07804 0.07029 0.05757 0.04012   0.715   0.0629   0.0305    2.06   0.221      239.1   0.0337   2.581514  \u003c-- past the clock   (934s)\n"}
,{"stream_name":"stdout","time":2003.307463445,"data":" 1.75   29.610    297.80   0.03161 0.05537 0.06082 0.07460 0.06879 0.06947 0.05555 0.04212   0.724   0.0639   0.0387    1.65   0.201      235.7   0.0340   2.558786  \u003c-- past the clock   (964s)\n"}
,{"stream_name":"stdout","time":2033.624957103,"data":" 1.80   28.856    265.75   0.02868 0.05079 0.05802 0.07013 0.06775 0.07021 0.05729 0.04096   0.719   0.0593   0.0372    1.60   0.229      221.2   0.0345   2.521849  \u003c-- past the clock   (995s)\n"}
,{"stream_name":"stdout","time":2062.722486854,"data":" 1.85   28.215    276.26   0.02828 0.05194 0.05767 0.06595 0.06819 0.06476 0.05284 0.04151   0.693   0.0626   0.0238    2.63   0.226      257.2   0.0352   2.492261  \u003c-- past the clock   (1024s)\n"}
,{"stream_name":"stdout","time":2089.352965616,"data":" 1.90   27.607    317.68   0.02411 0.04627 0.05402 0.06386 0.06227 0.05505 0.04470 0.03668   0.705   0.0584   0.0313    1.86   0.247      409.3   0.0364   2.460168  \u003c-- past the clock   (1050s)\n"}
,{"stream_name":"stdout","time":2115.994806235,"data":" 1.95   26.994    335.99   0.02322 0.04449 0.05201 0.06235 0.06025 0.05401 0.04058 0.03732   0.624   0.0538   0.0276    1.95   0.140      265.8   0.0369   2.420798  \u003c-- past the clock   (1077s)\n"}
,{"stream_name":"stdout","time":2142.025493036,"data":"   tracking force refreshed: injection rate 0.0137 (2 nu Z = 0.0395)\n"}
,{"stream_name":"stdout","time":2142.678054344,"data":" 2.00   26.313    333.19   0.02112 0.04230 0.05129 0.06778 0.06374 0.05581 0.04269 0.03790   0.615   0.0461   0.0332    1.39   0.167      176.4   0.0372   2.379157  \u003c-- past the clock   (1104s)\n"}
,{"stream_name":"stdout","time":2168.095418711,"data":" 2.05   25.544    324.12   0.01990 0.04057 0.05139 0.06739 0.06491 0.05881 0.04396 0.03539   0.711   0.0599   0.0208    2.88   0.165      195.7   0.0374   2.337837  \u003c-- past the clock   (1129s)\n"}
,{"stream_name":"stdout","time":2192.262072117,"data":" 2.10   24.795    281.69   0.01930 0.04112 0.05321 0.07302 0.07017 0.06075 0.04752 0.03628   0.809   0.0635   0.0401    1.58   0.296      332.9   0.0374   2.297605  \u003c-- past the clock   (1153s)\n"}
,{"stream_name":"stdout","time":2215.225824529,"data":" 2.15   24.179    249.76   0.01995 0.04543 0.06039 0.07886 0.07673 0.06597 0.04853 0.03926   0.861   0.0837   0.0666    1.26   0.238      495.8   0.0380   2.262561  \u003c-- past the clock   (1176s)\n"}
,{"stream_name":"stdout","time":2238.181533179,"data":" 2.20   23.707    241.80   0.02199 0.04791 0.06230 0.07933 0.07805 0.06523 0.04745 0.03595   0.874   0.0681   0.0320    2.13   0.216      331.1   0.0388   2.232909  \u003c-- past the clock   (1199s)\n"}
,{"stream_name":"stdout","time":2263.590421415,"data":" 2.25   23.280    252.42   0.02552 0.05501 0.06547 0.07452 0.07494 0.06329 0.04691 0.03261   0.849   0.0597   0.1142    0.52   0.266      268.0   0.0394   2.204925  \u003c-- past the clock   (1225s)\n"}
,{"stream_name":"stdout","time":2290.224930404,"data":" 2.30   22.789    250.12   0.02582 0.05376 0.06369 0.07624 0.07330 0.06206 0.05214 0.03191   0.840   0.0649   0.0583    1.11   0.270      293.5   0.0398   2.174751  \u003c-- past the clock   (1251s)\n"}
,{"stream_name":"stdout","time":2315.647412593,"data":" 2.35   22.368    241.08   0.02269 0.05061 0.06448 0.07860 0.07305 0.06395 0.04939 0.03211   0.904   0.0630   0.0442    1.42   0.265      287.1   0.0401   2.144634  \u003c-- past the clock   (1277s)\n"}
,{"stream_name":"stdout","time":2339.832587773,"data":" 2.40   21.965    217.97   0.02313 0.05065 0.06554 0.07832 0.07130 0.06336 0.04601 0.03413   0.891   0.0608   0.0902    0.67   0.263      238.3   0.0403   2.116730  \u003c-- past the clock   (1301s)\n"}
,{"stream_name":"stdout","time":2362.793851863,"data":" 2.45   21.570    212.63   0.02151 0.05075 0.06917 0.07826 0.06994 0.05873 0.04387 0.03387   0.930   0.0625   0.0401    1.56   0.253      242.4   0.0408   2.093942  \u003c-- past the clock   (1324s)\n"}
,{"stream_name":"stdout","time":2383.892229753,"data":"   tracking force refreshed: injection rate 0.0175 (2 nu Z = 0.0318)\n"}
,{"stream_name":"stdout","time":2384.545275397,"data":" 2.50   21.217    215.08   0.02761 0.05866 0.06679 0.07817 0.07445 0.05306 0.04074 0.03164   0.934   0.0583   0.0383    1.52   0.237      219.0   0.0411   2.071883  \u003c-- past the clock   (1346s)\n"}
,{"stream_name":"stdout","time":2407.500145702,"data":" 2.55   20.850    205.36   0.03342 0.06266 0.06739 0.07933 0.07286 0.05379 0.04240 0.03081   0.818   0.0552   0.0426    1.30   0.280      181.9   0.0403   2.048648  \u003c-- past the clock   (1369s)\n"}
,{"stream_name":"stdout","time":2430.454915705,"data":" 2.60   20.434    195.83   0.03616 0.06321 0.07151 0.08242 0.07097 0.05468 0.04228 0.03576   0.801   0.0562   0.0681    0.82   0.310      176.4   0.0401   2.027461  \u003c-- past the clock   (1391s)\n"}
,{"stream_name":"stdout","time":2453.415138754,"data":" 2.65   19.964    177.71   0.03328 0.06350 0.07421 0.08476 0.07713 0.06112 0.04474 0.03837   0.828   0.0599   0.0411    1.46   0.280      177.7   0.0407   2.008801  \u003c-- past the clock   (1414s)\n"}
,{"stream_name":"stdout","time":2475.132916775,"data":" 2.70   19.565    215.50   0.02954 0.06407 0.07457 0.08281 0.07464 0.05955 0.04542 0.04212   0.796   0.0660   0.0331    1.99   0.312      243.7   0.0410   1.995254  \u003c-- past the clock   (1436s)\n"}
,{"stream_name":"stdout","time":2495.625268215,"data":" 2.75   19.036    172.29   0.03129 0.06498 0.07096 0.08271 0.07927 0.06448 0.04818 0.04386   0.787   0.0663   0.0987    0.67   0.296      194.4   0.0418   1.971847  \u003c-- past the clock   (1457s)\n"}
,{"stream_name":"stdout","time":2516.112424491,"data":" 2.80   18.657    169.74   0.03240 0.06514 0.07388 0.08454 0.07956 0.06771 0.05077 0.04391   0.744   0.0710   0.0621    1.14   0.262      232.5   0.0424   1.958557  \u003c-- past the clock   (1477s)\n"}
,{"stream_name":"stdout","time":2536.612725813,"data":" 2.85   18.305    168.90   0.02906 0.06210 0.07302 0.08530 0.08321 0.07006 0.05586 0.04508   0.714   0.0740   0.0520    1.42   0.330      270.4   0.0425   1.945755  \u003c-- past the clock   (1498s)\n"}
,{"stream_name":"stdout","time":2557.104437549,"data":" 2.90   17.947    168.48   0.02405 0.05377 0.06742 0.08304 0.07859 0.06951 0.05704 0.04516   0.619   0.0753   0.0581    1.30   0.260      257.8   0.0423   1.933258  \u003c-- past the clock   (1518s)\n"}
,{"stream_name":"stdout","time":2577.592539547,"data":" 2.95   17.582    156.29   0.02114 0.04972 0.06517 0.07897 0.07383 0.06987 0.05419 0.04137   0.661   0.0747   0.0481    1.55   0.299      239.7   0.0422   1.921212  \u003c-- past the clock   (1539s)\n"}
,{"stream_name":"stdout","time":2597.465290943,"data":"   tracking force refreshed: injection rate 0.0202 (2 nu Z = 0.0259)\n"}
,{"stream_name":"stdout","time":2598.118242408,"data":" 3.00   17.275    159.79   0.02092 0.05006 0.06578 0.07753 0.07461 0.07059 0.05331 0.04033   0.626   0.0711   0.0444    1.60   0.244      215.7   0.0427   1.913777  \u003c-- past the clock   (1559s)\n"}
,{"stream_name":"stdout","time":2598.119332593,"data":"\n"}
,{"stream_name":"stdout","time":2598.119362477,"data":"C22 descent: separation -\u003e peak twist, peak time (clock expires at t = 0.55)\n"}
,{"stream_name":"stdout","time":2598.119369527,"data":"   sep 0.05   peak 0.00007 at t = 0.55   (at the clock or at t = 0: not a peak)\n"}
,{"stream_name":"stdout","time":2598.119375565,"data":"   sep 0.07   peak 0.00099 at t = 0.55   (at the clock or at t = 0: not a peak)\n"}
,{"stream_name":"stdout","time":2598.119381199,"data":"   sep 0.10   peak 0.00488 at t = 0.55   (at the clock or at t = 0: not a peak)\n"}
,{"stream_name":"stdout","time":2598.119386705,"data":"   sep 0.14   peak 0.02900 at t = 0.55   (at the clock or at t = 0: not a peak)\n"}
,{"stream_name":"stdout","time":2598.119391841,"data":"   sep 0.20   peak 0.08065 at t = 0.55   (at the clock or at t = 0: not a peak)\n"}
,{"stream_name":"stdout","time":2598.119397341,"data":"   sep 0.28   peak 0.18368 at t = 0.55   (at the clock or at t = 0: not a peak)\n"}
,{"stream_name":"stdout","time":2598.119402817,"data":"   sep 0.40   peak 0.27502 at t = 0.50\n"}
,{"stream_name":"stdout","time":2598.119408601,"data":"   sep 0.56   peak 0.29648 at t = 0.40\n"}
,{"stream_name":"stdout","time":2598.119414233,"data":"\n"}
,{"stream_name":"stdout","time":2598.119420628,"data":"clock expires at t = 0.55 (delta 0.0620); strong twist peak 0.00488 at t = 0.55, at the clock 0.00488 (fall 0%); max|w| growth to the clock 10.39x\n"}
,{"stream_name":"stdout","time":2598.119427694,"data":"race variable ell/ell_nu min inside the clock = 2.08 (at t = 0.40); cut fraction at the clock 0.034\n"}
,{"stream_name":"stdout","time":2598.119433823,"data":"C21: Re_seam at the twist peak (t = 0.55) = 127.3; twist peak 0.00488; max|w| at the peak 74.3\n"}
,{"stream_name":"stdout","time":2598.119439665,"data":"REGISTERED C20 at nu=0.002: between (see rows)\n"}
,{"stream_name":"stdout","time":2598.730790012,"data":"=== IC=found NU=1e-3 T=2.2 FORCE=1.0 FMODE=track -\u003e /kaggle/working/seam_ICfound_NU1e-3_T2.2_FORCE1.0_FMODEtrack.txt\n"}
,{"stream_name":"stdout","time":2601.368760535,"data":"found field at /kaggle/input/datasets/mrigshira/zef-found/leashed64_dmin030.npz\n"}
,{"stream_name":"stdout","time":2601.755533688,"data":"seam race on GPU: IC=found  N=256^3  nu=0.001  T=2.2  Z0=0.375  clock 2dx=0.0491  device=cuda  FORCE=1 (track)\n"}
,{"stream_name":"stdout","time":2601.962140719,"data":"   t     Z/Z0    max|w|   twist@0.05 @0.07 @0.1 @0.14 @0.2 @0.28 @0.4 @0.56   anti    ell     ell_nu   race   cut    Re_seam   delta     E/E0\n"}
,{"stream_name":"stdout","time":2601.962181081,"data":"   tracking force refreshed: injection rate 0.0238 (2 nu Z = 0.0007)\n"}
,{"stream_name":"stdout","time":2602.712796405,"data":" 0.00    1.000      7.16   0.00000 0.00000 0.00000 0.00001 0.00008 0.00071 0.00821 0.06333   0.000   0.6364   0.1843    3.45   0.000     1820.1   (tail empty)   1.000000   (1s)\n"}
,{"stream_name":"stdout","time":2613.378400932,"data":" 0.05    1.066      7.74   0.00000 0.00000 0.00000 0.00001 0.00007 0.00071 0.00901 0.07091   0.000   0.6194   0.0842    7.36   0.000     1859.1   0.2043   1.037792   (12s)\n"}
,{"stream_name":"stdout","time":2624.036226595,"data":" 0.10    1.147      8.96   0.00000 0.00000 0.00000 0.00001 0.00008 0.00091 0.01168 0.08586   0.000   0.6049   0.0605   10.00   0.000     2030.9   0.1415   1.076062   (22s)\n"}
,{"stream_name":"stdout","time":2634.691361173,"data":" 0.15    1.241     10.30   0.00000 0.00000 0.00000 0.00001 0.00013 0.00153 0.01741 0.10947   0.000   0.5584   0.0489   11.42   0.000     1980.5   0.1274   1.111308   (33s)\n"}
,{"stream_name":"stdout","time":2646.565362879,"data":" 0.20    1.352     11.73   0.00000 0.00000 0.00000 0.00002 0.00028 0.00288 0.02745 0.14177   0.000   0.4789   0.0422   11.35   0.000     1676.1   0.1207   1.144009   (45s)\n"}
,{"stream_name":"stdout","time":2658.447559681,"data":" 0.25    1.484     13.24   0.00000 0.00000 0.00000 0.00006 0.00058 0.00519 0.04353 0.18063   0.000   0.4172   0.0383   10.88   0.000     1459.2   0.1071   1.175012   (57s)\n"}
,{"stream_name":"stdout","time":2670.329617646,"data":" 0.30    1.640     15.01   0.00000 0.00000 0.00000 0.00012 0.00106 0.00880 0.06716 0.22289   0.000   0.3715   0.0364   10.20   0.000     1324.7   0.0973   1.205328   (69s)\n"}
,{"stream_name":"stdout","time":2683.449873028,"data":" 0.35    1.824     17.58   0.00000 0.00000 0.00001 0.00022 0.00175 0.01464 0.09791 0.26595   0.000   0.3370   0.0357    9.45   0.000     1267.4   0.0915   1.235203   (82s)\n"}
,{"stream_name":"stdout","time":2696.564763382,"data":" 0.40    2.035     20.44   0.00000 0.00000 0.00002 0.00036 0.00303 0.02310 0.13348 0.30787   0.000   0.3064   0.0364    8.43   0.000     1216.9   0.0912   1.263529   (95s)\n"}
,{"stream_name":"stdout","time":2709.686225778,"data":" 0.45    2.275     23.53   0.00000 0.00000 0.00003 0.00066 0.00532 0.03415 0.17112 0.34621   0.000   0.2834   0.0394    7.19   0.000     1186.8   0.0929   1.290690   (108s)\n"}
,{"stream_name":"stdout","time":2722.186855112,"data":"   tracking force refreshed: injection rate 0.0176 (2 nu Z = 0.0019)\n"}
,{"stream_name":"stdout","time":2722.837708352,"data":" 0.50    2.544     26.77   0.00000 0.00000 0.00005 0.00133 0.00898 0.04763 0.20929 0.37724   0.000   0.2642   0.0463    5.70   0.000     1175.1   0.0912   1.316951   (121s)\n"}
,{"stream_name":"stdout","time":2735.957662963,"data":" 0.55    2.843     30.21   0.00000 0.00001 0.00012 0.00260 0.01440 0.06384 0.24833 0.39454   0.003   0.2621   0.0638    4.11   0.000     1289.7   0.0860   1.342514   (134s)\n"}
,{"stream_name":"stdout","time":2749.095258088,"data":" 0.60    3.171     33.39   0.00000 0.00002 0.00029 0.00483 0.02210 0.08420 0.29106 0.38629   0.013   0.2564      -       nan   0.000       61.1   0.0784   1.367319   (147s)\n"}
,{"stream_name":"stdout","time":2762.212103545,"data":" 0.65    3.530     36.36   0.00000 0.00008 0.00070 0.00869 0.03343 0.11108 0.34197 0.34349   0.034   0.2456      -       nan   0.008       85.3   0.0710   1.391800   (160s)\n"}
,{"stream_name":"stdout","time":2775.328321365,"data":" 0.70    3.921     38.61   0.00001 0.00024 0.00173 0.01584 0.05053 0.15042 0.38723 0.28631   0.079   0.2319      -       nan   0.044      103.2   0.0644   1.416137   (174s)\n"}
,{"stream_name":"stdout","time":2789.675491435,"data":" 0.75    4.348     40.15   0.00004 0.00082 0.00466 0.02886 0.07842 0.21447 0.37573 0.24082   0.159   0.2234      -       nan   0.064      160.6   0.0610   1.441022   (188s)\n"}
,{"stream_name":"stdout","time":2805.246744977,"data":" 0.80    4.821     42.22   0.00030 0.00326 0.01223 0.05333 0.13320 0.27220 0.34333 0.21257   0.256   0.2136   0.0962    2.22   0.056      222.2   0.0544   1.467081   (203s)\n"}
,{"stream_name":"stdout","time":2823.285126477,"data":" 0.85    5.341     45.78   0.00197 0.01093 0.02951 0.10293 0.19207 0.30454 0.33578 0.20895   0.378   0.1910   0.0380    5.03   0.053      259.6   0.0442   1.493374  \u003c-- past the clock   (222s)\n"}
,{"stream_name":"stdout","time":2845.007744942,"data":" 0.90    5.909     55.57   0.00852 0.03076 0.06312 0.16007 0.25034 0.33135 0.31637 0.19263   0.479   0.1865   0.0294    6.34   0.079      330.8   0.0411   1.517818  \u003c-- past the clock   (243s)\n"}
,{"stream_name":"stdout","time":2869.19655314,"data":" 0.95    6.491     73.69   0.01882 0.05768 0.10202 0.20672 0.27808 0.32077 0.28586 0.18635   0.658   0.1423   0.0254    5.60   0.163      443.4   0.0384   1.533908  \u003c-- past the clock   (267s)\n"}
,{"stream_name":"stdout","time":2893.993832795,"data":"   tracking force refreshed: injection rate 0.0053 (2 nu Z = 0.0053)\n"}
,{"stream_name":"stdout","time":2894.646397262,"data":" 1.00    7.057     96.20   0.02547 0.07683 0.12471 0.21700 0.27021 0.28590 0.24650 0.17572   0.726   0.1469      -       nan   0.121      810.6   0.0367   1.539295  \u003c-- past the clock   (293s)\n"}
,{"stream_name":"stdout","time":2920.067298982,"data":" 1.05    7.610    113.87   0.02902 0.08333 0.12473 0.20141 0.24315 0.24208 0.19959 0.15176   0.810   0.0679   0.0376    1.80   0.081      351.2   0.0364   1.538881  \u003c-- past the clock   (318s)\n"}
,{"stream_name":"stdout","time":2943.019105541,"data":" 1.10    8.164    129.52   0.03070 0.08052 0.11449 0.17786 0.20770 0.20433 0.15720 0.12656   0.588   0.0564   0.0418    1.35   0.092      207.2   0.0357   1.536336  \u003c-- past the clock   (341s)\n"}
,{"stream_name":"stdout","time":2963.515330166,"data":" 1.15    8.711    132.07   0.03179 0.07939 0.10802 0.15860 0.18086 0.18025 0.13403 0.10902   0.528   0.0673   0.1110    0.61   0.138      306.1   0.0361   1.532502  \u003c-- past the clock   (362s)\n"}
,{"stream_name":"stdout","time":2984.003917247,"data":" 1.20    9.259    128.13   0.03687 0.08346 0.10690 0.14970 0.16826 0.16301 0.12201 0.09774   0.487   0.0853      -       nan   0.133      301.9   0.0366   1.528651  \u003c-- past the clock   (382s)\n"}
,{"stream_name":"stdout","time":3005.731964983,"data":" 1.25    9.818    127.54   0.04206 0.08596 0.10626 0.14709 0.16232 0.14828 0.11035 0.08913   0.550   0.0978      -       nan   0.139      413.7   0.0363   1.525514  \u003c-- past the clock   (404s)\n"}
,{"stream_name":"stdout","time":3028.682706488,"data":" 1.30   10.397    149.34   0.04302 0.08724 0.10580 0.14037 0.14889 0.12929 0.09071 0.08006   0.636   0.1232   0.0701    1.76   0.101      792.9   0.0366   1.522864  \u003c-- past the clock   (427s)\n"}
,{"stream_name":"stdout","time":3052.868446494,"data":" 1.35   10.969    164.77   0.04208 0.08145 0.09602 0.12555 0.13300 0.11277 0.07687 0.07272   0.639   0.1043   0.0299    3.48   0.101      409.2   0.0357   1.517640  \u003c-- past the clock   (451s)\n"}
,{"stream_name":"stdout","time":3075.819056636,"data":" 1.40   11.551    164.24   0.04089 0.07624 0.08807 0.11547 0.11788 0.10049 0.07080 0.06843   0.637   0.0975   0.0409    2.38   0.110      581.0   0.0351   1.510882  \u003c-- past the clock   (474s)\n"}
,{"stream_name":"stdout","time":3100.004275326,"data":" 1.45   12.178    175.41   0.04272 0.07687 0.09080 0.11399 0.10869 0.09403 0.06967 0.06707   0.768   0.0851   0.0486    1.75   0.122      622.9   0.0338   1.504138  \u003c-- past the clock   (498s)\n"}
,{"stream_name":"stdout","time":3122.341165764,"data":"   tracking force refreshed: injection rate 0.0066 (2 nu Z = 0.0096)\n"}
,{"stream_name":"stdout","time":3122.993311202,"data":" 1.50   12.813    150.59   0.04609 0.08295 0.09606 0.11990 0.11566 0.09679 0.07854 0.06977   0.785   0.0803   0.0319    2.52   0.098      479.5   0.0331   1.496332  \u003c-- past the clock   (521s)\n"}
,{"stream_name":"stdout","time":3145.950984706,"data":" 1.55   13.445    155.30   0.04941 0.09515 0.11142 0.13068 0.11757 0.09115 0.07803 0.06593   0.823   0.0739   0.0307    2.41   0.128      414.5   0.0322   1.490985  \u003c-- past the clock   (544s)\n"}
,{"stream_name":"stdout","time":3168.90091425,"data":" 1.60   14.023    192.85   0.05748 0.11022 0.12100 0.12560 0.10815 0.08874 0.08073 0.06010   0.916   0.0772   0.0275    2.81   0.173      644.4   0.0317   1.484727  \u003c-- past the clock   (567s)\n"}
,{"stream_name":"stdout","time":3193.08625948,"data":" 1.65   14.453    165.69   0.07029 0.11628 0.11978 0.12351 0.10930 0.09567 0.08754 0.06117   0.873   0.0667   0.0363    1.84   0.143      391.1   0.0308   1.474372  \u003c-- past the clock   (591s)\n"}
,{"stream_name":"stdout","time":3216.037614466,"data":" 1.70   14.832    164.53   0.06707 0.11010 0.11177 0.12701 0.11315 0.10131 0.08449 0.06139   0.865   0.0706   0.0279    2.53   0.133      445.3   0.0296   1.465744  \u003c-- past the clock   (614s)\n"}
,{"stream_name":"stdout","time":3239.003614885,"data":" 1.75   15.214    176.22   0.06325 0.10390 0.11033 0.12407 0.11391 0.09830 0.08135 0.06000   0.903   0.0654   0.0226    2.89   0.116      411.9   0.0292   1.456804  \u003c-- past the clock   (637s)\n"}
,{"stream_name":"stdout","time":3260.727312925,"data":" 1.80   15.666    212.83   0.06865 0.10526 0.10554 0.12270 0.11570 0.09963 0.07426 0.05669   0.926   0.0606   0.0200    3.03   0.162      421.3   0.0292   1.446224  \u003c-- past the clock   (659s)\n"}
,{"stream_name":"stdout","time":3282.449294314,"data":" 1.85   16.104    228.19   0.07519 0.11338 0.11502 0.11930 0.10967 0.10182 0.07127 0.05308   0.846   0.0540   0.0253    2.13   0.119      374.5   0.0288   1.432577  \u003c-- past the clock   (681s)\n"}
,{"stream_name":"stdout","time":3304.163472709,"data":" 1.90   16.485    198.27   0.07790 0.11155 0.11000 0.12490 0.11571 0.10321 0.06953 0.05049   0.870   0.0547   0.0216    2.53   0.134      356.0   0.0277   1.417729  \u003c-- past the clock   (702s)\n"}
,{"stream_name":"stdout","time":3325.890951163,"data":" 1.95   16.871    233.84   0.07661 0.11156 0.10849 0.10993 0.10839 0.09582 0.06908 0.04659   0.866   0.0593   0.0300    1.98   0.130      456.6   0.0277   1.404027  \u003c-- past the clock   (724s)\n"}
,{"stream_name":"stdout","time":3348.233025559,"data":"   tracking force refreshed: injection rate 0.0026 (2 nu Z = 0.0129)\n"}
,{"stream_name":"stdout","time":3348.885339567,"data":" 2.00   17.232    251.82   0.08582 0.11137 0.09675 0.11477 0.10244 0.09104 0.06232 0.04636   0.898   0.0568   0.0372    1.53   0.145      446.1   0.0270   1.388213  \u003c-- past the clock   (747s)\n"}
,{"stream_name":"stdout","time":3369.387533299,"data":" 2.05   17.498    231.40   0.08454 0.10935 0.10562 0.12497 0.11402 0.09454 0.06436 0.04912   0.871   0.0539   0.0168    3.21   0.141      319.5   0.0268   1.371279  \u003c-- past the clock   (768s)\n"}
,{"stream_name":"stdout","time":3388.650545074,"data":" 2.10   17.714    182.03   0.09920 0.11746 0.10608 0.12369 0.11828 0.10240 0.06196 0.04853   0.876   0.0456   0.0246    1.85   0.156      204.2   0.0259   1.354596  \u003c-- past the clock   (787s)\n"}
,{"stream_name":"stdout","time":3407.918818293,"data":" 2.15   17.831    182.27   0.10329 0.11645 0.09973 0.12184 0.12404 0.10433 0.06020 0.05042   0.873   0.0491   0.0274    1.80   0.148      239.1   0.0253   1.340087  \u003c-- past the clock   (806s)\n"}
,{"stream_name":"stdout","time":3427.178870109,"data":" 2.20   17.819    212.06   0.09337 0.11323 0.09598 0.11353 0.11793 0.09902 0.06056 0.04634   0.871   0.0490   0.0220    2.23   0.141      281.0   0.0258   1.325289  \u003c-- past the clock   (825s)\n"}
,{"stream_name":"stdout","time":3427.179734395,"data":"\n"}
,{"stream_name":"stdout","time":3427.179771533,"data":"C22 descent: separation -\u003e peak twist, peak time (clock expires at t = 0.80)\n"}
,{"stream_name":"stdout","time":3427.179779316,"data":"   sep 0.05   peak 0.00030 at t = 0.80   (at the clock or at t = 0: not a peak)\n"}
,{"stream_name":"stdout","time":3427.179784904,"data":"   sep 0.07   peak 0.00326 at t = 0.80   (at the clock or at t = 0: not a peak)\n"}
,{"stream_name":"stdout","time":3427.179790336,"data":"   sep 0.10   peak 0.01223 at t = 0.80   (at the clock or at t = 0: not a peak)\n"}
,{"stream_name":"stdout","time":3427.179796222,"data":"   sep 0.14   peak 0.05333 at t = 0.80   (at the clock or at t = 0: not a peak)\n"}
,{"stream_name":"stdout","time":3427.179818096,"data":"   sep 0.20   peak 0.13320 at t = 0.80   (at the clock or at t = 0: not a peak)\n"}
,{"stream_name":"stdout","time":3427.17982288,"data":"   sep 0.28   peak 0.27220 at t = 0.80   (at the clock or at t = 0: not a peak)\n"}
,{"stream_name":"stdout","time":3427.179827271,"data":"   sep 0.40   peak 0.38723 at t = 0.70\n"}
,{"stream_name":"stdout","time":3427.179831866,"data":"   sep 0.56   peak 0.39454 at t = 0.55\n"}
,{"stream_name":"stdout","time":3427.179835982,"data":"\n"}
,{"stream_name":"stdout","time":3427.179840077,"data":"clock expires at t = 0.80 (delta 0.0544); strong twist peak 0.01223 at t = 0.80, at the clock 0.01223 (fall 0%); max|w| growth to the clock 5.90x\n"}
,{"stream_name":"stdout","time":3427.179844095,"data":"race variable ell/ell_nu min inside the clock = 2.22 (at t = 0.80); cut fraction at the clock 0.056\n"}
,{"stream_name":"stdout","time":3427.179848836,"data":"C21: Re_seam at the twist peak (t = 0.80) = 222.2; twist peak 0.01223; max|w| at the peak 42.2\n"}
,{"stream_name":"stdout","time":3427.179853139,"data":"REGISTERED C20 at nu=0.001: between (see rows)\n"}
,{"stream_name":"stderr","time":3430.336676371,"data":"/usr/local/lib/python3.12/dist-packages/mistune.py:435: SyntaxWarning: invalid escape sequence '\\|'\n"}
,{"stream_name":"stderr","time":3430.336740249,"data":"  cells[i][c] = re.sub('\\\\\\\\\\|', '|', cell)\n"}
,{"stream_name":"stderr","time":3430.646128268,"data":"/usr/local/lib/python3.12/dist-packages/nbconvert/filters/filter_links.py:36: SyntaxWarning: invalid escape sequence '\\_'\n"}
,{"stream_name":"stderr","time":3430.646157343,"data":"  text = re.sub(r'_', '\\_', text) # Escape underscores in display text\n"}
,{"stream_name":"stderr","time":3431.374482788,"data":"[NbConvertApp] Converting notebook __script__.ipynb to html\n"}
,{"stream_name":"stderr","time":3432.824250079,"data":"[NbConvertApp] Writing 454266 bytes to __results__.html\n"}
]