[{"stream_name":"stdout","time":6.311835737,"data":"=== IC=found NU=2e-3 T=2.4 N=320 LAGR=1 TSEED=1.0 -\u003e /kaggle/working/seam_ICfound_NU2e-3_T2.4_N320_LAGR1_TSEED1.0.txt\n"}
,{"stream_name":"stdout","time":9.959692209,"data":"seam race on GPU: IC=found  N=320^3  nu=0.002  T=2.4  Z0=0.375  clock 2dx=0.0393  device=cuda  FORCE=0 (steady)\n"}
,{"stream_name":"stdout","time":11.812621264,"data":"   t     Z/Z0    max|w|   twist@0.05 @0.07 @0.1 @0.14 @0.2 @0.28 @0.4 @0.56   anti    ell     ell_nu   race   cut    Re_seam   delta     E/E0   | material|w|  gap   jump   flip   dgap/dt(u) dgap/dt(self)  flipped@\n"}
,{"stream_name":"stdout","time":11.812665065000001,"data":" 0.00    1.000      7.16   0.00000 0.00000 0.00000 0.00001 0.00008 0.00080 0.00821 0.06609   0.000   0.6366   0.2607    2.44   0.000      910.7   (tail empty)   1.000000   (2s)\n"}
,{"stream_name":"stdout","time":34.550367579,"data":" 0.05    1.018      7.40   0.00000 0.00000 0.00000 0.00001 0.00009 0.00091 0.00973 0.07695   0.000   0.6342   0.1204    5.27   0.000      927.6   (tail empty)   0.997554   (25s)\n"}
,{"stream_name":"stdout","time":57.152430064,"data":" 0.10    1.045      8.16   0.00000 0.00000 0.00000 0.00001 0.00011 0.00126 0.01322 0.09504   0.000   0.6316   0.0884    7.15   0.000     1005.4   (tail empty)   0.995053   (47s)\n"}
,{"stream_name":"stdout","time":81.959553779,"data":" 0.15    1.080      8.93   0.00000 0.00000 0.00000 0.00001 0.00017 0.00214 0.01974 0.12084   0.000   0.5933   0.0733    8.09   0.000      967.7   (tail empty)   0.992478   (72s)\n"}
,{"stream_name":"stdout","time":107.642521507,"data":" 0.20    1.123      9.68   0.00000 0.00000 0.00000 0.00002 0.00036 0.00391 0.03029 0.15368   0.000   0.5263   0.0651    8.08   0.000      829.1   (tail empty)   0.989807   (98s)\n"}
,{"stream_name":"stdout","time":132.498374364,"data":" 0.25    1.175     10.39   0.00000 0.00000 0.00000 0.00004 0.00075 0.00688 0.04579 0.19152   0.000   0.4709   0.0597    7.89   0.000      716.5   (tail empty)   0.987021   (123s)\n"}
,{"stream_name":"stdout","time":157.235354512,"data":" 0.30    1.234     11.06   0.00000 0.00000 0.00000 0.00010 0.00143 0.01126 0.06703 0.23185   0.000   0.4336   0.0565    7.68   0.000      653.5   (tail empty)   0.984102   (147s)\n"}
,{"stream_name":"stdout","time":182.104826752,"data":" 0.35    1.300     12.04   0.00000 0.00000 0.00001 0.00020 0.00241 0.01753 0.09385 0.27251   0.000   0.4015   0.0544    7.38   0.000      613.0   (tail empty)   0.981030   (172s)\n"}
,{"stream_name":"stdout","time":207.07760281,"data":" 0.40    1.373     13.17   0.00000 0.00000 0.00002 0.00035 0.00377 0.02601 0.12527 0.31201   0.000   0.3720   0.0532    6.99   0.000      573.4   0.2026   0.977789   (197s)\n"}
,{"stream_name":"stdout","time":231.893330764,"data":" 0.45    1.452     14.32   0.00000 0.00001 0.00005 0.00056 0.00571 0.03666 0.15986 0.34923   0.000   0.3476   0.0529    6.57   0.000      541.4   0.1790   0.974363   (222s)\n"}
,{"stream_name":"stdout","time":254.331570747,"data":" 0.50    1.536     15.45   0.00000 0.00001 0.00008 0.00085 0.00839 0.04926 0.19624 0.38303   0.000   0.3287   0.0537    6.13   0.000      518.3   0.1581   0.970740   (244s)\n"}
,{"stream_name":"stdout","time":276.757255785,"data":" 0.55    1.625     16.56   0.00000 0.00002 0.00012 0.00128 0.01191 0.06354 0.23346 0.41220   0.000   0.3140   0.0551    5.70   0.000      503.0   0.1409   0.966906   (267s)\n"}
,{"stream_name":"stdout","time":299.191635396,"data":" 0.60    1.718     17.60   0.00000 0.00004 0.00019 0.00193 0.01632 0.07931 0.27087 0.43541   0.000   0.3031   0.0575    5.27   0.000      494.6   0.1284   0.962852   (289s)\n"}
,{"stream_name":"stdout","time":321.637891442,"data":" 0.65    1.813     18.58   0.00001 0.00005 0.00028 0.00283 0.02169 0.09668 0.30814 0.45115   0.001   0.2971   0.0601    4.94   0.000      499.4   0.1190   0.958569   (312s)\n"}
,{"stream_name":"stdout","time":344.0861194,"data":" 0.70    1.911     19.50   0.00001 0.00008 0.00042 0.00406 0.02810 0.11600 0.34531 0.45756   0.004   0.2941   0.0641    4.59   0.000      512.2   0.1119   0.954052   (334s)\n"}
,{"stream_name":"stdout","time":366.536598858,"data":" 0.75    2.010     20.33   0.00001 0.00013 0.00064 0.00567 0.03571 0.13774 0.38258 0.45269   0.009   0.2944   0.0689    4.28   0.000      533.0   0.1062   0.949296   (357s)\n"}
,{"stream_name":"stdout","time":389.028449007,"data":" 0.80    2.109     21.04   0.00002 0.00020 0.00097 0.00778 0.04487 0.16240 0.41982 0.43579   0.018   0.2933   0.0740    3.96   0.028       34.0   0.1008   0.944299   (379s)\n"}
,{"stream_name":"stdout","time":411.491846594,"data":" 0.85    2.208     21.67   0.00004 0.00032 0.00146 0.01053 0.05614 0.19060 0.45528 0.40880   0.029   0.2951   0.0824    3.58   0.092       40.8   0.0955   0.939061   (402s)\n"}
,{"stream_name":"stdout","time":433.951569983,"data":" 0.90    2.306     22.18   0.00006 0.00051 0.00217 0.01420 0.07014 0.22340 0.48350 0.37593   0.044   0.2960   0.0902    3.28   0.150       48.7   0.0905   0.933585   (424s)\n"}
,{"stream_name":"stdout","time":456.406717081,"data":" 0.95    2.401     22.56   0.00011 0.00081 0.00323 0.01926 0.08753 0.26221 0.49716 0.34191   0.067   0.2960   0.0982    3.01   0.211       55.8   0.0864   0.927875   (446s)\n"}
,{"stream_name":"stdout","time":479.213074812,"data":"lagrangian: 4000 particles seeded on the high set at t = 1.00; sheets A/B = 2817/1183\n"}
,{"stream_name":"stdout","time":479.642665535,"data":" 1.00    2.494     22.81   0.00018 0.00128 0.00479 0.02625 0.10938 0.30639 0.49431 0.31066   0.102   0.2911   0.0981    2.97   0.288       62.7   0.0829   0.921936   |    13.19   0.2671   1.0625   0.000   -0.3577  -0.1783    -     (470s)\n"}
,{"stream_name":"stdout","time":502.843383043,"data":" 1.05    2.583     22.90   0.00031 0.00203 0.00716 0.03581 0.13747 0.34907 0.47864 0.28463   0.149   0.2844   0.0901    3.16   0.353       75.7   0.0798   0.915777   |    13.41   0.2517   1.0704   0.000   -0.3185  -0.1519    -     (493s)\n"}
,{"stream_name":"stdout","time":528.454403139,"data":" 1.10    2.668     22.86   0.00054 0.00321 0.01075 0.04880 0.17277 0.38181 0.45346 0.26680   0.198   0.2772   0.0806    3.44   0.405       86.9   0.0778   0.909406   |    13.58   0.2361   1.0847   0.000   -0.2826  -0.1458    -     (518s)\n"}
,{"stream_name":"stdout","time":554.063150564,"data":" 1.15    2.749     22.73   0.00092 0.00511 0.01608 0.06650 0.21161 0.40342 0.42309 0.26249   0.242   0.2698   0.0714    3.78   0.435       95.3   0.0754   0.902833   |    13.73   0.2225   1.1003   0.000   -0.2499  -0.1157    -     (544s)\n"}
,{"stream_name":"stdout","time":582.076718747,"data":" 1.20    2.825     22.64   0.00158 0.00811 0.02383 0.08943 0.24749 0.41589 0.39594 0.26560   0.289   0.2610   0.0661    3.95   0.449      105.2   0.0747   0.896070   |    13.88   0.2094   1.1047   0.000   -0.2234  -0.1110    -     (572s)\n"}
,{"stream_name":"stdout","time":610.07804287,"data":" 1.25    2.896     22.72   0.00271 0.01264 0.03450 0.11555 0.27768 0.42046 0.37466 0.26097   0.342   0.2496   0.0602    4.15   0.444      115.8   0.0741   0.889128   |    13.99   0.1981   1.1184   0.000   -0.2064  -0.1088    -     (600s)\n"}
,{"stream_name":"stdout","time":638.079996231,"data":" 1.30    2.962     23.15   0.00449 0.01886 0.04765 0.14143 0.30215 0.41646 0.35161 0.25106   0.395   0.2392   0.0566    4.22   0.437      131.8   0.0710   0.882019   |    14.01   0.1875   1.1093   0.000   -0.1885  -0.1060    -     (628s)\n"}
,{"stream_name":"stdout","time":668.468494184,"data":" 1.35    3.023     23.62   0.00693 0.02636 0.06181 0.16480 0.31880 0.40124 0.32585 0.24053   0.446   0.2321   0.0563    4.12   0.409      148.9   0.0681   0.874756   |    13.98   0.1785   1.1145   0.000   -0.1891  -0.1192    -     (659s)\n"}
,{"stream_name":"stdout","time":698.856940897,"data":" 1.40    3.077     24.11   0.00984 0.03436 0.07558 0.18404 0.32384 0.37662 0.30155 0.22957   0.492   0.2241   0.0535    4.19   0.366      167.6   0.0671   0.867355   |    13.92   0.1700   1.0981   0.000   -0.1580  -0.1116    -     (689s)\n"}
,{"stream_name":"stdout","time":726.858644874,"data":" 1.45    3.124     24.64   0.01306 0.04239 0.08817 0.19728 0.31707 0.34826 0.28308 0.22069   0.533   0.2146   0.0510    4.21   0.334      171.7   0.0678   0.859830   |    13.82   0.1632   1.0785   0.000   -0.1448  -0.0988    -     (717s)\n"}
,{"stream_name":"stdout","time":754.855813166,"data":" 1.50    3.163     25.15   0.01667 0.05026 0.09884 0.20333 0.30263 0.31982 0.26632 0.21437   0.565   0.2037   0.0502    4.06   0.339      169.2   0.0683   0.852202   |    13.65   0.1593   1.0669   0.000   -0.1171  -0.0873    -     (745s)\n"}
,{"stream_name":"stdout","time":782.862369372,"data":" 1.55    3.191     26.70   0.02063 0.05744 0.10648 0.20257 0.28433 0.29367 0.24675 0.20480   0.592   0.2013   0.0494    4.08   0.349      185.7   0.0679   0.844491   |    13.46   0.1555   1.0332   0.000   -0.0871  -0.0544    -     (773s)\n"}
,{"stream_name":"stdout","time":808.481964657,"data":" 1.60    3.209     29.11   0.02445 0.06275 0.11001 0.19696 0.26431 0.26953 0.22755 0.19177   0.610   0.2053   0.0492    4.18   0.367      211.4   0.0665   0.836724   |    13.22   0.1538   0.9954   0.000   -0.0605  -0.0434    -     (799s)\n"}
,{"stream_name":"stdout","time":834.086233325,"data":" 1.65    3.214     32.07   0.02717 0.06508 0.10944 0.18870 0.24422 0.24580 0.20973 0.17716   0.616   0.2083   0.0490    4.25   0.390      227.7   0.0653   0.828929   |    12.85   0.1552   0.9563   0.000   -0.0492  -0.0306    -     (824s)\n"}
,{"stream_name":"stdout","time":859.690574172,"data":" 1.70    3.207     35.43   0.02799 0.06436 0.10616 0.17832 0.22285 0.22409 0.19331 0.16421   0.601   0.2095   0.0513    4.08   0.406      256.4   0.0639   0.821136   |    12.46   0.1547   0.9256   0.001   -0.0363  -0.0226    -     (850s)\n"}
,{"stream_name":"stdout","time":882.913968889,"data":" 1.75    3.188     38.77   0.02707 0.06190 0.10131 0.16476 0.20111 0.20562 0.18043 0.15492   0.557   0.2165   0.0568    3.81   0.397      268.1   0.0616   0.813377   |    12.06   0.1553   0.8982   0.006   -0.0051  -0.0120    -     (873s)\n"}
,{"stream_name":"stdout","time":906.132151214,"data":" 1.80    3.160     41.59   0.02540 0.05840 0.09440 0.14883 0.18298 0.19179 0.17193 0.14705   0.504   0.2192   0.0712    3.08   0.384      256.1   0.0583   0.805674   |    11.61   0.1578   0.8608   0.012   +0.0140  -0.0072    -     (896s)\n"}
,{"stream_name":"stdout","time":929.361208976,"data":" 1.85    3.127     42.10   0.02349 0.05356 0.08537 0.13384 0.17041 0.18284 0.16548 0.14049   0.489   0.2217   0.0823    2.69   0.384      255.1   0.0553   0.798044   |    11.18   0.1601   0.8391   0.019   +0.0198  -0.0060  0.70   (919s)\n"}
,{"stream_name":"stdout","time":954.967922251,"data":" 1.90    3.091     40.56   0.02114 0.04756 0.07567 0.12191 0.16239 0.17723 0.16028 0.13723   0.494   0.2166   0.0802    2.70   0.435      249.3   0.0538   0.790500   |    10.80   0.1625   0.8133   0.027   +0.0263  -0.0042  0.78   (945s)\n"}
,{"stream_name":"stdout","time":980.572307429,"data":" 1.95    3.052     37.80   0.01828 0.04135 0.06703 0.11315 0.15680 0.17320 0.15594 0.13642   0.492   0.2046   0.0652    3.14   0.475      217.8   0.0536   0.783047   |    10.44   0.1664   0.7851   0.034   +0.0072  -0.0030  0.62   (971s)\n"}
,{"stream_name":"stdout","time":1006.190444509,"data":" 2.00    3.014     36.27   0.01541 0.03600 0.06030 0.10680 0.15212 0.16946 0.15323 0.13596   0.467   0.1978   0.0613    3.23   0.486      188.8   0.0542   0.775688   |    10.04   0.1676   0.7589   0.047   +0.0255  +0.0008  1.00   (996s)\n"}
,{"stream_name":"stdout","time":1031.808565653,"data":" 2.05    2.976     36.81   0.01306 0.03190 0.05529 0.10202 0.14768 0.16531 0.15252 0.13531   0.420   0.1948   0.0620    3.14   0.450      187.5   0.0551   0.768422   |     9.76   0.1698   0.7448   0.057   +0.0242  +0.0028  0.98   (1022s)\n"}
,{"stream_name":"stdout","time":1055.04045649,"data":" 2.10    2.941     36.83   0.01128 0.02881 0.05155 0.09825 0.14323 0.16090 0.15290 0.13567   0.385   0.1945   0.0647    3.01   0.424      189.1   0.0559   0.761245   |     9.58   0.1703   0.7327   0.067   +0.0146  -0.0001  1.06   (1045s)\n"}
,{"stream_name":"stdout","time":1078.270981128,"data":" 2.15    2.908     36.24   0.01000 0.02655 0.04889 0.09520 0.13890 0.15676 0.15281 0.13824   0.382   0.1904   0.0699    2.72   0.412      183.0   0.0564   0.754150   |     9.34   0.1721   0.7183   0.080   +0.0336  +0.0015  1.05   (1068s)\n"}
,{"stream_name":"stdout","time":1101.491768176,"data":" 2.20    2.877     35.31   0.00919 0.02516 0.04730 0.09275 0.13500 0.15356 0.15159 0.14254   0.398   0.1866   0.0743    2.51   0.395      184.6   0.0569   0.747132   |     9.08   0.1740   0.6908   0.096   +0.0320  +0.0040  1.25   (1092s)\n"}
,{"stream_name":"stdout","time":1124.712837175,"data":" 2.25    2.849     34.69   0.00888 0.02474 0.04682 0.09106 0.13221 0.15147 0.14966 0.14670   0.409   0.1853   0.0813    2.28   0.379      186.7   0.0575   0.740185   |     8.79   0.1759   0.6677   0.108   +0.0400  +0.0062  1.36   (1115s)\n"}
,{"stream_name":"stdout","time":1147.941204001,"data":" 2.30    2.822     33.92   0.00907 0.02523 0.04725 0.09033 0.13125 0.14940 0.14770 0.14912   0.412   0.1835   0.0826    2.22   0.374      189.3   0.0582   0.733305   |     8.57   0.1790   0.6478   0.121   +0.0423  +0.0053  1.33   (1138s)\n"}
,{"stream_name":"stdout","time":1171.168163281,"data":" 2.35    2.796     33.12   0.00967 0.02631 0.04825 0.09072 0.13206 0.14723 0.14636 0.14929   0.407   0.1807   0.0794    2.28   0.388      173.3   0.0591   0.726490   |     8.40   0.1813   0.6228   0.132   +0.0283  +0.0031  1.36   (1161s)\n"}
,{"stream_name":"stdout","time":1194.406681103,"data":" 2.40    2.769     32.81   0.01050 0.02761 0.04950 0.09210 0.13352 0.14558 0.14591 0.14767   0.396   0.1773   0.0754    2.35   0.425      156.7   0.0601   0.719739   |     8.20   0.1791   0.6026   0.139   +0.0051  -0.0010  1.42   (1184s)\n"}
,{"stream_name":"stdout","time":1194.423725057,"data":"\n"}
,{"stream_name":"stdout","time":1194.42377036,"data":"C26 Lagrangian: gap 0.2671 -\u003e 0.1538 (min at t = 1.60, inside the clock 2.40); linear fit T* = 1.99, lambda = 0.99; jump 1.0625 at seed -\u003e max 1.1184 before the merge (x1.05); material |w| 13.2 -\u003e 14.0\n"}
,{"stream_name":"stdout","time":1194.423777073,"data":"C29 who closes the gap: on the descent the measured closing rate (u) is -0.1978 median (finite-difference of the gap -0.2053), the self-induced rate (u_H) -0.1113: self-induced share 0.54\n"}
,{"stream_name":"stdout","time":1194.423782305,"data":"REGISTERED C29: between (share 0.54)\n"}
,{"stream_name":"stdout","time":1194.423786836,"data":"flipped fluid sits at 1.06 of the gap from the other sheet (median over the post-merge rows): threads beside them\n"}
,{"stream_name":"stdout","time":1194.423792183,"data":"C28 flip: fraction of tagged particles with reversed omega . xi_ref: 0.000 at seed -\u003e 0.000 at the merge -\u003e 0.139 at the clock; gap after the merge re-opens, no second closing inside the clock\n"}
,{"stream_name":"stdout","time":1194.423797369,"data":"REGISTERED C28: between\n"}
,{"stream_name":"stdout","time":1194.42380178,"data":"REGISTERED C26: PASS: linear closing, bounded jump\n"}
,{"stream_name":"stdout","time":1194.423806304,"data":"\n"}
,{"stream_name":"stdout","time":1194.423810439,"data":"C22 descent: separation -\u003e peak twist, peak time (clock expires at t = 2.40)\n"}
,{"stream_name":"stdout","time":1194.423814744,"data":"   sep 0.05   peak 0.02799 at t = 1.70\n"}
,{"stream_name":"stdout","time":1194.423819297,"data":"   sep 0.07   peak 0.06508 at t = 1.65\n"}
,{"stream_name":"stdout","time":1194.423834057,"data":"   sep 0.10   peak 0.11001 at t = 1.60\n"}
,{"stream_name":"stdout","time":1194.423837369,"data":"   sep 0.14   peak 0.20333 at t = 1.50\n"}
,{"stream_name":"stdout","time":1194.423840901,"data":"   sep 0.20   peak 0.32384 at t = 1.40\n"}
,{"stream_name":"stdout","time":1194.423843922,"data":"   sep 0.28   peak 0.42046 at t = 1.25\n"}
,{"stream_name":"stdout","time":1194.423847243,"data":"   sep 0.40   peak 0.49716 at t = 0.95\n"}
,{"stream_name":"stdout","time":1194.423850315,"data":"   sep 0.56   peak 0.45756 at t = 0.70\n"}
,{"stream_name":"stdout","time":1194.423853419,"data":"   halving times (time for the wave to descend one octave), from resolved peaks only:\n"}
,{"stream_name":"stdout","time":1194.423857157,"data":"      0.56 -\u003e 0.40 : 0.25  per octave 0.52\n"}
,{"stream_name":"stdout","time":1194.42386075,"data":"      0.40 -\u003e 0.28 : 0.30  per octave 0.58\n"}
,{"stream_name":"stdout","time":1194.423863843,"data":"      0.28 -\u003e 0.20 : 0.15  per octave 0.31\n"}
,{"stream_name":"stdout","time":1194.423867265,"data":"      0.20 -\u003e 0.14 : 0.10  per octave 0.19\n"}
,{"stream_name":"stdout","time":1194.423870504,"data":"      0.14 -\u003e 0.10 : 0.10  per octave 0.21\n"}
,{"stream_name":"stdout","time":1194.423873717,"data":"      0.10 -\u003e 0.07 : 0.05  per octave 0.10\n"}
,{"stream_name":"stdout","time":1194.423877537,"data":"      0.07 -\u003e 0.05 : 0.05  per octave 0.10\n"}
,{"stream_name":"stdout","time":1194.423883844,"data":"   V: gap = 0.501 (1.79 - t) from sep \u003e= 0.1, T* = 1.79; thickness e-fold 1.18 fitted on t in [0.40, 1.60]; arms meet at t = 1.69, scale 0.052, sqrt(nu/s) there 0.051 (inside the clock)\n"}
,{"stream_name":"stdout","time":1194.423887672,"data":"\n"}
,{"stream_name":"stdout","time":1194.423890937,"data":"clock expires at t = 2.40 (delta 0.0601); strong twist peak 0.11001 at t = 1.60, at the clock 0.04950 (fall 55%); max|w| growth to the clock 4.58x\n"}
,{"stream_name":"stdout","time":1194.423894467,"data":"race variable ell/ell_nu min inside the clock = 2.22 (at t = 2.30); cut fraction at the clock 0.425\n"}
,{"stream_name":"stdout","time":1194.423898849,"data":"C21: Re_seam at the twist peak (t = 1.60) = 211.4; twist peak 0.11001; max|w| at the peak 29.1\n"}
,{"stream_name":"stdout","time":1194.423902137,"data":"REGISTERED C20 at nu=0.002: between (see rows)\n"}
,{"stream_name":"stdout","time":1196.122275239,"data":"=== IC=found NU=1e-3 T=1.8 N=320 LAGR=1 TSEED=1.0 -\u003e /kaggle/working/seam_ICfound_NU1e-3_T1.8_N320_LAGR1_TSEED1.0.txt\n"}
,{"stream_name":"stdout","time":1199.13921151,"data":"seam race on GPU: IC=found  N=320^3  nu=0.001  T=1.8  Z0=0.375  clock 2dx=0.0393  device=cuda  FORCE=0 (steady)\n"}
,{"stream_name":"stdout","time":1200.55443171,"data":"   t     Z/Z0    max|w|   twist@0.05 @0.07 @0.1 @0.14 @0.2 @0.28 @0.4 @0.56   anti    ell     ell_nu   race   cut    Re_seam   delta     E/E0   | material|w|  gap   jump   flip   dgap/dt(u) dgap/dt(self)  flipped@\n"}
,{"stream_name":"stdout","time":1200.554477055,"data":" 0.00    1.000      7.16   0.00000 0.00000 0.00000 0.00001 0.00008 0.00080 0.00821 0.06609   0.000   0.6366   0.1843    3.45   0.000     1821.5   (tail empty)   1.000000   (1s)\n"}
,{"stream_name":"stdout","time":1223.074315986,"data":" 0.05    1.020      7.41   0.00000 0.00000 0.00000 0.00001 0.00009 0.00091 0.00974 0.07703   0.000   0.6342   0.0850    7.46   0.000     1857.2   (tail empty)   0.998776   (24s)\n"}
,{"stream_name":"stdout","time":1245.698626897,"data":" 0.10    1.048      8.18   0.00000 0.00000 0.00000 0.00001 0.00011 0.00127 0.01326 0.09528   0.000   0.6314   0.0624   10.12   0.000     2013.7   (tail empty)   0.997522   (47s)\n"}
,{"stream_name":"stdout","time":1270.529761139,"data":" 0.15    1.086      8.96   0.00000 0.00000 0.00000 0.00001 0.00017 0.00216 0.01989 0.12140   0.000   0.5923   0.0517   11.46   0.000     1936.9   (tail empty)   0.996229   (71s)\n"}
,{"stream_name":"stdout","time":1295.339051237,"data":" 0.20    1.132      9.74   0.00000 0.00000 0.00000 0.00002 0.00036 0.00398 0.03064 0.15471   0.000   0.5244   0.0459   11.44   0.000     1656.4   (tail empty)   0.994884   (96s)\n"}
,{"stream_name":"stdout","time":1320.136253092,"data":" 0.25    1.187     10.47   0.00000 0.00000 0.00000 0.00004 0.00077 0.00703 0.04654 0.19319   0.000   0.4690   0.0420   11.18   0.000     1434.3   (tail empty)   0.993478   (121s)\n"}
,{"stream_name":"stdout","time":1344.936968418,"data":" 0.30    1.251     11.17   0.00000 0.00000 0.00001 0.00010 0.00147 0.01156 0.06843 0.23425   0.000   0.4310   0.0397   10.85   0.000     1306.3   (tail empty)   0.992001   (146s)\n"}
,{"stream_name":"stdout","time":1369.745421722,"data":" 0.35    1.323     12.22   0.00000 0.00000 0.00001 0.00020 0.00250 0.01811 0.09617 0.27567   0.000   0.3983   0.0382   10.42   0.000     1225.8   (tail empty)   0.990441   (171s)\n"}
,{"stream_name":"stdout","time":1394.563051788,"data":" 0.40    1.402     13.42   0.00000 0.00000 0.00003 0.00037 0.00393 0.02701 0.12871 0.31590   0.000   0.3674   0.0374    9.83   0.000     1139.5   0.1906   0.988789   (195s)\n"}
,{"stream_name":"stdout","time":1419.387806676,"data":" 0.45    1.489     14.67   0.00000 0.00001 0.00005 0.00059 0.00601 0.03821 0.16447 0.35377   0.000   0.3429   0.0372    9.22   0.000     1079.0   0.1659   0.987036   (220s)\n"}
,{"stream_name":"stdout","time":1441.857851232,"data":" 0.50    1.584     15.92   0.00000 0.00001 0.00008 0.00091 0.00893 0.05147 0.20190 0.38804   0.000   0.3239   0.0377    8.59   0.000     1036.1   0.1429   0.985173   (243s)\n"}
,{"stream_name":"stdout","time":1464.33016539,"data":" 0.55    1.684     17.17   0.00000 0.00002 0.00013 0.00140 0.01278 0.06648 0.23988 0.41743   0.000   0.3091   0.0389    7.94   0.000     1006.4   0.1247   0.983191   (265s)\n"}
,{"stream_name":"stdout","time":1486.807860982,"data":" 0.60    1.791     18.37   0.00000 0.00004 0.00020 0.00214 0.01766 0.08300 0.27757 0.44052   0.000   0.2972   0.0408    7.28   0.000      994.9   0.1106   0.981084   (288s)\n"}
,{"stream_name":"stdout","time":1509.276155189,"data":" 0.65    1.903     19.49   0.00001 0.00006 0.00031 0.00322 0.02365 0.10107 0.31461 0.45564   0.002   0.2922   0.0430    6.79   0.000     1005.8   0.1010   0.978844   (310s)\n"}
,{"stream_name":"stdout","time":1531.741285657,"data":" 0.70    2.020     20.62   0.00001 0.00009 0.00049 0.00471 0.03087 0.12095 0.35114 0.46050   0.007   0.2885   0.0461    6.26   0.000     1040.1   0.0936   0.976465   (333s)\n"}
,{"stream_name":"stdout","time":1554.234610504,"data":" 0.75    2.141     21.61   0.00002 0.00015 0.00079 0.00672 0.03950 0.14297 0.38773 0.45261   0.016   0.2871   0.0497    5.77   0.000       61.3   0.0872   0.973942   (355s)\n"}
,{"stream_name":"stdout","time":1576.693039817,"data":" 0.80    2.265     22.52   0.00003 0.00025 0.00125 0.00944 0.04990 0.16751 0.42484 0.43128   0.029   0.2831   0.0562    5.03   0.014       73.8   0.0808   0.971270   (378s)\n"}
,{"stream_name":"stdout","time":1599.159388532,"data":" 0.85    2.393     23.30   0.00005 0.00043 0.00197 0.01310 0.06256 0.19528 0.46053 0.39951   0.048   0.2778   0.0628    4.42   0.034       93.1   0.0748   0.968445   (400s)\n"}
,{"stream_name":"stdout","time":1621.613667823,"data":" 0.90    2.523     23.96   0.00009 0.00075 0.00309 0.01813 0.07786 0.22796 0.48617 0.36260   0.075   0.2739   0.0703    3.90   0.058      113.5   0.0694   0.965463   (422s)\n"}
,{"stream_name":"stdout","time":1644.071582451,"data":" 0.95    2.655     24.43   0.00018 0.00131 0.00486 0.02510 0.09635 0.26891 0.49232 0.32595   0.115   0.2695   0.0717    3.76   0.070      134.3   0.0651   0.962322   (445s)\n"}
,{"stream_name":"stdout","time":1666.72104919,"data":"lagrangian: 4000 particles seeded on the high set at t = 1.00; sheets A/B = 2759/1241\n"}
,{"stream_name":"stdout","time":1667.136607043,"data":" 1.00    2.788     24.75   0.00035 0.00226 0.00764 0.03438 0.11947 0.31776 0.48196 0.29348   0.175   0.2640   0.0678    3.90   0.070      162.2   0.0611   0.959020   |    14.24   0.2634   1.0958   0.000   -0.3625  -0.1773    -     (468s)\n"}
,{"stream_name":"stdout","time":1692.721885294,"data":" 1.05    2.923     24.95   0.00069 0.00387 0.01191 0.04638 0.15115 0.36005 0.46095 0.26711   0.234   0.2588   0.0598    4.33   0.090      186.8   0.0581   0.955556   |    14.62   0.2462   1.1250   0.000   -0.3194  -0.1602    -     (494s)\n"}
,{"stream_name":"stdout","time":1718.307397946,"data":" 1.10    3.057     25.10   0.00130 0.00649 0.01801 0.06224 0.19398 0.38740 0.43108 0.25125   0.288   0.2525   0.0547    4.61   0.130      204.9   0.0562   0.951929   |    14.99   0.2319   1.1496   0.000   -0.2957  -0.1471    -     (519s)\n"}
,{"stream_name":"stdout","time":1746.297637454,"data":" 1.15    3.192     25.32   0.00238 0.01045 0.02639 0.08517 0.23754 0.40501 0.39856 0.25546   0.340   0.2423   0.0485    5.00   0.180      223.4   0.0541   0.948139   |    15.36   0.2176   1.1440   0.000   -0.2628  -0.1306    -     (547s)\n"}
,{"stream_name":"stdout","time":1776.670926517,"data":" 1.20    3.327     25.67   0.00414 0.01611 0.03828 0.11666 0.27324 0.41479 0.37761 0.25617   0.397   0.2284   0.0440    5.19   0.215      242.4   0.0535   0.944185   |    15.73   0.2033   1.1463   0.000   -0.2485  -0.1283    -     (578s)\n"}
,{"stream_name":"stdout","time":1807.044605884,"data":" 1.25    3.462     26.13   0.00688 0.02435 0.05532 0.15061 0.30396 0.41959 0.35631 0.24638   0.458   0.2136   0.0377    5.66   0.252      252.6   0.0504   0.940067   |    16.05   0.1931   1.1555   0.000   -0.2270  -0.1208    -     (608s)\n"}
,{"stream_name":"stdout","time":1839.806152541,"data":" 1.30    3.597     26.70   0.01105 0.03582 0.07643 0.18217 0.33043 0.41220 0.32901 0.23664   0.519   0.1982   0.0341    5.82   0.272      264.2   0.0471   0.935786   |    16.26   0.1808   1.1698   0.000   -0.1958  -0.1111    -     (641s)\n"}
,{"stream_name":"stdout","time":1872.557418441,"data":" 1.35    3.732     27.42   0.01688 0.04989 0.09894 0.21100 0.34502 0.38986 0.30421 0.22703   0.579   0.1862   0.0316    5.89   0.275      288.2   0.0451   0.931340   |    16.32   0.1703   1.1661   0.000   -0.1876  -0.1180    -     (673s)\n"}
,{"stream_name":"stdout","time":1905.312803531,"data":" 1.40    3.865     28.80   0.02413 0.06560 0.12156 0.23472 0.34393 0.36345 0.28843 0.22049   0.637   0.1791   0.0295    6.08   0.261      317.6   0.0455   0.926732   |    16.27   0.1636   1.1711   0.000   -0.1763  -0.1083    -     (706s)\n"}
,{"stream_name":"stdout","time":1935.689687604,"data":" 1.45    3.997     32.04   0.03302 0.08281 0.14356 0.25004 0.33310 0.33603 0.27454 0.21715   0.677   0.1824   0.0311    5.87   0.208      418.0   0.0462   0.921962   |    16.24   0.1576   1.1644   0.000   -0.1336  -0.0849    -     (737s)\n"}
,{"stream_name":"stdout","time":1966.068788507,"data":" 1.50    4.126     35.48   0.04413 0.10107 0.16279 0.25655 0.31644 0.30875 0.25406 0.20730   0.711   0.1847   0.0318    5.80   0.165      505.8   0.0464   0.917035   |    16.12   0.1535   1.1293   0.000   -0.0978  -0.0620    -     (767s)\n"}
,{"stream_name":"stdout","time":1996.443104192,"data":" 1.55    4.250     38.57   0.05705 0.11787 0.17629 0.25556 0.29507 0.28184 0.23206 0.19213   0.729   0.1871   0.0323    5.78   0.155      577.1   0.0461   0.911954   |    15.88   0.1515   1.0875   0.000   -0.0944  -0.0489    -     (797s)\n"}
,{"stream_name":"stdout","time":2024.425237006,"data":" 1.60    4.365     44.76   0.06968 0.12988 0.18201 0.24913 0.27111 0.25320 0.21006 0.17333   0.728   0.1798   0.0319    5.65   0.143      593.6   0.0464   0.906727   |    15.65   0.1494   1.0330   0.001   -0.0745  -0.0340    -     (825s)\n"}
,{"stream_name":"stdout","time":2052.418864989,"data":" 1.65    4.467     54.03   0.07856 0.13474 0.18128 0.23527 0.24310 0.22499 0.18657 0.15529   0.745   0.1433   0.0338    4.24   0.138      433.4   0.0462   0.901368   |    15.27   0.1477   0.9863   0.004   -0.0474  -0.0196    -     (853s)\n"}
,{"stream_name":"stdout","time":2080.420784054,"data":" 1.70    4.553     67.55   0.08159 0.13197 0.17159 0.21101 0.21251 0.19703 0.16564 0.14008   0.837   0.0887   0.0278    3.20   0.085      253.9   0.0437   0.895895   |    14.82   0.1482   0.9402   0.005   -0.0467  -0.0105    -     (881s)\n"}
,{"stream_name":"stdout","time":2106.025873504,"data":" 1.75    4.621     77.00   0.07940 0.12088 0.15430 0.18391 0.18729 0.17554 0.15044 0.12641   0.902   0.0768   0.0219    3.51   0.163      212.2   0.0398   0.890328   |    14.50   0.1489   0.9190   0.007   -0.0234  -0.0067    -     (907s)\n"}
,{"stream_name":"stdout","time":2131.639310666,"data":" 1.80    4.672     82.19   0.07385 0.10696 0.13570 0.16345 0.17296 0.16363 0.14041 0.11889   0.938   0.0811   0.0193    4.20   0.175      274.3   0.0377   0.884689  \u003c-- past the clock   |    14.10   0.1513   0.8891   0.010   -0.0112  -0.0049  0.68   (932s)\n"}
,{"stream_name":"stdout","time":2131.649304714,"data":"\n"}
,{"stream_name":"stdout","time":2131.649327608,"data":"C26 Lagrangian: gap 0.2634 -\u003e 0.1477 (min at t = 1.65, inside the clock 1.75); linear fit T* = 1.95, lambda = 0.99; jump 1.0958 at seed -\u003e max 1.1711 before the merge (x1.07); material |w| 14.2 -\u003e 16.3\n"}
,{"stream_name":"stdout","time":2131.649335697,"data":"C29 who closes the gap: on the descent the measured closing rate (u) is -0.1958 median (finite-difference of the gap -0.1927), the self-induced rate (u_H) -0.1180: self-induced share 0.52\n"}
,{"stream_name":"stdout","time":2131.649341975,"data":"REGISTERED C29: between (share 0.52)\n"}
,{"stream_name":"stdout","time":2131.649347829,"data":"C28 flip: fraction of tagged particles with reversed omega . xi_ref: 0.000 at seed -\u003e 0.004 at the merge -\u003e 0.007 at the clock; gap after the merge no rows after the merge inside the clock\n"}
,{"stream_name":"stdout","time":2131.649354606,"data":"REGISTERED C28: KILL: clean cut (flip 0.007)\n"}
,{"stream_name":"stdout","time":2131.649360841,"data":"REGISTERED C26: PASS: linear closing, bounded jump\n"}
,{"stream_name":"stdout","time":2131.649366092,"data":"\n"}
,{"stream_name":"stdout","time":2131.649372937,"data":"C22 descent: separation -\u003e peak twist, peak time (clock expires at t = 1.75)\n"}
,{"stream_name":"stdout","time":2131.649381846,"data":"   sep 0.05   peak 0.08159 at t = 1.70\n"}
,{"stream_name":"stdout","time":2131.649385349,"data":"   sep 0.07   peak 0.13474 at t = 1.65\n"}
,{"stream_name":"stdout","time":2131.649388922,"data":"   sep 0.10   peak 0.18201 at t = 1.60\n"}
,{"stream_name":"stdout","time":2131.649392296,"data":"   sep 0.14   peak 0.25655 at t = 1.50\n"}
,{"stream_name":"stdout","time":2131.649395617,"data":"   sep 0.20   peak 0.34502 at t = 1.35\n"}
,{"stream_name":"stdout","time":2131.649398952,"data":"   sep 0.28   peak 0.41959 at t = 1.25\n"}
,{"stream_name":"stdout","time":2131.649402269,"data":"   sep 0.40   peak 0.49232 at t = 0.95\n"}
,{"stream_name":"stdout","time":2131.649405623,"data":"   sep 0.56   peak 0.46050 at t = 0.70\n"}
,{"stream_name":"stdout","time":2131.649409094,"data":"   halving times (time for the wave to descend one octave), from resolved peaks only:\n"}
,{"stream_name":"stdout","time":2131.64941249,"data":"      0.56 -\u003e 0.40 : 0.25  per octave 0.52\n"}
,{"stream_name":"stdout","time":2131.649415885,"data":"      0.40 -\u003e 0.28 : 0.30  per octave 0.58\n"}
,{"stream_name":"stdout","time":2131.649451408,"data":"      0.28 -\u003e 0.20 : 0.10  per octave 0.21\n"}
,{"stream_name":"stdout","time":2131.649456902,"data":"      0.20 -\u003e 0.14 : 0.15  per octave 0.29\n"}
,{"stream_name":"stdout","time":2131.649461429,"data":"      0.14 -\u003e 0.10 : 0.10  per octave 0.21\n"}
,{"stream_name":"stdout","time":2131.649466036,"data":"      0.10 -\u003e 0.07 : 0.05  per octave 0.10\n"}
,{"stream_name":"stdout","time":2131.64947074,"data":"      0.07 -\u003e 0.05 : 0.05  per octave 0.10\n"}
,{"stream_name":"stdout","time":2131.649610852,"data":"   V: gap = 0.507 (1.78 - t) from sep \u003e= 0.1, T* = 1.78; thickness e-fold 0.88 fitted on t in [0.40, 1.60]; arms meet at t = 1.72, scale 0.031, sqrt(nu/s) there 0.028 (inside the clock)\n"}
,{"stream_name":"stdout","time":2131.649621604,"data":"\n"}
,{"stream_name":"stdout","time":2131.649625752,"data":"clock expires at t = 1.75 (delta 0.0398); strong twist peak 0.18201 at t = 1.60, at the clock 0.15430 (fall 15%); max|w| growth to the clock 10.76x\n"}
,{"stream_name":"stdout","time":2131.649630225,"data":"race variable ell/ell_nu min inside the clock = 3.20 (at t = 1.70); cut fraction at the clock 0.163\n"}
,{"stream_name":"stdout","time":2131.649645412,"data":"C21: Re_seam at the twist peak (t = 1.60) = 593.6; twist peak 0.18201; max|w| at the peak 44.8\n"}
,{"stream_name":"stdout","time":2131.649649998,"data":"REGISTERED C20 at nu=0.001: between (see rows)\n"}
,{"stream_name":"stderr","time":2134.649548921,"data":"/usr/local/lib/python3.12/dist-packages/mistune.py:435: SyntaxWarning: invalid escape sequence '\\|'\n"}
,{"stream_name":"stderr","time":2134.649617491,"data":"  cells[i][c] = re.sub('\\\\\\\\\\|', '|', cell)\n"}
,{"stream_name":"stderr","time":2134.907312187,"data":"/usr/local/lib/python3.12/dist-packages/nbconvert/filters/filter_links.py:36: SyntaxWarning: invalid escape sequence '\\_'\n"}
,{"stream_name":"stderr","time":2134.907341354,"data":"  text = re.sub(r'_', '\\_', text) # Escape underscores in display text\n"}
,{"stream_name":"stderr","time":2135.539954597,"data":"[NbConvertApp] Converting notebook __script__.ipynb to html\n"}
,{"stream_name":"stderr","time":2136.906921905,"data":"[NbConvertApp] Writing 480419 bytes to __results__.html\n"}
]