[{"stream_name":"stdout","time":11.935702705,"data":"=== IC=found NU=2e-3 T=2.4 LAGR=1 TSEED=1.0 -\u003e /kaggle/working/seam_ICfound_NU2e-3_T2.4_LAGR1_TSEED1.0.txt\n"}
,{"stream_name":"stdout","time":14.854166257,"data":"found field at /kaggle/input/datasets/anushreekaushal/zef-found/leashed64_dmin030.npz\n"}
,{"stream_name":"stdout","time":15.644652405,"data":"seam race on GPU: IC=found  N=256^3  nu=0.002  T=2.4  Z0=0.375  clock 2dx=0.0491  device=cuda  FORCE=0\n"}
,{"stream_name":"stdout","time":17.231364662,"data":"   t     Z/Z0    max|w|   twist@0.05 @0.07 @0.1 @0.14 @0.2 @0.28 @0.4 @0.56   anti    ell     ell_nu   race   cut    Re_seam   delta     E/E0   | material|w|  gap   jump\n"}
,{"stream_name":"stdout","time":17.231402083,"data":" 0.00    1.000      7.16   0.00000 0.00000 0.00000 0.00001 0.00008 0.00071 0.00821 0.06333   0.000   0.6364   0.2607    2.44   0.000      910.1   (tail empty)   1.000000   (2s)\n"}
,{"stream_name":"stdout","time":26.540199014,"data":" 0.05    1.018      7.40   0.00000 0.00000 0.00000 0.00001 0.00009 0.00080 0.00973 0.07379   0.000   0.6340   0.1204    5.26   0.000      927.5   (tail empty)   0.997554   (11s)\n"}
,{"stream_name":"stdout","time":37.05431944,"data":" 0.10    1.045      8.16   0.00000 0.00000 0.00000 0.00001 0.00011 0.00111 0.01322 0.09135   0.000   0.6315   0.0884    7.14   0.000     1006.5   (tail empty)   0.995053   (21s)\n"}
,{"stream_name":"stdout","time":47.539051868,"data":" 0.15    1.080      8.92   0.00000 0.00000 0.00000 0.00002 0.00017 0.00189 0.01974 0.11661   0.000   0.5934   0.0734    8.08   0.000      967.1   (tail empty)   0.992478   (32s)\n"}
,{"stream_name":"stdout","time":57.997665032,"data":" 0.20    1.123      9.68   0.00000 0.00000 0.00000 0.00003 0.00036 0.00348 0.03029 0.14902   0.000   0.5265   0.0652    8.08   0.000      829.5   (tail empty)   0.989807   (42s)\n"}
,{"stream_name":"stdout","time":68.4290472,"data":" 0.25    1.175     10.38   0.00000 0.00000 0.00000 0.00008 0.00075 0.00618 0.04579 0.18672   0.000   0.4709   0.0597    7.89   0.000      715.8   (tail empty)   0.987021   (53s)\n"}
,{"stream_name":"stdout","time":78.860930593,"data":" 0.30    1.234     11.06   0.00000 0.00000 0.00000 0.00017 0.00143 0.01017 0.06703 0.22726   0.000   0.4333   0.0565    7.66   0.000      653.1   0.2633   0.984101   (63s)\n"}
,{"stream_name":"stdout","time":89.254660378,"data":" 0.35    1.300     12.04   0.00000 0.00000 0.00001 0.00033 0.00241 0.01589 0.09385 0.26845   0.000   0.4020   0.0544    7.39   0.000      614.9   0.2317   0.981029   (74s)\n"}
,{"stream_name":"stdout","time":99.65658876,"data":" 0.40    1.373     13.17   0.00000 0.00000 0.00002 0.00057 0.00377 0.02369 0.12527 0.30874   0.000   0.3718   0.0532    6.99   0.000      573.8   0.2067   0.977788   (84s)\n"}
,{"stream_name":"stdout","time":110.076566674,"data":" 0.45    1.452     14.30   0.00000 0.00000 0.00005 0.00090 0.00571 0.03355 0.15986 0.34695   0.000   0.3478   0.0529    6.57   0.000      540.8   0.1835   0.974363   (94s)\n"}
,{"stream_name":"stdout","time":120.504672265,"data":" 0.50    1.536     15.45   0.00000 0.00001 0.00008 0.00135 0.00839 0.04530 0.19624 0.38192   0.000   0.3282   0.0536    6.13   0.000      517.0   0.1627   0.970739   (105s)\n"}
,{"stream_name":"stdout","time":130.941334586,"data":" 0.55    1.625     16.56   0.00000 0.00001 0.00012 0.00204 0.01191 0.05871 0.23346 0.41241   0.000   0.3143   0.0551    5.71   0.000      502.5   0.1446   0.966905   (115s)\n"}
,{"stream_name":"stdout","time":140.155093915,"data":" 0.60    1.718     17.57   0.00000 0.00002 0.00019 0.00302 0.01632 0.07362 0.27087 0.43708   0.000   0.3027   0.0574    5.27   0.000      490.3   0.1321   0.962851   (125s)\n"}
,{"stream_name":"stdout","time":149.365071142,"data":" 0.65    1.813     18.60   0.00000 0.00003 0.00028 0.00437 0.02169 0.09008 0.30814 0.45436   0.001   0.2968   0.0602    4.93   0.000      501.3   0.1221   0.958569   (134s)\n"}
,{"stream_name":"stdout","time":158.570289749,"data":" 0.70    1.911     19.48   0.00000 0.00005 0.00042 0.00613 0.02810 0.10847 0.34531 0.46229   0.004   0.2933   0.0642    4.57   0.000      512.9   0.1136   0.954051   (143s)\n"}
,{"stream_name":"stdout","time":167.772129284,"data":" 0.75    2.010     20.29   0.00000 0.00008 0.00064 0.00840 0.03571 0.12924 0.38258 0.45877   0.010   0.2936   0.0691    4.25   0.000      533.1   0.1063   0.949295   (152s)\n"}
,{"stream_name":"stdout","time":177.026872607,"data":" 0.80    2.109     21.05   0.00000 0.00012 0.00097 0.01130 0.04487 0.15289 0.41982 0.44277   0.018   0.2933   0.0743    3.95   0.030       33.9   0.1001   0.944298   (161s)\n"}
,{"stream_name":"stdout","time":186.22681374,"data":" 0.85    2.208     21.67   0.00001 0.00020 0.00146 0.01502 0.05614 0.18002 0.45528 0.41600   0.029   0.2954   0.0824    3.58   0.097       40.4   0.0948   0.939060   (171s)\n"}
,{"stream_name":"stdout","time":195.430132477,"data":" 0.90    2.306     22.20   0.00001 0.00032 0.00217 0.01994 0.07014 0.21165 0.48350 0.38272   0.044   0.2963   0.0922    3.22   0.146       47.3   0.0897   0.933584   (180s)\n"}
,{"stream_name":"stdout","time":204.633864042,"data":" 0.95    2.401     22.57   0.00003 0.00052 0.00323 0.02662 0.08753 0.24926 0.49717 0.34789   0.067   0.2962   0.0979    3.03   0.203       54.4   0.0854   0.927874   (189s)\n"}
,{"stream_name":"stdout","time":214.499964753,"data":"lagrangian: 4000 particles seeded on the high set at t = 1.00; sheets A/B = 2840/1160\n"}
,{"stream_name":"stdout","time":214.644700331,"data":" 1.00    2.494     22.79   0.00005 0.00085 0.00479 0.03563 0.10938 0.29281 0.49432 0.31567   0.102   0.2917   0.0960    3.04   0.285       62.8   0.0831   0.921935   |    13.10   0.2700   1.0098   (199s)\n"}
,{"stream_name":"stdout","time":224.065419052,"data":" 1.05    2.583     22.88   0.00009 0.00137 0.00716 0.04768 0.13748 0.33638 0.47865 0.28868   0.150   0.2850   0.0893    3.19   0.356       73.1   0.0805   0.915776   |    13.33   0.2545   1.0250   (208s)\n"}
,{"stream_name":"stdout","time":234.726488163,"data":" 1.10    2.668     22.85   0.00015 0.00220 0.01074 0.06387 0.17278 0.37112 0.45347 0.26985   0.199   0.2779   0.0816    3.41   0.402       82.2   0.0780   0.909405   |    13.52   0.2389   1.0497   (219s)\n"}
,{"stream_name":"stdout","time":245.3866274,"data":" 1.15    2.749     22.72   0.00028 0.00355 0.01607 0.08561 0.21162 0.39487 0.42312 0.26450   0.243   0.2684   0.0729    3.68   0.432       93.7   0.0771   0.902832   |    13.61   0.2260   1.0632   (230s)\n"}
,{"stream_name":"stdout","time":257.289585309,"data":" 1.20    2.825     22.63   0.00050 0.00574 0.02381 0.11263 0.24754 0.40953 0.39598 0.26702   0.291   0.2603   0.0653    3.99   0.444      104.7   0.0746   0.896069   |    13.71   0.2130   1.0765   (242s)\n"}
,{"stream_name":"stdout","time":269.191743821,"data":" 1.25    2.896     22.72   0.00093 0.00917 0.03447 0.14165 0.27775 0.41626 0.37469 0.26210   0.343   0.2494   0.0607    4.11   0.443      113.0   0.0704   0.889126   |    13.82   0.2001   1.0852   (254s)\n"}
,{"stream_name":"stdout","time":281.096832407,"data":" 1.30    2.962     23.04   0.00167 0.01404 0.04759 0.16914 0.30223 0.41427 0.35163 0.25199   0.394   0.2371   0.0568    4.17   0.433      123.8   0.0680   0.882017   |    13.77   0.1896   1.0977   (265s)\n"}
,{"stream_name":"stdout","time":293.000374085,"data":" 1.35    3.023     23.52   0.00273 0.02007 0.06172 0.19313 0.31884 0.40082 0.32585 0.24157   0.446   0.2277   0.0519    4.39   0.407      139.1   0.0681   0.874755   |    13.76   0.1793   1.0835   (277s)\n"}
,{"stream_name":"stdout","time":304.902673682,"data":" 1.40    3.077     24.07   0.00406 0.02664 0.07547 0.21179 0.32387 0.37729 0.30157 0.23064   0.491   0.2170   0.0505    4.29   0.363      164.7   0.0688   0.867353   |    13.71   0.1703   1.0888   (289s)\n"}
,{"stream_name":"stdout","time":316.803521353,"data":" 1.45    3.124     24.63   0.00560 0.03336 0.08802 0.22301 0.31714 0.34943 0.28310 0.22158   0.533   0.2087   0.0510    4.09   0.331      183.5   0.0689   0.859829   |    13.61   0.1616   1.0637   (301s)\n"}
,{"stream_name":"stdout","time":328.704038649,"data":" 1.50    3.163     25.11   0.00739 0.04013 0.09864 0.22602 0.30263 0.32106 0.26632 0.21506   0.566   0.2049   0.0511    4.01   0.337      191.4   0.0689   0.852200   |    13.48   0.1564   1.0418   (313s)\n"}
,{"stream_name":"stdout","time":340.604822859,"data":" 1.55    3.191     26.55   0.00950 0.04658 0.10621 0.22205 0.28423 0.29461 0.24670 0.20528   0.591   0.2043   0.0521    3.92   0.350      206.5   0.0684   0.844490   |    13.23   0.1524   1.0231   (325s)\n"}
,{"stream_name":"stdout","time":351.263434273,"data":" 1.60    3.209     28.99   0.01170 0.05176 0.10981 0.21376 0.26412 0.27033 0.22743 0.19203   0.610   0.2072   0.0535    3.87   0.374      223.8   0.0692   0.836722   |    12.91   0.1512   0.9815   (336s)\n"}
,{"stream_name":"stdout","time":361.920729931,"data":" 1.65    3.214     31.99   0.01347 0.05440 0.10924 0.20321 0.24394 0.24645 0.20944 0.17723   0.619   0.2051   0.0529    3.88   0.402      229.1   0.0689   0.828927   |    12.51   0.1501   0.9339   (346s)\n"}
,{"stream_name":"stdout","time":372.578368802,"data":" 1.70    3.207     35.12   0.01410 0.05415 0.10599 0.19051 0.22247 0.22438 0.19299 0.16418   0.602   0.2024   0.0524    3.86   0.438      233.8   0.0660   0.821135   |    12.11   0.1515   0.9026   (357s)\n"}
,{"stream_name":"stdout","time":383.236393337,"data":" 1.75    3.188     38.96   0.01367 0.05231 0.10125 0.17478 0.20092 0.20593 0.18040 0.15492   0.555   0.2145   0.0658    3.26   0.426      255.7   0.0619   0.813375   |    11.66   0.1544   0.8701   (368s)\n"}
,{"stream_name":"stdout","time":392.65219663,"data":" 1.80    3.161     41.14   0.01283 0.04969 0.09440 0.15778 0.18321 0.19230 0.17218 0.14720   0.503   0.2226   0.0858    2.59   0.397      275.1   0.0587   0.805672   |    11.11   0.1567   0.8340   (377s)\n"}
,{"stream_name":"stdout","time":403.309440392,"data":" 1.85    3.127     41.34   0.01200 0.04606 0.08538 0.14288 0.17093 0.18347 0.16595 0.14078   0.496   0.2207   0.0924    2.39   0.406      251.2   0.0572   0.798043   |    10.66   0.1580   0.8180   (388s)\n"}
,{"stream_name":"stdout","time":413.968130282,"data":" 1.90    3.091     39.51   0.01087 0.04122 0.07572 0.13151 0.16297 0.17787 0.16079 0.13752   0.506   0.2060   0.0827    2.49   0.444      216.9   0.0572   0.790498   |    10.34   0.1621   0.8072   (398s)\n"}
,{"stream_name":"stdout","time":424.627352661,"data":" 1.95    3.052     37.37   0.00930 0.03580 0.06719 0.12328 0.15732 0.17371 0.15640 0.13666   0.493   0.1970   0.0687    2.87   0.467      200.3   0.0576   0.783045   |    10.03   0.1640   0.7926   (409s)\n"}
,{"stream_name":"stdout","time":435.285766309,"data":" 2.00    3.014     35.99   0.00766 0.03084 0.06045 0.11717 0.15249 0.16978 0.15357 0.13622   0.466   0.1936   0.0611    3.17   0.475      184.8   0.0579   0.775686   |     9.61   0.1636   0.7600   (420s)\n"}
,{"stream_name":"stdout","time":445.943006769,"data":" 2.05    2.976     36.69   0.00637 0.02695 0.05538 0.11250 0.14796 0.16548 0.15278 0.13556   0.416   0.1871   0.0576    3.25   0.431      178.6   0.0581   0.768420   |     9.38   0.1657   0.7354   (430s)\n"}
,{"stream_name":"stdout","time":456.60131217,"data":" 2.10    2.941     37.12   0.00542 0.02406 0.05156 0.10868 0.14345 0.16092 0.15310 0.13579   0.387   0.1884   0.0615    3.07   0.397      165.5   0.0585   0.761242   |     9.11   0.1685   0.7163   (441s)\n"}
,{"stream_name":"stdout","time":467.260383854,"data":" 2.15    2.908     36.43   0.00473 0.02195 0.04880 0.10537 0.13910 0.15663 0.15296 0.13822   0.376   0.1851   0.0692    2.68   0.375      170.9   0.0593   0.754147   |     8.88   0.1710   0.6970   (452s)\n"}
,{"stream_name":"stdout","time":477.91810342,"data":" 2.20    2.877     35.11   0.00431 0.02064 0.04717 0.10252 0.13520 0.15330 0.15171 0.14245   0.394   0.1831   0.0789    2.32   0.371      174.3   0.0602   0.747129   |     8.69   0.1731   0.6893   (462s)\n"}
,{"stream_name":"stdout","time":488.576470535,"data":" 2.25    2.849     34.29   0.00414 0.02021 0.04669 0.10041 0.13239 0.15118 0.14977 0.14665   0.405   0.1832   0.0794    2.31   0.359      181.5   0.0613   0.740183   |     8.53   0.1751   0.6820   (473s)\n"}
,{"stream_name":"stdout","time":497.991899779,"data":" 2.30    2.822     33.60   0.00424 0.02062 0.04718 0.09941 0.13139 0.14926 0.14778 0.14919   0.413   0.1798   0.0804    2.23   0.369      179.4   0.0624   0.733303   |     8.45   0.1772   0.6557   (482s)\n"}
,{"stream_name":"stdout","time":507.408840359,"data":" 2.35    2.796     33.27   0.00455 0.02159 0.04823 0.09976 0.13214 0.14721 0.14641 0.14958   0.412   0.1787   0.0845    2.12   0.390      165.4   0.0635   0.726487   |     8.34   0.1779   0.6288   (492s)\n"}
,{"stream_name":"stdout","time":516.824869359,"data":" 2.40    2.769     32.92   0.00500 0.02280 0.04953 0.10125 0.13359 0.14563 0.14594 0.14815   0.395   0.1766   0.0780    2.26   0.427      149.3   0.0641   0.719736   |     8.20   0.1774   0.6093   (501s)\n"}
,{"stream_name":"stdout","time":516.83261871,"data":"\n"}
,{"stream_name":"stdout","time":516.832643834,"data":"C26 Lagrangian: gap 0.2700 -\u003e 0.1501 (min at t = 1.65, inside the clock 2.40); linear fit T* = 2.00, lambda = 0.99; jump 1.0098 at seed -\u003e max 1.0977 before the merge (x1.09); material |w| 13.1 -\u003e 13.8\n"}
,{"stream_name":"stdout","time":516.832651553,"data":"REGISTERED C26: PASS: linear closing, bounded jump\n"}
,{"stream_name":"stdout","time":516.832656657,"data":"\n"}
,{"stream_name":"stdout","time":516.832660726,"data":"C22 descent: separation -\u003e peak twist, peak time (clock expires at t = 2.40)\n"}
,{"stream_name":"stdout","time":516.832665747,"data":"   sep 0.05   peak 0.01410 at t = 1.70\n"}
,{"stream_name":"stdout","time":516.832670324,"data":"   sep 0.07   peak 0.05440 at t = 1.65\n"}
,{"stream_name":"stdout","time":516.832674611,"data":"   sep 0.10   peak 0.10981 at t = 1.60\n"}
,{"stream_name":"stdout","time":516.832679193,"data":"   sep 0.14   peak 0.22602 at t = 1.50\n"}
,{"stream_name":"stdout","time":516.832683289,"data":"   sep 0.20   peak 0.32387 at t = 1.40\n"}
,{"stream_name":"stdout","time":516.832687692,"data":"   sep 0.28   peak 0.41626 at t = 1.25\n"}
,{"stream_name":"stdout","time":516.832691786,"data":"   sep 0.40   peak 0.49717 at t = 0.95\n"}
,{"stream_name":"stdout","time":516.832696004,"data":"   sep 0.56   peak 0.46229 at t = 0.70\n"}
,{"stream_name":"stdout","time":516.832700225,"data":"   halving times (time for the wave to descend one octave), from resolved peaks only:\n"}
,{"stream_name":"stdout","time":516.832704628,"data":"      0.56 -\u003e 0.40 : 0.25  per octave 0.52\n"}
,{"stream_name":"stdout","time":516.832708949,"data":"      0.40 -\u003e 0.28 : 0.30  per octave 0.58\n"}
,{"stream_name":"stdout","time":516.832713696,"data":"      0.28 -\u003e 0.20 : 0.15  per octave 0.31\n"}
,{"stream_name":"stdout","time":516.832718203,"data":"      0.20 -\u003e 0.14 : 0.10  per octave 0.19\n"}
,{"stream_name":"stdout","time":516.83272244,"data":"      0.14 -\u003e 0.10 : 0.10  per octave 0.21\n"}
,{"stream_name":"stdout","time":516.832726519,"data":"      0.10 -\u003e 0.07 : 0.05  per octave 0.10\n"}
,{"stream_name":"stdout","time":516.832730851,"data":"      0.07 -\u003e 0.05 : 0.05  per octave 0.10\n"}
,{"stream_name":"stdout","time":516.832735081,"data":"   V: gap = 0.501 (1.79 - t) from sep \u003e= 0.1, T* = 1.79; thickness e-fold 1.02 fitted on t in [0.30, 1.60]; arms meet at t = 1.69, scale 0.049, sqrt(nu/s) there 0.052 (inside the clock)\n"}
,{"stream_name":"stdout","time":516.832752693,"data":"\n"}
,{"stream_name":"stdout","time":516.832756322,"data":"clock expires at t = 2.40 (delta 0.0641); strong twist peak 0.10981 at t = 1.60, at the clock 0.04953 (fall 55%); max|w| growth to the clock 4.60x\n"}
,{"stream_name":"stdout","time":516.832759667,"data":"race variable ell/ell_nu min inside the clock = 2.12 (at t = 2.35); cut fraction at the clock 0.427\n"}
,{"stream_name":"stdout","time":516.832763534,"data":"C21: Re_seam at the twist peak (t = 1.60) = 223.8; twist peak 0.10981; max|w| at the peak 29.0\n"}
,{"stream_name":"stdout","time":516.832767327,"data":"REGISTERED C20 at nu=0.002: between (see rows)\n"}
,{"stream_name":"stdout","time":520.420992172,"data":"=== IC=found NU=1e-3 T=1.8 N=320 LAGR=1 TSEED=1.0 -\u003e /kaggle/working/seam_ICfound_NU1e-3_T1.8_N320_LAGR1_TSEED1.0.txt\n"}
,{"stream_name":"stdout","time":522.881623304,"data":"found field at /kaggle/input/datasets/anushreekaushal/zef-found/leashed64_dmin030.npz\n"}
,{"stream_name":"stdout","time":523.584329846,"data":"seam race on GPU: IC=found  N=320^3  nu=0.001  T=1.8  Z0=0.375  clock 2dx=0.0393  device=cuda  FORCE=0\n"}
,{"stream_name":"stdout","time":524.999325979,"data":"   t     Z/Z0    max|w|   twist@0.05 @0.07 @0.1 @0.14 @0.2 @0.28 @0.4 @0.56   anti    ell     ell_nu   race   cut    Re_seam   delta     E/E0   | material|w|  gap   jump\n"}
,{"stream_name":"stdout","time":524.999366046,"data":" 0.00    1.000      7.16   0.00000 0.00000 0.00000 0.00001 0.00008 0.00080 0.00821 0.06609   0.000   0.6366   0.1843    3.45   0.000     1821.5   (tail empty)   1.000000   (1s)\n"}
,{"stream_name":"stdout","time":547.582590664,"data":" 0.05    1.020      7.41   0.00000 0.00000 0.00000 0.00001 0.00009 0.00091 0.00974 0.07703   0.000   0.6342   0.0850    7.46   0.000     1857.2   (tail empty)   0.998776   (24s)\n"}
,{"stream_name":"stdout","time":570.113338469,"data":" 0.10    1.048      8.18   0.00000 0.00000 0.00000 0.00001 0.00011 0.00127 0.01326 0.09528   0.000   0.6314   0.0624   10.12   0.000     2013.7   (tail empty)   0.997522   (47s)\n"}
,{"stream_name":"stdout","time":595.065600237,"data":" 0.15    1.086      8.96   0.00000 0.00000 0.00000 0.00001 0.00017 0.00216 0.01989 0.12140   0.000   0.5923   0.0517   11.46   0.000     1936.9   (tail empty)   0.996229   (71s)\n"}
,{"stream_name":"stdout","time":620.018842402,"data":" 0.20    1.132      9.74   0.00000 0.00000 0.00000 0.00002 0.00036 0.00398 0.03064 0.15471   0.000   0.5244   0.0459   11.44   0.000     1656.4   (tail empty)   0.994884   (96s)\n"}
,{"stream_name":"stdout","time":644.953344865,"data":" 0.25    1.187     10.47   0.00000 0.00000 0.00000 0.00004 0.00077 0.00703 0.04654 0.19319   0.000   0.4690   0.0420   11.18   0.000     1434.3   (tail empty)   0.993478   (121s)\n"}
,{"stream_name":"stdout","time":669.875294405,"data":" 0.30    1.251     11.17   0.00000 0.00000 0.00001 0.00010 0.00147 0.01156 0.06843 0.23425   0.000   0.4310   0.0397   10.85   0.000     1306.3   (tail empty)   0.992001   (146s)\n"}
,{"stream_name":"stdout","time":694.810799721,"data":" 0.35    1.323     12.22   0.00000 0.00000 0.00001 0.00020 0.00250 0.01811 0.09617 0.27567   0.000   0.3983   0.0382   10.42   0.000     1225.8   (tail empty)   0.990441   (171s)\n"}
,{"stream_name":"stdout","time":719.765849401,"data":" 0.40    1.402     13.42   0.00000 0.00000 0.00003 0.00037 0.00393 0.02701 0.12871 0.31590   0.000   0.3674   0.0374    9.83   0.000     1139.5   0.1906   0.988789   (196s)\n"}
,{"stream_name":"stdout","time":744.714302525,"data":" 0.45    1.489     14.67   0.00000 0.00001 0.00005 0.00059 0.00601 0.03821 0.16447 0.35377   0.000   0.3429   0.0372    9.22   0.000     1079.0   0.1659   0.987036   (221s)\n"}
,{"stream_name":"stdout","time":767.294912706,"data":" 0.50    1.584     15.92   0.00000 0.00001 0.00008 0.00091 0.00893 0.05147 0.20190 0.38804   0.000   0.3239   0.0377    8.59   0.000     1036.1   0.1429   0.985173   (244s)\n"}
,{"stream_name":"stdout","time":789.872583356,"data":" 0.55    1.684     17.17   0.00000 0.00002 0.00013 0.00140 0.01278 0.06648 0.23988 0.41743   0.000   0.3091   0.0389    7.94   0.000     1006.4   0.1247   0.983191   (266s)\n"}
,{"stream_name":"stdout","time":812.451263881,"data":" 0.60    1.791     18.37   0.00000 0.00004 0.00020 0.00214 0.01766 0.08300 0.27757 0.44052   0.000   0.2972   0.0408    7.28   0.000      994.9   0.1106   0.981084   (289s)\n"}
,{"stream_name":"stdout","time":835.030157094,"data":" 0.65    1.903     19.49   0.00001 0.00006 0.00031 0.00322 0.02365 0.10107 0.31461 0.45564   0.002   0.2922   0.0430    6.79   0.000     1005.8   0.1010   0.978844   (311s)\n"}
,{"stream_name":"stdout","time":857.614175427,"data":" 0.70    2.020     20.62   0.00001 0.00009 0.00049 0.00471 0.03087 0.12095 0.35114 0.46050   0.007   0.2885   0.0461    6.26   0.000     1040.1   0.0936   0.976465   (334s)\n"}
,{"stream_name":"stdout","time":880.219951343,"data":" 0.75    2.141     21.61   0.00002 0.00015 0.00079 0.00672 0.03950 0.14297 0.38773 0.45261   0.016   0.2871   0.0497    5.77   0.000       61.3   0.0872   0.973942   (357s)\n"}
,{"stream_name":"stdout","time":902.802590367,"data":" 0.80    2.265     22.52   0.00003 0.00025 0.00125 0.00944 0.04990 0.16751 0.42484 0.43128   0.029   0.2831   0.0562    5.03   0.014       73.8   0.0808   0.971270   (379s)\n"}
,{"stream_name":"stdout","time":925.389980503,"data":" 0.85    2.393     23.30   0.00005 0.00043 0.00197 0.01310 0.06256 0.19528 0.46053 0.39951   0.048   0.2778   0.0628    4.42   0.034       93.1   0.0748   0.968445   (402s)\n"}
,{"stream_name":"stdout","time":947.979855015,"data":" 0.90    2.523     23.96   0.00009 0.00075 0.00309 0.01813 0.07786 0.22796 0.48617 0.36260   0.075   0.2739   0.0703    3.90   0.058      113.5   0.0694   0.965463   (424s)\n"}
,{"stream_name":"stdout","time":970.571266256,"data":" 0.95    2.655     24.43   0.00018 0.00131 0.00486 0.02510 0.09635 0.26891 0.49232 0.32595   0.115   0.2695   0.0717    3.76   0.070      134.3   0.0651   0.962322   (447s)\n"}
,{"stream_name":"stdout","time":993.35738058,"data":"lagrangian: 4000 particles seeded on the high set at t = 1.00; sheets A/B = 2764/1236\n"}
,{"stream_name":"stdout","time":993.498981715,"data":" 1.00    2.788     24.75   0.00035 0.00226 0.00764 0.03438 0.11947 0.31776 0.48196 0.29348   0.175   0.2640   0.0678    3.90   0.070      162.2   0.0611   0.959020   |    14.24   0.2671   1.0825   (470s)\n"}
,{"stream_name":"stdout","time":1018.971338577,"data":" 1.05    2.923     24.95   0.00069 0.00387 0.01191 0.04638 0.15115 0.36005 0.46095 0.26711   0.234   0.2588   0.0598    4.33   0.090      186.8   0.0581   0.955556   |    14.56   0.2489   1.1206   (495s)\n"}
,{"stream_name":"stdout","time":1044.452044031,"data":" 1.10    3.057     25.10   0.00130 0.00649 0.01801 0.06224 0.19398 0.38740 0.43108 0.25125   0.288   0.2525   0.0547    4.61   0.130      204.9   0.0562   0.951929   |    14.90   0.2320   1.1458   (521s)\n"}
,{"stream_name":"stdout","time":1072.338079047,"data":" 1.15    3.192     25.32   0.00238 0.01045 0.02639 0.08517 0.23754 0.40501 0.39856 0.25546   0.340   0.2423   0.0485    5.00   0.180      223.4   0.0541   0.948139   |    15.29   0.2189   1.1595   (549s)\n"}
,{"stream_name":"stdout","time":1102.633479309,"data":" 1.20    3.327     25.67   0.00414 0.01611 0.03828 0.11666 0.27324 0.41479 0.37761 0.25617   0.397   0.2284   0.0440    5.19   0.215      242.4   0.0535   0.944185   |    15.62   0.2072   1.1504   (579s)\n"}
,{"stream_name":"stdout","time":1132.929714945,"data":" 1.25    3.462     26.13   0.00688 0.02435 0.05532 0.15061 0.30396 0.41959 0.35631 0.24638   0.458   0.2136   0.0377    5.66   0.252      252.6   0.0504   0.940067   |    15.91   0.1940   1.1700   (609s)\n"}
,{"stream_name":"stdout","time":1165.633488845,"data":" 1.30    3.597     26.70   0.01105 0.03582 0.07643 0.18217 0.33043 0.41220 0.32901 0.23664   0.519   0.1982   0.0341    5.82   0.272      264.2   0.0471   0.935786   |    16.18   0.1823   1.1698   (642s)\n"}
,{"stream_name":"stdout","time":1198.342114909,"data":" 1.35    3.732     27.42   0.01688 0.04989 0.09894 0.21100 0.34502 0.38986 0.30421 0.22703   0.579   0.1862   0.0316    5.89   0.275      288.2   0.0451   0.931340   |    16.27   0.1716   1.1546   (675s)\n"}
,{"stream_name":"stdout","time":1231.051722745,"data":" 1.40    3.865     28.80   0.02413 0.06560 0.12156 0.23472 0.34393 0.36345 0.28843 0.22049   0.637   0.1791   0.0295    6.08   0.261      317.6   0.0455   0.926732   |    16.18   0.1625   1.1684   (707s)\n"}
,{"stream_name":"stdout","time":1261.352814213,"data":" 1.45    3.997     32.04   0.03302 0.08281 0.14356 0.25004 0.33310 0.33603 0.27454 0.21715   0.677   0.1824   0.0311    5.87   0.208      418.0   0.0462   0.921962   |    16.12   0.1570   1.1664   (738s)\n"}
,{"stream_name":"stdout","time":1291.651902978,"data":" 1.50    4.126     35.48   0.04413 0.10107 0.16279 0.25655 0.31644 0.30875 0.25406 0.20730   0.711   0.1847   0.0318    5.80   0.165      505.8   0.0464   0.917035   |    16.06   0.1538   1.1239   (768s)\n"}
,{"stream_name":"stdout","time":1321.949637583,"data":" 1.55    4.250     38.57   0.05705 0.11787 0.17629 0.25556 0.29507 0.28184 0.23206 0.19213   0.729   0.1871   0.0323    5.78   0.155      577.1   0.0461   0.911954   |    15.88   0.1526   1.0878   (798s)\n"}
,{"stream_name":"stdout","time":1349.84264766,"data":" 1.60    4.365     44.76   0.06968 0.12988 0.18201 0.24913 0.27111 0.25320 0.21006 0.17333   0.728   0.1798   0.0319    5.65   0.143      593.6   0.0464   0.906727   |    15.60   0.1507   1.0520   (826s)\n"}
,{"stream_name":"stdout","time":1377.736983036,"data":" 1.65    4.467     54.03   0.07856 0.13474 0.18128 0.23527 0.24310 0.22499 0.18657 0.15529   0.745   0.1433   0.0338    4.24   0.138      433.4   0.0462   0.901368   |    15.24   0.1502   0.9946   (854s)\n"}
,{"stream_name":"stdout","time":1405.628092001,"data":" 1.70    4.553     67.55   0.08159 0.13197 0.17159 0.21101 0.21251 0.19703 0.16564 0.14008   0.837   0.0887   0.0278    3.20   0.085      253.9   0.0437   0.895895   |    14.88   0.1497   0.9482   (882s)\n"}
,{"stream_name":"stdout","time":1431.111856482,"data":" 1.75    4.621     77.00   0.07940 0.12088 0.15430 0.18391 0.18729 0.17554 0.15044 0.12641   0.902   0.0768   0.0219    3.51   0.163      212.2   0.0398   0.890328   |    14.47   0.1506   0.9431   (908s)\n"}
,{"stream_name":"stdout","time":1456.585958504,"data":" 1.80    4.672     82.19   0.07385 0.10696 0.13570 0.16345 0.17296 0.16363 0.14041 0.11889   0.938   0.0811   0.0193    4.20   0.175      274.3   0.0377   0.884689  \u003c-- past the clock   |    14.13   0.1518   0.9179   (933s)\n"}
,{"stream_name":"stdout","time":1456.588099885,"data":"\n"}
,{"stream_name":"stdout","time":1456.58812505,"data":"C26 Lagrangian: gap 0.2671 -\u003e 0.1497 (min at t = 1.70, inside the clock 1.75); linear fit T* = 1.95, lambda = 0.99; jump 1.0825 at seed -\u003e max 1.1700 before the merge (x1.08); material |w| 14.2 -\u003e 16.3\n"}
,{"stream_name":"stdout","time":1456.588132158,"data":"REGISTERED C26: PASS: linear closing, bounded jump\n"}
,{"stream_name":"stdout","time":1456.58813727,"data":"\n"}
,{"stream_name":"stdout","time":1456.588142224,"data":"C22 descent: separation -\u003e peak twist, peak time (clock expires at t = 1.75)\n"}
,{"stream_name":"stdout","time":1456.588147367,"data":"   sep 0.05   peak 0.08159 at t = 1.70\n"}
,{"stream_name":"stdout","time":1456.588152257,"data":"   sep 0.07   peak 0.13474 at t = 1.65\n"}
,{"stream_name":"stdout","time":1456.588168838,"data":"   sep 0.10   peak 0.18201 at t = 1.60\n"}
,{"stream_name":"stdout","time":1456.588172904,"data":"   sep 0.14   peak 0.25655 at t = 1.50\n"}
,{"stream_name":"stdout","time":1456.588176842,"data":"   sep 0.20   peak 0.34502 at t = 1.35\n"}
,{"stream_name":"stdout","time":1456.588180914,"data":"   sep 0.28   peak 0.41959 at t = 1.25\n"}
,{"stream_name":"stdout","time":1456.588185256,"data":"   sep 0.40   peak 0.49232 at t = 0.95\n"}
,{"stream_name":"stdout","time":1456.58819011,"data":"   sep 0.56   peak 0.46050 at t = 0.70\n"}
,{"stream_name":"stdout","time":1456.588193757,"data":"   halving times (time for the wave to descend one octave), from resolved peaks only:\n"}
,{"stream_name":"stdout","time":1456.588197678,"data":"      0.56 -\u003e 0.40 : 0.25  per octave 0.52\n"}
,{"stream_name":"stdout","time":1456.588465593,"data":"      0.40 -\u003e 0.28 : 0.30  per octave 0.58\n"}
,{"stream_name":"stdout","time":1456.588472967,"data":"      0.28 -\u003e 0.20 : 0.10  per octave 0.21\n"}
,{"stream_name":"stdout","time":1456.588477024,"data":"      0.20 -\u003e 0.14 : 0.15  per octave 0.29\n"}
,{"stream_name":"stdout","time":1456.588481052,"data":"      0.14 -\u003e 0.10 : 0.10  per octave 0.21\n"}
,{"stream_name":"stdout","time":1456.58848501,"data":"      0.10 -\u003e 0.07 : 0.05  per octave 0.10\n"}
,{"stream_name":"stdout","time":1456.58848897,"data":"      0.07 -\u003e 0.05 : 0.05  per octave 0.10\n"}
,{"stream_name":"stdout","time":1456.588492813,"data":"   V: gap = 0.507 (1.78 - t) from sep \u003e= 0.1, T* = 1.78; thickness e-fold 0.88 fitted on t in [0.40, 1.60]; arms meet at t = 1.72, scale 0.031, sqrt(nu/s) there 0.028 (inside the clock)\n"}
,{"stream_name":"stdout","time":1456.588497421,"data":"\n"}
,{"stream_name":"stdout","time":1456.588501344,"data":"clock expires at t = 1.75 (delta 0.0398); strong twist peak 0.18201 at t = 1.60, at the clock 0.15430 (fall 15%); max|w| growth to the clock 10.76x\n"}
,{"stream_name":"stdout","time":1456.588514864,"data":"race variable ell/ell_nu min inside the clock = 3.20 (at t = 1.70); cut fraction at the clock 0.163\n"}
,{"stream_name":"stdout","time":1456.588519579,"data":"C21: Re_seam at the twist peak (t = 1.60) = 593.6; twist peak 0.18201; max|w| at the peak 44.8\n"}
,{"stream_name":"stdout","time":1456.588536061,"data":"REGISTERED C20 at nu=0.001: between (see rows)\n"}
,{"stream_name":"stderr","time":1460.318461485,"data":"/usr/local/lib/python3.12/dist-packages/mistune.py:435: SyntaxWarning: invalid escape sequence '\\|'\n"}
,{"stream_name":"stderr","time":1460.318500675,"data":"  cells[i][c] = re.sub('\\\\\\\\\\|', '|', cell)\n"}
,{"stream_name":"stderr","time":1460.861071826,"data":"/usr/local/lib/python3.12/dist-packages/nbconvert/filters/filter_links.py:36: SyntaxWarning: invalid escape sequence '\\_'\n"}
,{"stream_name":"stderr","time":1460.861102188,"data":"  text = re.sub(r'_', '\\_', text) # Escape underscores in display text\n"}
,{"stream_name":"stderr","time":1461.728667321,"data":"[NbConvertApp] Converting notebook __script__.ipynb to html\n"}
,{"stream_name":"stderr","time":1463.677171625,"data":"[NbConvertApp] Writing 443703 bytes to __results__.html\n"}
]